EDITING DELEGATE: webViewDidChangeSelection:WebViewDidChangeSelectionNotification
EDITING DELEGATE: webViewDidChangeSelection:WebViewDidChangeSelectionNotification
EDITING DELEGATE: webViewDidChangeSelection:WebViewDidChangeSelectionNotification
EDITING DELEGATE: webViewDidChangeSelection:WebViewDidChangeSelectionNotification
EDITING DELEGATE: webViewDidChangeSelection:WebViewDidChangeSelectionNotification
EDITING DELEGATE: webViewDidChangeSelection:WebViewDidChangeSelectionNotification
EDITING DELEGATE: webViewDidChangeSelection:WebViewDidChangeSelectionNotification
EDITING DELEGATE: webViewDidChange:WebViewDidChangeNotification
EDITING DELEGATE: webViewDidChangeSelection:WebViewDidChangeSelectionNotification
EDITING DELEGATE: webViewDidChange:WebViewDidChangeNotification
layer at (0,0) size 800x600
  LayoutView at (0,0) size 800x600
layer at (0,0) size 800x600
  LayoutBlockFlow {HTML} at (0,0) size 800x600
    LayoutBlockFlow {BODY} at (8,8) size 784x584
      LayoutBlockFlow (anonymous) at (0,0) size 784x40
        LayoutText {#text} at (0,0) size 80x19
          text run at (0,0) width 80: "See this bug: "
        LayoutInline {A} at (0,0) size 164x19 [color=#0000EE]
          LayoutText {#text} at (80,0) size 164x19
            text run at (80,0) width 164: "<rdar://problem/3918712>"
        LayoutText {#text} at (244,0) size 784x39
          text run at (244,0) width 537: " \"Paste as Quotation\" in Mail just pastes (<blockquote> tag seems to be lost). Should see"
          text run at (781,0) width 3: " "
          text run at (0,20) width 742: "one box with blockquoted \"foo\" text, followed by another box with an \"x\" (not in a blockquote) and \"foo\" (in a blockquote)."
      LayoutBlockFlow {DIV} at (0,40) size 784x24
      LayoutBlockFlow {DIV} at (0,64) size 784x104 [border: (2px solid #FF0000)]
        LayoutBlockFlow {DIV} at (14,38) size 756x28
          LayoutBlockFlow {BLOCKQUOTE} at (40,0) size 676x28
            LayoutText {#text} at (0,0) size 32x27
              text run at (0,0) width 32: "foo"
      LayoutBlockFlow {DIV} at (0,168) size 784x56 [border: (2px solid #FF0000)]
        LayoutText {#text} at (14,14) size 12x27
          text run at (14,14) width 12: "x"
      LayoutBlockFlow {DIV} at (0,224) size 784x132 [border: (2px solid #FF0000)]
        LayoutBlockFlow {BLOCKQUOTE} at (54,38) size 676x28
          LayoutText {#text} at (0,0) size 32x27
            text run at (0,0) width 32: "foo"
        LayoutBlockFlow {DIV} at (14,90) size 756x28
          LayoutBR {BR} at (0,0) size 0x27
caret: position 0 of child 0 {BR} of child 1 {DIV} of child 8 {DIV} of body
