layer at (0,0) size 800x600
  LayoutView at (0,0) size 800x600
layer at (0,0) size 800x50
  LayoutBlockFlow {test} at (0,0) size 800x50
    LayoutBlockFlow {p} at (0,16) size 800x18
      LayoutText {#text} at (0,0) size 624x17
        text run at (0,0) width 624: "You should see after this paragraph the words GENERATED CONTENT over green background"
      LayoutInline {<pseudo:after>} at (0,0) size 176x17 [bgcolor=#00FF00]
        LayoutTextFragment (anonymous) at (623,0) size 176x17
          text run at (623,0) width 176: "GENERATED CONTENT"
