layer at (0,0) size 800x600
  LayoutView at (0,0) size 800x600
layer at (0,0) size 800x120
  LayoutBlockFlow {test} at (0,0) size 800x120
    LayoutBlockFlow {div} at (0,0) size 800x120
      LayoutBlockFlow {address} at (16,0) size 784x18
        LayoutText {#text} at (0,0) size 256x17
          text run at (0,0) width 256: "A first address with normal background"
      LayoutBlockFlow {address} at (16,34) size 784x18
        LayoutText {#text} at (0,0) size 275x17
          text run at (0,0) width 275: "A second address with normal background"
      LayoutBlockFlow {address} at (16,68) size 784x18 [bgcolor=#00FF00]
        LayoutText {#text} at (0,0) size 342x17
          text run at (0,0) width 342: "A third address that should have a green background"
      LayoutBlockFlow (anonymous) at (0,102) size 800x18
        LayoutText {#text} at (0,0) size 320x17
          text run at (0,0) width 320: "This div contains 3 addresses above this sentence."
