layer at (0,0) size 800x600
  LayoutView at (0,0) size 800x600
layer at (0,0) size 800x600
  LayoutBlockFlow {HTML} at (0,0) size 800x600
    LayoutBlockFlow {BODY} at (8,8) size 784x584
      LayoutBlockFlow {P} at (0,0) size 784x36
        LayoutText {#text} at (0,0) size 761x36
          text run at (0,0) width 420: "This tests smart paste of a fragment that ends in a select element. "
          text run at (419,0) width 342: "There should be no spaces added because the paste is"
          text run at (0,18) width 219: "performed in an empty paragraph."
      LayoutBlockFlow {DIV} at (0,52) size 784x19
        LayoutText {#text} at (0,0) size 22x18
          text run at (0,0) width 22: "foo"
        LayoutMenuList {SELECT} at (21.33,1) size 38x18 [bgcolor=#F8F8F8]
          LayoutBlockFlow (anonymous) at (0,0) size 38x18
            LayoutText (anonymous) at (8,2) size 7x13
              text run at (8,2) width 7: "1"
      LayoutBlockFlow {DIV} at (0,71) size 784x19
        LayoutText {#text} at (0,0) size 22x18
          text run at (0,0) width 22: "foo"
        LayoutMenuList {SELECT} at (21.33,1) size 38x18 [bgcolor=#F8F8F8]
          LayoutBlockFlow (anonymous) at (0,0) size 38x18
            LayoutText (anonymous) at (8,2) size 7x13
              text run at (8,2) width 7: "1"
caret: position 3 of child 1 {SELECT} of child 4 {DIV} of body
