layer at (0,0) size 800x600
  LayoutView at (0,0) size 800x600
layer at (0,0) size 800x600
  LayoutBlockFlow {HTML} at (0,0) size 800x600
    LayoutBlockFlow {BODY} at (8,8) size 784x584
      LayoutBlockFlow {P} at (0,0) size 784x36
        LayoutText {#text} at (0,0) size 740x36
          text run at (0,0) width 420: "This tests smart paste of a fragment that ends in a select element. "
          text run at (419,0) width 321: "There should be spaces added before and after the"
          text run at (0,18) width 106: "inserted content."
      LayoutBlockFlow {DIV} at (0,52) size 784x18
        LayoutMenuList {SELECT} at (0,0) size 38x18 [bgcolor=#F8F8F8]
          LayoutBlockFlow (anonymous) at (0,0) size 38x18
            LayoutText (anonymous) at (8,2) size 7x13
              text run at (8,2) width 7: "1"
      LayoutBlockFlow {DIV} at (0,70) size 784x19
        LayoutText {#text} at (0,0) size 30x18
          text run at (0,0) width 30: "xfoo"
        LayoutMenuList {SELECT} at (29.33,1) size 38x18 [bgcolor=#F8F8F8]
          LayoutBlockFlow (anonymous) at (0,0) size 38x18
            LayoutText (anonymous) at (8,2) size 7x13
              text run at (8,2) width 7: "1"
        LayoutText {#text} at (67,0) size 9x18
          text run at (67,0) width 9: "x"
caret: position 3 of child 1 {SELECT} of child 4 {DIV} of body
