EDITING DELEGATE: webViewDidChangeSelection:WebViewDidChangeSelectionNotification
EDITING DELEGATE: webViewDidChangeSelection:WebViewDidChangeSelectionNotification
EDITING DELEGATE: webViewDidChangeSelection:WebViewDidChangeSelectionNotification
EDITING DELEGATE: webViewDidChangeSelection:WebViewDidChangeSelectionNotification
EDITING DELEGATE: webViewDidChangeSelection:WebViewDidChangeSelectionNotification
EDITING DELEGATE: webViewDidChangeSelection:WebViewDidChangeSelectionNotification
EDITING DELEGATE: webViewDidChangeSelection:WebViewDidChangeSelectionNotification
EDITING DELEGATE: webViewDidChange:WebViewDidChangeNotification
EDITING DELEGATE: webViewDidChangeSelection:WebViewDidChangeSelectionNotification
EDITING DELEGATE: webViewDidChangeSelection:WebViewDidChangeSelectionNotification
EDITING DELEGATE: webViewDidChange:WebViewDidChangeNotification
layer at (0,0) size 800x600
  LayoutView at (0,0) size 800x600
layer at (0,0) size 800x600
  LayoutBlockFlow {HTML} at (0,0) size 800x600
    LayoutBlockFlow {BODY} at (8,8) size 784x584
      LayoutBlockFlow (anonymous) at (0,0) size 784x36
        LayoutText {#text} at (0,0) size 87x18
          text run at (0,0) width 87: "See this bug: "
        LayoutInline {A} at (0,0) size 172x18 [color=#0000EE]
          LayoutText {#text} at (86,0) size 172x18
            text run at (86,0) width 172: "<rdar://problem/3918712>"
        LayoutText {#text} at (257,0) size 756x36
          text run at (257,0) width 495: " \"Paste as Quotation\" in Mail just pastes (<blockquote> tag seems to be lost)."
          text run at (751,0) width 5: " "
          text run at (0,18) width 590: "Should see two boxes with blockquoted \"foo\" text, followed by a box with an unquoted \"x\"."
      LayoutBlockFlow {DIV} at (0,36) size 784x24
      LayoutBlockFlow {DIV} at (0,60) size 784x104 [border: (2px solid #FF0000)]
        LayoutBlockFlow {DIV} at (14,38) size 756x28
          LayoutBlockFlow {BLOCKQUOTE} at (40,0) size 676x28
            LayoutText {#text} at (0,0) size 32x28
              text run at (0,0) width 32: "foo"
      LayoutBlockFlow {DIV} at (0,164) size 784x104 [border: (2px solid #FF0000)]
        LayoutBlockFlow {BLOCKQUOTE} at (54,38) size 676x28
          LayoutText {#text} at (0,0) size 32x28
            text run at (0,0) width 32: "foo"
      LayoutBlockFlow {DIV} at (0,268) size 784x56 [border: (2px solid #FF0000)]
        LayoutText {#text} at (14,14) size 12x28
          text run at (14,14) width 12: "x"
caret: position 0 of child 0 {#text} of child 8 {DIV} of body
