EDITING DELEGATE: webViewDidChangeSelection:WebViewDidChangeSelectionNotification
EDITING DELEGATE: webViewDidChangeSelection:WebViewDidChangeSelectionNotification
EDITING DELEGATE: webViewDidChangeSelection:WebViewDidChangeSelectionNotification
EDITING DELEGATE: webViewDidChangeSelection:WebViewDidChangeSelectionNotification
EDITING DELEGATE: webViewDidChangeSelection:WebViewDidChangeSelectionNotification
EDITING DELEGATE: webViewDidChangeSelection:WebViewDidChangeSelectionNotification
EDITING DELEGATE: webViewDidChangeSelection:WebViewDidChangeSelectionNotification
EDITING DELEGATE: webViewDidChangeSelection:WebViewDidChangeSelectionNotification
EDITING DELEGATE: webViewDidChange:WebViewDidChangeNotification
layer at (0,0) size 800x600
  LayoutView at (0,0) size 800x600
layer at (0,0) size 800x600
  LayoutBlockFlow {HTML} at (0,0) size 800x600
    LayoutBlockFlow {BODY} at (8,8) size 784x584
      LayoutBlockFlow {P} at (0,0) size 784x36
        LayoutText {#text} at (0,0) size 767x36
          text run at (0,0) width 401: "There was a bug in paste's smart replace whitespace handling. "
          text run at (400,0) width 367: "In some cases, it used information gathered at the start of"
          text run at (0,18) width 759: "the selection being pasted into to decide whether or not a space needed to be added to the end of the incoming content."
      LayoutBlockFlow {P} at (0,52) size 784x36
        LayoutText {#text} at (0,0) size 781x36
          text run at (0,0) width 561: "A smart paste is performed into a selection starting in one block and ending in another. "
          text run at (560,0) width 221: "Spaces should surround the pasted"
          text run at (0,18) width 37: "word."
      LayoutBlockFlow {DIV} at (0,104) size 784x18
        LayoutBlockFlow {DIV} at (0,0) size 784x18
          LayoutText {#text} at (0,0) size 56x18
            text run at (0,0) width 56: "f foo bar"
caret: position 5 of child 0 {#text} of child 0 {DIV} of child 4 {DIV} of body
