layer at (0,0) size 800x600
  LayoutView at (0,0) size 800x600
layer at (0,0) size 800x600
  LayoutBlockFlow {HTML} at (0,0) size 800x600
    LayoutBlockFlow {BODY} at (8,8) size 784x584
      LayoutTable {TABLE} at (0,0) size 300x28 [border: (1px outset #808080)]
        LayoutTableSection {TBODY} at (1,1) size 298x26
          LayoutTableRow {TR} at (0,2) size 298x22
            LayoutTableCell {TD} at (2,2) size 139x22 [border: (1px inset #808080)] [r=0 c=0 rs=1 cs=1]
              LayoutText {#text} at (56,2) size 27x18
                text run at (56,2) width 27: "One"
            LayoutTableCell {TD} at (143,2) size 153x22 [border: (1px inset #808080)] [r=0 c=1 rs=1 cs=1]
              LayoutText {#text} at (61,2) size 31x18
                text run at (61,2) width 31: "Two"
      LayoutTable {TABLE} at (0,28) size 300x28 [border: (1px outset #808080)]
        LayoutTableSection {TBODY} at (1,1) size 298x26
          LayoutTableRow {TR} at (0,2) size 298x22
            LayoutTableCell {TD} at (2,2) size 139x22 [border: (1px inset #808080)] [r=0 c=0 rs=1 cs=1]
              LayoutText {#text} at (110,2) size 27x18
                text run at (110,2) width 27: "One"
            LayoutTableCell {TD} at (143,2) size 153x22 [border: (1px inset #808080)] [r=0 c=1 rs=1 cs=1]
              LayoutText {#text} at (121,2) size 30x18
                text run at (121,2) width 30: "Two"
      LayoutTable {TABLE} at (0,56) size 383x52 [border: (1px outset #808080)]
        LayoutTableSection {TBODY} at (1,1) size 381x50
          LayoutTableRow {TR} at (0,2) size 381x22
            LayoutTableCell {TD} at (2,2) size 186x22 [border: (1px inset #808080)] [r=0 c=0 rs=1 cs=1]
              LayoutText {#text} at (79,2) size 28x18
                text run at (79,2) width 28: "One"
            LayoutTableCell {TD} at (190,2) size 189x22 [border: (1px inset #808080)] [r=0 c=1 rs=1 cs=1]
              LayoutText {#text} at (79,2) size 31x18
                text run at (79,2) width 31: "Two"
          LayoutTableRow {TR} at (0,26) size 381x22
            LayoutTableCell {TD} at (2,26) size 186x22 [border: (1px inset #808080)] [r=1 c=0 rs=1 cs=1]
              LayoutText {#text} at (2,2) size 182x18
                text run at (2,2) width 182: "----------Long One------------"
            LayoutTableCell {TD} at (190,26) size 189x22 [border: (1px inset #808080)] [r=1 c=1 rs=1 cs=1]
              LayoutText {#text} at (2,2) size 185x18
                text run at (2,2) width 185: "----------Long Two------------"
      LayoutTable {TABLE} at (0,108) size 784x28 [border: (1px outset #808080)]
        LayoutTableSection {TBODY} at (1,1) size 782x26
          LayoutTableRow {TR} at (0,2) size 782x22
            LayoutTableCell {TD} at (2,2) size 370x22 [border: (1px inset #808080)] [r=0 c=0 rs=1 cs=1]
              LayoutText {#text} at (171,2) size 28x18
                text run at (171,2) width 28: "One"
            LayoutTableCell {TD} at (374,2) size 406x22 [border: (1px inset #808080)] [r=0 c=1 rs=1 cs=1]
              LayoutText {#text} at (188,2) size 30x18
                text run at (188,2) width 30: "Two"
