layer at (0,0) size 800x600
  LayoutView at (0,0) size 800x600
layer at (0,0) size 800x600
  LayoutBlockFlow {HTML} at (0,0) size 800x600
    LayoutBlockFlow {BODY} at (8,8) size 784x584
      LayoutBlockFlow {P} at (0,0) size 784x0
      LayoutBlockFlow (anonymous) at (0,0) size 784x18
        LayoutBR {BR} at (0,0) size 0x18
      LayoutTable {TABLE} at (0,18) size 388x30 [border: (1px outset #808080)]
        LayoutTableSection {TBODY} at (1,1) size 386x28
          LayoutTableRow {TR} at (0,2) size 386x0
            LayoutTableCell {TD} at (2,3) size 217x22 [border: (1px inset #808080)] [r=0 c=0 rs=2 cs=1]
              LayoutText {#text} at (2,2) size 213x18
                text run at (2,2) width 213: "Canada climbs up FIFA rankings"
          LayoutTableRow {TR} at (0,4) size 386x22
            LayoutTableCell {TD} at (221,4) size 163x22 [border: (1px inset #808080)] [r=1 c=1 rs=1 cs=1]
              LayoutText {#text} at (2,2) size 159x18
                text run at (2,2) width 159: "drink more german beer."
