layer at (0,0) size 800x600
  LayoutView at (0,0) size 800x600
layer at (0,0) size 800x600
  LayoutBlockFlow {HTML} at (0,0) size 800x600
    LayoutBlockFlow {BODY} at (8,8) size 784x584 [bgcolor=#FFFFFF]
      LayoutBlockFlow {P} at (0,0) size 784x36
        LayoutText {#text} at (0,0) size 256x18
          text run at (0,0) width 256: "The table below is inside a div tag with "
        LayoutInline {B} at (0,0) size 58x18
          LayoutText {#text} at (255,0) size 58x18
            text run at (255,0) width 58: "absolute"
        LayoutText {#text} at (312,0) size 762x36
          text run at (312,0) width 155: " positioning for top and "
          text run at (466,0) width 142: "left but not for width. "
          text run at (607,0) width 155: "The table should push it"
          text run at (0,18) width 341: "out to 100% but it doesn't. Instead the layer collapses"
      LayoutBlockFlow {P} at (0,52) size 784x72
        LayoutBR {BR} at (0,0) size 0x18
        LayoutBR {BR} at (0,18) size 0x18
        LayoutBR {BR} at (0,36) size 0x18
        LayoutBR {BR} at (0,54) size 0x18
      LayoutBlockFlow {P} at (0,140) size 784x36
        LayoutText {#text} at (0,0) size 266x18
          text run at (0,0) width 266: "The next table is inside a div tag set with "
        LayoutInline {B} at (0,0) size 53x18
          LayoutText {#text} at (265,0) size 53x18
            text run at (265,0) width 53: "relative"
        LayoutText {#text} at (317,0) size 85x18
          text run at (317,0) width 85: " positioning. "
        LayoutBR {BR} at (401,14) size 1x0
        LayoutText {#text} at (0,18) size 142x18
          text run at (0,18) width 142: "No width has been set"
layer at (8,70) size 142x28
  LayoutBlockFlow (positioned) {DIV} at (8,70) size 142x28 [bgcolor=#CCFFCC]
    LayoutTable {TABLE} at (0,0) size 142x28 [border: (1px outset #808080)]
      LayoutTableSection {TBODY} at (1,1) size 140x26
        LayoutTableRow {TR} at (0,2) size 140x22
          LayoutTableCell {TD} at (2,2) size 136x22 [border: (1px inset #808080)] [r=0 c=0 rs=1 cs=1]
            LayoutText {#text} at (2,2) size 132x18
              text run at (2,2) width 132: "Table width = 100%"
layer at (8,200) size 784x28
  LayoutBlockFlow (relative positioned) {DIV} at (0,192) size 784x28 [bgcolor=#CC0066]
    LayoutTable {TABLE} at (0,0) size 784x28 [border: (1px outset #808080)]
      LayoutTableSection {TBODY} at (1,1) size 782x26
        LayoutTableRow {TR} at (0,2) size 782x22
          LayoutTableCell {TD} at (2,2) size 778x22 [border: (1px inset #808080)] [r=0 c=0 rs=1 cs=1]
            LayoutText {#text} at (2,2) size 132x18
              text run at (2,2) width 132: "Table width = 100%"
