layer at (0,0) size 800x600
  LayoutView at (0,0) size 800x600
layer at (0,0) size 800x600
  LayoutBlockFlow {HTML} at (0,0) size 800x600
    LayoutBlockFlow {BODY} at (8,8) size 784x584
      LayoutBlockFlow {P} at (0,0) size 784x18
        LayoutText {#text} at (0,0) size 411x18
          text run at (0,0) width 411: "The table below takes out the nowrap with the cell of 1% width."
      LayoutTable {TABLE} at (0,34) size 675x59
        LayoutTableSection {TBODY} at (0,0) size 675x59
          LayoutTableRow {TR} at (0,0) size 675x59 [bgcolor=#9999CC]
            LayoutTableCell {TD} at (0,17) size 633x25 [r=0 c=0 rs=1 cs=1]
              LayoutInline {FONT} at (0,0) size 154x20
                LayoutInline {B} at (0,0) size 154x20
                  LayoutText {#text} at (2,2) size 154x20
                    text run at (2,2) width 154: "Technology News"
              LayoutInline {FONT} at (0,0) size 180x15
                LayoutText {#text} at (155,6) size 180x15
                  text run at (155,6) width 63: " - updated "
                  text run at (217,6) width 118: "12:15 PM ET Oct 24"
              LayoutText {#text} at (0,0) size 0x0
            LayoutTableCell {TD} at (633,0) size 42x59 [r=0 c=1 rs=1 cs=1]
              LayoutTable {TABLE} at (2,2) size 38x55
                LayoutTableSection {TBODY} at (0,0) size 38x55
                  LayoutTableRow {TR} at (0,0) size 38x55
                    LayoutTableCell {TD} at (0,0) size 38x55 [bgcolor=#CCCCFF] [r=0 c=0 rs=1 cs=1]
                      LayoutImage (floating) {IMG} at (3,3) size 16x16
                      LayoutInline {FONT} at (0,0) size 32x33
                        LayoutInline {A} at (0,0) size 32x33 [color=#0000EE]
                          LayoutText {#text} at (3,19) size 32x33
                            text run at (3,19) width 29: "Add to"
                            text run at (3,30) width 14: "My"
                            text run at (3,41) width 32: "Yahoo!"
                      LayoutText {#text} at (0,0) size 0x0
      LayoutBlockFlow {P} at (0,109) size 784x18
        LayoutText {#text} at (0,0) size 479x18
          text run at (0,0) width 479: "The table below leaves in the nowrap but take out the 1% width in the cell."
      LayoutTable {TABLE} at (0,143) size 675x26
        LayoutTableSection {TBODY} at (0,0) size 675x26
          LayoutTableRow {TR} at (0,0) size 675x26 [bgcolor=#9999CC]
            LayoutTableCell {TD} at (0,0) size 510x25 [r=0 c=0 rs=1 cs=1]
              LayoutInline {FONT} at (0,0) size 154x20
                LayoutInline {B} at (0,0) size 154x20
                  LayoutText {#text} at (2,2) size 154x20
                    text run at (2,2) width 154: "Technology News"
              LayoutInline {FONT} at (0,0) size 180x15
                LayoutText {#text} at (155,6) size 180x15
                  text run at (155,6) width 63: " - updated "
                  text run at (217,6) width 118: "12:15 PM ET Oct 24"
              LayoutText {#text} at (0,0) size 0x0
            LayoutTableCell {TD} at (510,0) size 165x26 [r=0 c=1 rs=1 cs=1]
              LayoutTable {TABLE} at (2,2) size 105x22
                LayoutTableSection {TBODY} at (0,0) size 105x22
                  LayoutTableRow {TR} at (0,0) size 105x22
                    LayoutTableCell {TD} at (0,0) size 105x22 [bgcolor=#CCCCFF] [r=0 c=0 rs=1 cs=1]
                      LayoutImage (floating) {IMG} at (3,3) size 16x16
                      LayoutInline {FONT} at (0,0) size 80x11
                        LayoutInline {A} at (0,0) size 80x11 [color=#0000EE]
                          LayoutText {#text} at (22,3) size 80x11
                            text run at (22,3) width 80: "Add to My Yahoo!"
                      LayoutText {#text} at (0,0) size 0x0
