layer at (0,0) size 800x600
  LayoutView at (0,0) size 800x600
layer at (0,0) size 800x600
  LayoutBlockFlow {HTML} at (0,0) size 800x600
    LayoutBlockFlow {BODY} at (8,8) size 784x576
      LayoutBlockFlow {DIV} at (0,0) size 784x202
        LayoutBlockFlow {P} at (0,0) size 784x18
          LayoutText {#text} at (224,0) size 336x18
            text run at (224,0) width 336: "Tables I, II, III, IV (cellpadding=0 cellspacing=5)"
        LayoutTable {TABLE} at (199.50,34) size 385x168 [bgcolor=#FFCC00] [border: (1px outset #808080)]
          LayoutTableSection {TBODY} at (1,1) size 383x166
            LayoutTableRow {TR} at (0,2) size 383x162
              LayoutTableCell {TD} at (2,2) size 100x162 [border: (1px inset #808080)] [r=0 c=0 rs=1 cs=1]
                LayoutTable {TABLE} at (6,6) size 88x150 [bgcolor=#FFFFFF] [border: (1px outset #808080)]
                  LayoutBlockFlow {CAPTION} at (0,0) size 88x18
                    LayoutInline {NOBR} at (0,0) size 46x18
                      LayoutText {#text} at (21,0) size 46x18
                        text run at (21,0) width 46: "Table I"
                  LayoutTableSection {TBODY} at (1,19) size 86x130
                    LayoutTableRow {TR} at (0,5) size 86x20
                      LayoutTableCell {TD} at (5,5) size 22x20 [border: (1px inset #808080)] [r=0 c=0 rs=1 cs=1]
                        LayoutText {#text} at (1,1) size 20x18
                          text run at (1,1) width 20: "1,1"
                      LayoutTableCell {TD} at (32,5) size 22x20 [border: (1px inset #808080)] [r=0 c=1 rs=1 cs=1]
                        LayoutText {#text} at (1,1) size 20x18
                          text run at (1,1) width 20: "1,2"
                      LayoutTableCell {TD} at (59,5) size 22x20 [border: (1px inset #808080)] [r=0 c=2 rs=1 cs=1]
                        LayoutText {#text} at (1,1) size 20x18
                          text run at (1,1) width 20: "1,3"
                    LayoutTableRow {TR} at (0,30) size 86x20
                      LayoutTableCell {TD} at (5,30) size 22x20 [border: (1px inset #808080)] [r=1 c=0 rs=1 cs=1]
                        LayoutText {#text} at (1,1) size 20x18
                          text run at (1,1) width 20: "2,1"
                      LayoutTableCell {TD} at (32,30) size 22x20 [border: (1px inset #808080)] [r=1 c=1 rs=1 cs=1]
                        LayoutText {#text} at (1,1) size 20x18
                          text run at (1,1) width 20: "2,2"
                      LayoutTableCell {TD} at (59,30) size 22x20 [bgcolor=#FFFF66] [border: (1px inset #808080)] [r=1 c=2 rs=1 cs=1]
                        LayoutText {#text} at (1,1) size 20x18
                          text run at (1,1) width 20: "2,3"
                    LayoutTableRow {TR} at (0,55) size 86x20
                      LayoutTableCell {TD} at (5,55) size 22x20 [border: (1px inset #808080)] [r=2 c=0 rs=1 cs=1]
                        LayoutText {#text} at (1,1) size 20x18
                          text run at (1,1) width 20: "3,1"
                      LayoutTableCell {TD} at (32,55) size 22x20 [border: (1px inset #808080)] [r=2 c=1 rs=1 cs=1]
                        LayoutText {#text} at (1,1) size 20x18
                          text run at (1,1) width 20: "3,2"
                      LayoutTableCell {TD} at (59,55) size 22x20 [bgcolor=#FFFF66] [border: (1px inset #808080)] [r=2 c=2 rs=1 cs=1]
                        LayoutText {#text} at (1,1) size 20x18
                          text run at (1,1) width 20: "3,3"
                    LayoutTableRow {TR} at (0,80) size 86x20
                      LayoutTableCell {TD} at (5,80) size 22x20 [border: (1px inset #808080)] [r=3 c=0 rs=1 cs=1]
                        LayoutText {#text} at (1,1) size 20x18
                          text run at (1,1) width 20: "4,1"
                      LayoutTableCell {TD} at (32,80) size 22x20 [border: (1px inset #808080)] [r=3 c=1 rs=1 cs=1]
                        LayoutText {#text} at (1,1) size 20x18
                          text run at (1,1) width 20: "4,2"
                      LayoutTableCell {TD} at (59,80) size 22x20 [bgcolor=#FFFF66] [border: (1px inset #808080)] [r=3 c=2 rs=1 cs=1]
                        LayoutText {#text} at (1,1) size 20x18
                          text run at (1,1) width 20: "4,3"
                    LayoutTableRow {TR} at (0,105) size 86x20
                      LayoutTableCell {TD} at (5,105) size 22x20 [border: (1px inset #808080)] [r=4 c=0 rs=1 cs=1]
                        LayoutText {#text} at (1,1) size 20x18
                          text run at (1,1) width 20: "5,1"
                      LayoutTableCell {TD} at (32,105) size 22x20 [border: (1px inset #808080)] [r=4 c=1 rs=1 cs=1]
                        LayoutText {#text} at (1,1) size 20x18
                          text run at (1,1) width 20: "5,2"
                      LayoutTableCell {TD} at (59,105) size 22x20 [border: (1px inset #808080)] [r=4 c=2 rs=1 cs=1]
                        LayoutText {#text} at (1,1) size 20x18
                          text run at (1,1) width 20: "5,3"
              LayoutTableCell {TD} at (104,2) size 100x162 [border: (1px inset #808080)] [r=0 c=1 rs=1 cs=1]
                LayoutTable {TABLE} at (6,6) size 88x150 [bgcolor=#FFFFFF] [border: (1px outset #808080)]
                  LayoutBlockFlow {CAPTION} at (0,0) size 88x18
                    LayoutInline {NOBR} at (0,0) size 52x18
                      LayoutText {#text} at (18,0) size 52x18
                        text run at (18,0) width 52: "Table II"
                  LayoutTableSection {TBODY} at (1,19) size 86x130
                    LayoutTableRow {TR} at (0,5) size 86x20
                      LayoutTableCell {TD} at (5,5) size 22x20 [border: (1px inset #808080)] [r=0 c=0 rs=1 cs=1]
                        LayoutText {#text} at (1,1) size 20x18
                          text run at (1,1) width 20: "1,1"
                      LayoutTableCell {TD} at (32,5) size 22x20 [border: (1px inset #808080)] [r=0 c=1 rs=1 cs=1]
                        LayoutText {#text} at (1,1) size 20x18
                          text run at (1,1) width 20: "1,2"
                      LayoutTableCell {TD} at (59,5) size 22x20 [border: (1px inset #808080)] [r=0 c=2 rs=1 cs=1]
                        LayoutText {#text} at (1,1) size 20x18
                          text run at (1,1) width 20: "1,3"
                    LayoutTableRow {TR} at (0,30) size 86x20
                      LayoutTableCell {TD} at (5,30) size 22x20 [border: (1px inset #808080)] [r=1 c=0 rs=1 cs=1]
                        LayoutText {#text} at (1,1) size 20x18
                          text run at (1,1) width 20: "2,1"
                      LayoutTableCell {TD} at (32,42) size 22x20 [border: (1px inset #808080)] [r=1 c=1 rs=2 cs=1]
                        LayoutText {#text} at (1,1) size 20x18
                          text run at (1,1) width 20: "2,2"
                      LayoutTableCell {TD} at (59,30) size 22x20 [bgcolor=#FFFF66] [border: (1px inset #808080)] [r=1 c=2 rs=1 cs=1]
                        LayoutText {#text} at (1,1) size 20x18
                          text run at (1,1) width 20: "2,3"
                    LayoutTableRow {TR} at (0,55) size 86x20
                      LayoutTableCell {TD} at (5,67) size 22x20 [border: (1px inset #808080)] [r=2 c=0 rs=2 cs=1]
                        LayoutText {#text} at (1,1) size 20x18
                          text run at (1,1) width 20: "3,1"
                      LayoutTableCell {TD} at (59,55) size 22x20 [bgcolor=#FFFF66] [border: (1px inset #808080)] [r=2 c=2 rs=1 cs=1]
                        LayoutText {#text} at (1,1) size 20x18
                          text run at (1,1) width 20: "3,3"
                    LayoutTableRow {TR} at (0,80) size 86x20
                      LayoutTableCell {TD} at (32,80) size 22x20 [border: (1px inset #808080)] [r=3 c=1 rs=1 cs=1]
                        LayoutText {#text} at (1,1) size 20x18
                          text run at (1,1) width 20: "4,2"
                      LayoutTableCell {TD} at (59,80) size 22x20 [bgcolor=#FFFF66] [border: (1px inset #808080)] [r=3 c=2 rs=1 cs=1]
                        LayoutText {#text} at (1,1) size 20x18
                          text run at (1,1) width 20: "4,3"
                    LayoutTableRow {TR} at (0,105) size 86x20
                      LayoutTableCell {TD} at (5,105) size 22x20 [border: (1px inset #808080)] [r=4 c=0 rs=1 cs=1]
                        LayoutText {#text} at (1,1) size 20x18
                          text run at (1,1) width 20: "5,1"
                      LayoutTableCell {TD} at (32,105) size 22x20 [border: (1px inset #808080)] [r=4 c=1 rs=1 cs=1]
                        LayoutText {#text} at (1,1) size 20x18
                          text run at (1,1) width 20: "5,2"
                      LayoutTableCell {TD} at (59,105) size 22x20 [border: (1px inset #808080)] [r=4 c=2 rs=1 cs=1]
                        LayoutText {#text} at (1,1) size 20x18
                          text run at (1,1) width 20: "5,3"
              LayoutTableCell {TD} at (206,2) size 100x144 [border: (1px inset #808080)] [r=0 c=2 rs=1 cs=1]
                LayoutTable {TABLE} at (6,6) size 88x132 [bgcolor=#FFFFFF] [border: (1px outset #808080)]
                  LayoutBlockFlow {CAPTION} at (0,0) size 88x18
                    LayoutInline {NOBR} at (0,0) size 58x18
                      LayoutText {#text} at (15,0) size 58x18
                        text run at (15,0) width 58: "Table III"
                  LayoutTableSection {TBODY} at (1,19) size 86x112
                    LayoutTableRow {TR} at (0,5) size 86x20
                      LayoutTableCell {TD} at (5,5) size 22x20 [border: (1px inset #808080)] [r=0 c=0 rs=1 cs=1]
                        LayoutText {#text} at (1,1) size 20x18
                          text run at (1,1) width 20: "1,1"
                      LayoutTableCell {TD} at (32,5) size 22x20 [border: (1px inset #808080)] [r=0 c=1 rs=1 cs=1]
                        LayoutText {#text} at (1,1) size 20x18
                          text run at (1,1) width 20: "1,2"
                      LayoutTableCell {TD} at (59,5) size 22x20 [border: (1px inset #808080)] [r=0 c=2 rs=1 cs=1]
                        LayoutText {#text} at (1,1) size 20x18
                          text run at (1,1) width 20: "1,3"
                    LayoutTableRow {TR} at (0,30) size 86x20
                      LayoutTableCell {TD} at (5,30) size 22x20 [border: (1px inset #808080)] [r=1 c=0 rs=1 cs=1]
                        LayoutText {#text} at (1,1) size 20x18
                          text run at (1,1) width 20: "2,1"
                      LayoutTableCell {TD} at (32,33) size 22x20 [border: (1px inset #808080)] [r=1 c=1 rs=2 cs=1]
                        LayoutText {#text} at (1,1) size 20x18
                          text run at (1,1) width 20: "2,2"
                      LayoutTableCell {TD} at (59,39) size 22x2 [bgcolor=#FFFF66] [border: (1px inset #808080)] [r=1 c=2 rs=1 cs=1]
                    LayoutTableRow {TR} at (0,55) size 86x2
                      LayoutTableCell {TD} at (5,58) size 22x20 [border: (1px inset #808080)] [r=2 c=0 rs=2 cs=1]
                        LayoutText {#text} at (1,1) size 20x18
                          text run at (1,1) width 20: "3,1"
                      LayoutTableCell {TD} at (59,55) size 22x2 [bgcolor=#FFFF66] [border: (1px inset #808080)] [r=2 c=2 rs=1 cs=1]
                    LayoutTableRow {TR} at (0,62) size 86x20
                      LayoutTableCell {TD} at (32,62) size 22x20 [border: (1px inset #808080)] [r=3 c=1 rs=1 cs=1]
                        LayoutText {#text} at (1,1) size 20x18
                          text run at (1,1) width 20: "4,2"
                      LayoutTableCell {TD} at (59,71) size 22x2 [bgcolor=#FFFF66] [border: (1px inset #808080)] [r=3 c=2 rs=1 cs=1]
                    LayoutTableRow {TR} at (0,87) size 86x20
                      LayoutTableCell {TD} at (5,87) size 22x20 [border: (1px inset #808080)] [r=4 c=0 rs=1 cs=1]
                        LayoutText {#text} at (1,1) size 20x18
                          text run at (1,1) width 20: "5,1"
                      LayoutTableCell {TD} at (32,87) size 22x20 [border: (1px inset #808080)] [r=4 c=1 rs=1 cs=1]
                        LayoutText {#text} at (1,1) size 20x18
                          text run at (1,1) width 20: "5,2"
                      LayoutTableCell {TD} at (59,87) size 22x20 [border: (1px inset #808080)] [r=4 c=2 rs=1 cs=1]
                        LayoutText {#text} at (1,1) size 20x18
                          text run at (1,1) width 20: "5,3"
              LayoutTableCell {TD} at (308,2) size 73x142 [border: (1px inset #808080)] [r=0 c=3 rs=1 cs=1]
                LayoutTable {TABLE} at (6,6) size 61x130 [bgcolor=#FFFFFF] [border: (1px outset #808080)]
                  LayoutBlockFlow {CAPTION} at (0,0) size 61x18
                    LayoutInline {NOBR} at (0,0) size 59x18
                      LayoutText {#text} at (1,0) size 59x18
                        text run at (1,0) width 59: "Table IV"
                  LayoutTableSection {TBODY} at (1,19) size 59x110
                    LayoutTableRow {TR} at (0,5) size 59x20
                      LayoutTableCell {TD} at (5,5) size 22x20 [border: (1px inset #808080)] [r=0 c=0 rs=1 cs=1]
                        LayoutText {#text} at (1,1) size 20x18
                          text run at (1,1) width 20: "1,1"
                      LayoutTableCell {TD} at (32,5) size 22x20 [border: (1px inset #808080)] [r=0 c=1 rs=1 cs=1]
                        LayoutText {#text} at (1,1) size 20x18
                          text run at (1,1) width 20: "1,2"
                    LayoutTableRow {TR} at (0,30) size 59x20
                      LayoutTableCell {TD} at (5,30) size 22x20 [border: (1px inset #808080)] [r=1 c=0 rs=1 cs=1]
                        LayoutText {#text} at (1,1) size 20x18
                          text run at (1,1) width 20: "2,1"
                      LayoutTableCell {TD} at (32,32) size 22x20 [border: (1px inset #808080)] [r=1 c=1 rs=2 cs=1]
                        LayoutText {#text} at (1,1) size 20x18
                          text run at (1,1) width 20: "2,2"
                    LayoutTableRow {TR} at (0,55) size 59x0
                      LayoutTableCell {TD} at (5,57) size 22x20 [border: (1px inset #808080)] [r=2 c=0 rs=2 cs=1]
                        LayoutText {#text} at (1,1) size 20x18
                          text run at (1,1) width 20: "3,1"
                    LayoutTableRow {TR} at (0,60) size 59x20
                      LayoutTableCell {TD} at (32,60) size 22x20 [border: (1px inset #808080)] [r=3 c=1 rs=1 cs=1]
                        LayoutText {#text} at (1,1) size 20x18
                          text run at (1,1) width 20: "4,2"
                    LayoutTableRow {TR} at (0,85) size 59x20
                      LayoutTableCell {TD} at (5,85) size 22x20 [border: (1px inset #808080)] [r=4 c=0 rs=1 cs=1]
                        LayoutText {#text} at (1,1) size 20x18
                          text run at (1,1) width 20: "5,1"
                      LayoutTableCell {TD} at (32,85) size 22x20 [border: (1px inset #808080)] [r=4 c=1 rs=1 cs=1]
                        LayoutText {#text} at (1,1) size 20x18
                          text run at (1,1) width 20: "5,2"
      LayoutBlockFlow {HR} at (0,210) size 784x2 [border: (1px inset #EEEEEE)]
      LayoutBlockFlow {P} at (0,228) size 784x18
        LayoutInline {B} at (0,0) size 564x18
          LayoutText {#text} at (110,0) size 564x18
            text run at (110,0) width 564: "This demonstrates a problem with \"overlapping rowspan cells\" (look at Table IV)."
      LayoutBlockFlow {P} at (0,262) size 784x18
        LayoutInline {B} at (0,0) size 55x18
          LayoutText {#text} at (0,0) size 55x18
            text run at (0,0) width 55: "Table I:"
        LayoutText {#text} at (54,0) size 125x18
          text run at (54,0) width 125: " a regular 5x3 table"
      LayoutBlockFlow {P} at (0,296) size 784x18
        LayoutInline {B} at (0,0) size 61x18
          LayoutText {#text} at (0,0) size 61x18
            text run at (0,0) width 61: "Table II:"
        LayoutText {#text} at (60,0) size 408x18
          text run at (60,0) width 408: " introduces rowspan=2 for cells (2,2) and (3,1), which 'overlap'."
      LayoutBlockFlow {P} at (0,330) size 784x54
        LayoutInline {B} at (0,0) size 68x18
          LayoutText {#text} at (0,0) size 68x18
            text run at (0,0) width 68: "Table III:"
        LayoutText {#text} at (67,0) size 763x54
          text run at (67,0) width 696: " is Table II, but cells (2,3),(3,3) and (4,3) now have 'empty' contents; the resulting table is still OK. Note that"
          text run at (0,18) width 741: "the height of (2,3) and (4,3) is determined by cells (2,1) and (4,2) respectively, whereas (3,3) has ~0 height since no"
          text run at (0,36) width 714: "'effective' cell in the row has any definite height requirement (except for border, margin, padding if applicable)."
      LayoutBlockFlow {P} at (0,400) size 784x36
        LayoutInline {B} at (0,0) size 67x18
          LayoutText {#text} at (0,0) size 67x18
            text run at (0,0) width 67: "Table IV:"
        LayoutText {#text} at (66,0) size 780x36
          text run at (66,0) width 714: " is Table III, but column 3 has been removed (cells (1,3),(2,3),(3,3),(4,3),(5,3)). This should mirror the first two"
          text run at (0,18) width 291: "columns of Table III (but currently does not)."
      LayoutBlockFlow {P} at (0,452) size 784x36
        LayoutText {#text} at (0,0) size 754x36
          text run at (0,0) width 754: "Note that cells (2,2) and (3,1) are still in the correct position, with the same size as Table III, but that their cellspacing"
          text run at (0,18) width 189: "with (5,1) and (4,2) is absent."
      LayoutBlockFlow {P} at (0,504) size 784x18
        LayoutText {#text} at (0,0) size 485x18
          text run at (0,0) width 485: "Tested with Apr25, M4 and 1999051109 (win95, opt.) Dated: May 11 1999"
