layer at (0,0) size 800x600 scrollWidth 995
  LayoutView at (0,0) size 800x600
layer at (0,0) size 800x600
  LayoutBlockFlow {HTML} at (0,0) size 800x600
    LayoutBlockFlow {BODY} at (8,8) size 784x584
      LayoutTable {TABLE} at (0,0) size 987x139 [border: (2px solid #0000FF)]
        LayoutTableSection {TBODY} at (2,2) size 983x135
          LayoutTableRow {TR} at (0,2) size 983x131
            LayoutTableCell {TD} at (2,2) size 219x131 [border: (1px solid #C0C0C0)] [r=0 c=0 rs=1 cs=1]
              LayoutTable {TABLE} at (2,2) size 215x127 [border: (2px solid #008000)]
                LayoutTableSection {TBODY} at (2,2) size 211x123
                  LayoutTableRow {TR} at (0,2) size 211x83
                    LayoutTableCell {TD} at (2,2) size 207x83 [border: (1px solid #C0C0C0)] [r=0 c=0 rs=1 cs=1]
                      LayoutTable {TABLE} at (2,2) size 143x31 [border: (2px solid #FF0000)]
                        LayoutTableSection {TBODY} at (2,2) size 139x27
                          LayoutTableRow {TR} at (0,2) size 139x23
                            LayoutTableCell {TD} at (2,2) size 135x23 [border: (1px solid #C0C0C0)] [r=0 c=0 rs=1 cs=1]
                              LayoutTextControl {INPUT} at (2,2) size 131x19 [bgcolor=#FFFFFF] [border: (2px inset #EEEEEE)]
                              LayoutText {#text} at (0,0) size 0x0
                      LayoutTable {TABLE} at (2,33) size 203x48 [border: (2px solid #FF0000)]
                        LayoutTableSection {TBODY} at (2,2) size 199x44
                          LayoutTableRow {TR} at (0,2) size 199x40
                            LayoutTableCell {TD} at (2,2) size 195x40 [border: (1px solid #C0C0C0)] [r=0 c=0 rs=1 cs=1]
                              LayoutText {#text} at (2,2) size 172x36
                                text run at (2,2) width 172: "THIS TABLE NEEDS TO"
                                text run at (2,20) width 67: "BE HERE"
                  LayoutTableRow {TR} at (0,87) size 211x34
                    LayoutTableCell {TD} at (2,87) size 207x34 [border: (1px solid #C0C0C0)] [r=1 c=0 rs=1 cs=1]
                      LayoutTable {TABLE} at (2,2) size 203x30 [border: (2px solid #FF0000)]
                        LayoutTableSection {TBODY} at (2,2) size 199x26
                          LayoutTableRow {TR} at (0,2) size 199x22
                            LayoutTableCell {TD} at (2,2) size 195x22 [border: (1px solid #C0C0C0)] [r=0 c=0 rs=1 cs=1]
                              LayoutMenuList {SELECT} at (2,2) size 191x18 [bgcolor=#F8F8F8]
                                LayoutBlockFlow (anonymous) at (0,0) size 191x18
                                  LayoutText (anonymous) at (8,2) size 160x13
                                    text run at (8,2) width 160: "USE THIS JAVASCRIPT HERE"
                              LayoutText {#text} at (0,0) size 0x0
            LayoutTableCell {TD} at (223,2) size 758x40 [border: (1px solid #C0C0C0)] [r=0 c=1 rs=1 cs=1]
              LayoutText {#text} at (2,2) size 754x36
                text run at (2,2) width 754: "KEEPoTHEoTEXToHEREoASoLONGoASoPOSSIBLEooKEEPoTHEoTEXToHEREoASoLONGoASoPOSSIBLE"
                text run at (2,20) width 608: "THIS SIMULATES THE PROBLEM ON THE WWW.MAPBLAST.COM/ \"CREATE MAP\""
layer at (29,29) size 125x13 scrollWidth 137
  LayoutBlockFlow {DIV} at (3,3) size 125x13
    LayoutText {#text} at (0,0) size 137x13
      text run at (0,0) width 137: "THIS NEEDS THIS VALUE"
