layer at (0,0) size 800x600
  LayoutView at (0,0) size 800x600
layer at (0,0) size 800x492
  LayoutBlockFlow {HTML} at (0,0) size 800x492
    LayoutBlockFlow {BODY} at (8,16) size 784x468
      LayoutBlockFlow {P} at (0,0) size 784x20
        LayoutText {#text} at (0,0) size 255x19
          text run at (0,0) width 255: "You should see the numbers 1 to 9 below."
      LayoutBlockFlow {DIV} at (0,36) size 784x48
        LayoutText {#text} at (0,2) size 0x44
          text run at (0,2) width 0: "A"
      LayoutBlockFlow {DIV} at (0,84) size 784x48
        LayoutText {#text} at (0,2) size 0x44
          text run at (0,2) width 0: "A"
      LayoutBlockFlow {DIV} at (0,132) size 784x48
        LayoutText {#text} at (0,2) size 0x44
          text run at (0,2) width 0: "A"
      LayoutBlockFlow {DIV} at (0,180) size 784x48
        LayoutText {#text} at (0,2) size 0x44
          text run at (0,2) width 0: "A"
      LayoutBlockFlow {DIV} at (0,228) size 784x48
        LayoutText {#text} at (0,2) size 0x44
          text run at (0,2) width 0: "A"
      LayoutBlockFlow {DIV} at (0,276) size 784x48
        LayoutText {#text} at (0,2) size 0x44
          text run at (0,2) width 0: "A"
      LayoutBlockFlow {DIV} at (0,324) size 784x48
        LayoutText {#text} at (0,2) size 0x44
          text run at (0,2) width 0: "A"
      LayoutBlockFlow {DIV} at (0,372) size 784x48
        LayoutText {#text} at (0,2) size 0x44
          text run at (0,2) width 0: "A"
      LayoutBlockFlow {DIV} at (0,420) size 784x48
        LayoutText {#text} at (0,2) size 0x44
          text run at (0,2) width 0: "A"
