layer at (0,0) size 800x600
  LayoutView at (0,0) size 800x600
layer at (0,0) size 800x76
  LayoutBlockFlow {HTML} at (0,0) size 800x76
    LayoutBlockFlow {BODY} at (8,16) size 784x52
      LayoutBlockFlow {P} at (0,0) size 784x18
        LayoutText {#text} at (0,0) size 305x17
          text run at (0,0) width 305: "Test passes if there is green visible on the page."
      LayoutBlockFlow {DIV} at (0,34) size 784x18
        LayoutText {#text} at (0,0) size 140x17
          text run at (0,0) width 140: "Filler Text Filler Text"
      LayoutBlockFlow {DIV} at (0,52) size 784x0
