EDITING DELEGATE: webViewDidChangeSelection:WebViewDidChangeSelectionNotification
EDITING DELEGATE: webViewDidChangeSelection:WebViewDidChangeSelectionNotification
EDITING DELEGATE: webViewDidChangeSelection:WebViewDidChangeSelectionNotification
EDITING DELEGATE: webViewDidChangeSelection:WebViewDidChangeSelectionNotification
EDITING DELEGATE: webViewDidChangeSelection:WebViewDidChangeSelectionNotification
EDITING DELEGATE: webViewDidChangeSelection:WebViewDidChangeSelectionNotification
EDITING DELEGATE: webViewDidChange:WebViewDidChangeNotification
layer at (0,0) size 800x600
  LayoutView at (0,0) size 800x600
layer at (0,0) size 800x600
  LayoutBlockFlow {HTML} at (0,0) size 800x600
    LayoutBlockFlow {BODY} at (8,8) size 784x584
      LayoutBlockFlow {DIV} at (0,0) size 784x314 [border: (2px solid #0000FF)]
        LayoutBlockFlow {DIV} at (14,14) size 756x108
          LayoutText {#text} at (0,0) size 68x26
            text run at (0,0) width 68: "Tests: "
          LayoutBR {BR} at (0,0) size 0x0
          LayoutText {#text} at (0,27) size 608x26
            text run at (0,27) width 608: "A scenario I thought of based on my experiences with this bug:"
          LayoutInline {A} at (0,0) size 257x26 [color=#0000EE]
            LayoutText {#text} at (0,54) size 257x26
              text run at (0,54) width 257: "<rdar://problem/4045521>"
          LayoutText {#text} at (256,54) size 735x53
            text run at (256,54) width 479: " Hitting return key with full line selected does not"
            text run at (0,81) width 252: "add blank line as it should"
        LayoutBlockFlow {DIV} at (14,138) size 756x162
          LayoutBlockFlow (anonymous) at (0,0) size 756x81
            LayoutText {#text} at (0,0) size 190x26
              text run at (0,0) width 190: "Expected Results: "
            LayoutBR {BR} at (189,21) size 1x0
            LayoutText {#text} at (0,27) size 704x53
              text run at (0,27) width 704: "Should see this content in the red box below (note that the insertion point"
              text run at (0,54) width 660: "should be at the start of the third line, immediately preceding \"baz\"):"
          LayoutBlockFlow {DIV} at (0,81) size 756x27
            LayoutText {#text} at (0,0) size 32x26
              text run at (0,0) width 32: "foo"
          LayoutBlockFlow {DIV} at (0,108) size 756x27
            LayoutBR {BR} at (0,0) size 0x26
          LayoutBlockFlow {DIV} at (0,135) size 756x27
            LayoutText {#text} at (0,0) size 34x26
              text run at (0,0) width 34: "baz"
      LayoutBlockFlow {DIV} at (0,338) size 784x85
        LayoutBlockFlow {DIV} at (0,0) size 784x85 [border: (2px solid #FF0000)]
          LayoutBlockFlow {DIV} at (2,2) size 780x27
            LayoutText {#text} at (0,0) size 32x26
              text run at (0,0) width 32: "foo"
          LayoutBlockFlow {DIV} at (2,29) size 780x27
            LayoutBR {BR} at (0,0) size 0x26
          LayoutBlockFlow {DIV} at (2,56) size 780x27
            LayoutText {#text} at (0,0) size 34x26
              text run at (0,0) width 34: "baz"
caret: position 0 of child 0 {#text} of child 3 {DIV} of child 1 {DIV} of child 3 {DIV} of body
