layer at (0,0) size 800x600
  LayoutView at (0,0) size 800x600
layer at (0,0) size 800x204
  LayoutBlockFlow {HTML} at (0,0) size 800x204.44
    LayoutBlockFlow {BODY} at (8,18.72) size 784x177.72
      LayoutBlockFlow {H3} at (0,0) size 784x23
        LayoutText {#text} at (0,0) size 764x22
          text run at (0,0) width 764: "The glyph for JHA should look different for Nepali and Hindi, depending on the lang attribute."
      LayoutBlockFlow {P} at (0,41.72) size 784x24
        LayoutText {#text} at (0,3) size 82x21
          text run at (0,3) width 82: "Hindi:JHA \x{91D}"
      LayoutBlockFlow (anonymous) at (0,81.72) size 784x20
        LayoutBR {BR} at (0,0) size 0x19
      LayoutBlockFlow {P} at (0,117.72) size 784x24
        LayoutText {#text} at (0,3) size 93x21
          text run at (0,3) width 93: "Nepali:JHA \x{91D}"
      LayoutBlockFlow (anonymous) at (0,157.72) size 784x20
        LayoutBR {BR} at (0,0) size 0x19
