layer at (0,0) size 800x600
  LayoutView at (0,0) size 800x600
layer at (0,0) size 800x600
  LayoutBlockFlow {HTML} at (0,0) size 800x600
    LayoutBlockFlow {BODY} at (8,8) size 784x576
      LayoutBlockFlow {P} at (0,0) size 784x18
        LayoutText {#text} at (0,0) size 505x17
          text run at (0,0) width 505: "The following is a test for having non-text inline elements as base in a <ruby>."
      LayoutBlockFlow {P} at (0,34) size 784x30
        LayoutText {#text} at (0,12) size 159x17
          text run at (0,12) width 159: "<ruby> is defined in the "
        LayoutRuby (inline) {RUBY} at (0,0) size 129x17
          LayoutRubyRun (anonymous) at (154.02,12) size 41x18
            LayoutRubyText {RT} at (0,-12) size 41x12
              LayoutText {#text} at (0,0) size 41x12
                text run at (0,0) width 41: "Hyper-text"
            LayoutRubyBase (anonymous) at (0,0) size 41x18
              LayoutInline {SPAN} at (0,0) size 22x17
                LayoutText {#text} at (10,0) size 22x17
                  text run at (10,0) width 22: "HT"
          LayoutRubyRun (anonymous) at (195.02,12) size 95x18
            LayoutRubyText {RT} at (0,-12) size 95x12
              LayoutText {#text} at (0,0) size 95x12
                text run at (0,0) width 95: "Markup Language Lvl. 5"
            LayoutRubyBase (anonymous) at (0,0) size 95x18
              LayoutInline {SPAN} at (0,0) size 15x17
                LayoutText {#text} at (31,0) size 15x17
                  text run at (31,0) width 15: "M"
              LayoutInline {SPAN} at (0,0) size 11x17
                LayoutText {#text} at (45,0) size 11x17
                  text run at (45,0) width 11: "L"
              LayoutInline {SPAN} at (0,0) size 9x17
                LayoutText {#text} at (55,0) size 9x17
                  text run at (55,0) width 9: "5"
        LayoutText {#text} at (286,12) size 37x17
          text run at (286,12) width 37: " spec."
