layer at (0,0) size 800x600
  LayoutView at (0,0) size 800x600
layer at (0,0) size 800x600
  LayoutBlockFlow {HTML} at (0,0) size 800x600
    LayoutBlockFlow {BODY} at (8,8) size 784x576
      LayoutBlockFlow {P} at (0,0) size 784x36
        LayoutText {#text} at (0,0) size 779x35
          text run at (0,0) width 779: "The following is a test for DOM manipulation within <ruby>: Removing a <rt>, forcing a merge with the right neighbour"
          text run at (0,18) width 22: "run"
      LayoutBlockFlow {P} at (0,52) size 784x18
        LayoutText {#text} at (0,0) size 448x17
          text run at (0,0) width 448: "Both lines should look identical (the first line is the one manipulated)."
      LayoutBlockFlow (anonymous) at (0,86) size 784x36
        LayoutBR {BR} at (0,0) size 0x17
        LayoutBR {BR} at (0,18) size 0x17
      LayoutBlockFlow {P} at (0,138) size 784x30
        LayoutText {#text} at (0,12) size 159x17
          text run at (0,12) width 159: "<ruby> is defined in the "
        LayoutRuby (inline) {RUBY} at (0,0) size 118x17
          LayoutRubyRun (anonymous) at (154.02,12) size 113x18
            LayoutRubyText {RT} at (0,-12) size 113x12
              LayoutText {#text} at (0,0) size 113x12
                text run at (0,0) width 113: "Hyper-text Markup Language"
            LayoutRubyBase (anonymous) at (0,0) size 113x18
              LayoutText {#text} at (34,0) size 22x17
                text run at (34,0) width 22: "HT"
              LayoutText {#text} at (55,0) size 25x17
                text run at (55,0) width 25: "ML"
          LayoutRubyRun (anonymous) at (267.02,12) size 8x18
            LayoutRubyBase (anonymous) at (0,0) size 8x18
              LayoutText {#text} at (0,0) size 8x17
                text run at (0,0) width 8: "5"
        LayoutText {#text} at (275,12) size 37x17
          text run at (275,12) width 37: " spec."
      LayoutBlockFlow {P} at (0,184) size 784x30
        LayoutText {#text} at (0,12) size 159x17
          text run at (0,12) width 159: "<ruby> is defined in the "
        LayoutRuby (inline) {RUBY} at (0,0) size 118x17
          LayoutRubyRun (anonymous) at (154.02,12) size 113x18
            LayoutRubyText {RT} at (0,-12) size 113x12
              LayoutText {#text} at (0,0) size 113x12
                text run at (0,0) width 113: "Hyper-text Markup Language"
            LayoutRubyBase (anonymous) at (0,0) size 113x18
              LayoutText {#text} at (34,0) size 46x17
                text run at (34,0) width 46: "HTML"
          LayoutRubyRun (anonymous) at (267.02,12) size 8x18
            LayoutRubyBase (anonymous) at (0,0) size 8x18
              LayoutText {#text} at (0,0) size 8x17
                text run at (0,0) width 8: "5"
        LayoutText {#text} at (275,12) size 37x17
          text run at (275,12) width 37: " spec."
