layer at (0,0) size 800x600
  LayoutView at (0,0) size 800x600
layer at (0,0) size 800x198
  LayoutBlockFlow {HTML} at (0,0) size 800x198.44
    LayoutBlockFlow {BODY} at (8,18.72) size 784x171.72
      LayoutBlockFlow {H3} at (0,0) size 784x23
        LayoutText {#text} at (0,0) size 764x22
          text run at (0,0) width 764: "The glyph for JHA should look different for Nepali and Hindi, depending on the lang attribute."
      LayoutBlockFlow {P} at (0,41.72) size 784x21
        LayoutText {#text} at (0,0) size 86x21
          text run at (0,0) width 86: "Hindi:JHA \x{91D}"
      LayoutBlockFlow (anonymous) at (0,78.72) size 784x20
        LayoutBR {BR} at (0,0) size 0x19
      LayoutBlockFlow {P} at (0,114.72) size 784x21
        LayoutText {#text} at (0,0) size 98x21
          text run at (0,0) width 98: "Nepali:JHA \x{91D}"
      LayoutBlockFlow (anonymous) at (0,151.72) size 784x20
        LayoutBR {BR} at (0,0) size 0x19
