layer at (0,0) size 807x1168
  LayoutView at (0,0) size 800x600
layer at (0,0) size 800x1168
  LayoutBlockFlow {HTML} at (0,0) size 800x1168.44
    LayoutBlockFlow {BODY} at (8,8) size 784x1147.11 [bgcolor=#EEEEEE]
      LayoutBlockFlow (anonymous) at (0,0) size 784x22
        LayoutInline {SPAN} at (0,0) size 190x16
          LayoutText {#text} at (0,0) size 0x0
          LayoutInline {SPAN} at (0,0) size 190x16
            LayoutText {#text} at (0,0) size 0x0
            LayoutTable {TABLE} at (0,0) size 190x22
              LayoutTableSection {TBODY} at (0,0) size 190x22
                LayoutTableRow {TR} at (0,0) size 190x22
                  LayoutTableCell {TD} at (0,0) size 114x21 [r=0 c=0 rs=1 cs=1]
                    LayoutText {#text} at (1,1) size 112x18
                      text run at (1,1) width 112: "Record Locator:"
                  LayoutTableCell {TD} at (114,0) size 76x22 [r=0 c=1 rs=1 cs=1]
                    LayoutInline {B} at (0,0) size 74x19
                      LayoutText {#text} at (1,1) size 74x19
                        text run at (1,1) width 74: "WHGNSO"
                    LayoutText {#text} at (0,0) size 0x0
            LayoutText {#text} at (0,0) size 0x0
          LayoutText {#text} at (0,0) size 0x0
      LayoutBlockFlow (anonymous) at (0,28.66) size 784x2
        LayoutBlockFlow {HR} at (0,0) size 784x2 [border: (1px inset #EEEEEE)]
      LayoutBlockFlow (anonymous) at (0,37.31) size 784x46
        LayoutInline {SPAN} at (0,0) size 114x43
          LayoutInline {SPAN} at (0,0) size 114x43
            LayoutText {#text} at (0,0) size 0x0
            LayoutInline {SPAN} at (0,0) size 114x19
              LayoutText {#text} at (0,0) size 0x0
              LayoutImage {IMG} at (0,0) size 57x23
              LayoutText {#text} at (57,1) size 57x19
                text run at (57,1) width 4: " "
                text run at (61,1) width 53: "Names"
              LayoutBR {BR} at (114,16) size 0x0
            LayoutText {#text} at (0,0) size 0x0
            LayoutInline {SPAN} at (0,0) size 102x16
              LayoutText {#text} at (0,0) size 0x0
              LayoutText {#text} at (0,0) size 0x0
            LayoutText {#text} at (0,0) size 0x0
          LayoutText {#text} at (0,0) size 0x0
      LayoutBlockFlow (anonymous) at (0,89.97) size 784x2
        LayoutBlockFlow {HR} at (0,0) size 784x2 [border: (1px inset #EEEEEE)]
      LayoutBlockFlow (anonymous) at (0,98.63) size 784x68
        LayoutInline {SPAN} at (0,0) size 583x66
          LayoutInline {SPAN} at (0,0) size 583x66
            LayoutText {#text} at (0,0) size 0x0
            LayoutImage {IMG} at (0,2) size 66x20
            LayoutText {#text} at (66,2) size 4x16
              text run at (66,2) width 4: " "
            LayoutInline {SPAN} at (0,0) size 82x19
              LayoutText {#text} at (70,0) size 82x19
                text run at (70,0) width 82: "Addresses"
              LayoutBR {BR} at (152,15) size 0x0
            LayoutText {#text} at (0,0) size 0x0
            LayoutText {#text} at (0,0) size 0x0
          LayoutText {#text} at (0,0) size 0x0
      LayoutBlockFlow (anonymous) at (0,173.28) size 784x2
        LayoutBlockFlow {HR} at (0,0) size 784x2 [border: (1px inset #EEEEEE)]
      LayoutBlockFlow (anonymous) at (0,181.94) size 784x43
        LayoutInline {SPAN} at (0,0) size 130x43
          LayoutInline {SPAN} at (0,0) size 130x43
            LayoutText {#text} at (0,0) size 0x0
            LayoutInline {SPAN} at (0,0) size 130x19
              LayoutText {#text} at (0,0) size 0x0
              LayoutImage {IMG} at (0,0) size 63x23
              LayoutText {#text} at (63,1) size 67x19
                text run at (63,1) width 4: " "
                text run at (67,1) width 63: "Phones "
              LayoutBR {BR} at (130,16) size 0x0
            LayoutText {#text} at (0,0) size 0x0
      LayoutBlockFlow (anonymous) at (0,286.94) size 784x0
        LayoutInline {SPAN} at (0,0) size 0x0
          LayoutInline {SPAN} at (0,0) size 0x0
            LayoutText {#text} at (0,0) size 0x0
          LayoutText {#text} at (0,0) size 0x0
      LayoutBlockFlow (anonymous) at (0,293.59) size 784x2
        LayoutBlockFlow {HR} at (0,0) size 784x2 [border: (1px inset #EEEEEE)]
      LayoutBlockFlow (anonymous) at (0,302.25) size 784x23
        LayoutInline {SPAN} at (0,0) size 132x16
          LayoutInline {SPAN} at (0,0) size 132x16
            LayoutText {#text} at (0,0) size 0x0
            LayoutInline {SPAN} at (0,0) size 132x19
              LayoutText {#text} at (0,0) size 0x0
              LayoutImage {IMG} at (0,0) size 66x23
              LayoutText {#text} at (66,1) size 66x19
                text run at (66,1) width 4: " "
                text run at (70,1) width 62: "Itinerary"
            LayoutText {#text} at (0,0) size 0x0
            LayoutInline {SPAN} at (0,0) size 0x0
              LayoutText {#text} at (0,0) size 0x0
              LayoutInline {SPAN} at (0,0) size 0x0
                LayoutText {#text} at (0,0) size 0x0
      LayoutBlockFlow (anonymous) at (0,325.25) size 784x63
        LayoutTable {TABLE} at (0,0) size 572x63
          LayoutTableSection {TBODY} at (0,0) size 572x63
            LayoutTableRow {TR} at (0,2) size 572x59
              LayoutTableCell {TD} at (2,30) size 2x2 [r=0 c=0 rs=1 cs=1]
              LayoutTableCell {TD} at (6,2) size 2x2 [r=0 c=1 rs=1 cs=1]
              LayoutTableCell {TD} at (10,19) size 148x24 [r=0 c=2 rs=1 cs=1]
                LayoutImage {IMG} at (1,1) size 146x22
                LayoutText {#text} at (0,0) size 0x0
              LayoutTableCell {TD} at (160,2) size 410x59 [r=0 c=3 rs=1 cs=1]
                LayoutText {#text} at (1,1) size 142x18
                  text run at (1,1) width 142: "TUR - Tour Package"
                LayoutBR {BR} at (143,16) size 0x0
                LayoutText {#text} at (1,20) size 222x18
                  text run at (1,20) width 222: "Date: Sunday, January 12, 2003"
                LayoutBR {BR} at (223,35) size 0x0
                LayoutText {#text} at (1,39) size 408x18
                  text run at (1,39) width 408: "Comments: -** TICKETLESS CONF CODE IS WHGNSO**"
      LayoutBlockFlow (anonymous) at (0,388.25) size 784x0
        LayoutInline {SPAN} at (0,0) size 0x0
          LayoutInline {SPAN} at (0,0) size 0x0
            LayoutInline {SPAN} at (0,0) size 0x0
              LayoutInline {SPAN} at (0,0) size 0x0
              LayoutText {#text} at (0,0) size 0x0
      LayoutBlockFlow (anonymous) at (0,394.91) size 784x2
        LayoutBlockFlow {HR} at (0,0) size 784x2 [border: (1px inset #EEEEEE)]
      LayoutBlockFlow (anonymous) at (0,403.56) size 784x0
        LayoutInline {SPAN} at (0,0) size 0x0
          LayoutInline {SPAN} at (0,0) size 0x0
            LayoutInline {SPAN} at (0,0) size 0x0
              LayoutInline {SPAN} at (0,0) size 0x0
                LayoutText {#text} at (0,0) size 0x0
      LayoutBlockFlow (anonymous) at (0,403.56) size 784x206
        LayoutTable {TABLE} at (0,0) size 703x206
          LayoutTableSection {TBODY} at (0,0) size 703x206
            LayoutTableRow {TR} at (0,2) size 703x202
              LayoutTableCell {TD} at (2,102) size 2x2 [r=0 c=0 rs=1 cs=1]
              LayoutTableCell {TD} at (6,2) size 2x2 [r=0 c=1 rs=1 cs=1]
              LayoutTableCell {TD} at (10,91) size 93x24 [r=0 c=2 rs=1 cs=1]
                LayoutImage {IMG} at (1,1) size 91x22
                LayoutText {#text} at (0,0) size 0x0
              LayoutTableCell {TD} at (105,2) size 596x202 [r=0 c=3 rs=1 cs=1]
                LayoutBlockFlow (anonymous) at (1,1) size 594x133
                  LayoutText {#text} at (0,0) size 24x18
                    text run at (0,0) width 24: "Air "
                  LayoutBR {BR} at (0,0) size 0x0
                  LayoutText {#text} at (0,19) size 475x18
                    text run at (0,19) width 49: "United "
                    text run at (49,19) width 82: "Flight 1187 "
                    text run at (131,19) width 122: "Booking Code:M "
                    text run at (253,19) width 222: "Date: Sunday, January 12, 2003"
                  LayoutBR {BR} at (475,34) size 0x0
                  LayoutText {#text} at (0,38) size 380x18
                    text run at (0,38) width 380: "From: San Francisco Intl Arpt, San Francisco CA - U.S."
                  LayoutBR {BR} at (380,53) size 0x0
                  LayoutText {#text} at (0,57) size 395x18
                    text run at (0,57) width 26: "To: "
                    text run at (26,57) width 369: "Burbank Glendale Pasadena Arpt, Burbank CA - U.S."
                  LayoutBR {BR} at (395,72) size 0x0
                  LayoutText {#text} at (0,76) size 243x18
                    text run at (0,76) width 127: "Departs: 6:05 PM "
                    text run at (127,76) width 116: "Arrives: 7:10 PM"
                  LayoutBR {BR} at (243,91) size 0x0
                  LayoutText {#text} at (0,95) size 48x18
                    text run at (0,95) width 48: "Status:"
                  LayoutInline {SPACE} at (0,0) size 125x37
                    LayoutText {#text} at (48,95) size 73x18
                      text run at (48,95) width 73: " confirmed"
                    LayoutInline {SPACE} at (0,0) size 125x37
                      LayoutText {#text} at (121,95) size 4x18
                        text run at (121,95) width 4: " "
                      LayoutBR {BR} at (0,0) size 0x0
                      LayoutText {#text} at (0,114) size 45x18
                        text run at (0,114) width 45: "Seats:"
                      LayoutBR {BR} at (45,129) size 0x0
                LayoutBlockFlow (anonymous) at (1,134) size 594x48
                  LayoutTable {TABLE} at (0,0) size 594x48 [border: (1px outset #808080)]
                    LayoutTableSection {TBODY} at (1,1) size 592x46
                      LayoutTableRow {TR} at (0,0) size 592x23 [bgcolor=#E0E0E0]
                        LayoutTableCell {TD} at (0,0) size 95x23 [border: (1px inset #808080)] [r=0 c=0 rs=1 cs=1]
                          LayoutText {#text} at (2,2) size 42x18
                            text run at (2,2) width 42: "Name"
                        LayoutTableCell {TD} at (95,0) size 37x23 [border: (1px inset #808080)] [r=0 c=1 rs=1 cs=1]
                          LayoutText {#text} at (2,2) size 33x18
                            text run at (2,2) width 33: "Seat"
                        LayoutTableCell {TD} at (132,0) size 77x23 [border: (1px inset #808080)] [r=0 c=2 rs=1 cs=1]
                          LayoutText {#text} at (2,2) size 44x18
                            text run at (2,2) width 44: "Status"
                        LayoutTableCell {TD} at (209,0) size 311x23 [border: (1px inset #808080)] [r=0 c=3 rs=1 cs=1]
                          LayoutText {#text} at (2,2) size 34x18
                            text run at (2,2) width 34: "Type"
                        LayoutTableCell {TD} at (520,0) size 72x23 [border: (1px inset #808080)] [r=0 c=4 rs=1 cs=1]
                          LayoutText {#text} at (2,2) size 68x18
                            text run at (2,2) width 68: "Comment"
                      LayoutTableRow {TR} at (0,23) size 592x23
                        LayoutTableCell {TD} at (0,23) size 95x23 [border: (1px inset #808080)] [r=1 c=0 rs=1 cs=1]
                          LayoutText {#text} at (2,2) size 91x18
                            text run at (2,2) width 91: "HAO,SCOTT"
                        LayoutTableCell {TD} at (95,23) size 37x23 [border: (1px inset #808080)] [r=1 c=1 rs=1 cs=1]
                          LayoutText {#text} at (2,2) size 29x18
                            text run at (2,2) width 29: "08A"
                        LayoutTableCell {TD} at (132,23) size 77x23 [border: (1px inset #808080)] [r=1 c=2 rs=1 cs=1]
                          LayoutText {#text} at (2,2) size 73x18
                            text run at (2,2) width 73: "confirmed "
                        LayoutTableCell {TD} at (209,23) size 311x23 [border: (1px inset #808080)] [r=1 c=3 rs=1 cs=1]
                          LayoutText {#text} at (2,2) size 307x18
                            text run at (2,2) width 307: "Non-Smoking, Window Seat, Preferred Seat"
                        LayoutTableCell {TD} at (520,23) size 72x23 [border: (1px inset #808080)] [r=1 c=4 rs=1 cs=1]
                          LayoutText {#text} at (2,2) size 4x18
                            text run at (2,2) width 4: " "
                LayoutBlockFlow (anonymous) at (1,182) size 594x19
                  LayoutInline {SPACE} at (0,0) size 0x18
                    LayoutInline {SPACE} at (0,0) size 0x18
                      LayoutBR {BR} at (0,0) size 0x18
      LayoutBlockFlow (anonymous) at (0,609.56) size 784x0
        LayoutInline {SPAN} at (0,0) size 0x0
          LayoutInline {SPAN} at (0,0) size 0x0
            LayoutInline {SPAN} at (0,0) size 0x0
              LayoutInline {SPAN} at (0,0) size 0x0
              LayoutText {#text} at (0,0) size 0x0
      LayoutBlockFlow (anonymous) at (0,616.22) size 784x2
        LayoutBlockFlow {HR} at (0,0) size 784x2 [border: (1px inset #EEEEEE)]
      LayoutBlockFlow (anonymous) at (0,624.88) size 784x0
        LayoutInline {SPAN} at (0,0) size 0x0
          LayoutInline {SPAN} at (0,0) size 0x0
            LayoutInline {SPAN} at (0,0) size 0x0
              LayoutInline {SPAN} at (0,0) size 0x0
                LayoutText {#text} at (0,0) size 0x0
      LayoutBlockFlow (anonymous) at (0,624.88) size 784x206
        LayoutTable {TABLE} at (0,0) size 592x206
          LayoutTableSection {TBODY} at (0,0) size 592x206
            LayoutTableRow {TR} at (0,2) size 592x202
              LayoutTableCell {TD} at (2,102) size 2x2 [r=0 c=0 rs=1 cs=1]
              LayoutTableCell {TD} at (6,2) size 2x2 [r=0 c=1 rs=1 cs=1]
              LayoutTableCell {TD} at (10,91) size 93x24 [r=0 c=2 rs=1 cs=1]
                LayoutImage {IMG} at (1,1) size 91x22
                LayoutText {#text} at (0,0) size 0x0
              LayoutTableCell {TD} at (105,2) size 485x202 [r=0 c=3 rs=1 cs=1]
                LayoutBlockFlow (anonymous) at (1,1) size 483x133
                  LayoutText {#text} at (0,0) size 24x18
                    text run at (0,0) width 24: "Air "
                  LayoutBR {BR} at (0,0) size 0x0
                  LayoutText {#text} at (0,19) size 457x18
                    text run at (0,19) width 49: "United "
                    text run at (49,19) width 73: "Flight 480 "
                    text run at (122,19) width 121: "Booking Code:Q "
                    text run at (243,19) width 214: "Date: Friday, January 24, 2003"
                  LayoutBR {BR} at (457,34) size 0x0
                  LayoutText {#text} at (0,38) size 414x18
                    text run at (0,38) width 414: "From: Burbank Glendale Pasadena Arpt, Burbank CA - U.S."
                  LayoutBR {BR} at (414,53) size 0x0
                  LayoutText {#text} at (0,57) size 361x18
                    text run at (0,57) width 26: "To: "
                    text run at (26,57) width 335: "San Francisco Intl Arpt, San Francisco CA - U.S."
                  LayoutBR {BR} at (361,72) size 0x0
                  LayoutText {#text} at (0,76) size 243x18
                    text run at (0,76) width 127: "Departs: 1:40 PM "
                    text run at (127,76) width 116: "Arrives: 2:50 PM"
                  LayoutBR {BR} at (243,91) size 0x0
                  LayoutText {#text} at (0,95) size 48x18
                    text run at (0,95) width 48: "Status:"
                  LayoutInline {SPACE} at (0,0) size 125x37
                    LayoutText {#text} at (48,95) size 73x18
                      text run at (48,95) width 73: " confirmed"
                    LayoutInline {SPACE} at (0,0) size 125x37
                      LayoutText {#text} at (121,95) size 4x18
                        text run at (121,95) width 4: " "
                      LayoutBR {BR} at (0,0) size 0x0
                      LayoutText {#text} at (0,114) size 45x18
                        text run at (0,114) width 45: "Seats:"
                      LayoutBR {BR} at (45,129) size 0x0
                LayoutBlockFlow (anonymous) at (1,134) size 483x48
                  LayoutTable {TABLE} at (0,0) size 483x48 [border: (1px outset #808080)]
                    LayoutTableSection {TBODY} at (1,1) size 481x46
                      LayoutTableRow {TR} at (0,0) size 481x23 [bgcolor=#E0E0E0]
                        LayoutTableCell {TD} at (0,0) size 95x23 [border: (1px inset #808080)] [r=0 c=0 rs=1 cs=1]
                          LayoutText {#text} at (2,2) size 42x18
                            text run at (2,2) width 42: "Name"
                        LayoutTableCell {TD} at (95,0) size 37x23 [border: (1px inset #808080)] [r=0 c=1 rs=1 cs=1]
                          LayoutText {#text} at (2,2) size 33x18
                            text run at (2,2) width 33: "Seat"
                        LayoutTableCell {TD} at (132,0) size 77x23 [border: (1px inset #808080)] [r=0 c=2 rs=1 cs=1]
                          LayoutText {#text} at (2,2) size 44x18
                            text run at (2,2) width 44: "Status"
                        LayoutTableCell {TD} at (209,0) size 200x23 [border: (1px inset #808080)] [r=0 c=3 rs=1 cs=1]
                          LayoutText {#text} at (2,2) size 34x18
                            text run at (2,2) width 34: "Type"
                        LayoutTableCell {TD} at (409,0) size 72x23 [border: (1px inset #808080)] [r=0 c=4 rs=1 cs=1]
                          LayoutText {#text} at (2,2) size 68x18
                            text run at (2,2) width 68: "Comment"
                      LayoutTableRow {TR} at (0,23) size 481x23
                        LayoutTableCell {TD} at (0,23) size 95x23 [border: (1px inset #808080)] [r=1 c=0 rs=1 cs=1]
                          LayoutText {#text} at (2,2) size 91x18
                            text run at (2,2) width 91: "HAO,SCOTT"
                        LayoutTableCell {TD} at (95,23) size 37x23 [border: (1px inset #808080)] [r=1 c=1 rs=1 cs=1]
                          LayoutText {#text} at (2,2) size 28x18
                            text run at (2,2) width 28: "13F"
                        LayoutTableCell {TD} at (132,23) size 77x23 [border: (1px inset #808080)] [r=1 c=2 rs=1 cs=1]
                          LayoutText {#text} at (2,2) size 73x18
                            text run at (2,2) width 73: "confirmed "
                        LayoutTableCell {TD} at (209,23) size 200x23 [border: (1px inset #808080)] [r=1 c=3 rs=1 cs=1]
                          LayoutText {#text} at (2,2) size 196x18
                            text run at (2,2) width 196: "Non-Smoking, Window Seat"
                        LayoutTableCell {TD} at (409,23) size 72x23 [border: (1px inset #808080)] [r=1 c=4 rs=1 cs=1]
                          LayoutText {#text} at (2,2) size 4x18
                            text run at (2,2) width 4: " "
                LayoutBlockFlow (anonymous) at (1,182) size 483x19
                  LayoutInline {SPACE} at (0,0) size 0x18
                    LayoutInline {SPACE} at (0,0) size 0x18
                      LayoutBR {BR} at (0,0) size 0x18
      LayoutBlockFlow (anonymous) at (0,830.88) size 784x0
        LayoutInline {SPAN} at (0,0) size 0x0
          LayoutInline {SPAN} at (0,0) size 0x0
            LayoutInline {SPAN} at (0,0) size 0x0
              LayoutInline {SPAN} at (0,0) size 0x0
              LayoutText {#text} at (0,0) size 0x0
      LayoutBlockFlow (anonymous) at (0,837.53) size 784x2
        LayoutBlockFlow {HR} at (0,0) size 784x2 [border: (1px inset #EEEEEE)]
      LayoutBlockFlow (anonymous) at (0,846.19) size 784x0
        LayoutInline {SPAN} at (0,0) size 0x0
          LayoutInline {SPAN} at (0,0) size 0x0
            LayoutInline {SPAN} at (0,0) size 0x0
              LayoutInline {SPAN} at (0,0) size 0x0
                LayoutText {#text} at (0,0) size 0x0
      LayoutBlockFlow (anonymous) at (0,846.19) size 784x120
        LayoutTable {TABLE} at (0,0) size 604x120
          LayoutTableSection {TBODY} at (0,0) size 604x120
            LayoutTableRow {TR} at (0,2) size 604x116
              LayoutTableCell {TD} at (2,59) size 2x2 [r=0 c=0 rs=1 cs=1]
              LayoutTableCell {TD} at (6,2) size 2x2 [r=0 c=1 rs=1 cs=1]
              LayoutTableCell {TD} at (10,48) size 93x24 [r=0 c=2 rs=1 cs=1]
                LayoutImage {IMG} at (1,1) size 91x22
                LayoutText {#text} at (0,0) size 0x0
              LayoutTableCell {TD} at (105,2) size 497x116 [r=0 c=3 rs=1 cs=1]
                LayoutText {#text} at (1,1) size 24x18
                  text run at (1,1) width 24: "Air "
                LayoutBR {BR} at (0,0) size 0x0
                LayoutText {#text} at (1,20) size 495x18
                  text run at (1,20) width 86: "UNKNOWN "
                  text run at (87,20) width 73: "Flight 123 "
                  text run at (160,20) width 118: "Booking Code:Y "
                  text run at (278,20) width 218: "Date: Tuesday, March 25, 2003"
                LayoutBR {BR} at (496,35) size 0x0
                LayoutText {#text} at (1,39) size 380x18
                  text run at (1,39) width 380: "From: San Francisco Intl Arpt, San Francisco CA - U.S."
                LayoutBR {BR} at (381,54) size 0x0
                LayoutText {#text} at (1,58) size 361x18
                  text run at (1,58) width 26: "To: "
                  text run at (27,58) width 335: "San Francisco Intl Arpt, San Francisco CA - U.S."
                LayoutBR {BR} at (362,73) size 0x0
                LayoutText {#text} at (1,77) size 167x18
                  text run at (1,77) width 89: "Departs: n/a "
                  text run at (90,77) width 78: "Arrives: n/a"
                LayoutBR {BR} at (168,92) size 0x0
                LayoutText {#text} at (1,96) size 48x18
                  text run at (1,96) width 48: "Status:"
                LayoutInline {SPACE} at (0,0) size 192x18
                  LayoutText {#text} at (49,96) size 188x18
                    text run at (49,96) width 188: " requested, await response"
                  LayoutInline {SPACE} at (0,0) size 4x18
                    LayoutText {#text} at (237,96) size 4x18
                      text run at (237,96) width 4: " "
                    LayoutBR {BR} at (241,111) size 0x0
      LayoutBlockFlow (anonymous) at (0,966.19) size 784x0
        LayoutInline {SPAN} at (0,0) size 0x0
          LayoutInline {SPAN} at (0,0) size 0x0
            LayoutInline {SPAN} at (0,0) size 0x0
              LayoutInline {SPAN} at (0,0) size 0x0
              LayoutText {#text} at (0,0) size 0x0
      LayoutBlockFlow (anonymous) at (0,972.84) size 784x2
        LayoutBlockFlow {HR} at (0,0) size 784x2 [border: (1px inset #EEEEEE)]
      LayoutBlockFlow (anonymous) at (0,981.50) size 784x53
        LayoutInline {SPAN} at (0,0) size 195x51
          LayoutInline {SPAN} at (0,0) size 0x0
            LayoutInline {SPAN} at (0,0) size 0x0
            LayoutText {#text} at (0,0) size 0x0
          LayoutText {#text} at (0,0) size 0x0
          LayoutInline {SPAN} at (0,0) size 98x19
            LayoutText {#text} at (0,0) size 0x0
            LayoutImage {IMG} at (0,1) size 20x20
            LayoutText {#text} at (20,0) size 78x19
              text run at (20,0) width 4: " "
              text run at (24,0) width 74: "Remarks:"
            LayoutBR {BR} at (98,15) size 0x0
          LayoutText {#text} at (0,0) size 0x0
          LayoutBR {BR} at (0,21) size 0x16
          LayoutInline {SPAN} at (0,0) size 195x16
            LayoutText {#text} at (0,37) size 195x16
              text run at (0,37) width 125: "SERVICE FEE MCO "
              text run at (125,37) width 70: "8103220490"
            LayoutBR {BR} at (195,50) size 0x0
          LayoutText {#text} at (0,0) size 0x0
      LayoutBlockFlow (anonymous) at (0,1041.16) size 784x2
        LayoutBlockFlow {HR} at (0,0) size 784x2 [border: (1px inset #EEEEEE)]
      LayoutBlockFlow (anonymous) at (0,1049.81) size 784x23
        LayoutInline {SPAN} at (0,0) size 186x16
          LayoutInline {SPAN} at (0,0) size 186x19
            LayoutText {#text} at (0,0) size 0x0
            LayoutImage {IMG} at (0,0) size 66x23
            LayoutText {#text} at (66,1) size 4x19
              text run at (66,1) width 4: " "
            LayoutInline {B} at (0,0) size 112x19
              LayoutText {#text} at (70,1) size 112x19
                text run at (70,1) width 112: "Web Bookings"
            LayoutText {#text} at (182,1) size 4x19
              text run at (182,1) width 4: " "
            LayoutInline {SPAN} at (0,0) size 0x19
              LayoutBR {BR} at (186,16) size 0x0
              LayoutInline {SPAN} at (0,0) size 0x0
            LayoutText {#text} at (0,0) size 0x0
          LayoutText {#text} at (0,0) size 0x0
      LayoutBlockFlow (anonymous) at (0,1079.47) size 784x2
        LayoutBlockFlow {HR} at (0,0) size 784x2 [border: (1px inset #EEEEEE)]
      LayoutBlockFlow (anonymous) at (0,1088.13) size 784x21
        LayoutInline {SPAN} at (0,0) size 277x16
          LayoutInline {SPAN} at (0,0) size 277x16
            LayoutText {#text} at (0,0) size 0x0
            LayoutInline {SPAN} at (0,0) size 277x19
              LayoutText {#text} at (0,0) size 0x0
              LayoutImage {IMG} at (0,1) size 20x20
              LayoutText {#text} at (20,0) size 257x19
                text run at (20,0) width 4: " "
                text run at (24,0) width 253: "Remarks and Service Information"
              LayoutBR {BR} at (277,15) size 0x0
            LayoutText {#text} at (0,0) size 0x0
            LayoutText {#text} at (0,0) size 0x0
      LayoutBlockFlow (anonymous) at (0,1115.78) size 784x31.33
        LayoutBlockFlow {HR} at (0,0) size 784x2 [border: (1px inset #EEEEEE)]
        LayoutBlockFlow {P} at (0,15.33) size 784x16
          LayoutText {#text} at (0,0) size 203x16
            text run at (0,0) width 203: "This itinerary is subject to change. "
          LayoutInline {A} at (0,0) size 162x16 [color=#0000EE]
            LayoutText {#text} at (203,0) size 162x16
              text run at (203,0) width 162: "Click here for latest updates"
          LayoutText {#text} at (0,0) size 0x0
      LayoutBlockFlow (anonymous) at (0,1160.44) size 784x0
        LayoutInline {SPAN} at (0,0) size 0x0
          LayoutInline {SPAN} at (0,0) size 0x0
          LayoutText {#text} at (0,0) size 0x0
layer at (23,45) size 102x16
  LayoutInline (relative positioned) {SPAN} at (0,0) size 102x16
    LayoutText {#text} at (0,0) size 0x0
    LayoutInline {SPAN} at (0,0) size 102x16
      LayoutText {#text} at (0,0) size 0x0
      LayoutImage {IMG} at (0,23) size 20x20
      LayoutText {#text} at (20,30) size 4x16
        text run at (20,30) width 4: " "
      LayoutInline {SPAN} at (0,0) size 78x16
        LayoutText {#text} at (24,30) size 78x16
          text run at (24,30) width 78: "HAO, SCOTT"
        LayoutBR {BR} at (102,43) size 0x0
        LayoutText {#text} at (0,0) size 0x0
      LayoutText {#text} at (0,0) size 0x0
    LayoutText {#text} at (0,0) size 0x0
layer at (23,107) size 583x39
  LayoutInline (relative positioned) {SPAN} at (0,0) size 583x39
    LayoutText {#text} at (0,0) size 0x0
    LayoutImage {IMG} at (0,22) size 20x20
    LayoutText {#text} at (20,29) size 563x16
      text run at (20,29) width 4: " "
      text run at (24,29) width 56: "Address: "
      text run at (80,29) width 503: "ST. JUDE MEDICAL, 21700 OXNARD ST SUITE 800, WOODLAND HILLS CA Z/91367 "
    LayoutBR {BR} at (583,42) size 0x0
    LayoutImage {IMG} at (0,45) size 20x20
    LayoutText {#text} at (20,52) size 402x16
      text run at (20,52) width 4: " "
      text run at (24,52) width 46: "Deliver: "
      text run at (70,52) width 102: "DEBI STANGEL, "
      text run at (172,52) width 116: "119 GLEN COURT, "
      text run at (288,52) width 134: "DANVILLE CA Z/94526"
layer at (23,190) size 20x16
  LayoutInline (relative positioned) {SPAN} at (0,0) size 20x16
    LayoutText {#text} at (0,0) size 0x0
    LayoutImage {IMG} at (0,23) size 20x20
    LayoutText {#text} at (0,0) size 0x0
layer at (23,233) size 784x62
  LayoutBlockFlow (anonymous) at (0,224.94) size 784x62
layer at (43,218) size 520x62
  LayoutTable {TABLE} at (0,0) size 520x62 [border: (1px outset #808080)]
    LayoutTableSection {TBODY} at (1,1) size 518x60
      LayoutTableRow {TR} at (0,2) size 518x23 [bgcolor=#E0E0E0]
        LayoutTableCell {TD} at (2,2) size 91x23 [border: (1px inset #808080)] [r=0 c=0 rs=1 cs=1]
          LayoutText {#text} at (2,2) size 34x18
            text run at (2,2) width 34: "Type"
        LayoutTableCell {TD} at (95,2) size 45x23 [border: (1px inset #808080)] [r=0 c=1 rs=1 cs=1]
          LayoutText {#text} at (2,2) size 27x18
            text run at (2,2) width 27: "City"
        LayoutTableCell {TD} at (142,2) size 374x23 [border: (1px inset #808080)] [r=0 c=2 rs=1 cs=1]
          LayoutText {#text} at (2,2) size 45x18
            text run at (2,2) width 45: "Phone"
      LayoutTableRow {TR} at (0,27) size 518x0
      LayoutTableRow {TR} at (0,29) size 518x23
        LayoutTableCell {TD} at (2,29) size 91x23 [border: (1px inset #808080)] [r=2 c=0 rs=1 cs=1]
          LayoutText {#text} at (2,2) size 87x18
            text run at (2,2) width 87: "Travel Agent"
        LayoutTableCell {TD} at (95,29) size 45x23 [border: (1px inset #808080)] [r=2 c=1 rs=1 cs=1]
          LayoutText {#text} at (2,2) size 41x18
            text run at (2,2) width 41: "(LAX)"
        LayoutTableCell {TD} at (142,29) size 374x23 [border: (1px inset #808080)] [r=2 c=2 rs=1 cs=1]
          LayoutText {#text} at (2,2) size 370x18
            text run at (2,2) width 370: "RQ0/818 990-4053-PLAZA TRAVEL - 05838276-RC"
      LayoutTableRow {TR} at (0,54) size 518x0
      LayoutTableRow {TR} at (0,56) size 518x0
      LayoutTableRow {TR} at (0,58) size 518x0
