layer at (0,0) size 800x600
  LayoutView at (0,0) size 800x600
layer at (0,0) size 800x600
  LayoutBlockFlow {HTML} at (0,0) size 800x600
    LayoutBlockFlow {BODY} at (8,8) size 784x584
      LayoutBlockFlow {P} at (0,0) size 784x18
        LayoutText {#text} at (0,0) size 55x18
          text run at (0,0) width 55: "Test for "
        LayoutInline {I} at (0,0) size 402x18
          LayoutInline {A} at (0,0) size 157x18 [color=#0000EE]
            LayoutText {#text} at (54,0) size 157x18
              text run at (54,0) width 157: "rdar://problem/6020930"
          LayoutText {#text} at (210,0) size 246x18
            text run at (210,0) width 246: " Bidi Problem When Resizing Window"
        LayoutText {#text} at (455,0) size 5x18
          text run at (455,0) width 5: "."
      LayoutBlockFlow {P} at (0,34) size 784x18
        LayoutText {#text} at (0,0) size 325x18
          text run at (0,0) width 325: "The boxes below should be identical to each other."
      LayoutBlockFlow {DIV} at (0,68) size 90x52 [border: (1px solid #0000FF)]
        LayoutText {#text} at (5,6) size 60x39
          text run at (5,6) width 56 RTL: "\x{627}\x{644}\x{645}\x{627}\x{626}\x{629} \x{645}\x{644}\x{64A}\x{627}\x{631}"
          text run at (60,6) width 5: " "
          text run at (5,27) width 20 RTL: " \x{645}\x{646}"
          text run at (24,27) width 41: "12345"
      LayoutBlockFlow {DIV} at (0,120) size 90x52 [border: (1px solid #0000FF)]
        LayoutText {#text} at (5,6) size 60x39
          text run at (5,6) width 56 RTL: "\x{627}\x{644}\x{645}\x{627}\x{626}\x{629} \x{645}\x{644}\x{64A}\x{627}\x{631}"
          text run at (5,27) width 20 RTL: " \x{645}\x{646}"
          text run at (24,27) width 41: "12345"
