layer at (0,0) size 800x600
  LayoutView at (0,0) size 800x600
layer at (0,0) size 800x600
  LayoutBlockFlow {HTML} at (0,0) size 800x600
    LayoutBlockFlow {BODY} at (8,8) size 784x576
      LayoutBlockFlow (anonymous) at (0,0) size 784x36
        LayoutText {#text} at (0,0) size 775x36
          text run at (0,0) width 476: "The following tests text iteration over RTL text embedded with LTR text. "
          text run at (475,0) width 300: "TextIterators are used for find, spellcheck, and"
          text run at (0,18) width 67: ".innerText"
      LayoutBlockFlow {HR} at (0,44) size 784x2 [border: (1px inset #EEEEEE)]
      LayoutBlockFlow (anonymous) at (0,54) size 784x18
        LayoutText {#text} at (0,0) size 136x18
          text run at (0,0) width 136: "Embedded Numbers:"
      LayoutBlockFlow {DIV} at (0,72) size 784x19 [color=#0000FF]
        LayoutText {#text} at (0,1) size 122x18
          text run at (0,1) width 58: "Testing ("
          text run at (57,1) width 17 RTL: "\x{5DF}\x{5DE}"
          text run at (73,1) width 9: "3"
          text run at (81,1) width 36 RTL: "\x{5D7}\x{5D5}\x{5D3}\x{5D0}"
          text run at (116,1) width 6: ")"
      LayoutBlockFlow (anonymous) at (0,91) size 784x18
        LayoutText {#text} at (0,0) size 108x18
          text run at (0,0) width 108: "Embedded LTR:"
      LayoutBlockFlow {DIV} at (0,109) size 784x19 [color=#0000FF]
        LayoutText {#text} at (0,1) size 146x18
          text run at (0,1) width 58: "Testing ("
          text run at (57,1) width 36 RTL: "\x{5D7}\x{5D5}\x{5D3}\x{5D0}"
          text run at (92,1) width 33: "hello"
          text run at (124,1) width 17 RTL: "\x{5DF}\x{5DE}"
          text run at (140,1) width 6: ")"
      LayoutBlockFlow (anonymous) at (0,128) size 784x18
        LayoutText {#text} at (0,0) size 193x18
          text run at (0,0) width 193: "Embedded Numbers and LTR"
      LayoutBlockFlow {DIV} at (0,146) size 784x19 [color=#0000FF]
        LayoutText {#text} at (0,1) size 144x18
          text run at (0,1) width 58: "Testing ("
          text run at (57,1) width 30 RTL: "\x{5E7}\x{5E7}\x{5E8}"
          text run at (86,1) width 9: "3"
          text run at (94,1) width 37 RTL: "\x{5D9}\x{5E7}\x{5DD}\x{5DC}"
          text run at (130,1) width 14: "h)"
      LayoutBlockFlow (anonymous) at (0,165) size 784x18
        LayoutText {#text} at (0,0) size 221x18
          text run at (0,0) width 221: "Embedded Numbers with spacing:"
      LayoutBlockFlow {DIV} at (0,183) size 784x19 [color=#0000FF]
        LayoutText {#text} at (0,1) size 265x18
          text run at (0,1) width 58: "Testing ("
          text run at (57,1) width 40 RTL: " \x{5D7}\x{5D5}\x{5D3}\x{5D0}"
          text run at (96,1) width 25: "300"
          text run at (120,1) width 56 RTL: "\x{5D7}\x{5D5}\x{5D3}\x{5D0}\x{5DF}\x{5DE} "
          text run at (175,1) width 41: "34023"
          text run at (215,1) width 44 RTL: "\x{5D9}\x{5E7}\x{5DA}\x{5DA}\x{5DD}"
          text run at (258,1) width 7: ")"
      LayoutBlockFlow (anonymous) at (0,202) size 784x18
        LayoutText {#text} at (0,0) size 72x18
          text run at (0,0) width 72: "Plain LTR:"
      LayoutBlockFlow {DIV} at (0,220) size 784x18 [color=#0000FF]
        LayoutText {#text} at (0,0) size 95x18
          text run at (0,0) width 95: "Testing (hello)"
      LayoutBlockFlow (anonymous) at (0,238) size 784x18
        LayoutText {#text} at (0,0) size 193x18
          text run at (0,0) width 193: "Embedded LTR with spacing:"
      LayoutBlockFlow {DIV} at (0,256) size 784x19 [color=#0000FF]
        LayoutText {#text} at (0,1) size 193x18
          text run at (0,1) width 58: "Testing ("
          text run at (57,1) width 69 RTL: "\x{5D7}\x{5D5}\x{5D3}\x{5D9}\x{5E7}\x{5DA}\x{5DA}\x{5DD}"
          text run at (125,1) width 41: " hello "
          text run at (165,1) width 22 RTL: "\x{5DF}\x{5DE}\x{5D9}"
          text run at (186,1) width 7: ")"
      LayoutBlockFlow (anonymous) at (0,275) size 784x18
        LayoutText {#text} at (0,0) size 165x18
          text run at (0,0) width 165: "Mixed but not embedded:"
      LayoutBlockFlow {DIV} at (0,293) size 784x19 [color=#0000FF]
        LayoutText {#text} at (0,1) size 136x18
          text run at (0,1) width 90: "Testing (hello"
          text run at (89,1) width 41 RTL: "\x{5D7}\x{5D5}\x{5D3}\x{5DF}\x{5DE}"
          text run at (129,1) width 7: ")"
      LayoutBlockFlow (anonymous) at (0,312) size 784x18
        LayoutText {#text} at (0,0) size 165x18
          text run at (0,0) width 165: "Mixed but not embedded:"
      LayoutBlockFlow {DIV} at (0,330) size 784x19 [color=#0000FF]
        LayoutText {#text} at (0,1) size 136x18
          text run at (0,1) width 58: "Testing ("
          text run at (57,1) width 41 RTL: "\x{5D7}\x{5D5}\x{5D3}\x{5DF}\x{5DE}"
          text run at (97,1) width 39: "hello)"
      LayoutBlockFlow {OL} at (0,365) size 784x0
