layer at (0,0) size 800x600
  LayoutView at (0,0) size 800x600
layer at (0,0) size 800x600
  LayoutBlockFlow {HTML} at (0,0) size 800x600
    LayoutBlockFlow {BODY} at (8,8) size 784x584
      LayoutButton {INPUT} at (0,9) size 41x12 [bgcolor=#C0C0C0] [border: (2px outset #C0C0C0)]
        LayoutBlockFlow (anonymous) at (8,3) size 25x6
          LayoutText {#text} at (0,0) size 25x6
            text run at (0,0) width 25: "Test Button"
      LayoutText {#text} at (41,3) size 4x17
        text run at (41,3) width 4: " "
      LayoutButton {INPUT} at (45,9) size 47x12 [bgcolor=#C0C0C0] [border: (2px outset #C0C0C0)]
        LayoutBlockFlow (anonymous) at (8,3) size 31x6
          LayoutText {#text} at (0,0) size 31x6
            text run at (0,0) width 31: "Test Button"
      LayoutText {#text} at (92,3) size 4x17
        text run at (92,3) width 4: " "
      LayoutButton {INPUT} at (96,8) size 54x13 [bgcolor=#C0C0C0] [border: (2px outset #C0C0C0)]
        LayoutBlockFlow (anonymous) at (8,3) size 38x7
          LayoutText {#text} at (0,0) size 38x7
            text run at (0,0) width 38: "Test Button"
      LayoutText {#text} at (150,3) size 4x17
        text run at (150,3) width 4: " "
      LayoutButton {INPUT} at (154,6) size 54x16 [bgcolor=#C0C0C0] [border: (2px outset #C0C0C0)]
        LayoutBlockFlow (anonymous) at (8,3) size 38x10
          LayoutText {#text} at (0,0) size 38x10
            text run at (0,0) width 38: "Test Button"
      LayoutText {#text} at (208,3) size 4x17
        text run at (208,3) width 4: " "
      LayoutButton {INPUT} at (212,5) size 64x18 [bgcolor=#C0C0C0] [border: (2px outset #C0C0C0)]
        LayoutBlockFlow (anonymous) at (8,3) size 48x12
          LayoutText {#text} at (0,0) size 48x12
            text run at (0,0) width 48: "Test Button"
      LayoutText {#text} at (276,3) size 4x17
        text run at (276,3) width 4: " "
      LayoutButton {INPUT} at (280,4) size 70x19 [bgcolor=#C0C0C0] [border: (2px outset #C0C0C0)]
        LayoutBlockFlow (anonymous) at (8,3) size 54x13
          LayoutText {#text} at (0,0) size 54x13
            text run at (0,0) width 54: "Test Button"
      LayoutText {#text} at (350,3) size 4x17
        text run at (350,3) width 4: " "
      LayoutButton {INPUT} at (354,3) size 71x20 [bgcolor=#C0C0C0] [border: (2px outset #C0C0C0)]
        LayoutBlockFlow (anonymous) at (8,3) size 55x14
          LayoutText {#text} at (0,0) size 55x14
            text run at (0,0) width 55: "Test Button"
      LayoutText {#text} at (425,3) size 4x17
        text run at (425,3) width 4: " "
      LayoutButton {INPUT} at (429,2) size 78x21 [bgcolor=#C0C0C0] [border: (2px outset #C0C0C0)]
        LayoutBlockFlow (anonymous) at (8,3) size 62x15
          LayoutText {#text} at (0,0) size 62x15
            text run at (0,0) width 62: "Test Button"
      LayoutText {#text} at (507,3) size 4x17
        text run at (507,3) width 4: " "
      LayoutButton {INPUT} at (511,1) size 83x22 [bgcolor=#C0C0C0] [border: (2px outset #C0C0C0)]
        LayoutBlockFlow (anonymous) at (8,3) size 67x16
          LayoutText {#text} at (0,0) size 67x16
            text run at (0,0) width 67: "Test Button"
      LayoutText {#text} at (594,3) size 4x17
        text run at (594,3) width 4: " "
      LayoutButton {INPUT} at (598,1) size 89x22 [bgcolor=#C0C0C0] [border: (2px outset #C0C0C0)]
        LayoutBlockFlow (anonymous) at (8,3) size 73x16
          LayoutText {#text} at (0,0) size 73x16
            text run at (0,0) width 73: "Test Button"
      LayoutText {#text} at (687,3) size 4x17
        text run at (687,3) width 4: " "
      LayoutButton {INPUT} at (691,0) size 91x23 [bgcolor=#C0C0C0] [border: (2px outset #C0C0C0)]
        LayoutBlockFlow (anonymous) at (8,3) size 75x17
          LayoutText {#text} at (0,0) size 75x17
            text run at (0,0) width 75: "Test Button"
      LayoutText {#text} at (0,0) size 0x0
      LayoutButton {INPUT} at (0,28) size 97.83x24 [bgcolor=#C0C0C0] [border: (2px outset #C0C0C0)]
        LayoutBlockFlow (anonymous) at (8,3) size 81.83x18
          LayoutText {#text} at (0,0) size 82x17
            text run at (0,0) width 82: "Test Button"
      LayoutText {#text} at (97,31) size 5x17
        text run at (97,31) width 5: " "
      LayoutButton {INPUT} at (101.83,27) size 102.94x26 [bgcolor=#C0C0C0] [border: (2px outset #C0C0C0)]
        LayoutBlockFlow (anonymous) at (8,3) size 86.94x20
          LayoutText {#text} at (0,0) size 87x19
            text run at (0,0) width 87: "Test Button"
      LayoutText {#text} at (204,31) size 5x17
        text run at (204,31) width 5: " "
      LayoutButton {INPUT} at (208.77,26) size 108.06x27 [bgcolor=#C0C0C0] [border: (2px outset #C0C0C0)]
        LayoutBlockFlow (anonymous) at (8,3) size 92.06x21
          LayoutText {#text} at (0,0) size 93x20
            text run at (0,0) width 93: "Test Button"
      LayoutText {#text} at (316,31) size 5x17
        text run at (316,31) width 5: " "
      LayoutButton {INPUT} at (320.83,25) size 113.17x28 [bgcolor=#C0C0C0] [border: (2px outset #C0C0C0)]
        LayoutBlockFlow (anonymous) at (8,3) size 97.17x22
          LayoutText {#text} at (0,0) size 98x21
            text run at (0,0) width 98: "Test Button"
      LayoutText {#text} at (434,31) size 4x17
        text run at (434,31) width 4: " "
      LayoutButton {INPUT} at (438,24) size 118.28x29 [bgcolor=#C0C0C0] [border: (2px outset #C0C0C0)]
        LayoutBlockFlow (anonymous) at (8,3) size 102.28x23
          LayoutText {#text} at (0,0) size 103x22
            text run at (0,0) width 103: "Test Button"
      LayoutText {#text} at (556,31) size 5x17
        text run at (556,31) width 5: " "
      LayoutButton {INPUT} at (560.28,23) size 123.39x30 [bgcolor=#C0C0C0] [border: (2px outset #C0C0C0)]
        LayoutBlockFlow (anonymous) at (8,3) size 107.39x24
          LayoutText {#text} at (0,0) size 108x23
            text run at (0,0) width 108: "Test Button"
      LayoutText {#text} at (0,0) size 0x0
