layer at (0,0) size 800x600 scrollWidth 1160
  LayoutView at (0,0) size 800x600
layer at (0,0) size 800x600
  LayoutBlockFlow {HTML} at (0,0) size 800x600
    LayoutBlockFlow {BODY} at (9.59,9.59) size 780.81x574.81
      LayoutBlockFlow (anonymous) at (0,0) size 780.81x162
        LayoutText {#text} at (0,0) size 0x0
      LayoutBlockFlow {DIV} at (0,162) size 780.81x117.59
        LayoutBlockFlow (anonymous) at (0,0) size 780.81x66
          LayoutText {#text} at (0,0) size 62x21
            text run at (0,0) width 62: "Results:"
          LayoutBR {BR} at (61,17) size 1x0
          LayoutText {#text} at (0,22) size 105x21
            text run at (0,22) width 105: "Test 1 Passed"
          LayoutBR {BR} at (104,39) size 1x0
          LayoutText {#text} at (0,44) size 101x21
            text run at (0,44) width 101: "Test 2 Failed"
          LayoutBR {BR} at (100,61) size 1x0
        LayoutBlockFlow {PRE} at (0,81.59) size 780.81x36
          LayoutText {#text} at (0,0) size 1150x18
            text run at (0,0) width 1150: "     Expected: false,false,false,false,false,false,true,false,false,false,false,false,false,false,false,false,false"
          LayoutBR {BR} at (0,0) size 0x0
          LayoutText {#text} at (0,18) size 1130x18
            text run at (0,18) width 1130: "     Actual: false,false,false,false,false,true,false,false,false,false,false,false,false,false,false,false,false"
layer at (10,10) size 142x162 clip at (22,22) size 102x138 scrollHeight 370
  LayoutListBox {SELECT} at (0,0) size 141.63x162 [bgcolor=#FFFFFF] [border: (12px solid #000000)]
    LayoutBlockFlow {OPTION} at (24,24) size 78.63x20.38
      LayoutText {#text} at (2,0) size 28x17
        text run at (2,0) width 28: "one"
    LayoutBlockFlow {OPTION} at (24,44.38) size 78.63x20.38
      LayoutText {#text} at (2,0) size 26x17
        text run at (2,0) width 26: "two"
    LayoutBlockFlow {OPTION} at (24,64.75) size 78.63x20.38
      LayoutText {#text} at (2,0) size 37x17
        text run at (2,0) width 37: "three"
    LayoutBlockFlow {OPTION} at (24,85.13) size 78.63x20.38
      LayoutText {#text} at (2,0) size 28x17
        text run at (2,0) width 28: "four"
    LayoutBlockFlow {OPTION} at (24,105.50) size 78.63x20.38
      LayoutText {#text} at (2,0) size 26x17
        text run at (2,0) width 26: "five"
    LayoutBlockFlow {OPTION} at (24,125.88) size 78.63x20.38 [color=#FFFFCC] [bgcolor=#0000FF]
      LayoutText {#text} at (2,0) size 20x17
        text run at (2,0) width 20: "six"
    LayoutBlockFlow {OPTION} at (24,146.25) size 78.63x20.38
      LayoutText {#text} at (2,0) size 44x17
        text run at (2,0) width 44: "seven"
    LayoutBlockFlow {OPTION} at (24,166.63) size 78.63x20.38
      LayoutText {#text} at (2,0) size 36x17
        text run at (2,0) width 36: "eight"
    LayoutBlockFlow {OPTION} at (24,187) size 78.63x20.38
      LayoutText {#text} at (2,0) size 31x17
        text run at (2,0) width 31: "nine"
    LayoutBlockFlow {OPTION} at (24,207.38) size 78.63x20.38
      LayoutText {#text} at (2,0) size 23x17
        text run at (2,0) width 23: "ten"
    LayoutBlockFlow {OPTION} at (24,227.75) size 78.63x20.38
      LayoutText {#text} at (2,0) size 48x17
        text run at (2,0) width 48: "eleven"
    LayoutBlockFlow {OPTION} at (24,248.13) size 78.63x20.38
      LayoutText {#text} at (2,0) size 46x17
        text run at (2,0) width 46: "twelve"
    LayoutBlockFlow {OPTION} at (24,268.50) size 78.63x20.38
      LayoutText {#text} at (2,0) size 54x17
        text run at (2,0) width 54: "thirteen"
    LayoutBlockFlow {OPTION} at (24,288.88) size 78.63x20.38
      LayoutText {#text} at (2,0) size 60x17
        text run at (2,0) width 60: "fourteen"
    LayoutBlockFlow {OPTION} at (24,309.25) size 78.63x20.38
      LayoutText {#text} at (2,0) size 44x17
        text run at (2,0) width 44: "fifteen"
    LayoutBlockFlow {OPTION} at (24,329.63) size 78.63x20.38
      LayoutText {#text} at (2,0) size 52x17
        text run at (2,0) width 52: "sixteen"
    LayoutBlockFlow {OPTION} at (24,350) size 78.63x20.38
      LayoutText {#text} at (2,0) size 75x17
        text run at (2,0) width 75: "seventeen"
