layer at (0,0) size 800x600
  LayoutView at (0,0) size 800x600
layer at (0,0) size 800x600
  LayoutBlockFlow {HTML} at (0,0) size 800x600
    LayoutBlockFlow {BODY} at (8,8) size 784x576
      LayoutBlockFlow {P} at (0,0) size 784x18
        LayoutText {#text} at (0,0) size 55x17
          text run at (0,0) width 55: "Test for "
        LayoutInline {I} at (0,0) size 582x17
          LayoutInline {A} at (0,0) size 306x17 [color=#0000EE]
            LayoutText {#text} at (54,0) size 306x17
              text run at (54,0) width 306: "http://bugs.webkit.org/show_bug.cgi?id=11362"
          LayoutText {#text} at (359,0) size 277x17
            text run at (359,0) width 5: " "
            text run at (363,0) width 273: "Native popup with size=\"1\" wraps options"
        LayoutText {#text} at (635,0) size 5x17
          text run at (635,0) width 5: "."
      LayoutBlockFlow {P} at (0,34) size 784x20
        LayoutText {#text} at (0,1) size 36x17
          text run at (0,1) width 36: "With "
        LayoutInline {TT} at (0,0) size 65x16
          LayoutText {#text} at (35,3) size 65x16
            text run at (35,3) width 65: "size=\"1\""
        LayoutText {#text} at (99,1) size 10x17
          text run at (99,1) width 10: ": "
        LayoutMenuList {SELECT} at (108.42,0) size 100x20 [bgcolor=#FFFFFF] [border: (1px solid #A9A9A9)]
          LayoutBlockFlow (anonymous) at (1,1) size 98x18
            LayoutText (anonymous) at (4,1) size 188x16
              text run at (4,1) width 188: "Very long option that does not fit"
        LayoutText {#text} at (0,0) size 0x0
      LayoutBlockFlow {P} at (0,70) size 784x20
        LayoutText {#text} at (0,1) size 57x17
          text run at (0,1) width 57: "Without "
        LayoutInline {TT} at (0,0) size 33x16
          LayoutText {#text} at (56,3) size 33x16
            text run at (56,3) width 33: "size"
        LayoutText {#text} at (88,1) size 9x17
          text run at (88,1) width 9: ": "
        LayoutMenuList {SELECT} at (96.88,0) size 100x20 [bgcolor=#FFFFFF] [border: (1px solid #A9A9A9)]
          LayoutBlockFlow (anonymous) at (1,1) size 98x18
            LayoutText (anonymous) at (4,1) size 188x16
              text run at (4,1) width 188: "Very long option that does not fit"
        LayoutText {#text} at (0,0) size 0x0
