layer at (0,0) size 800x600
  LayoutView at (0,0) size 800x600
layer at (0,0) size 800x600
  LayoutBlockFlow {HTML} at (0,0) size 800x600
    LayoutBlockFlow {BODY} at (8,8) size 784x584
      LayoutBlockFlow (anonymous) at (0,0) size 784x36
        LayoutText {#text} at (0,0) size 756x35
          text run at (0,0) width 756: "This test makes sure we don't crash when trying to get the index of an option element that has no corresponding select"
          text run at (0,18) width 55: "element."
      LayoutBlockFlow {DIV} at (0,36) size 784x36
        LayoutText {#text} at (0,0) size 84x17
          text run at (0,0) width 84: "Test Passed. "
        LayoutBR {BR} at (83,14) size 1x0
        LayoutText {#text} at (0,18) size 379x17
          text run at (0,18) width 379: "Index for option element with no corresponding select is: 0"
