layer at (0,0) size 800x600
  LayoutView at (0,0) size 800x600
layer at (0,0) size 800x600
  LayoutBlockFlow {HTML} at (0,0) size 800x600
    LayoutBlockFlow {BODY} at (8,8) size 784x576
      LayoutBlockFlow {P} at (0,0) size 784x36
        LayoutText {#text} at (0,0) size 55x17
          text run at (0,0) width 55: "Test for "
        LayoutInline {I} at (0,0) size 780x35
          LayoutInline {A} at (0,0) size 306x17 [color=#0000EE]
            LayoutText {#text} at (54,0) size 306x17
              text run at (54,0) width 306: "http://bugs.webkit.org/show_bug.cgi?id=13896"
          LayoutText {#text} at (359,0) size 780x35
            text run at (359,0) width 5: " "
            text run at (363,0) width 417: "REGRESSION (NativePopup): Reproductible crasher on Google"
            text run at (0,18) width 125: "Coop control panel"
        LayoutText {#text} at (124,18) size 5x17
          text run at (124,18) width 5: "."
      LayoutBlockFlow {P} at (0,52) size 784x18
        LayoutText {#text} at (0,0) size 180x17
          text run at (0,0) width 180: "No crash means SUCCESS."
