layer at (0,0) size 800x600
  LayoutView at (0,0) size 800x600
layer at (0,0) size 800x339
  LayoutBlockFlow {HTML} at (0,0) size 800x339
    LayoutBlockFlow {BODY} at (8,16) size 784x307 [color=#0000FF]
      LayoutBlockFlow {P} at (0,0) size 784x43
        LayoutText {#text} at (0,4) size 505x17
          text run at (0,4) width 505: "There should be a solid blue line directly under every occurrence of the word \""
        LayoutInline {SPAN} at (0,0) size 59x19 [border: none (2px solid #0000FF) none]
          LayoutText {#text} at (504,4) size 59x17
            text run at (504,4) width 59: "HERE \x{21E9}"
        LayoutText {#text} at (562,4) size 779x38
          text run at (562,4) width 217: "\". (So there should be 8 blue lines"
          text run at (0,25) width 87: "on this page.)"
      LayoutTable {TABLE} at (0,59) size 134x97
        LayoutTableSection {TBODY} at (0,0) size 134x97
          LayoutTableRow {TR} at (0,2) size 134x29
            LayoutTableCell {TD} at (2,2) size 130x29 [border: none (2px solid #0000FF) none] [r=0 c=0 rs=1 cs=2]
              LayoutText {#text} at (35,5) size 60x17
                text run at (35,5) width 60: "HERE \x{21E9}"
          LayoutTableRow {TR} at (0,33) size 134x62
            LayoutTableCell {TD} at (2,49) size 61x29 [border: none (2px solid #0000FF) none] [r=1 c=0 rs=1 cs=1]
              LayoutText {#text} at (1,5) size 59x17
                text run at (1,5) width 59: "HERE \x{21E9}"
            LayoutTableCell {TD} at (65,33) size 67x62 [border: none (2px solid #0000FF) none] [r=1 c=1 rs=1 cs=1]
              LayoutTable {TABLE} at (1,1) size 65x33
                LayoutTableSection {TBODY} at (0,0) size 65x33
                  LayoutTableRow {TR} at (0,2) size 65x29
                    LayoutTableCell {TD} at (2,2) size 61x29 [border: none (2px solid #0000FF) none] [r=0 c=0 rs=1 cs=1]
                      LayoutText {#text} at (1,5) size 59x17
                        text run at (1,5) width 59: "HERE \x{21E9}"
              LayoutBlockFlow (anonymous) at (1,34) size 65x25
                LayoutText {#text} at (3,4) size 59x17
                  text run at (3,4) width 59: "HERE \x{21E9}"
      LayoutBlockFlow {UL} at (0,172) size 784x135
        LayoutListItem {LI} at (40,0) size 744x81 [border: none (2px solid #0000FF) none]
          LayoutBlockFlow {UL} at (0,0) size 744x54
            LayoutListItem {LI} at (40,0) size 704x18
              LayoutListMarker (anonymous) at (-57,0) size 7x17: bullet
              LayoutListMarker (anonymous) at (-17,0) size 7x17: white bullet
              LayoutText {#text} at (0,0) size 77x17
                text run at (0,0) width 77: "dummy text"
            LayoutListItem {LI} at (40,18) size 704x18
              LayoutListMarker (anonymous) at (-17,0) size 7x17: white bullet
              LayoutText {#text} at (0,0) size 77x17
                text run at (0,0) width 77: "dummy text"
            LayoutListItem {LI} at (40,36) size 704x18
              LayoutListMarker (anonymous) at (-17,0) size 7x17: white bullet
              LayoutText {#text} at (0,0) size 77x17
                text run at (0,0) width 77: "dummy text"
          LayoutBlockFlow (anonymous) at (0,54) size 744x25
            LayoutText {#text} at (0,4) size 59x17
              text run at (0,4) width 59: "HERE \x{21E9}"
        LayoutListItem {LI} at (40,81) size 744x27 [border: none (2px solid #0000FF) none]
          LayoutListMarker (anonymous) at (-17,4) size 7x17: bullet
          LayoutText {#text} at (0,4) size 59x17
            text run at (0,4) width 59: "HERE \x{21E9}"
        LayoutListItem {LI} at (40,108) size 744x27 [border: none (2px solid #0000FF) none]
          LayoutListMarker (anonymous) at (-17,4) size 7x17: bullet
          LayoutText {#text} at (0,4) size 59x17
            text run at (0,4) width 59: "HERE \x{21E9}"
