layer at (0,0) size 800x600
  LayoutView at (0,0) size 800x600
layer at (0,0) size 800x242
  LayoutBlockFlow {HTML} at (0,0) size 800x242
    LayoutBlockFlow {BODY} at (8,16) size 784x210
      LayoutBlockFlow {P} at (0,0) size 764x97 [color=#0000FF] [border: none (10px double #0000FF) none]
        LayoutText {#text} at (0,4) size 372x17
          text run at (0,4) width 372: "This paragraph should have two blue lines on its right. \x{21E8} "
        LayoutInline {SPAN} at (0,0) size 752x92 [color=#C0C0C0]
          LayoutText {#text} at (371,4) size 752x92
            text run at (371,4) width 373: "dummy text dummy text dummy text dummy text dummy"
            text run at (0,25) width 81: "text dummy "
            text run at (80,25) width 487: "text dummy text dummy text dummy text dummy text dummy text dummy "
            text run at (566,25) width 186: "text dummy text dummy text"
            text run at (0,43) width 296: "dummy text dummy text dummy text dummy "
            text run at (295,43) width 429: "text dummy text dummy text dummy text dummy text dummy text"
            text run at (0,61) width 53: "dummy "
            text run at (52,61) width 487: "text dummy text dummy text dummy text dummy text dummy text dummy "
            text run at (538,61) width 186: "text dummy text dummy text"
            text run at (0,79) width 158: "dummy text dummy text"
        LayoutText {#text} at (0,0) size 0x0
      LayoutBlockFlow {P} at (0,113) size 764x97 [color=#0000FF] [border: none (1px solid #0000FF) none]
        LayoutText {#text} at (0,4) size 378x17
          text run at (0,4) width 378: "This paragraph should have a thin blue line on its right. \x{21E8} "
        LayoutInline {SPAN} at (0,0) size 752x92 [color=#C0C0C0]
          LayoutText {#text} at (377,4) size 752x92
            text run at (377,4) width 373: "dummy text dummy text dummy text dummy text dummy"
            text run at (0,25) width 81: "text dummy "
            text run at (80,25) width 487: "text dummy text dummy text dummy text dummy text dummy text dummy "
            text run at (566,25) width 186: "text dummy text dummy text"
            text run at (0,43) width 296: "dummy text dummy text dummy text dummy "
            text run at (295,43) width 429: "text dummy text dummy text dummy text dummy text dummy text"
            text run at (0,61) width 53: "dummy "
            text run at (52,61) width 487: "text dummy text dummy text dummy text dummy text dummy text dummy "
            text run at (538,61) width 186: "text dummy text dummy text"
            text run at (0,79) width 158: "dummy text dummy text"
        LayoutText {#text} at (0,0) size 0x0
