layer at (0,0) size 800x600
  LayoutView at (0,0) size 800x600
layer at (0,0) size 800x303
  LayoutBlockFlow {HTML} at (0,0) size 800x303
    LayoutBlockFlow {BODY} at (8,16) size 784x36
      LayoutBlockFlow {P} at (0,0) size 784x36 [color=#000080]
        LayoutText {#text} at (0,0) size 764x35
          text run at (0,0) width 395: "The blue boxes below should be in numeric order and form a "
          text run at (394,0) width 370: "backwards \"D\". (Boxes labelled \"A\" should be in the first"
          text run at (0,18) width 57: "column; "
          text run at (56,18) width 409: "boxes labelled \"B\" should be in the second; arrows indicate the "
          text run at (464,18) width 123: "correct alignment.)"
      LayoutBlockFlow {DIV} at (16,52) size 320x0
        LayoutBlockFlow (floating) {P} at (190,4) size 126x39 [color=#FFFFFF] [bgcolor=#000080] [border: (3px solid #0000FF)]
          LayoutText {#text} at (77,11) size 42x17
            text run at (77,11) width 42: "B 2 \x{21E8}"
        LayoutBlockFlow (floating) {P} at (56,4) size 126x39 [color=#FFFFFF] [bgcolor=#000080] [border: (3px solid #0000FF)]
          LayoutText {#text} at (76,11) size 43x17
            text run at (76,11) width 43: "A 1 \x{21E8}"
        LayoutBlockFlow (floating) {P} at (190,51) size 126x39 [color=#FFFFFF] [bgcolor=#000080] [border: (3px solid #0000FF)]
          LayoutText {#text} at (77,11) size 42x17
            text run at (77,11) width 42: "B 4 \x{21E8}"
        LayoutBlockFlow (floating) {P} at (4,51) size 126x39 [color=#FFFFFF] [bgcolor=#000080] [border: (3px solid #0000FF)]
          LayoutText {#text} at (7,11) size 43x17
            text run at (7,11) width 43: "\x{21E6} A 3"
        LayoutBlockFlow (floating) {P} at (190,98) size 126x39 [color=#FFFFFF] [bgcolor=#000080] [border: (3px solid #0000FF)]
          LayoutText {#text} at (77,11) size 42x17
            text run at (77,11) width 42: "B 6 \x{21E8}"
        LayoutBlockFlow (floating) {P} at (4,98) size 126x39 [color=#FFFFFF] [bgcolor=#000080] [border: (3px solid #0000FF)]
          LayoutText {#text} at (7,11) size 43x17
            text run at (7,11) width 43: "\x{21E6} A 5"
        LayoutBlockFlow (floating) {P} at (4,145) size 126x39 [color=#FFFFFF] [bgcolor=#000080] [border: (3px solid #0000FF)]
          LayoutText {#text} at (7,11) size 43x17
            text run at (7,11) width 43: "\x{21E6} A 7"
        LayoutBlockFlow (floating) {P} at (190,145) size 126x39 [color=#FFFFFF] [bgcolor=#000080] [border: (3px solid #0000FF)]
          LayoutText {#text} at (77,11) size 42x17
            text run at (77,11) width 42: "B 8 \x{21E8}"
        LayoutBlockFlow (floating) {P} at (190,192) size 126x39 [color=#FFFFFF] [bgcolor=#000080] [border: (3px solid #0000FF)]
          LayoutText {#text} at (69,11) size 50x17
            text run at (69,11) width 50: "B 10 \x{21E8}"
        LayoutBlockFlow (floating) {P} at (56,192) size 126x39 [color=#FFFFFF] [bgcolor=#000080] [border: (3px solid #0000FF)]
          LayoutText {#text} at (76,11) size 43x17
            text run at (76,11) width 43: "A 9 \x{21E8}"
