layer at (0,0) size 800x600
  LayoutView at (0,0) size 800x600
layer at (0,0) size 800x329
  LayoutBlockFlow {HTML} at (0,0) size 800x329
    LayoutBlockFlow {BODY} at (8,8) size 784x313
      LayoutBlockFlow (floating) {DIV} at (0,0) size 196x294 [color=#FFFFFF] [bgcolor=#000080]
        LayoutBlockFlow {P} at (0,0) size 196x294
          LayoutText {#text} at (0,10) size 186x283
            text run at (0,10) width 143: "\x{21E6} This"
            text run at (0,75) width 167: "blue box"
            text run at (0,130) width 186: "should be"
            text run at (0,185) width 119: "on the"
            text run at (0,240) width 76: "left."
      LayoutBlockFlow (floating) {DIV} at (588,0) size 196x294 [color=#FFFFFF] [bgcolor=#008080]
        LayoutBlockFlow {P} at (0,0) size 196x294
          LayoutText {#text} at (0,1) size 186x282
            text run at (0,1) width 167: "This teal"
            text run at (0,56) width 72: "box"
            text run at (0,111) width 186: "should be"
            text run at (0,166) width 119: "on the"
            text run at (0,230) width 160: "right. \x{21E8}"
      LayoutBlockFlow {P} at (0,0) size 784x313
        LayoutText {#text} at (196,1) size 367x301
          text run at (196,1) width 367: "This text should be"
          text run at (196,56) width 338: "in between a blue"
          text run at (196,120) width 324: "box on the \x{21E6}left"
          text run at (196,185) width 328: "and a teal box on"
          text run at (196,249) width 219: "the right\x{21E8}."
