layer at (0,0) size 800x600
  LayoutView at (0,0) size 800x600
layer at (0,0) size 800x154
  LayoutBlockFlow {HTML} at (0,0) size 800x154
    LayoutBlockFlow {BODY} at (8,16) size 784x122
      LayoutBlockFlow {P} at (0,0) size 784x18 [color=#000080]
        LayoutText {#text} at (0,0) size 554x17
          text run at (0,0) width 554: "In the following test, the blue blocks should be on the given sides of the teal rectangle."
      LayoutBlockFlow {DIV} at (0,34) size 784x88
        LayoutBlockFlow {DIV} at (16,0) size 752x88 [color=#00FFFF] [bgcolor=#008080]
          LayoutBlockFlow (floating) {P} at (8,8) size 176x59 [color=#FFFFFF] [bgcolor=#000080] [border: (4px solid #0000FF)]
            LayoutText {#text} at (8,12) size 135x38
              text run at (8,12) width 119: "\x{21E6} This blue block"
              text run at (8,33) width 135: "should be on the left."
          LayoutBlockFlow (floating) {P} at (568,8) size 176x59 [color=#FFFFFF] [bgcolor=#000080] [border: (4px solid #0000FF)]
            LayoutText {#text} at (8,12) size 144x38
              text run at (8,12) width 119: "\x{21E8} This blue block"
              text run at (8,33) width 144: "should be on the right."
          LayoutText {#text} at (184,8) size 360x71
            text run at (184,8) width 326: "Teal rectangle. Teal rectangle. Teal rectangle. Teal"
            text run at (184,26) width 265: "rectangle. Teal rectangle. Teal rectangle. "
            text run at (448,26) width 96: "Teal rectangle."
            text run at (184,44) width 326: "Teal rectangle. Teal rectangle. Teal rectangle. Teal"
            text run at (184,62) width 162: "rectangle. Teal rectangle."
