layer at (0,0) size 800x600
  LayoutView at (0,0) size 800x600
layer at (0,0) size 800x62
  LayoutBlockFlow {HTML} at (0,0) size 800x62
    LayoutBlockFlow {BODY} at (8,8) size 784x17
      LayoutBlockFlow {DIV} at (0,0) size 784x17
        LayoutBlockFlow (floating) {P} at (0,0) size 392x54
          LayoutText {#text} at (0,0) size 348x49
            text run at (0,0) width 348: "There should be a green square to the right,"
            text run at (0,27) width 309: "roughly in the middle, horizontally. \x{21E8}"
        LayoutImage {IMG} at (392,0) size 15x15 [color=#FF0000]
        LayoutText {#text} at (0,0) size 0x0
