layer at (0,0) size 800x600 clip at (0,0) size 785x600 scrollHeight 805
  LayoutView at (0,0) size 800x600
layer at (0,0) size 785x805 backgroundClip at (0,0) size 785x600 clip at (0,0) size 785x600 outlineClip at (0,0) size 785x600
  LayoutBlockFlow {HTML} at (0,0) size 785x805
    LayoutBlockFlow {BODY} at (8,32) size 769x741
      LayoutBlockFlow {P} at (32,0) size 705x123 [color=#000080]
        LayoutText {#text} at (0,6) size 671x116
          text run at (0,6) width 671: "\x{21E9} The following blue box should be exactly half the"
          text run at (0,49) width 81: "width "
          text run at (80,49) width 559: "of the viewport, on the left of the 50% ruler"
          text run at (0,86) width 74: "mark."
      LayoutBlockFlow (floating) {DIV} at (0,155) size 384.50x342 [color=#FFFFFF] [bgcolor=#0000FF]
        LayoutText {#text} at (0,0) size 384x341
          text run at (0,0) width 384: "ignore this float text ignore this float text ignore this"
          text run at (0,18) width 42: "float "
          text run at (42,18) width 342: "text ignore this float text ignore this float text"
          text run at (0,36) width 77: "ignore this "
          text run at (77,36) width 307: "float text ignore this float text ignore this"
          text run at (0,54) width 125: "float text ignore "
          text run at (125,54) width 259: "this float text ignore this float text"
          text run at (0,72) width 156: "ignore this float text "
          text run at (156,72) width 228: "ignore this float text ignore this"
          text run at (0,90) width 197: "float text ignore this float "
          text run at (197,90) width 187: "text ignore this float text"
          text run at (0,108) width 233: "ignore this float text ignore this "
          text run at (233,108) width 151: "float text ignore this"
          text run at (0,126) width 280: "float text ignore this float text ignore "
          text run at (280,126) width 104: "this float text"
          text run at (0,144) width 312: "ignore this float text ignore this float text "
          text run at (312,144) width 72: "ignore this"
          text run at (0,162) width 353: "float text ignore this float text ignore this float "
          text run at (353,162) width 31: "text"
          text run at (0,180) width 384: "ignore this float text ignore this float text ignore this"
          text run at (0,198) width 384: "float text ignore this float text ignore this float text"
          text run at (0,216) width 46: "ignore "
          text run at (46,216) width 338: "this float text ignore this float text ignore this"
          text run at (0,234) width 78: "float text "
          text run at (78,234) width 306: "ignore this float text ignore this float text"
          text run at (0,252) width 119: "ignore this float "
          text run at (119,252) width 265: "text ignore this float text ignore this"
          text run at (0,270) width 155: "float text ignore this "
          text run at (155,270) width 229: "float text ignore this float text"
          text run at (0,288) width 203: "ignore this float text ignore "
          text run at (203,288) width 181: "this float text ignore this"
          text run at (0,306) width 234: "float text ignore this float text "
          text run at (234,306) width 150: "ignore this float text"
          text run at (0,324) width 261: "ignore this float text ignore this float"
      LayoutBlockFlow {DIV} at (0,155) size 769x468 [color=#C0C0C0]
        LayoutText {#text} at (384,0) size 769x467
          text run at (384,0) width 385: "this is some dummy text this is some dummy text this is"
          text run at (384,18) width 97: "some dummy "
          text run at (480,18) width 289: "text this is some dummy text this is some"
          text run at (384,36) width 168: "dummy text this is some "
          text run at (551,36) width 218: "dummy text this is some dummy"
          text run at (384,54) width 240: "text this is some dummy text this is "
          text run at (623,54) width 146: "some dummy text this"
          text run at (384,72) width 307: "is some dummy text this is some dummy text "
          text run at (690,72) width 79: "this is some"
          text run at (384,90) width 385: "dummy text this is some dummy text this is some dummy"
          text run at (384,108) width 385: "text this is some dummy text this is some dummy text this"
          text run at (384,126) width 55: "is some "
          text run at (438,126) width 331: "dummy text this is some dummy text this is some"
          text run at (384,144) width 129: "dummy text this is "
          text run at (512,144) width 257: "some dummy text this is some dummy"
          text run at (384,162) width 195: "text this is some dummy text "
          text run at (578,162) width 191: "this is some dummy text this"
          text run at (384,180) width 278: "is some dummy text this is some dummy "
          text run at (661,180) width 108: "text this is some"
          text run at (384,198) width 336: "dummy text this is some dummy text this is some "
          text run at (719,198) width 50: "dummy"
          text run at (384,216) width 385: "text this is some dummy text this is some dummy text this"
          text run at (384,234) width 17: "is "
          text run at (400,234) width 369: "some dummy text this is some dummy text this is some"
          text run at (384,252) width 84: "dummy text "
          text run at (467,252) width 302: "this is some dummy text this is some dummy"
          text run at (384,270) width 166: "text this is some dummy "
          text run at (549,270) width 220: "text this is some dummy text this"
          text run at (384,288) width 223: "is some dummy text this is some "
          text run at (606,288) width 163: "dummy text this is some"
          text run at (384,306) width 297: "dummy text this is some dummy text this is "
          text run at (680,306) width 89: "some dummy"
          text run at (384,324) width 362: "text this is some dummy text this is some dummy text "
          text run at (745,324) width 24: "this"
          text run at (0,342) width 442: "is some dummy text this is some dummy text this is some dummy "
          text run at (441,342) width 328: "text this is some dummy text this is some dummy"
          text run at (0,360) width 112: "text this is some "
          text run at (111,360) width 459: "dummy text this is some dummy text this is some dummy text this is "
          text run at (569,360) width 200: "some dummy text this is some"
          text run at (0,378) width 244: "dummy text this is some dummy text "
          text run at (243,378) width 459: "this is some dummy text this is some dummy text this is some dummy "
          text run at (701,378) width 68: "text this is"
          text run at (0,396) width 365: "some dummy text this is some dummy text this is some "
          text run at (364,396) width 405: "dummy text this is some dummy text this is some dummy text"
          text run at (0,414) width 46: "this is "
          text run at (45,414) width 471: "some dummy text this is some dummy text this is some dummy text "
          text run at (515,414) width 254: "this is some dummy text this is some"
          text run at (0,432) width 216: "dummy text this is some dummy "
          text run at (215,432) width 434: "text this is some dummy text this is some dummy text this is some "
          text run at (648,432) width 121: "dummy text this is"
          text run at (0,450) width 321: "some dummy text this is some dummy text this is "
          text run at (320,450) width 276: "some dummy text this is some dummy text"
      LayoutBlockFlow {P} at (32,655) size 705x86 [color=#000080]
        LayoutText {#text} at (18,0) size 687x79
          text run at (18,0) width 687: "The above gray text should flow around the blue box."
          text run at (680,43) width 25: "\x{21E7}"
