layer at (0,0) size 800x600
  LayoutView at (0,0) size 800x600
layer at (0,0) size 800x51
  LayoutBlockFlow {HTML} at (0,0) size 800x51
    LayoutBlockFlow {BODY} at (8,8) size 784x18
      LayoutBlockFlow {DIV} at (0,0) size 784x18
        LayoutBlockFlow {DIV} at (0,0) size 784x18
          LayoutBlockFlow (floating) {P} at (392,0) size 392x43
            LayoutImage {IMG} at (0,0) size 15x15 [color=#FF0000]
            LayoutText {#text} at (15,4) size 368x38
              text run at (15,4) width 4: " "
              text run at (19,4) width 349: "\x{21E6} There should be a green square at the top left of the"
              text run at (0,25) width 56: "window."
          LayoutImage {IMG} at (0,0) size 15x15 [color=#FF0000]
          LayoutText {#text} at (0,0) size 0x0
