layer at (0,0) size 800x600
  LayoutView at (0,0) size 800x600
layer at (0,0) size 800x397
  LayoutBlockFlow {HTML} at (0,0) size 800x397
    LayoutBlockFlow {BODY} at (8,16) size 784x36
      LayoutBlockFlow {P} at (0,0) size 784x36 [color=#000080]
        LayoutText {#text} at (0,0) size 747x35
          text run at (0,0) width 427: "The blue boxes below should be in numeric order and form a \"B\". "
          text run at (426,0) width 321: "(Boxes labelled \"A\" should be in the first column;"
          text run at (0,18) width 96: "boxes labelled "
          text run at (95,18) width 362: "\"B\" should be in the second; arrows indicate the correct "
          text run at (456,18) width 74: "alignment.)"
      LayoutBlockFlow {DIV} at (16,52) size 320x0
        LayoutBlockFlow (floating) {P} at (4,4) size 126x39 [color=#FFFFFF] [bgcolor=#000080] [border: (3px solid #0000FF)]
          LayoutText {#text} at (7,11) size 43x17
            text run at (7,11) width 43: "\x{21E6} A 1"
        LayoutBlockFlow (floating) {P} at (138,4) size 126x39 [color=#FFFFFF] [bgcolor=#000080] [border: (3px solid #0000FF)]
          LayoutText {#text} at (7,11) size 42x17
            text run at (7,11) width 42: "\x{21E6} B 2"
        LayoutBlockFlow (floating) {P} at (4,51) size 126x39 [color=#FFFFFF] [bgcolor=#000080] [border: (3px solid #0000FF)]
          LayoutText {#text} at (7,11) size 43x17
            text run at (7,11) width 43: "\x{21E6} A 3"
        LayoutBlockFlow (floating) {P} at (190,51) size 126x39 [color=#FFFFFF] [bgcolor=#000080] [border: (3px solid #0000FF)]
          LayoutText {#text} at (77,11) size 42x17
            text run at (77,11) width 42: "B 4 \x{21E8}"
        LayoutBlockFlow (floating) {P} at (4,98) size 126x39 [color=#FFFFFF] [bgcolor=#000080] [border: (3px solid #0000FF)]
          LayoutText {#text} at (7,11) size 43x17
            text run at (7,11) width 43: "\x{21E6} A 5"
        LayoutBlockFlow (floating) {P} at (190,98) size 126x39 [color=#FFFFFF] [bgcolor=#000080] [border: (3px solid #0000FF)]
          LayoutText {#text} at (77,11) size 42x17
            text run at (77,11) width 42: "B 6 \x{21E8}"
        LayoutBlockFlow (floating) {P} at (4,145) size 126x39 [color=#FFFFFF] [bgcolor=#000080] [border: (3px solid #0000FF)]
          LayoutText {#text} at (7,11) size 43x17
            text run at (7,11) width 43: "\x{21E6} A 7"
        LayoutBlockFlow (floating) {P} at (138,145) size 126x39 [color=#FFFFFF] [bgcolor=#000080] [border: (3px solid #0000FF)]
          LayoutText {#text} at (7,11) size 42x17
            text run at (7,11) width 42: "\x{21E6} B 8"
        LayoutBlockFlow (floating) {P} at (4,192) size 126x39 [color=#FFFFFF] [bgcolor=#000080] [border: (3px solid #0000FF)]
          LayoutText {#text} at (7,11) size 43x17
            text run at (7,11) width 43: "\x{21E6} A 9"
        LayoutBlockFlow (floating) {P} at (190,192) size 126x39 [color=#FFFFFF] [bgcolor=#000080] [border: (3px solid #0000FF)]
          LayoutText {#text} at (69,11) size 50x17
            text run at (69,11) width 50: "B 10 \x{21E8}"
        LayoutBlockFlow (floating) {P} at (4,239) size 126x39 [color=#FFFFFF] [bgcolor=#000080] [border: (3px solid #0000FF)]
          LayoutText {#text} at (7,11) size 51x17
            text run at (7,11) width 51: "\x{21E6} A 11"
        LayoutBlockFlow (floating) {P} at (190,239) size 126x39 [color=#FFFFFF] [bgcolor=#000080] [border: (3px solid #0000FF)]
          LayoutText {#text} at (69,11) size 50x17
            text run at (69,11) width 50: "B 12 \x{21E8}"
        LayoutBlockFlow (floating) {P} at (4,286) size 126x39 [color=#FFFFFF] [bgcolor=#000080] [border: (3px solid #0000FF)]
          LayoutText {#text} at (7,11) size 51x17
            text run at (7,11) width 51: "\x{21E6} A 13"
        LayoutBlockFlow (floating) {P} at (138,286) size 126x39 [color=#FFFFFF] [bgcolor=#000080] [border: (3px solid #0000FF)]
          LayoutText {#text} at (7,11) size 50x17
            text run at (7,11) width 50: "\x{21E6} B 14"
