layer at (0,0) size 800x600
  LayoutView at (0,0) size 800x600
layer at (0,0) size 800x600
  LayoutBlockFlow {HTML} at (0,0) size 800x600
    LayoutBlockFlow {BODY} at (8,8) size 784x584
      LayoutBlockFlow {P} at (0,0) size 784x18
        LayoutText {#text} at (0,0) size 55x17
          text run at (0,0) width 55: "Test for "
        LayoutInline {I} at (0,0) size 719x17
          LayoutInline {A} at (0,0) size 306x17 [color=#0000EE]
            LayoutText {#text} at (54,0) size 306x17
              text run at (54,0) width 306: "http://bugs.webkit.org/show_bug.cgi?id=13800"
          LayoutText {#text} at (359,0) size 414x17
            text run at (359,0) width 5: " "
            text run at (363,0) width 410: "REGRESSION: Moving a slider moves another unrelated slider"
        LayoutText {#text} at (772,0) size 5x17
          text run at (772,0) width 5: "."
      LayoutBlockFlow {P} at (0,34) size 784x18
        LayoutText {#text} at (0,0) size 290x17
          text run at (0,0) width 290: "The first slider\x{2019}s thumb should be on the left."
      LayoutBlockFlow {DIV} at (0,68) size 784x50
        LayoutSlider {INPUT} at (2,2) size 129x21 [color=#C4C4C4] [bgcolor=#FFFFFF]
          LayoutFlexibleBox {DIV} at (0,0) size 129x21
            LayoutBlockFlow {DIV} at (0,0) size 129x21
              LayoutBlockFlow {DIV} at (0,0) size 11x21
        LayoutBR {BR} at (133,23) size 0x0
        LayoutSlider {INPUT} at (2,27) size 129x21 [color=#C4C4C4] [bgcolor=#FFFFFF]
          LayoutFlexibleBox {DIV} at (0,0) size 129x21
            LayoutBlockFlow {DIV} at (0,0) size 129x21
              LayoutBlockFlow {DIV} at (118,0) size 11x21
        LayoutText {#text} at (0,0) size 0x0
