layer at (0,0) size 800x600
  LayoutView at (0,0) size 800x600
layer at (0,0) size 800x600
  LayoutBlockFlow {HTML} at (0,0) size 800x600
    LayoutBlockFlow {BODY} at (8,8) size 784x576
      LayoutBlockFlow {P} at (0,0) size 784x18
        LayoutText {#text} at (0,0) size 55x17
          text run at (0,0) width 55: "Test for "
        LayoutInline {I} at (0,0) size 684x17
          LayoutInline {A} at (0,0) size 306x17 [color=#0000EE]
            LayoutText {#text} at (54,0) size 306x17
              text run at (54,0) width 306: "http://bugs.webkit.org/show_bug.cgi?id=15091"
          LayoutText {#text} at (359,0) size 379x17
            text run at (359,0) width 5: " "
            text run at (363,0) width 289: "Crash in LayoutBlockFlow::skipWhitespace "
            text run at (651,0) width 87: "during layout"
        LayoutText {#text} at (737,0) size 5x17
          text run at (737,0) width 5: "."
      LayoutBlockFlow {P} at (0,34) size 784x18
        LayoutText {#text} at (0,0) size 612x17
          text run at (0,0) width 612: "If Java is enabled, disable it and reload this page. You should see the word PASS at the bottom."
layer at (8,582) size 38x18
  LayoutBlockFlow (positioned) {APPLET} at (8,582) size 38.25x18
    LayoutText {#text} at (0,0) size 39x17
      text run at (0,0) width 39: "PASS"
