layer at (0,0) size 800x600
  LayoutView at (0,0) size 800x600
layer at (0,0) size 800x600
  LayoutBlockFlow {HTML} at (0,0) size 800x600
    LayoutBlockFlow {BODY} at (8,8) size 784x584
      LayoutBlockFlow {P} at (0,0) size 784x18
        LayoutText {#text} at (0,0) size 55x17
          text run at (0,0) width 55: "Test for "
        LayoutInline {A} at (0,0) size 350x17 [color=#0000EE]
          LayoutText {#text} at (54,0) size 350x17
            text run at (54,0) width 350: "http://bugzilla.opendarwin.org/show_bug.cgi?id=7281"
      LayoutBlockFlow {P} at (0,34) size 784x36
        LayoutText {#text} at (0,0) size 777x35
          text run at (0,0) width 777: "This tests rendering of an applet element with Java disabled. If Java is disabled and Safari shows the content in the applet"
          text run at (0,18) width 156: "tag, then the test passed."
      LayoutBlockFlow (anonymous) at (0,86) size 784x18
        LayoutInline {APPLET} at (0,0) size 70x17
          LayoutText {#text} at (0,0) size 70x17
            text run at (0,0) width 70: "SUCCESS"
        LayoutText {#text} at (0,0) size 0x0
