layer at (0,0) size 800x600
  LayoutView at (0,0) size 800x600
layer at (0,0) size 800x214
  LayoutBlockFlow {HTML} at (0,0) size 800x214
    LayoutBlockFlow {BODY} at (8,16) size 784x190
      LayoutBlockFlow {P} at (0,0) size 784x36
        LayoutText {#text} at (0,0) size 55x17
          text run at (0,0) width 55: "Test for "
        LayoutInline {I} at (0,0) size 736x35
          LayoutInline {A} at (0,0) size 157x17 [color=#0000EE]
            LayoutText {#text} at (54,0) size 157x17
              text run at (54,0) width 157: "rdar://problem/5862634"
          LayoutText {#text} at (210,0) size 736x35
            text run at (210,0) width 5: " "
            text run at (214,0) width 522: "REGRESSION (3.1.1): In iChat, inline image not resizable past current size after"
            text run at (0,18) width 146: "another IM is received"
        LayoutText {#text} at (145,18) size 5x17
          text run at (145,18) width 5: "."
      LayoutBlockFlow {P} at (0,52) size 784x18
        LayoutText {#text} at (0,0) size 319x17
          text run at (0,0) width 319: "The blue square below should be 100\x{D7}100 pixels."
      LayoutBlockFlow {DIV} at (0,86) size 200x104
        LayoutBlockFlow {DIV} at (0,0) size 100x104
          LayoutImage {IMG} at (0,0) size 100x100
          LayoutText {#text} at (0,0) size 0x0
        LayoutText {#text} at (0,0) size 0x0
