layer at (0,0) size 785x856
  LayoutView at (0,0) size 785x600
layer at (0,0) size 785x856
  LayoutBlockFlow {html} at (0,0) size 785x856.11
    LayoutBlockFlow {body} at (47.09,30.72) size 737.89x817.39
      LayoutBlockFlow {div} at (0,0) size 737.89x817.39
        LayoutBlockFlow {h1} at (0,0) size 678.86x31
          LayoutText {#text} at (0,0) size 387x30
            text run at (0,0) width 387: "rightsizing to percentage width"
        LayoutBlockFlow {h4} at (0,31) size 737.89x16
          LayoutText {#text} at (0,0) size 138x16
            text run at (0,0) width 138: "WICD Core 1.0 #20-2"
        LayoutBlockFlow (anonymous) at (0,66.14) size 737.89x299
          LayoutText {#text} at (295,280) size 5x18
            text run at (295,280) width 5: " "
          LayoutText {#text} at (446,280) size 5x18
            text run at (446,280) width 5: " "
          LayoutText {#text} at (524,280) size 5x18
            text run at (524,280) width 5: " "
          LayoutText {#text} at (0,0) size 0x0
        LayoutBlockFlow {p} at (0,368.02) size 678.86x68
          LayoutText {#text} at (0,0) size 651x34
            text run at (0,0) width 651: "Above there must be four times the same, square SVG child visible, each referenced by an object element"
            text run at (0,17) width 414: "with different widths (40%, 20%, 10%, 5%) and no height defined. "
          LayoutBR {br} at (0,0) size 0x0
          LayoutBR {br} at (0,34) size 0x17
          LayoutText {#text} at (0,51) size 398x17
            text run at (0,51) width 398: "Beyond there is the same, only with PNG images instead of SVG."
        LayoutBlockFlow (anonymous) at (0,441.77) size 737.89x299
          LayoutImage {object} at (0,0) size 295.16x295 [bgcolor=#FF0000]
          LayoutText {#text} at (295,280) size 5x18
            text run at (295,280) width 5: " "
          LayoutImage {object} at (299.16,147) size 147.58x148 [bgcolor=#FF0000]
          LayoutText {#text} at (446,280) size 5x18
            text run at (446,280) width 5: " "
          LayoutImage {object} at (450.73,221) size 73.78x74 [bgcolor=#FF0000]
          LayoutText {#text} at (524,280) size 5x18
            text run at (524,280) width 5: " "
          LayoutImage {object} at (528.52,258) size 36.89x37 [bgcolor=#FF0000]
          LayoutText {#text} at (0,0) size 0x0
        LayoutBlockFlow {p} at (0,743.64) size 678.86x34
          LayoutText {#text} at (0,0) size 661x34
            text run at (0,0) width 661: "This test has succeeded, if both rows look exactly the same (SVGs must be square!) and no red background"
            text run at (0,17) width 94: "color is visible."
        LayoutBlockFlow {p} at (0,783.39) size 678.86x34
          LayoutBR {br} at (0,0) size 0x17
          LayoutInline {a} at (0,0) size 31x17 [color=#000066]
            LayoutText {#text} at (0,17) size 31x17
              text run at (0,17) width 31: "Back"
layer at (47,97) size 295x295
  LayoutEmbeddedObject {object} at (0,0) size 295.16x295 [bgcolor=#FF0000]
    layer at (0,0) size 295x295
      LayoutView at (0,0) size 295x295
    layer at (0,0) size 295x295
      LayoutSVGRoot {svg} at (0,0) size 295x295
        LayoutSVGHiddenContainer {defs} at (0,0) size 0x0
        LayoutSVGRect {rect} at (0,0) size 295x295 [fill={[type=SOLID] [color=#5588FF]}] [x=-3000.00] [y=-1000.00] [width=6200.00] [height=2200.00]
        LayoutSVGEllipse {circle} at (0,0) size 295x295 [fill={[type=SOLID] [color=#0000FF]}] [cx=100.00] [cy=100.00] [r=100.00]
        LayoutSVGContainer {g} at (39,88) size 217x121
          LayoutSVGText {text} at (26,60) size 148x82 contains 1 chunk(s)
            LayoutSVGInlineText {#text} at (0,0) size 147x82
              chunk 1 (middle anchor) text run 1 at (26.72,125.00) startOffset 0 endOffset 3 width 146.56: "SVG"
layer at (346,244) size 148x148
  LayoutEmbeddedObject {object} at (299.16,147) size 147.58x148 [bgcolor=#FF0000]
    layer at (0,0) size 148x148
      LayoutView at (0,0) size 148x148
    layer at (0,0) size 148x148
      LayoutSVGRoot {svg} at (0,0) size 148x148
        LayoutSVGHiddenContainer {defs} at (0,0) size 0x0
        LayoutSVGRect {rect} at (0,0) size 148x148 [fill={[type=SOLID] [color=#5588FF]}] [x=-3000.00] [y=-1000.00] [width=6200.00] [height=2200.00]
        LayoutSVGEllipse {circle} at (0,0) size 148x148 [fill={[type=SOLID] [color=#0000FF]}] [cx=100.00] [cy=100.00] [r=100.00]
        LayoutSVGContainer {g} at (19,44) size 110x61
          LayoutSVGText {text} at (26,60) size 148x82 contains 1 chunk(s)
            LayoutSVGInlineText {#text} at (0,0) size 147x82
              chunk 1 (middle anchor) text run 1 at (26.72,125.00) startOffset 0 endOffset 3 width 146.56: "SVG"
layer at (498,318) size 74x74
  LayoutEmbeddedObject {object} at (450.73,221) size 73.78x74 [bgcolor=#FF0000]
    layer at (0,0) size 74x74
      LayoutView at (0,0) size 74x74
    layer at (0,0) size 74x74
      LayoutSVGRoot {svg} at (0,0) size 74x74
        LayoutSVGHiddenContainer {defs} at (0,0) size 0x0
        LayoutSVGRect {rect} at (0,0) size 74x74 [fill={[type=SOLID] [color=#5588FF]}] [x=-3000.00] [y=-1000.00] [width=6200.00] [height=2200.00]
        LayoutSVGEllipse {circle} at (0,0) size 74x74 [fill={[type=SOLID] [color=#0000FF]}] [cx=100.00] [cy=100.00] [r=100.00]
        LayoutSVGContainer {g} at (9,22) size 56x31
          LayoutSVGText {text} at (26,60) size 148x82 contains 1 chunk(s)
            LayoutSVGInlineText {#text} at (0,0) size 147x82
              chunk 1 (middle anchor) text run 1 at (26.72,125.00) startOffset 0 endOffset 3 width 146.56: "SVG"
layer at (576,355) size 36x37
  LayoutEmbeddedObject {object} at (528.52,258) size 36.89x37 [bgcolor=#FF0000]
    layer at (0,0) size 37x37
      LayoutView at (0,0) size 37x37
    layer at (0,0) size 37x37
      LayoutSVGRoot {svg} at (0,0) size 37x37
        LayoutSVGHiddenContainer {defs} at (0,0) size 0x0
        LayoutSVGRect {rect} at (0,0) size 37x37 [fill={[type=SOLID] [color=#5588FF]}] [x=-3000.00] [y=-1000.00] [width=6200.00] [height=2200.00]
        LayoutSVGEllipse {circle} at (0,0) size 37x37 [fill={[type=SOLID] [color=#0000FF]}] [cx=100.00] [cy=100.00] [r=100.00]
        LayoutSVGContainer {g} at (4,11) size 29x16
          LayoutSVGText {text} at (26,60) size 148x82 contains 1 chunk(s)
            LayoutSVGInlineText {#text} at (0,0) size 147x82
              chunk 1 (middle anchor) text run 1 at (26.72,125.00) startOffset 0 endOffset 3 width 146.56: "SVG"
