layer at (0,0) size 800x600
  LayoutView at (0,0) size 800x600
layer at (0,0) size 800x199
  LayoutBlockFlow {HTML} at (0,0) size 800x199
    LayoutBlockFlow {BODY} at (8,16) size 784x170
      LayoutBlockFlow {P} at (0,0) size 784x24
        LayoutText {#text} at (0,4) size 702x18
          text run at (0,4) width 702: "This tests horizontal caret movement in vertical writing mode. \"\x{3042}\x{308B}\x{3002}\" and \"\x{540D}\x{524D}\x{306F}\x{307E}\x{3060}\" must be selected."
      LayoutBlockFlow {DIV} at (0,40) size 80x130
        LayoutBlockFlow {P} at (16,0) size 48x130
          LayoutText {#text} at (3,0) size 42x128
            text run at (3,0) width 128: "\x{543E}\x{8F29}\x{306F}\x{732B}\x{3067}\x{3042}\x{308B}\x{3002}"
            text run at (27,0) width 128: "\x{540D}\x{524D}\x{306F}\x{307E}\x{3060}\x{7121}\x{3044}\x{3002}"
      LayoutBlockFlow {PRE} at (0,183) size 784x0
selection start: position 5 of child 0 {#text} of child 1 {P} of child 3 {DIV} of body
selection end:   position 13 of child 0 {#text} of child 1 {P} of child 3 {DIV} of body
