layer at (0,0) size 800x600
  LayoutView at (0,0) size 800x600
layer at (0,0) size 800x600
  LayoutBlockFlow {HTML} at (0,0) size 800x600
    LayoutBlockFlow {BODY} at (8,8) size 784x584
      LayoutTable {TABLE} at (0,0) size 420x108
        LayoutBlockFlow {CAPTION} at (0,0) size 420x18
          LayoutText {#text} at (11,0) size 398x18
            text run at (11,0) width 398: "Communicator 4.5 Installers for Mac and Windows Platforms"
        LayoutTableSection {TBODY} at (0,18) size 420x90
          LayoutTableRow {TR} at (0,2) size 420x20
            LayoutTableCell {TH} at (2,11) size 120x2 [r=0 c=0 rs=1 cs=1]
            LayoutTableCell {TH} at (124,2) size 110x20 [r=0 c=1 rs=1 cs=1]
              LayoutText {#text} at (1,1) size 108x18
                text run at (1,1) width 108: "Macintosh PPC"
            LayoutTableCell {TH} at (236,2) size 87x20 [r=0 c=2 rs=1 cs=1]
              LayoutText {#text} at (1,1) size 85x18
                text run at (1,1) width 85: "Windows 95"
            LayoutTableCell {TH} at (325,2) size 93x20 [r=0 c=3 rs=1 cs=1]
              LayoutText {#text} at (1,1) size 91x18
                text run at (1,1) width 91: "Windows NT"
          LayoutTableRow {TR} at (0,24) size 420x20
            LayoutTableCell {TD} at (2,24) size 120x20 [r=1 c=0 rs=1 cs=1]
              LayoutText {#text} at (1,1) size 76x18
                text run at (1,1) width 76: "Base Install"
            LayoutTableCell {TD} at (124,24) size 110x20 [r=1 c=1 rs=1 cs=1]
              LayoutText {#text} at (1,1) size 22x18
                text run at (1,1) width 22: "yes"
            LayoutTableCell {TD} at (236,24) size 87x20 [r=1 c=2 rs=1 cs=1]
              LayoutText {#text} at (1,1) size 22x18
                text run at (1,1) width 22: "yes"
            LayoutTableCell {TD} at (325,24) size 93x20 [r=1 c=3 rs=1 cs=1]
              LayoutText {#text} at (1,1) size 22x18
                text run at (1,1) width 22: "yes"
          LayoutTableRow {TR} at (0,46) size 420x20
            LayoutTableCell {TD} at (2,46) size 120x20 [r=2 c=0 rs=1 cs=1]
              LayoutText {#text} at (1,1) size 107x18
                text run at (1,1) width 107: "Complete Install"
            LayoutTableCell {TD} at (124,46) size 110x20 [r=2 c=1 rs=1 cs=1]
              LayoutText {#text} at (1,1) size 22x18
                text run at (1,1) width 22: "yes"
            LayoutTableCell {TD} at (236,46) size 87x20 [r=2 c=2 rs=1 cs=1]
              LayoutText {#text} at (1,1) size 22x18
                text run at (1,1) width 22: "yes"
            LayoutTableCell {TD} at (325,46) size 93x20 [r=2 c=3 rs=1 cs=1]
              LayoutText {#text} at (1,1) size 22x18
                text run at (1,1) width 22: "yes"
          LayoutTableRow {TR} at (0,68) size 420x20
            LayoutTableCell {TD} at (2,68) size 120x20 [r=3 c=0 rs=1 cs=1]
              LayoutText {#text} at (1,1) size 118x18
                text run at (1,1) width 118: "Pro Edition Install"
            LayoutTableCell {TD} at (124,68) size 110x20 [r=3 c=1 rs=1 cs=1]
              LayoutText {#text} at (1,1) size 22x18
                text run at (1,1) width 22: "yes"
            LayoutTableCell {TD} at (236,68) size 87x20 [r=3 c=2 rs=1 cs=1]
              LayoutText {#text} at (1,1) size 22x18
                text run at (1,1) width 22: "yes"
            LayoutTableCell {TD} at (325,68) size 93x20 [r=3 c=3 rs=1 cs=1]
              LayoutText {#text} at (1,1) size 22x18
                text run at (1,1) width 22: "yes"
