layer at (0,0) size 800x600
  LayoutView at (0,0) size 800x600
layer at (0,0) size 800x600
  LayoutBlockFlow {HTML} at (0,0) size 800x600
    LayoutBlockFlow {BODY} at (8,8) size 784x584
      LayoutBlockFlow (anonymous) at (0,0) size 784x18
        LayoutText {#text} at (0,0) size 472x18
          text run at (0,0) width 472: "The TH tag uses the HEIGTH attribute. The TH has been set to 80 pixels."
        LayoutBR {BR} at (471,14) size 1x0
      LayoutTable {TABLE} at (0,18) size 292x110 [border: (1px outset #808080)]
        LayoutTableSection {TBODY} at (1,1) size 290x108
          LayoutTableRow {TR} at (0,2) size 290x80
            LayoutTableCell {TH} at (2,31) size 286x22 [border: (1px inset #808080)] [r=0 c=0 rs=1 cs=1]
              LayoutText {#text} at (58,2) size 170x18
                text run at (58,2) width 170: "Netscape Communicator"
          LayoutTableRow {TR} at (0,84) size 290x22
            LayoutTableCell {TD} at (2,84) size 286x22 [border: (1px inset #808080)] [r=1 c=0 rs=1 cs=1]
              LayoutText {#text} at (2,2) size 282x18
                text run at (2,2) width 282: "Available on the Mac/PC/UNIX platforms !"
