layer at (0,0) size 800x600
  LayoutView at (0,0) size 800x600
layer at (0,0) size 800x600
  LayoutBlockFlow {HTML} at (0,0) size 800x600
    LayoutBlockFlow {BODY} at (8,8) size 784x584
      LayoutBlockFlow {P} at (0,0) size 784x18
        LayoutText {#text} at (0,0) size 55x17
          text run at (0,0) width 55: "Test for "
        LayoutInline {I} at (0,0) size 696x17
          LayoutInline {A} at (0,0) size 354x17 [color=#0000EE]
            LayoutText {#text} at (54,0) size 354x17
              text run at (54,0) width 354: "http://bugzilla.opendarwin.org/show_bug.cgi?id=4227"
          LayoutText {#text} at (407,0) size 343x17
            text run at (407,0) width 5: " "
            text run at (411,0) width 339: "The ex unit doesn't work for font-variant: small-caps"
        LayoutText {#text} at (749,0) size 5x17
          text run at (749,0) width 5: "."
      LayoutBlockFlow {P} at (0,34) size 784x18
        LayoutText {#text} at (0,0) size 248x17
          text run at (0,0) width 248: "There should be a green square below:"
      LayoutBlockFlow {DIV} at (0,68) size 143.13x143.13 [bgcolor=#008000]
