layer at (0,0) size 800x600
  LayoutView at (0,0) size 800x600
layer at (0,0) size 800x600
  LayoutBlockFlow {HTML} at (0,0) size 800x600
    LayoutBlockFlow {BODY} at (8,8) size 784x576
      LayoutBlockFlow {P} at (0,0) size 784x36
        LayoutText {#text} at (0,0) size 55x17
          text run at (0,0) width 55: "Test for "
        LayoutInline {I} at (0,0) size 675x35
          LayoutInline {A} at (0,0) size 306x17 [color=#0000EE]
            LayoutText {#text} at (54,0) size 306x17
              text run at (54,0) width 306: "http://bugs.webkit.org/show_bug.cgi?id=14545"
          LayoutText {#text} at (359,0) size 675x35
            text run at (359,0) width 5: " "
            text run at (363,0) width 312: "REGRESSION (r21854-r21869): Repro crash in"
            text run at (0,18) width 356: "LayoutBlockFlow::updateFirstLetter @ nola.com/rose/"
        LayoutText {#text} at (355,18) size 5x17
          text run at (355,18) width 5: "."
      LayoutBlockFlow {P} at (0,52) size 784x18
        LayoutText {#text} at (0,0) size 255x17
          text run at (0,0) width 255: "The following lines should be identical:"
      LayoutBlockFlow {DIV} at (0,86) size 784x18
        LayoutInline {<pseudo:first-letter>} at (0,0) size 10x17 [color=#008000]
          LayoutTextFragment (anonymous) at (0,0) size 10x17
            text run at (0,0) width 10: "L"
        LayoutTextFragment {#text} at (9,0) size 78x17
          text run at (9,0) width 78: "orem Ipsum"
      LayoutBlockFlow {P} at (0,120) size 784x18
        LayoutInline {SPAN} at (0,0) size 10x17 [color=#008000]
          LayoutText {#text} at (0,0) size 10x17
            text run at (0,0) width 10: "L"
        LayoutText {#text} at (9,0) size 78x17
          text run at (9,0) width 78: "orem Ipsum"
