layer at (0,0) size 800x600
  LayoutView at (0,0) size 800x600
layer at (0,0) size 800x600
  LayoutBlockFlow {HTML} at (0,0) size 800x600
    LayoutBlockFlow {BODY} at (8,8) size 784x576
      LayoutBlockFlow {P} at (0,0) size 784x0
        LayoutInline {SPAN} at (0,0) size 0x0
        LayoutText {#text} at (0,0) size 0x0
        LayoutText {#text} at (0,0) size 0x0
      LayoutBlockFlow {P} at (0,0) size 784x126
        LayoutInline {SPAN} at (0,0) size 0x17
          LayoutBR {BR} at (0,0) size 0x17
        LayoutText {#text} at (0,0) size 0x0
        LayoutBR {BR} at (0,18) size 0x17
        LayoutBR {BR} at (0,36) size 0x17
        LayoutBR {BR} at (0,54) size 0x17
        LayoutBR {BR} at (0,72) size 0x17
        LayoutBR {BR} at (0,90) size 0x17
        LayoutBR {BR} at (0,108) size 0x17
      LayoutBlockFlow {P} at (0,142) size 784x144
        LayoutInline {SPAN} at (0,0) size 8x35
          LayoutBR {BR} at (0,0) size 0x17
          LayoutText {#text} at (0,18) size 8x17
            text run at (0,18) width 8: "x"
        LayoutText {#text} at (8,18) size 4x17
          text run at (8,18) width 4: " "
        LayoutBR {BR} at (12,32) size 0x0
        LayoutBR {BR} at (0,36) size 0x17
        LayoutBR {BR} at (0,54) size 0x17
        LayoutBR {BR} at (0,72) size 0x17
        LayoutBR {BR} at (0,90) size 0x17
        LayoutBR {BR} at (0,108) size 0x17
        LayoutBR {BR} at (0,126) size 0x17
      LayoutBlockFlow {P} at (0,302) size 784x36
        LayoutInline {SPAN} at (0,0) size 8x35
          LayoutText {#text} at (0,0) size 8x17
            text run at (0,0) width 8: "x"
          LayoutBR {BR} at (8,14) size 0x0
          LayoutBR {BR} at (0,18) size 0x17
        LayoutText {#text} at (0,0) size 0x0
