layer at (0,0) size 800x600
  LayoutView at (0,0) size 800x600
layer at (0,0) size 800x206
  LayoutBlockFlow {HTML} at (0,0) size 800x206
    LayoutBlockFlow {BODY} at (8,8) size 784x182
      LayoutBlockFlow (anonymous) at (0,0) size 784x18
        LayoutText {#text} at (0,0) size 502x18
          text run at (0,0) width 264: "You should see a green rectangle below. "
          text run at (263,0) width 239: "If you see any red, the test has failed."
      LayoutBlockFlow {P} at (0,162) size 784x20 [border: (1px solid #000000)]
        LayoutText {#text} at (1,1) size 189x18
          text run at (1,1) width 189: "This line should look normal."
layer at (8,26) size 384x128
  LayoutBlockFlow {DIV} at (0,18) size 384x128 [bgcolor=#FF0000]
    LayoutInline {SPAN} at (0,0) size 320x64 [color=#008000]
      LayoutText {#text} at (0,0) size 320x64
        text run at (0,0) width 320: "xxxxx"
    LayoutInline {SPAN} at (0,0) size 64x128 [bgcolor=#008000]
    LayoutBR {BR} at (384,0) size 0x64
    LayoutBlockFlow {DIV} at (0,0) size 64x128 [bgcolor=#008000]
    LayoutInline {SPAN} at (0,0) size 320x64 [color=#008000]
      LayoutText {#text} at (64,64) size 320x64
        text run at (64,64) width 320: "xxxxx"
    LayoutText {#text} at (0,0) size 0x0
