layer at (0,0) size 800x600
  LayoutView at (0,0) size 800x600
layer at (0,0) size 800x405
  LayoutBlockFlow {HTML} at (0,0) size 800x405
    LayoutBlockFlow {BODY} at (8,16) size 784x372
      LayoutBlockFlow {P} at (0,0) size 784x18
        LayoutText {#text} at (0,0) size 253x18
          text run at (0,0) width 253: "None of these should have clipped text."
      LayoutBlockFlow {DIV} at (0,34) size 784x338
layer at (8,50) size 784x12
  LayoutBlockFlow {P} at (0,0) size 784x12
    LayoutText {#text} at (0,-2) size 137x14
      text run at (0,-2) width 137: "Lorem ipsum dolor sit amet."
layer at (8,75) size 784x12
  LayoutBlockFlow {P} at (0,25) size 784x12
    LayoutText {#text} at (0,-3) size 148x15
      text run at (0,-3) width 148: "Lorem ipsum dolor sit amet."
layer at (8,101) size 784x14
  LayoutBlockFlow {P} at (0,51) size 784x14
    LayoutText {#text} at (0,-3) size 160x17
      text run at (0,-3) width 160: "Lorem ipsum dolor sit amet."
layer at (8,130) size 784x15
  LayoutBlockFlow {P} at (0,80) size 784x15
    LayoutText {#text} at (0,-2) size 171x17
      text run at (0,-2) width 171: "Lorem ipsum dolor sit amet."
layer at (8,161) size 784x15
  LayoutBlockFlow {P} at (0,111) size 784x15
    LayoutText {#text} at (0,-3) size 182x18
      text run at (0,-3) width 182: "Lorem ipsum dolor sit amet."
layer at (8,193) size 784x16
  LayoutBlockFlow {P} at (0,143) size 784x16
    LayoutText {#text} at (0,-4) size 194x20
      text run at (0,-4) width 194: "Lorem ipsum dolor sit amet."
layer at (8,226) size 784x12 scrollHeight 14
  LayoutBlockFlow {P} at (0,176) size 784x12
    LayoutText {#text} at (0,0) size 54x14
      text run at (0,0) width 54: "\x{C9}tats-Unis."
layer at (8,251) size 784x13 scrollHeight 15
  LayoutBlockFlow {P} at (0,201) size 784x13
    LayoutText {#text} at (0,0) size 59x15
      text run at (0,0) width 59: "\x{C9}tats-Unis."
layer at (8,278) size 784x14 scrollHeight 17
  LayoutBlockFlow {P} at (0,228) size 784x14
    LayoutText {#text} at (0,0) size 63x17
      text run at (0,0) width 63: "\x{C9}tats-Unis."
layer at (8,307) size 784x15 scrollHeight 18
  LayoutBlockFlow {P} at (0,257) size 784x15
    LayoutText {#text} at (0,1) size 68x17
      text run at (0,1) width 68: "\x{C9}tats-Unis."
layer at (8,338) size 784x16 scrollHeight 19
  LayoutBlockFlow {P} at (0,288) size 784x16
    LayoutText {#text} at (0,1) size 72x18
      text run at (0,1) width 72: "\x{C9}tats-Unis."
layer at (8,371) size 784x17 scrollHeight 20
  LayoutBlockFlow {P} at (0,321) size 784x17
    LayoutText {#text} at (0,0) size 77x20
      text run at (0,0) width 77: "\x{C9}tats-Unis."
