layer at (0,0) size 800x600
  LayoutView at (0,0) size 800x600
layer at (0,0) size 226x600
  LayoutBlockFlow {HTML} at (0,0) size 226x600
    LayoutBlockFlow {BODY} at (8,8) size 210x584
      LayoutBlockFlow (anonymous) at (0,0) size 18x584
        LayoutText {#text} at (0,0) size 18x499
          text run at (0,0) width 261: "You should see a green rectangle below. "
          text run at (0,260) width 239: "If you see any red, the test has failed."
      LayoutBlockFlow {DIV} at (18,0) size 192x384 [bgcolor=#FF0000]
        LayoutInline {SPAN} at (0,0) size 96x384 [bgcolor=#008000]
        LayoutBR {BR} at (0,384) size 64x0
        LayoutBlockFlow {DIV} at (64,0) size 128x384 [bgcolor=#008000]
