layer at (0,0) size 800x600
  LayoutView at (0,0) size 800x600
layer at (0,0) size 800x600
  LayoutBlockFlow {HTML} at (0,0) size 800x600
    LayoutBlockFlow {BODY} at (8,8) size 784x584 [bgcolor=#CCCCCC]
      LayoutBlockFlow {P} at (0,0) size 784x18
        LayoutText {#text} at (0,0) size 363x18
          text run at (0,0) width 363: "The style declarations which apply to the text below are:"
      LayoutBlockFlow {PRE} at (0,34) size 784x30
        LayoutText {#text} at (0,0) size 406x30
          text run at (0,0) width 398: ".one {margin-bottom: 25px; background-color: aqua;}"
          text run at (397,0) width 1: " "
          text run at (0,15) width 406: ".two {margin-bottom: -10px; background-color: aqua;}"
          text run at (405,15) width 1: " "
      LayoutBlockFlow {HR} at (0,77) size 784x2 [border: (1px inset #EEEEEE)]
      LayoutBlockFlow {P} at (0,95) size 784x54 [bgcolor=#808080]
        LayoutText {#text} at (0,0) size 491x18
          text run at (0,0) width 401: "This element is unstyled save for a background color of gray.. "
          text run at (400,0) width 91: "It contains an "
        LayoutInline {SPAN} at (0,0) size 777x36 [bgcolor=#00FFFF]
          LayoutText {#text} at (490,0) size 149x18
            text run at (490,0) width 149: "inline element of class "
          LayoutInline {TT} at (0,0) size 24x15
            LayoutText {#text} at (638,2) size 24x15
              text run at (638,2) width 24: "one"
          LayoutText {#text} at (661,0) size 777x36
            text run at (661,0) width 116: ", giving it an aqua"
            text run at (0,18) width 249: "background and a 25px bottom margin"
        LayoutText {#text} at (248,18) size 776x36
          text run at (248,18) width 9: ". "
          text run at (256,18) width 520: "Margins on inline elements does not affect line-height calculations, so all lines in"
          text run at (0,36) width 297: "this element should have the same line-height."
      LayoutBlockFlow {P} at (0,165) size 784x54 [bgcolor=#808080]
        LayoutText {#text} at (0,0) size 491x18
          text run at (0,0) width 401: "This element is unstyled save for a background color of gray.. "
          text run at (400,0) width 91: "It contains an "
        LayoutInline {SPAN} at (0,0) size 777x36 [bgcolor=#00FFFF]
          LayoutText {#text} at (490,0) size 149x18
            text run at (490,0) width 149: "inline element of class "
          LayoutInline {TT} at (0,0) size 24x15
            LayoutText {#text} at (638,2) size 24x15
              text run at (638,2) width 24: "two"
          LayoutText {#text} at (661,0) size 777x36
            text run at (661,0) width 116: ", giving it an aqua"
            text run at (0,18) width 254: "background and a -10px bottom margin"
        LayoutText {#text} at (253,18) size 782x36
          text run at (253,18) width 9: ". "
          text run at (261,18) width 521: "Margins on inline elements does not affect line-height calculations, so all lines in"
          text run at (0,36) width 297: "this element should have the same line-height."
      LayoutTable {TABLE} at (0,235) size 784x160 [border: (1px outset #808080)]
        LayoutTableSection {TBODY} at (1,1) size 782x158
          LayoutTableRow {TR} at (0,0) size 782x26
            LayoutTableCell {TD} at (0,0) size 782x26 [bgcolor=#C0C0C0] [border: (1px inset #808080)] [r=0 c=0 rs=1 cs=2]
              LayoutInline {STRONG} at (0,0) size 163x18
                LayoutText {#text} at (4,4) size 163x18
                  text run at (4,4) width 163: "TABLE Testing Section"
          LayoutTableRow {TR} at (0,26) size 782x132
            LayoutTableCell {TD} at (0,79) size 12x26 [bgcolor=#C0C0C0] [border: (1px inset #808080)] [r=1 c=0 rs=1 cs=1]
              LayoutText {#text} at (4,4) size 4x18
                text run at (4,4) width 4: " "
            LayoutTableCell {TD} at (12,26) size 770x132 [border: (1px inset #808080)] [r=1 c=1 rs=1 cs=1]
              LayoutBlockFlow {P} at (4,4) size 762x54 [bgcolor=#808080]
                LayoutText {#text} at (0,0) size 491x18
                  text run at (0,0) width 401: "This element is unstyled save for a background color of gray.. "
                  text run at (400,0) width 91: "It contains an "
                LayoutInline {SPAN} at (0,0) size 743x36 [bgcolor=#00FFFF]
                  LayoutText {#text} at (490,0) size 149x18
                    text run at (490,0) width 149: "inline element of class "
                  LayoutInline {TT} at (0,0) size 24x15
                    LayoutText {#text} at (638,2) size 24x15
                      text run at (638,2) width 24: "one"
                  LayoutText {#text} at (661,0) size 743x36
                    text run at (661,0) width 82: ", giving it an"
                    text run at (0,18) width 283: "aqua background and a 25px bottom margin"
                LayoutText {#text} at (282,18) size 760x36
                  text run at (282,18) width 9: ". "
                  text run at (290,18) width 470: "Margins on inline elements does not affect line-height calculations, so all"
                  text run at (0,36) width 348: "lines in this element should have the same line-height."
              LayoutBlockFlow {P} at (4,74) size 762x54 [bgcolor=#808080]
                LayoutText {#text} at (0,0) size 491x18
                  text run at (0,0) width 401: "This element is unstyled save for a background color of gray.. "
                  text run at (400,0) width 91: "It contains an "
                LayoutInline {SPAN} at (0,0) size 743x36 [bgcolor=#00FFFF]
                  LayoutText {#text} at (490,0) size 149x18
                    text run at (490,0) width 149: "inline element of class "
                  LayoutInline {TT} at (0,0) size 24x15
                    LayoutText {#text} at (638,2) size 24x15
                      text run at (638,2) width 24: "two"
                  LayoutText {#text} at (661,0) size 743x36
                    text run at (661,0) width 82: ", giving it an"
                    text run at (0,18) width 288: "aqua background and a -10px bottom margin"
                LayoutText {#text} at (287,18) size 745x36
                  text run at (287,18) width 9: ". "
                  text run at (295,18) width 450: "Margins on inline elements does not affect line-height calculations, so"
                  text run at (0,36) width 368: "all lines in this element should have the same line-height."
