layer at (0,0) size 800x600
  LayoutView at (0,0) size 800x600
layer at (0,0) size 800x600
  LayoutBlockFlow {HTML} at (0,0) size 800x600
    LayoutBlockFlow {BODY} at (8,8) size 784x584 [bgcolor=#CCCCCC]
      LayoutBlockFlow {P} at (0,0) size 784x18
        LayoutText {#text} at (0,0) size 363x18
          text run at (0,0) width 363: "The style declarations which apply to the text below are:"
      LayoutBlockFlow {PRE} at (0,34) size 784x45
        LayoutText {#text} at (0,0) size 414x45
          text run at (0,0) width 406: ".one {padding-bottom: 25px; background-color: aqua;}"
          text run at (405,0) width 1: " "
          text run at (0,15) width 414: ".two {padding-bottom: -10px; background-color: aqua;}"
          text run at (413,15) width 1: " "
          text run at (0,30) width 0: " "
      LayoutBlockFlow {HR} at (0,92) size 784x2 [border: (1px inset #EEEEEE)]
      LayoutBlockFlow {P} at (0,110) size 784x72 [bgcolor=#808080]
        LayoutText {#text} at (0,0) size 487x18
          text run at (0,0) width 397: "This element is unstyled save for a background color of gray. "
          text run at (396,0) width 91: "It contains an "
        LayoutInline {SPAN} at (0,0) size 773x61 [bgcolor=#00FFFF]
          LayoutText {#text} at (486,0) size 149x18
            text run at (486,0) width 149: "inline element of class "
          LayoutInline {TT} at (0,0) size 24x15
            LayoutText {#text} at (634,2) size 24x15
              text run at (634,2) width 24: "one"
          LayoutText {#text} at (657,0) size 773x36
            text run at (657,0) width 116: ", giving it an aqua"
            text run at (0,18) width 255: "background and a 25px bottom padding"
        LayoutText {#text} at (254,18) size 782x54
          text run at (254,18) width 9: ". "
          text run at (262,18) width 520: "Padding on inline elements does not affect line-height calculations, so all lines in"
          text run at (0,36) width 301: "this element should have the same line-height. "
          text run at (300,36) width 476: "There may be implementation-specific limits on how much of the padding"
          text run at (0,54) width 205: "the user agent is able to display."
      LayoutBlockFlow {P} at (0,198) size 784x54 [bgcolor=#808080]
        LayoutText {#text} at (0,0) size 487x18
          text run at (0,0) width 397: "This element is unstyled save for a background color of gray. "
          text run at (396,0) width 91: "It contains an "
        LayoutInline {SPAN} at (0,0) size 773x36 [bgcolor=#00FFFF]
          LayoutText {#text} at (486,0) size 149x18
            text run at (486,0) width 149: "inline element of class "
          LayoutInline {TT} at (0,0) size 24x15
            LayoutText {#text} at (634,2) size 24x15
              text run at (634,2) width 24: "two"
          LayoutText {#text} at (657,0) size 773x36
            text run at (657,0) width 116: ", giving it an aqua"
            text run at (0,18) width 530: "background and no bottom padding, since negative padding values are not allowed"
        LayoutText {#text} at (529,18) size 770x36
          text run at (529,18) width 9: ". "
          text run at (537,18) width 233: "Padding on inline elements does not"
          text run at (0,36) width 584: "affect line-height calculations, so all lines in this element should have the same line-height."
      LayoutTable {TABLE} at (0,268) size 784x178 [border: (1px outset #808080)]
        LayoutTableSection {TBODY} at (1,1) size 782x176
          LayoutTableRow {TR} at (0,0) size 782x26
            LayoutTableCell {TD} at (0,0) size 782x26 [bgcolor=#C0C0C0] [border: (1px inset #808080)] [r=0 c=0 rs=1 cs=2]
              LayoutInline {STRONG} at (0,0) size 163x18
                LayoutText {#text} at (4,4) size 163x18
                  text run at (4,4) width 163: "TABLE Testing Section"
          LayoutTableRow {TR} at (0,26) size 782x150
            LayoutTableCell {TD} at (0,88) size 12x26 [bgcolor=#C0C0C0] [border: (1px inset #808080)] [r=1 c=0 rs=1 cs=1]
              LayoutText {#text} at (4,4) size 4x18
                text run at (4,4) width 4: " "
            LayoutTableCell {TD} at (12,26) size 770x150 [border: (1px inset #808080)] [r=1 c=1 rs=1 cs=1]
              LayoutBlockFlow {P} at (4,4) size 762x72 [bgcolor=#808080]
                LayoutText {#text} at (0,0) size 487x18
                  text run at (0,0) width 397: "This element is unstyled save for a background color of gray. "
                  text run at (396,0) width 91: "It contains an "
                LayoutInline {SPAN} at (0,0) size 739x61 [bgcolor=#00FFFF]
                  LayoutText {#text} at (486,0) size 149x18
                    text run at (486,0) width 149: "inline element of class "
                  LayoutInline {TT} at (0,0) size 24x15
                    LayoutText {#text} at (634,2) size 24x15
                      text run at (634,2) width 24: "one"
                  LayoutText {#text} at (657,0) size 739x36
                    text run at (657,0) width 82: ", giving it an"
                    text run at (0,18) width 289: "aqua background and a 25px bottom padding"
                LayoutText {#text} at (288,18) size 751x54
                  text run at (288,18) width 9: ". "
                  text run at (296,18) width 449: "Padding on inline elements does not affect line-height calculations, so"
                  text run at (0,36) width 372: "all lines in this element should have the same line-height. "
                  text run at (371,36) width 380: "There may be implementation-specific limits on how much"
                  text run at (0,54) width 302: "of the padding the user agent is able to display."
              LayoutBlockFlow {P} at (4,92) size 762x54 [bgcolor=#808080]
                LayoutText {#text} at (0,0) size 487x18
                  text run at (0,0) width 397: "This element is unstyled save for a background color of gray. "
                  text run at (396,0) width 91: "It contains an "
                LayoutInline {SPAN} at (0,0) size 739x36 [bgcolor=#00FFFF]
                  LayoutText {#text} at (486,0) size 149x18
                    text run at (486,0) width 149: "inline element of class "
                  LayoutInline {TT} at (0,0) size 24x15
                    LayoutText {#text} at (634,2) size 24x15
                      text run at (634,2) width 24: "two"
                  LayoutText {#text} at (657,0) size 739x36
                    text run at (657,0) width 82: ", giving it an"
                    text run at (0,18) width 564: "aqua background and no bottom padding, since negative padding values are not allowed"
                LayoutText {#text} at (563,18) size 746x36
                  text run at (563,18) width 9: ". "
                  text run at (571,18) width 175: "Padding on inline elements"
                  text run at (0,36) width 642: "does not affect line-height calculations, so all lines in this element should have the same line-height."
