layer at (0,0) size 800x600
  LayoutView at (0,0) size 800x600
layer at (0,0) size 800x600
  LayoutBlockFlow {HTML} at (0,0) size 800x600
    LayoutBlockFlow {BODY} at (8,8) size 784x584
      LayoutBlockFlow {DIV} at (0,0) size 600x144
        LayoutInline {SPAN} at (0,0) size 586x137 [bgcolor=#FFFFE0] [border: (5px solid #008000)]
          LayoutText {#text} at (27,8) size 566x127
            text run at (27,8) width 566: "This sentence is too long to fit"
            text run at (143,80) width 294: "on a single line."
        LayoutText {#text} at (0,0) size 0x0
      LayoutBlockFlow {DIV} at (0,194) size 600x144
        LayoutInline {SPAN} at (0,0) size 586x137 [bgcolor=#FFFFE0] [border: (5px solid #008000)]
          LayoutText {#text} at (27,8) size 566x127
            text run at (27,8) width 566: "This sentence is too long to fit"
            text run at (143,80) width 294: "on a single line."
        LayoutText {#text} at (0,0) size 0x0
