EDITING DELEGATE: webViewDidChangeSelection:WebViewDidChangeSelectionNotification
EDITING DELEGATE: webViewDidChangeSelection:WebViewDidChangeSelectionNotification
EDITING DELEGATE: webViewDidChangeSelection:WebViewDidChangeSelectionNotification
EDITING DELEGATE: webViewDidChange:WebViewDidChangeNotification
EDITING DELEGATE: webViewDidChangeSelection:WebViewDidChangeSelectionNotification
EDITING DELEGATE: webViewDidChangeSelection:WebViewDidChangeSelectionNotification
EDITING DELEGATE: webViewDidChangeSelection:WebViewDidChangeSelectionNotification
EDITING DELEGATE: webViewDidChangeSelection:WebViewDidChangeSelectionNotification
EDITING DELEGATE: webViewDidChange:WebViewDidChangeNotification
layer at (0,0) size 800x600
  LayoutView at (0,0) size 800x600
layer at (0,0) size 800x600
  LayoutBlockFlow {HTML} at (0,0) size 800x600
    LayoutBlockFlow {BODY} at (8,8) size 784x584
      LayoutBlockFlow {DIV} at (0,0) size 784x84 [border: (2px solid #0000FF)]
        LayoutText {#text} at (14,14) size 724x56
          text run at (14,14) width 718: "Should see \"foo\" and \"baz\" centered in their own red boxes. The \"bar\" line"
          text run at (731,14) width 7: " "
          text run at (14,42) width 223: "should not be centered."
      LayoutBlockFlow {DIV} at (0,108) size 784x112
        LayoutBlockFlow {DIV} at (0,0) size 784x112 [border: (2px solid #FF0000)]
          LayoutBlockFlow {DIV} at (14,14) size 756x28
            LayoutText {#text} at (362,0) size 32x28
              text run at (362,0) width 32: "foo"
          LayoutBlockFlow (anonymous) at (14,42) size 756x28
            LayoutText {#text} at (0,0) size 31x28
              text run at (0,0) width 31: "bar"
            LayoutBR {BR} at (30,22) size 1x0
          LayoutBlockFlow {DIV} at (14,70) size 756x28
            LayoutText {#text} at (361,0) size 34x28
              text run at (361,0) width 34: "baz"
caret: position 3 of child 0 {#text} of child 3 {DIV} of child 1 {DIV} of child 3 {DIV} of body
