EDITING DELEGATE: webViewDidChangeSelection:WebViewDidChangeSelectionNotification
EDITING DELEGATE: webViewDidChangeSelection:WebViewDidChangeSelectionNotification
EDITING DELEGATE: webViewDidChangeSelection:WebViewDidChangeSelectionNotification
EDITING DELEGATE: webViewDidChangeSelection:WebViewDidChangeSelectionNotification
EDITING DELEGATE: webViewDidChange:WebViewDidChangeNotification
layer at (0,0) size 800x600
  LayoutView at (0,0) size 800x600
layer at (0,0) size 800x600
  LayoutBlockFlow {HTML} at (0,0) size 800x600
    LayoutBlockFlow {BODY} at (8,8) size 784x584
      LayoutBlockFlow {DIV} at (0,0) size 784x84 [border: (2px solid #0000FF)]
        LayoutText {#text} at (14,14) size 715x56
          text run at (14,14) width 709: "Should see the \"baz\" line centered in its red box inside the box containing"
          text run at (722,14) width 7: " "
          text run at (14,42) width 534: "\"bar\". The \"foo\" and \"bar\" lines should not be centered."
      LayoutBlockFlow {DIV} at (0,108) size 784x140
        LayoutBlockFlow {DIV} at (0,0) size 784x140 [border: (2px solid #FF0000)]
          LayoutBlockFlow (anonymous) at (14,14) size 756x28
            LayoutText {#text} at (0,0) size 32x28
              text run at (0,0) width 32: "foo"
          LayoutBlockFlow {DIV} at (14,42) size 756x84 [border: (2px solid #FF0000)]
            LayoutBlockFlow (anonymous) at (14,14) size 728x28
              LayoutText {#text} at (0,0) size 37x28
                text run at (0,0) width 37: "bar "
              LayoutBR {BR} at (36,22) size 1x0
            LayoutBlockFlow {DIV} at (14,42) size 728x28
              LayoutText {#text} at (347,0) size 34x28
                text run at (347,0) width 34: "baz"
caret: position 0 of child 0 {#text} of child 2 {DIV} of child 1 {DIV} of child 1 {DIV} of child 3 {DIV} of body
