EDITING DELEGATE: webViewDidChangeSelection:WebViewDidChangeSelectionNotification
EDITING DELEGATE: webViewDidChangeSelection:WebViewDidChangeSelectionNotification
EDITING DELEGATE: webViewDidChangeSelection:WebViewDidChangeSelectionNotification
EDITING DELEGATE: webViewDidChange:WebViewDidChangeNotification
layer at (0,0) size 800x600
  LayoutView at (0,0) size 800x600
layer at (0,0) size 800x600
  LayoutBlockFlow {HTML} at (0,0) size 800x600
    LayoutBlockFlow {BODY} at (8,8) size 784x584
      LayoutBlockFlow {DIV} at (0,0) size 784x84 [border: (2px solid #0000FF)]
        LayoutText {#text} at (14,14) size 756x56
          text run at (14,14) width 756: "Should see \"bar\" centered in its own red box. The \"foo\" and \"baz\" lines should"
          text run at (769,14) width 1: " "
          text run at (14,42) width 153: "not be centered."
      LayoutBlockFlow {DIV} at (0,108) size 784x140
        LayoutBlockFlow {DIV} at (0,0) size 784x140 [border: (2px solid #FF0000)]
          LayoutBlockFlow (anonymous) at (14,14) size 756x28
            LayoutText {#text} at (0,0) size 32x28
              text run at (0,0) width 32: "foo"
          LayoutBlockFlow {DIV} at (14,42) size 756x56 [border: (2px solid #FF0000)]
            LayoutText {#text} at (362,14) size 32x28
              text run at (362,14) width 32: "bar"
          LayoutBlockFlow (anonymous) at (14,98) size 756x28
            LayoutText {#text} at (0,0) size 34x28
              text run at (0,0) width 34: "baz"
caret: position 1 of child 0 {#text} of child 1 {DIV} of child 1 {DIV} of child 3 {DIV} of body
