EDITING DELEGATE: webViewDidChangeSelection:WebViewDidChangeSelectionNotification
EDITING DELEGATE: webViewDidChangeSelection:WebViewDidChangeSelectionNotification
EDITING DELEGATE: webViewDidChangeSelection:WebViewDidChangeSelectionNotification
EDITING DELEGATE: webViewDidChangeSelection:WebViewDidChangeSelectionNotification
EDITING DELEGATE: webViewDidChangeSelection:WebViewDidChangeSelectionNotification
EDITING DELEGATE: webViewDidChangeSelection:WebViewDidChangeSelectionNotification
EDITING DELEGATE: webViewDidChange:WebViewDidChangeNotification
layer at (0,0) size 800x600
  LayoutView at (0,0) size 800x600
layer at (0,0) size 800x600
  LayoutBlockFlow {HTML} at (0,0) size 800x600
    LayoutBlockFlow {BODY} at (8,8) size 784x584
      LayoutBlockFlow {DIV} at (0,0) size 784x184 [border: (2px solid #0000FF)]
        LayoutBlockFlow {DIV} at (14,14) size 756x84
          LayoutText {#text} at (0,0) size 68x28
            text run at (0,0) width 68: "Tests: "
          LayoutBR {BR} at (0,0) size 0x0
          LayoutText {#text} at (0,28) size 113x28
            text run at (0,28) width 113: "Bug fix for "
          LayoutInline {A} at (0,0) size 257x28 [color=#0000EE]
            LayoutText {#text} at (112,28) size 257x28
              text run at (112,28) width 257: "<rdar://problem/3998892>"
          LayoutText {#text} at (369,28) size 693x56
            text run at (369,28) width 324: " REGRESSION (Mail): bolding a"
            text run at (0,56) width 92: "selection "
            text run at (91,56) width 545: "from end of line changes unselected text on starting line."
        LayoutBlockFlow {DIV} at (14,114) size 756x56
          LayoutText {#text} at (0,0) size 190x28
            text run at (0,0) width 190: "Expected Results: "
          LayoutBR {BR} at (189,22) size 1x0
          LayoutText {#text} at (0,28) size 599x28
            text run at (0,28) width 599: "Should see first line (\"foo\") not bold; second line (\"bar\") bold."
      LayoutBlockFlow {DIV} at (0,208) size 784x60
        LayoutBlockFlow {DIV} at (0,0) size 784x60 [border: (2px solid #FF0000)]
          LayoutBlockFlow {DIV} at (2,2) size 780x28
            LayoutText {#text} at (0,0) size 32x28
              text run at (0,0) width 32: "foo"
          LayoutBlockFlow {DIV} at (2,30) size 780x28
            LayoutInline {B} at (0,0) size 36x28
              LayoutText {#text} at (0,0) size 36x28
                text run at (0,0) width 36: "bar"
selection start: position 3 of child 0 {#text} of child 1 {DIV} of child 1 {DIV} of child 3 {DIV} of body
selection end:   position 3 of child 0 {#text} of child 0 {B} of child 3 {DIV} of child 1 {DIV} of child 3 {DIV} of body
