layer at (0,0) size 800x600
  LayoutView at (0,0) size 800x600
layer at (0,0) size 800x173
  LayoutBlockFlow {HTML} at (0,0) size 800x173
    LayoutBlockFlow {BODY} at (8,16) size 784x149
      LayoutBlockFlow {P} at (0,0) size 784x18
        LayoutText {#text} at (0,0) size 608x18
          text run at (0,0) width 608: "The select list box should not display items (options and optgroups) with style \"display: none\"."
      LayoutBlockFlow (anonymous) at (0,34) size 784x115
        LayoutText {#text} at (49,97) size 5x18
          text run at (49,97) width 5: " "
        LayoutText {#text} at (112,97) size 5x18
          text run at (112,97) width 5: " "
        LayoutText {#text} at (175,97) size 5x18
          text run at (175,97) width 5: " "
        LayoutText {#text} at (229,97) size 5x18
          text run at (229,97) width 5: " "
        LayoutText {#text} at (283,97) size 5x18
          text run at (283,97) width 5: " "
        LayoutText {#text} at (0,0) size 0x0
        LayoutText {#text} at (0,0) size 0x0
layer at (8,64) size 50x101 clip at (9,65) size 37x99
  LayoutListBox {SELECT} at (0,13.69) size 49.58x101.31 [bgcolor=#FFFFFF] [border: (1px solid #999999)]
    LayoutBlockFlow {OPTION} at (1,1) size 36.58x14.19
      LayoutText {#text} at (2,0) size 22x13
        text run at (2,0) width 22: "One"
    LayoutBlockFlow {OPTION} at (1,15.19) size 36.58x14.19
      LayoutText {#text} at (2,0) size 23x13
        text run at (2,0) width 23: "Two"
    LayoutBlockFlow {OPTION} at (1,29.38) size 36.58x14.19
      LayoutText {#text} at (2,0) size 30x13
        text run at (2,0) width 30: "Three"
    LayoutBlockFlow {OPTION} at (1,43.56) size 36.58x14.19
      LayoutText {#text} at (2,0) size 22x13
        text run at (2,0) width 22: "Five"
    LayoutBlockFlow {OPTION} at (1,57.75) size 36.58x14.19
      LayoutText {#text} at (2,0) size 17x13
        text run at (2,0) width 17: "Six"
    LayoutBlockFlow {OPTION} at (1,71.94) size 36.58x14.19
      LayoutText {#text} at (2,0) size 33x13
        text run at (2,0) width 33: "Seven"
layer at (62,64) size 59x101 clip at (63,65) size 46x99
  LayoutListBox {SELECT} at (53.58,13.69) size 59.16x101.31 [bgcolor=#FFFFFF] [border: (1px solid #999999)]
    LayoutBlockFlow {OPTION} at (1,1) size 46.16x14.19
      LayoutText {#text} at (2,0) size 22x13
        text run at (2,0) width 22: "One"
    LayoutBlockFlow {OPTION} at (1,15.19) size 46.16x14.19
      LayoutText {#text} at (2,0) size 23x13
        text run at (2,0) width 23: "Two"
    LayoutBlockFlow {OPTION} at (1,29.38) size 46.16x14.19
      LayoutText {#text} at (2,0) size 30x13
        text run at (2,0) width 30: "Three"
    LayoutBlockFlow {OPTGROUP} at (1,43.56) size 46.16x28.38
      LayoutBlockFlow {DIV} at (0,0) size 46.16x14.19
        LayoutText {#text} at (2,0) size 43x13
          text run at (2,0) width 43: "***45***"
      LayoutBlockFlow {OPTION} at (0,14.19) size 46.16x14.19
        LayoutInline {<pseudo:before>} at (0,0) size 14x13
          LayoutTextFragment (anonymous) at (2,0) size 14x13
            text run at (2,0) width 14: "    "
        LayoutText {#text} at (15,0) size 23x13
          text run at (15,0) width 23: "Five"
    LayoutBlockFlow {OPTION} at (1,71.94) size 46.16x14.19
      LayoutText {#text} at (2,0) size 33x13
        text run at (2,0) width 33: "Seven"
layer at (125,64) size 59x101 clip at (126,65) size 46x99
  LayoutListBox {SELECT} at (116.73,13.69) size 59.16x101.31 [bgcolor=#FFFFFF] [border: (1px solid #999999)]
    LayoutBlockFlow {OPTION} at (1,1) size 46.16x14.19
      LayoutText {#text} at (2,0) size 22x13
        text run at (2,0) width 22: "One"
    LayoutBlockFlow {OPTION} at (1,15.19) size 46.16x14.19
      LayoutText {#text} at (2,0) size 23x13
        text run at (2,0) width 23: "Two"
    LayoutBlockFlow {OPTGROUP} at (1,29.38) size 46.16x28.38
      LayoutBlockFlow {DIV} at (0,0) size 46.16x14.19
        LayoutText {#text} at (2,0) size 43x13
          text run at (2,0) width 43: "***45***"
      LayoutBlockFlow {OPTION} at (0,14.19) size 46.16x14.19
        LayoutInline {<pseudo:before>} at (0,0) size 14x13
          LayoutTextFragment (anonymous) at (2,0) size 14x13
            text run at (2,0) width 14: "    "
        LayoutText {#text} at (15,0) size 25x13
          text run at (15,0) width 25: "Four"
    LayoutBlockFlow {OPTION} at (1,57.75) size 46.16x14.19
      LayoutText {#text} at (2,0) size 17x13
        text run at (2,0) width 17: "Six"
    LayoutBlockFlow {OPTION} at (1,71.94) size 46.16x14.19
      LayoutText {#text} at (2,0) size 33x13
        text run at (2,0) width 33: "Seven"
layer at (188,50) size 49x115 clip at (189,51) size 36x113
  LayoutListBox {SELECT} at (179.89,-0.50) size 49.58x115.50 [bgcolor=#FFFFFF] [border: (1px solid #999999)]
    LayoutBlockFlow {OPTION} at (1,1) size 36.58x14.19
      LayoutText {#text} at (2,0) size 22x13
        text run at (2,0) width 22: "One"
    LayoutBlockFlow {OPTION} at (1,15.19) size 36.58x14.19
      LayoutText {#text} at (2,0) size 23x13
        text run at (2,0) width 23: "Two"
    LayoutBlockFlow {OPTION} at (1,29.38) size 36.58x14.19
      LayoutText {#text} at (2,0) size 30x13
        text run at (2,0) width 30: "Three"
    LayoutBlockFlow {OPTION} at (1,43.56) size 36.58x14.19
      LayoutText {#text} at (2,0) size 33x13
        text run at (2,0) width 33: "Seven"
layer at (241,50) size 50x115 clip at (242,51) size 37x113
  LayoutListBox {SELECT} at (233.47,-0.50) size 49.58x115.50 [bgcolor=#FFFFFF] [border: (1px solid #999999)]
    LayoutBlockFlow {OPTION} at (1,1) size 36.58x14.19
      LayoutText {#text} at (2,0) size 22x13
        text run at (2,0) width 22: "One"
    LayoutBlockFlow {OPTION} at (1,15.19) size 36.58x14.19
      LayoutText {#text} at (2,0) size 23x13
        text run at (2,0) width 23: "Two"
    LayoutBlockFlow {OPTION} at (1,29.38) size 36.58x14.19
      LayoutText {#text} at (2,0) size 30x13
        text run at (2,0) width 30: "Three"
    LayoutBlockFlow {OPTION} at (1,43.56) size 36.58x14.19
      LayoutText {#text} at (2,0) size 33x13
        text run at (2,0) width 33: "Seven"
layer at (295,50) size 56x115 clip at (296,51) size 43x113
  LayoutListBox {SELECT} at (287.05,-0.50) size 55.97x115.50 [bgcolor=#FFFFFF] [border: (1px solid #999999)]
    LayoutBlockFlow {OPTION} at (1,1) size 42.97x14.19
      LayoutText {#text} at (2,0) size 22x13
        text run at (2,0) width 22: "One"
    LayoutBlockFlow {OPTION} at (1,15.19) size 42.97x14.19
      LayoutText {#text} at (2,0) size 23x13
        text run at (2,0) width 23: "Two"
    LayoutBlockFlow {OPTION} at (1,29.38) size 42.97x14.19
      LayoutText {#text} at (2,0) size 30x13
        text run at (2,0) width 30: "Three"
    LayoutBlockFlow {OPTGROUP} at (1,43.56) size 42.97x56.75
      LayoutBlockFlow {DIV} at (0,0) size 42.97x14.19
        LayoutText {#text} at (2,0) size 39x13
          text run at (2,0) width 39: "**456**"
      LayoutBlockFlow {OPTION} at (0,14.19) size 42.97x14.19
        LayoutInline {<pseudo:before>} at (0,0) size 14x13
          LayoutTextFragment (anonymous) at (2,0) size 14x13
            text run at (2,0) width 14: "    "
        LayoutText {#text} at (15,0) size 25x13
          text run at (15,0) width 25: "Four"
      LayoutBlockFlow {OPTION} at (0,28.38) size 42.97x14.19
        LayoutInline {<pseudo:before>} at (0,0) size 14x13
          LayoutTextFragment (anonymous) at (2,0) size 14x13
            text run at (2,0) width 14: "    "
        LayoutText {#text} at (15,0) size 23x13
          text run at (15,0) width 23: "Five"
      LayoutBlockFlow {OPTION} at (0,42.56) size 42.97x14.19
        LayoutInline {<pseudo:before>} at (0,0) size 14x13
          LayoutTextFragment (anonymous) at (2,0) size 14x13
            text run at (2,0) width 14: "    "
        LayoutText {#text} at (15,0) size 18x13
          text run at (15,0) width 18: "Six"
    LayoutBlockFlow {OPTION} at (1,100.31) size 42.97x14.19
      LayoutText {#text} at (2,0) size 33x13
        text run at (2,0) width 33: "Seven"
