layer at (0,0) size 800x600
  LayoutView at (0,0) size 800x600
layer at (0,0) size 800x406
  LayoutBlockFlow {HTML} at (0,0) size 800x406
    LayoutBlockFlow {BODY} at (8,8) size 784x390
      LayoutBlockFlow (anonymous) at (0,0) size 784x92
        LayoutTextControl {INPUT} at (4,4) size 155x22 [bgcolor=#FFFFFF] [border: (2px inset #EEEEEE)]
          LayoutFlexibleBox {DIV} at (3,3) size 149x16
            LayoutBlockFlow {DIV} at (0,2.50) size 1x11
            LayoutBlockFlow {DIV} at (1,0) size 135x16
        LayoutText {#text} at (163,5) size 4x19
          text run at (163,5) width 4: " "
        LayoutTextControl {INPUT} at (171,4) size 155x22 [bgcolor=#FFFFFF] [border: (2px inset #EEEEEE)]
          LayoutFlexibleBox {DIV} at (3,3) size 149x16
            LayoutBlockFlow {DIV} at (0,2.50) size 1x11
            LayoutBlockFlow {DIV} at (1,0) size 135x16
            LayoutBlockFlow {DIV} at (137,3.50) size 9x9
        LayoutBR {BR} at (330,5) size 0x19
        LayoutTextControl {INPUT} at (4,34) size 155x22 [bgcolor=#FFFFFF] [border: (2px inset #EEEEEE)]
          LayoutFlexibleBox {DIV} at (3,3) size 149x16
            LayoutBlockFlow {DIV} at (0,2.50) size 1x11
            LayoutBlockFlow {DIV} at (1,0) size 135x16
        LayoutText {#text} at (163,35) size 4x19
          text run at (163,35) width 4: " "
        LayoutTextControl {INPUT} at (171,34) size 155x22 [color=#545454] [bgcolor=#EBEBE4] [border: (2px inset #EEEEEE)]
          LayoutFlexibleBox {DIV} at (3,3) size 149x16
            LayoutBlockFlow {DIV} at (0,2.50) size 1x11
            LayoutBlockFlow {DIV} at (1,0) size 135x16
        LayoutText {#text} at (330,35) size 4x19
          text run at (330,35) width 4: " "
        LayoutBR {BR} at (334,35) size 0x19
        LayoutTextControl {INPUT} at (4,64) size 157x24 [bgcolor=#FFFFFF] [border: (3px solid #00FF00)]
          LayoutFlexibleBox {DIV} at (4,4) size 149x16
            LayoutBlockFlow {DIV} at (0,2.50) size 1x11
            LayoutBlockFlow {DIV} at (1,0) size 135x16
        LayoutText {#text} at (165,66) size 4x19
          text run at (165,66) width 4: " "
        LayoutTextControl {INPUT} at (173,65) size 155x22 [bgcolor=#FFFFFF] [border: (2px inset #EEEEEE)]
          LayoutFlexibleBox {DIV} at (3,3) size 149x16
            LayoutBlockFlow {DIV} at (0,2.50) size 1x11
            LayoutBlockFlow {DIV} at (1,0) size 135x16
        LayoutText {#text} at (332,66) size 4x19
          text run at (332,66) width 4: " "
        LayoutBR {BR} at (336,66) size 0x19
      LayoutBlockFlow {DIV} at (0,92) size 163x45 [bgcolor=#888888]
        LayoutTextControl {INPUT} at (11,9) size 133x22 [bgcolor=#00FF00] [border: (2px inset #EEEEEE)]
          LayoutFlexibleBox {DIV} at (3,3) size 127x16
            LayoutBlockFlow {DIV} at (0,2.50) size 1x11
            LayoutBlockFlow {DIV} at (1,0) size 113x16
        LayoutText {#text} at (0,0) size 0x0
      LayoutBlockFlow (anonymous) at (0,137) size 784x253
        LayoutTextControl {INPUT} at (4,4) size 155x22 [border: (2px inset #EEEEEE)]
          LayoutFlexibleBox {DIV} at (3,3) size 149x16
            LayoutBlockFlow {DIV} at (0,2.50) size 1x11
            LayoutBlockFlow {DIV} at (1,0) size 135x16
        LayoutText {#text} at (163,5) size 4x19
          text run at (163,5) width 4: " "
        LayoutBR {BR} at (167,5) size 0x19
        LayoutTextControl {INPUT} at (4,34) size 155x22 [bgcolor=#FFFFFF] [border: (2px inset #EEEEEE)]
          LayoutFlexibleBox {DIV} at (3,3) size 149x16
            LayoutBlockFlow {DIV} at (0,2.50) size 1x11
            LayoutBlockFlow {DIV} at (1,0) size 135x16
        LayoutText {#text} at (163,35) size 4x19
          text run at (163,35) width 4: " "
        LayoutBR {BR} at (167,35) size 0x19
        LayoutTextControl {INPUT} at (4,70) size 182x25 [bgcolor=#FFFFFF] [border: (2px inset #EEEEEE)]
          LayoutFlexibleBox {DIV} at (3,3) size 176x19
            LayoutBlockFlow {DIV} at (0,4) size 1x11
            LayoutBlockFlow {DIV} at (1,0) size 160x19
        LayoutText {#text} at (190,73) size 4x19
          text run at (190,73) width 4: " "
        LayoutTextControl {INPUT} at (198,66) size 231x30 [bgcolor=#FFFFFF] [border: (2px inset #EEEEEE)]
          LayoutFlexibleBox {DIV} at (3,3) size 225x24
            LayoutBlockFlow {DIV} at (0,6.50) size 1x11
            LayoutBlockFlow {DIV} at (1,0) size 206x24
        LayoutText {#text} at (433,73) size 4x19
          text run at (433,73) width 4: " "
        LayoutTextControl {INPUT} at (441,64) size 280x34 [bgcolor=#FFFFFF] [border: (2px inset #EEEEEE)]
          LayoutFlexibleBox {DIV} at (3,3) size 274x28
            LayoutBlockFlow {DIV} at (0,8.50) size 1x11
            LayoutBlockFlow {DIV} at (1,0) size 252x28
        LayoutText {#text} at (725,73) size 4x19
          text run at (725,73) width 4: " "
        LayoutBR {BR} at (729,73) size 0x19
        LayoutTextControl {INPUT} at (6,119) size 234x33 [bgcolor=#FFFFFF] [border: (3px inset #EEEEEE)]
          LayoutFlexibleBox {DIV} at (4.50,4.50) size 225x24
            LayoutBlockFlow {DIV} at (0,6.50) size 1x11
            LayoutBlockFlow {DIV} at (1,0) size 204x24
        LayoutText {#text} at (246,127) size 4x19
          text run at (246,127) width 4: " "
        LayoutTextControl {INPUT} at (258,110) size 313x45 [bgcolor=#FFFFFF] [border: (4px inset #EEEEEE)]
          LayoutFlexibleBox {DIV} at (6,6) size 301x33
            LayoutBlockFlow {DIV} at (0,11) size 1x11
            LayoutBlockFlow {DIV} at (1,0) size 273x33
        LayoutText {#text} at (579,127) size 4x19
          text run at (579,127) width 4: " "
        LayoutBR {BR} at (583,127) size 0x19
        LayoutTextControl {INPUT} at (6,180) size 234x33 [bgcolor=#FFFFFF] [border: (3px inset #EEEEEE)]
          LayoutFlexibleBox {DIV} at (4.50,4.50) size 225x24
            LayoutBlockFlow {DIV} at (3,2) size 20x20
            LayoutBlockFlow {DIV} at (27.50,0) size 177.50x24
        LayoutText {#text} at (246,188) size 4x19
          text run at (246,188) width 4: " "
        LayoutTextControl {INPUT} at (258,171) size 313x45 [bgcolor=#FFFFFF] [border: (4px inset #EEEEEE)]
          LayoutFlexibleBox {DIV} at (6,6) size 301x33
            LayoutBlockFlow {DIV} at (4,3) size 27x27
            LayoutBlockFlow {DIV} at (37,0) size 237x33
        LayoutText {#text} at (579,188) size 4x19
          text run at (579,188) width 4: " "
        LayoutBR {BR} at (583,188) size 0x19
        LayoutTextControl {INPUT} at (4,228) size 152x21 [bgcolor=#FFFFFF] [border: (1px solid #BDC7D8)]
          LayoutFlexibleBox {DIV} at (18,4) size 130x13
            LayoutBlockFlow {DIV} at (2,1) size 11x11
            LayoutBlockFlow {DIV} at (16,0) size 102x13
        LayoutText {#text} at (0,0) size 0x0
        LayoutText {#text} at (0,0) size 0x0
layer at (16,15) size 135x16
  LayoutBlockFlow {DIV} at (0,0) size 135x16
    LayoutText {#text} at (0,0) size 17x16
      text run at (0,0) width 17: "foo"
layer at (183,15) size 135x16
  LayoutBlockFlow {DIV} at (0,0) size 135x16
    LayoutText {#text} at (0,0) size 17x16
      text run at (0,0) width 17: "foo"
layer at (16,45) size 135x16
  LayoutBlockFlow {DIV} at (0,0) size 135x16
    LayoutText {#text} at (0,0) size 17x16
      text run at (0,0) width 17: "foo"
layer at (183,45) size 135x16
  LayoutBlockFlow {DIV} at (0,0) size 135x16
    LayoutText {#text} at (0,0) size 17x16
      text run at (0,0) width 17: "foo"
layer at (17,76) size 135x16
  LayoutBlockFlow {DIV} at (0,0) size 135x16
    LayoutText {#text} at (0,0) size 17x16
      text run at (0,0) width 17: "foo"
layer at (185,76) size 135x16
  LayoutBlockFlow {DIV} at (0,0) size 135x16
    LayoutText {#text} at (0,0) size 17x16
      text run at (0,0) width 17: "foo"
layer at (23,112) size 113x16
  LayoutBlockFlow {DIV} at (0,0) size 113x16
    LayoutText {#text} at (0,0) size 64x16
      text run at (0,0) width 64: "default text"
layer at (16,152) size 135x16
  LayoutBlockFlow {DIV} at (0,0) size 135x16
    LayoutText {#text} at (0,0) size 17x16
      text run at (0,0) width 17: "foo"
layer at (16,182) size 135x16
  LayoutBlockFlow {DIV} at (0,0) size 135x16
    LayoutText {#text} at (0,0) size 17x16
      text run at (0,0) width 17: "foo"
layer at (16,218) size 160x19
  LayoutBlockFlow {DIV} at (0,0) size 160x19
    LayoutText {#text} at (0,0) size 22x18
      text run at (0,0) width 22: "foo"
layer at (210,214) size 206x24
  LayoutBlockFlow {DIV} at (0,0) size 206x24
    LayoutText {#text} at (0,0) size 28x23
      text run at (0,0) width 28: "foo"
layer at (453,212) size 252x28
  LayoutBlockFlow {DIV} at (0,0) size 252x28
    LayoutText {#text} at (0,0) size 33x27
      text run at (0,0) width 33: "foo"
layer at (20,269) size 204x24
  LayoutBlockFlow {DIV} at (0,0) size 204x24
    LayoutText {#text} at (0,0) size 28x23
      text run at (0,0) width 28: "foo"
layer at (273,261) size 273x33
  LayoutBlockFlow {DIV} at (0,0) size 273x33
    LayoutText {#text} at (0,0) size 37x32
      text run at (0,0) width 37: "foo"
layer at (46,330) size 178x24
  LayoutBlockFlow {DIV} at (0,0) size 177.50x24
    LayoutText {#text} at (0,0) size 28x23
      text run at (0,0) width 28: "foo"
layer at (309,322) size 237x33
  LayoutBlockFlow {DIV} at (0,0) size 237x33
    LayoutText {#text} at (0,0) size 37x32
      text run at (0,0) width 37: "foo"
layer at (46,377) size 102x13
  LayoutBlockFlow {DIV} at (34,4) size 102x13 [color=#A9A9A9]
    LayoutText {#text} at (0,0) size 102x13
      text run at (0,0) width 102: "Search for Events"
layer at (46,377) size 102x13
  LayoutBlockFlow {DIV} at (0,0) size 102x13
layer at (152,19) size 9x9 transparent
  LayoutBlockFlow {DIV} at (137,3.50) size 9x9
layer at (152,49) size 9x9 transparent
  LayoutBlockFlow {DIV} at (137,3.50) size 9x9
layer at (319,49) size 9x9 transparent
  LayoutBlockFlow {DIV} at (137,3.50) size 9x9
layer at (153,80) size 9x9 transparent
  LayoutBlockFlow {DIV} at (137,3.50) size 9x9
layer at (321,80) size 9x9 transparent
  LayoutBlockFlow {DIV} at (137,3.50) size 9x9
layer at (137,116) size 9x9 transparent
  LayoutBlockFlow {DIV} at (115,3.50) size 9x9
layer at (152,156) size 9x9 transparent
  LayoutBlockFlow {DIV} at (137,3.50) size 9x9
layer at (152,186) size 9x9 transparent
  LayoutBlockFlow {DIV} at (137,3.50) size 9x9
layer at (177,222) size 11x11 transparent
  LayoutBlockFlow {DIV} at (162,4) size 11x11
layer at (417,219) size 14x14 transparent
  LayoutBlockFlow {DIV} at (208,5) size 14x14
layer at (706,218) size 17x17 transparent
  LayoutBlockFlow {DIV} at (254,5.50) size 17x17
layer at (225,274) size 14x14 transparent
  LayoutBlockFlow {DIV} at (206.50,5) size 14x14
layer at (548,268) size 19x19 transparent
  LayoutBlockFlow {DIV} at (276,7) size 19x19
layer at (225,335) size 14x14 transparent
  LayoutBlockFlow {DIV} at (206.50,5) size 14x14
layer at (548,329) size 19x19 transparent
  LayoutBlockFlow {DIV} at (276,7) size 19x19
layer at (149,380) size 8x8 transparent
  LayoutBlockFlow {DIV} at (119,2.50) size 8x8
caret: position 0 of child 0 {#text} of child 0 {DIV} of child 1 {DIV} of child 0 {DIV} of {#document-fragment} of child 10 {INPUT} of body
