layer at (0,0) size 800x600 scrollWidth 1160
  LayoutView at (0,0) size 800x600
layer at (0,0) size 800x600
  LayoutBlockFlow {HTML} at (0,0) size 800x600
    LayoutBlockFlow {BODY} at (9.59,9.59) size 780.81x574.81
      LayoutBlockFlow (anonymous) at (0,0) size 780.81x162
        LayoutText {#text} at (0,0) size 0x0
      LayoutBlockFlow {DIV} at (0,162) size 780.81x117.59
        LayoutBlockFlow (anonymous) at (0,0) size 780.81x66
          LayoutText {#text} at (0,0) size 59x21
            text run at (0,0) width 59: "Results:"
          LayoutBR {BR} at (59,16) size 0x0
          LayoutText {#text} at (0,22) size 105x21
            text run at (0,22) width 105: "Test 1 Passed"
          LayoutBR {BR} at (105,38) size 0x0
          LayoutText {#text} at (0,44) size 97x21
            text run at (0,44) width 97: "Test 2 Failed"
          LayoutBR {BR} at (97,60) size 0x0
        LayoutBlockFlow {PRE} at (0,81.59) size 780.81x36
          LayoutText {#text} at (0,0) size 1150x18
            text run at (0,0) width 1150: "     Expected: false,false,false,false,false,false,true,false,false,false,false,false,false,false,false,false,false"
          LayoutBR {BR} at (0,0) size 0x0
          LayoutText {#text} at (0,18) size 1130x18
            text run at (0,18) width 1130: "     Actual: false,false,false,false,false,true,false,false,false,false,false,false,false,false,false,false,false"
layer at (10,10) size 139x162 clip at (22,22) size 99x138 scrollHeight 370
  LayoutListBox {SELECT} at (0,0) size 138.78x162 [bgcolor=#FFFFFF] [border: (12px solid #000000)]
    LayoutBlockFlow {OPTION} at (24,24) size 75.78x20.38
      LayoutText {#text} at (2,0) size 27x18
        text run at (2,0) width 27: "one"
    LayoutBlockFlow {OPTION} at (24,44.38) size 75.78x20.38
      LayoutText {#text} at (2,0) size 25x18
        text run at (2,0) width 25: "two"
    LayoutBlockFlow {OPTION} at (24,64.75) size 75.78x20.38
      LayoutText {#text} at (2,0) size 36x18
        text run at (2,0) width 36: "three"
    LayoutBlockFlow {OPTION} at (24,85.13) size 75.78x20.38
      LayoutText {#text} at (2,0) size 27x18
        text run at (2,0) width 27: "four"
    LayoutBlockFlow {OPTION} at (24,105.50) size 75.78x20.38
      LayoutText {#text} at (2,0) size 25x18
        text run at (2,0) width 25: "five"
    LayoutBlockFlow {OPTION} at (24,125.88) size 75.78x20.38 [color=#FFFFCC] [bgcolor=#0000FF]
      LayoutText {#text} at (2,0) size 20x18
        text run at (2,0) width 20: "six"
    LayoutBlockFlow {OPTION} at (24,146.25) size 75.78x20.38
      LayoutText {#text} at (2,0) size 42x18
        text run at (2,0) width 42: "seven"
    LayoutBlockFlow {OPTION} at (24,166.63) size 75.78x20.38
      LayoutText {#text} at (2,0) size 35x18
        text run at (2,0) width 35: "eight"
    LayoutBlockFlow {OPTION} at (24,187) size 75.78x20.38
      LayoutText {#text} at (2,0) size 30x18
        text run at (2,0) width 30: "nine"
    LayoutBlockFlow {OPTION} at (24,207.38) size 75.78x20.38
      LayoutText {#text} at (2,0) size 22x18
        text run at (2,0) width 22: "ten"
    LayoutBlockFlow {OPTION} at (24,227.75) size 75.78x20.38
      LayoutText {#text} at (2,0) size 46x18
        text run at (2,0) width 46: "eleven"
    LayoutBlockFlow {OPTION} at (24,248.13) size 75.78x20.38
      LayoutText {#text} at (2,0) size 44x18
        text run at (2,0) width 44: "twelve"
    LayoutBlockFlow {OPTION} at (24,268.50) size 75.78x20.38
      LayoutText {#text} at (2,0) size 52x18
        text run at (2,0) width 52: "thirteen"
    LayoutBlockFlow {OPTION} at (24,288.88) size 75.78x20.38
      LayoutText {#text} at (2,0) size 57x18
        text run at (2,0) width 57: "fourteen"
    LayoutBlockFlow {OPTION} at (24,309.25) size 75.78x20.38
      LayoutText {#text} at (2,0) size 43x18
        text run at (2,0) width 43: "fifteen"
    LayoutBlockFlow {OPTION} at (24,329.63) size 75.78x20.38
      LayoutText {#text} at (2,0) size 50x18
        text run at (2,0) width 50: "sixteen"
    LayoutBlockFlow {OPTION} at (24,350) size 75.78x20.38
      LayoutText {#text} at (2,0) size 72x18
        text run at (2,0) width 72: "seventeen"
