layer at (0,0) size 800x600
  LayoutView at (0,0) size 800x600
layer at (0,0) size 800x600
  LayoutBlockFlow {HTML} at (0,0) size 800x600
    LayoutBlockFlow {BODY} at (8,8) size 784x584
      LayoutTable {TABLE} at (0,0) size 200x24
        LayoutTableSection {TBODY} at (0,0) size 200x24
          LayoutTableRow {TR} at (0,2) size 200x20
            LayoutTableCell {TD} at (2,2) size 60x20 [bgcolor=#FFFFCC] [r=0 c=0 rs=1 cs=1]
              LayoutText {#text} at (1,1) size 58x17
                text run at (1,1) width 58: "Cell One"
            LayoutTableCell {TD} at (64,2) size 62x20 [bgcolor=#FFFFCC] [r=0 c=1 rs=1 cs=1]
              LayoutText {#text} at (1,1) size 60x17
                text run at (1,1) width 60: "Cell Two"
            LayoutTableCell {TD} at (128,2) size 70x20 [bgcolor=#FFFFCC] [r=0 c=2 rs=1 cs=1]
              LayoutText {#text} at (1,1) size 68x17
                text run at (1,1) width 68: "Cell Three"
