layer at (0,0) size 800x600
  LayoutView at (0,0) size 800x600
layer at (0,0) size 800x600
  LayoutBlockFlow {HTML} at (0,0) size 800x600
    LayoutBlockFlow {BODY} at (8,8) size 784x584
      LayoutBlockFlow {P} at (0,0) size 784x18
        LayoutText {#text} at (0,0) size 55x17
          text run at (0,0) width 55: "Test for "
        LayoutInline {I} at (0,0) size 590x17
          LayoutInline {A} at (0,0) size 306x17 [color=#0000EE]
            LayoutText {#text} at (54,0) size 306x17
              text run at (54,0) width 306: "http://bugs.webkit.org/show_bug.cgi?id=12886"
          LayoutText {#text} at (359,0) size 285x17
            text run at (359,0) width 5: " "
            text run at (363,0) width 281: "Crash with Scriptalicious javascript library"
        LayoutText {#text} at (643,0) size 5x17
          text run at (643,0) width 5: "."
      LayoutBlockFlow {P} at (0,34) size 784x18
        LayoutText {#text} at (0,0) size 302x17
          text run at (0,0) width 302: "You should see two purple 100\x{D7}50 rectangles, "
        LayoutInline {EM} at (0,0) size 21x17
          LayoutText {#text} at (301,0) size 21x17
            text run at (301,0) width 21: "not"
        LayoutText {#text} at (321,0) size 155x17
          text run at (321,0) width 155: " a checkerboard pattern."
      LayoutTable {TABLE} at (0,68) size 100x300
        LayoutTableSection {TBODY} at (0,0) size 100x300
          LayoutTableRow {TR} at (0,0) size 100x150
            LayoutTableCell {TD} at (0,0) size 50x100 [r=0 c=0 rs=1 cs=1]
              LayoutBlockFlow {DIV} at (0,0) size 50x100
                LayoutBlockFlow {DIV} at (0,0) size 50x50
                  LayoutBlockFlow (floating) {DIV} at (0,0) size 50x25
                LayoutBlockFlow {DIV} at (0,50) size 50x50
                  LayoutBlockFlow {DIV} at (0,0) size 50x50 [bgcolor=#800080]
            LayoutTableCell {TD} at (50,0) size 50x100 [r=0 c=1 rs=1 cs=1]
              LayoutBlockFlow {DIV} at (0,0) size 50x100
                LayoutBlockFlow {DIV} at (0,0) size 50x50
                  LayoutBlockFlow (floating) {DIV} at (0,0) size 50x25
                LayoutBlockFlow {DIV} at (0,50) size 50x50
                  LayoutBlockFlow {DIV} at (0,0) size 50x50 [bgcolor=#800080]
          LayoutTableRow {TR} at (0,150) size 100x150
            LayoutTableCell {TD} at (0,150) size 50x50 [r=1 c=0 rs=1 cs=1]
              LayoutBlockFlow {DIV} at (0,0) size 50x50
                LayoutBlockFlow {DIV} at (0,0) size 50x0
                  LayoutBlockFlow (floating) {DIV} at (0,0) size 50x0
                LayoutBlockFlow {DIV} at (0,0) size 50x50
                  LayoutBlockFlow {DIV} at (0,0) size 50x50 [bgcolor=#800080]
            LayoutTableCell {TD} at (50,150) size 50x50 [r=1 c=1 rs=1 cs=1]
              LayoutBlockFlow {DIV} at (0,0) size 50x50 [bgcolor=#800080]
      LayoutBlockFlow {DIV} at (0,368) size 784x200
