layer at (0,0) size 800x600
  LayoutView at (0,0) size 800x600
layer at (0,0) size 800x600
  LayoutBlockFlow {HTML} at (0,0) size 800x600
    LayoutBlockFlow {BODY} at (8,8) size 784x584
      LayoutBlockFlow {P} at (0,0) size 784x36
        LayoutText {#text} at (0,0) size 55x17
          text run at (0,0) width 55: "Test for "
        LayoutInline {I} at (0,0) size 753x35
          LayoutInline {A} at (0,0) size 312x17 [color=#0000EE]
            LayoutText {#text} at (54,0) size 312x17
              text run at (54,0) width 312: "https://bugs.webkit.org/show_bug.cgi?id=19278"
          LayoutText {#text} at (365,0) size 753x35
            text run at (365,0) width 5: " "
            text run at (369,0) width 384: "REGRESSION (r31114-r31132): image float disappears on"
            text run at (0,18) width 46: "refresh"
        LayoutText {#text} at (45,18) size 5x17
          text run at (45,18) width 5: "."
      LayoutBlockFlow {DIV} at (0,52) size 784x72
        LayoutBlockFlow (anonymous) at (0,0) size 784x36
          LayoutText {#text} at (0,0) size 263x17
            text run at (0,0) width 263: "Somewhere on this page, there should be"
          LayoutBR {BR} at (262,14) size 1x0
          LayoutBR {BR} at (0,18) size 0x17
          LayoutBlockFlow (floating) {DIV} at (0,36) size 100x100 [bgcolor=#008000]
          LayoutText {#text} at (0,0) size 0x0
        LayoutBlockFlow {DIV} at (0,36) size 150x36
          LayoutText {#text} at (100,0) size 47x35
            text run at (100,0) width 47: "a green"
            text run at (100,18) width 46: "square."
