layer at (0,0) size 800x600 clip at (0,0) size 785x600 scrollHeight 678
  LayoutView at (0,0) size 800x600
layer at (0,0) size 785x678 backgroundClip at (0,0) size 785x600 clip at (0,0) size 785x600 outlineClip at (0,0) size 785x600
  LayoutBlockFlow {HTML} at (0,0) size 785x678
    LayoutBlockFlow {BODY} at (8,8) size 769x662
      LayoutBlockFlow {P} at (0,0) size 769x18
        LayoutText {#text} at (0,0) size 55x17
          text run at (0,0) width 55: "Test for "
        LayoutInline {I} at (0,0) size 640x17
          LayoutInline {A} at (0,0) size 306x17 [color=#0000EE]
            LayoutText {#text} at (54,0) size 306x17
              text run at (54,0) width 306: "http://bugs.webkit.org/show_bug.cgi?id=15362"
          LayoutText {#text} at (359,0) size 335x17
            text run at (359,0) width 5: " "
            text run at (363,0) width 331: "Safari Crashes when opening a JS TreeGrid widget"
        LayoutText {#text} at (693,0) size 5x17
          text run at (693,0) width 5: "."
      LayoutBlockFlow {P} at (0,34) size 769x72
        LayoutText {#text} at (0,0) size 766x71
          text run at (0,0) width 687: "The test sets up an inline parent with a child that is some kind of table part. The child gets broken off into a"
          text run at (0,18) width 742: "continuation and anonymous table parts get created below and/or above the table parts. Then the test tries to insert a"
          text run at (0,36) width 766: "new child into the inline, specifying the table part as the \"before child\". The resulting render tree should look just like it"
          text run at (0,54) width 238: "would look if the parent was a block."
      LayoutBlockFlow {DIV} at (0,122) size 769x36
        LayoutBlockFlow (anonymous) at (0,0) size 769x18
          LayoutInline {SPAN} at (0,0) size 130x17
            LayoutText {#text} at (0,0) size 42x17
              text run at (0,0) width 42: "Text..."
            LayoutText {#text} at (41,0) size 89x17
              text run at (41,0) width 89: "goes here and"
        LayoutBlockFlow (anonymous) at (0,18) size 769x18
          LayoutTable (anonymous) at (0,0) size 105x18
            LayoutTableSection (anonymous) at (0,0) size 105x18
              LayoutTableRow (anonymous) at (0,0) size 105x18
                LayoutTableCell {DIV} at (0,0) size 105x18 [r=0 c=0 rs=1 cs=1]
                  LayoutText {#text} at (0,0) size 105x17
                    text run at (0,0) width 105: "...continues here"
        LayoutBlockFlow (anonymous) at (0,36) size 769x0
          LayoutInline {SPAN} at (0,0) size 0x0
      LayoutBlockFlow {DIV} at (0,158) size 769x36
        LayoutBlockFlow (anonymous) at (0,0) size 769x18
          LayoutInline {SPAN} at (0,0) size 42x17
            LayoutText {#text} at (0,0) size 42x17
              text run at (0,0) width 42: "Text..."
        LayoutBlockFlow (anonymous) at (0,18) size 769x18
          LayoutTable (anonymous) at (0,0) size 105x18
            LayoutTableSection (anonymous) at (0,0) size 105x18
              LayoutTableRow (anonymous) at (0,0) size 105x18
                LayoutTableCell {TD} at (0,0) size 0x0 [r=0 c=0 rs=1 cs=1]
                LayoutTableCell {DIV} at (0,0) size 105x18 [r=0 c=1 rs=1 cs=1]
                  LayoutText {#text} at (0,0) size 105x17
                    text run at (0,0) width 105: "...continues here"
        LayoutBlockFlow (anonymous) at (0,36) size 769x0
          LayoutInline {SPAN} at (0,0) size 0x0
      LayoutBlockFlow {DIV} at (0,194) size 769x36
        LayoutBlockFlow (anonymous) at (0,0) size 769x18
          LayoutInline {SPAN} at (0,0) size 42x17
            LayoutText {#text} at (0,0) size 42x17
              text run at (0,0) width 42: "Text..."
        LayoutBlockFlow (anonymous) at (0,18) size 769x18
          LayoutTable (anonymous) at (0,0) size 105x18
            LayoutTableSection (anonymous) at (0,0) size 105x18
              LayoutTableRow {TR} at (0,0) size 105x0
              LayoutTableRow (anonymous) at (0,0) size 105x18
                LayoutTableCell {DIV} at (0,0) size 105x18 [r=1 c=0 rs=1 cs=1]
                  LayoutText {#text} at (0,0) size 105x17
                    text run at (0,0) width 105: "...continues here"
        LayoutBlockFlow (anonymous) at (0,36) size 769x0
          LayoutInline {SPAN} at (0,0) size 0x0
      LayoutBlockFlow {DIV} at (0,230) size 769x36
        LayoutBlockFlow (anonymous) at (0,0) size 769x18
          LayoutInline {SPAN} at (0,0) size 42x17
            LayoutText {#text} at (0,0) size 42x17
              text run at (0,0) width 42: "Text..."
            LayoutInline {SPAN} at (0,0) size 1x17
        LayoutBlockFlow (anonymous) at (0,18) size 769x18
          LayoutTable (anonymous) at (0,0) size 105x18
            LayoutTableSection (anonymous) at (0,0) size 105x18
              LayoutTableRow (anonymous) at (0,0) size 105x18
                LayoutTableCell {DIV} at (0,0) size 105x18 [r=0 c=0 rs=1 cs=1]
                  LayoutText {#text} at (0,0) size 105x17
                    text run at (0,0) width 105: "...continues here"
        LayoutBlockFlow (anonymous) at (0,36) size 769x0
          LayoutInline {SPAN} at (0,0) size 0x0
      LayoutBlockFlow {DIV} at (0,266) size 769x36
        LayoutBlockFlow (anonymous) at (0,0) size 769x18
          LayoutInline {SPAN} at (0,0) size 42x17
            LayoutText {#text} at (0,0) size 42x17
              text run at (0,0) width 42: "Text..."
        LayoutBlockFlow (anonymous) at (0,18) size 769x18
          LayoutBlockFlow {DIV} at (0,0) size 769x0
          LayoutTable (anonymous) at (0,0) size 105x18
            LayoutTableSection (anonymous) at (0,0) size 105x18
              LayoutTableRow (anonymous) at (0,0) size 105x18
                LayoutTableCell {DIV} at (0,0) size 105x18 [r=0 c=0 rs=1 cs=1]
                  LayoutText {#text} at (0,0) size 105x17
                    text run at (0,0) width 105: "...continues here"
        LayoutBlockFlow (anonymous) at (0,36) size 769x0
          LayoutInline {SPAN} at (0,0) size 0x0
      LayoutBlockFlow {DIV} at (0,302) size 769x36
        LayoutBlockFlow (anonymous) at (0,0) size 769x18
          LayoutInline {SPAN} at (0,0) size 130x17
            LayoutText {#text} at (0,0) size 42x17
              text run at (0,0) width 42: "Text..."
            LayoutText {#text} at (41,0) size 89x17
              text run at (41,0) width 89: "goes here and"
        LayoutBlockFlow (anonymous) at (0,18) size 769x18
          LayoutTable (anonymous) at (0,0) size 105x18
            LayoutTableSection (anonymous) at (0,0) size 105x18
              LayoutTableRow {DIV} at (0,0) size 105x18
                LayoutTableCell (anonymous) at (0,0) size 105x18 [r=0 c=0 rs=1 cs=1]
                  LayoutText {#text} at (0,0) size 105x17
                    text run at (0,0) width 105: "...continues here"
        LayoutBlockFlow (anonymous) at (0,36) size 769x0
          LayoutInline {SPAN} at (0,0) size 0x0
      LayoutBlockFlow {DIV} at (0,338) size 769x36
        LayoutBlockFlow (anonymous) at (0,0) size 769x18
          LayoutInline {SPAN} at (0,0) size 42x17
            LayoutText {#text} at (0,0) size 42x17
              text run at (0,0) width 42: "Text..."
        LayoutBlockFlow (anonymous) at (0,18) size 769x18
          LayoutTable (anonymous) at (0,0) size 105x18
            LayoutTableSection (anonymous) at (0,0) size 105x18
              LayoutTableRow (anonymous) at (0,0) size 105x0
                LayoutTableCell {TD} at (0,0) size 105x0 [r=0 c=0 rs=1 cs=1]
              LayoutTableRow {DIV} at (0,0) size 105x18
                LayoutTableCell (anonymous) at (0,0) size 105x18 [r=1 c=0 rs=1 cs=1]
                  LayoutText {#text} at (0,0) size 105x17
                    text run at (0,0) width 105: "...continues here"
        LayoutBlockFlow (anonymous) at (0,36) size 769x0
          LayoutInline {SPAN} at (0,0) size 0x0
      LayoutBlockFlow {DIV} at (0,374) size 769x36
        LayoutBlockFlow (anonymous) at (0,0) size 769x18
          LayoutInline {SPAN} at (0,0) size 42x17
            LayoutText {#text} at (0,0) size 42x17
              text run at (0,0) width 42: "Text..."
        LayoutBlockFlow (anonymous) at (0,18) size 769x18
          LayoutTable (anonymous) at (0,0) size 105x18
            LayoutTableSection (anonymous) at (0,0) size 105x18
              LayoutTableRow {TR} at (0,0) size 105x0
              LayoutTableRow {DIV} at (0,0) size 105x18
                LayoutTableCell (anonymous) at (0,0) size 105x18 [r=1 c=0 rs=1 cs=1]
                  LayoutText {#text} at (0,0) size 105x17
                    text run at (0,0) width 105: "...continues here"
        LayoutBlockFlow (anonymous) at (0,36) size 769x0
          LayoutInline {SPAN} at (0,0) size 0x0
      LayoutBlockFlow {DIV} at (0,410) size 769x36
        LayoutBlockFlow (anonymous) at (0,0) size 769x18
          LayoutInline {SPAN} at (0,0) size 42x17
            LayoutText {#text} at (0,0) size 42x17
              text run at (0,0) width 42: "Text..."
            LayoutInline {SPAN} at (0,0) size 1x17
        LayoutBlockFlow (anonymous) at (0,18) size 769x18
          LayoutTable (anonymous) at (0,0) size 105x18
            LayoutTableSection (anonymous) at (0,0) size 105x18
              LayoutTableRow {DIV} at (0,0) size 105x18
                LayoutTableCell (anonymous) at (0,0) size 105x18 [r=0 c=0 rs=1 cs=1]
                  LayoutText {#text} at (0,0) size 105x17
                    text run at (0,0) width 105: "...continues here"
        LayoutBlockFlow (anonymous) at (0,36) size 769x0
          LayoutInline {SPAN} at (0,0) size 0x0
      LayoutBlockFlow {DIV} at (0,446) size 769x36
        LayoutBlockFlow (anonymous) at (0,0) size 769x18
          LayoutInline {SPAN} at (0,0) size 42x17
            LayoutText {#text} at (0,0) size 42x17
              text run at (0,0) width 42: "Text..."
        LayoutBlockFlow (anonymous) at (0,18) size 769x18
          LayoutBlockFlow {DIV} at (0,0) size 769x0
          LayoutTable (anonymous) at (0,0) size 105x18
            LayoutTableSection (anonymous) at (0,0) size 105x18
              LayoutTableRow {DIV} at (0,0) size 105x18
                LayoutTableCell (anonymous) at (0,0) size 105x18 [r=0 c=0 rs=1 cs=1]
                  LayoutText {#text} at (0,0) size 105x17
                    text run at (0,0) width 105: "...continues here"
        LayoutBlockFlow (anonymous) at (0,36) size 769x0
          LayoutInline {SPAN} at (0,0) size 0x0
      LayoutBlockFlow {DIV} at (0,482) size 769x36
        LayoutBlockFlow (anonymous) at (0,0) size 769x18
          LayoutInline {SPAN} at (0,0) size 130x17
            LayoutText {#text} at (0,0) size 42x17
              text run at (0,0) width 42: "Text..."
            LayoutText {#text} at (41,0) size 89x17
              text run at (41,0) width 89: "goes here and"
        LayoutBlockFlow (anonymous) at (0,18) size 769x18
          LayoutTable (anonymous) at (0,0) size 105x18
            LayoutTableSection {DIV} at (0,0) size 105x18
              LayoutTableRow (anonymous) at (0,0) size 105x18
                LayoutTableCell (anonymous) at (0,0) size 105x18 [r=0 c=0 rs=1 cs=1]
                  LayoutText {#text} at (0,0) size 105x17
                    text run at (0,0) width 105: "...continues here"
        LayoutBlockFlow (anonymous) at (0,36) size 769x0
          LayoutInline {SPAN} at (0,0) size 0x0
      LayoutBlockFlow {DIV} at (0,518) size 769x36
        LayoutBlockFlow (anonymous) at (0,0) size 769x18
          LayoutInline {SPAN} at (0,0) size 42x17
            LayoutText {#text} at (0,0) size 42x17
              text run at (0,0) width 42: "Text..."
        LayoutBlockFlow (anonymous) at (0,18) size 769x18
          LayoutTable (anonymous) at (0,0) size 105x18
            LayoutTableSection (anonymous) at (0,0) size 105x0
              LayoutTableRow (anonymous) at (0,0) size 105x0
                LayoutTableCell {TD} at (0,0) size 105x0 [r=0 c=0 rs=1 cs=1]
            LayoutTableSection {DIV} at (0,0) size 105x18
              LayoutTableRow (anonymous) at (0,0) size 105x18
                LayoutTableCell (anonymous) at (0,0) size 105x18 [r=0 c=0 rs=1 cs=1]
                  LayoutText {#text} at (0,0) size 105x17
                    text run at (0,0) width 105: "...continues here"
        LayoutBlockFlow (anonymous) at (0,36) size 769x0
          LayoutInline {SPAN} at (0,0) size 0x0
      LayoutBlockFlow {DIV} at (0,554) size 769x36
        LayoutBlockFlow (anonymous) at (0,0) size 769x18
          LayoutInline {SPAN} at (0,0) size 42x17
            LayoutText {#text} at (0,0) size 42x17
              text run at (0,0) width 42: "Text..."
        LayoutBlockFlow (anonymous) at (0,18) size 769x18
          LayoutTable (anonymous) at (0,0) size 105x18
            LayoutTableSection (anonymous) at (0,0) size 105x0
              LayoutTableRow {TR} at (0,0) size 105x0
            LayoutTableSection {DIV} at (0,0) size 105x18
              LayoutTableRow (anonymous) at (0,0) size 105x18
                LayoutTableCell (anonymous) at (0,0) size 105x18 [r=0 c=0 rs=1 cs=1]
                  LayoutText {#text} at (0,0) size 105x17
                    text run at (0,0) width 105: "...continues here"
        LayoutBlockFlow (anonymous) at (0,36) size 769x0
          LayoutInline {SPAN} at (0,0) size 0x0
      LayoutBlockFlow {DIV} at (0,590) size 769x36
        LayoutBlockFlow (anonymous) at (0,0) size 769x18
          LayoutInline {SPAN} at (0,0) size 42x17
            LayoutText {#text} at (0,0) size 42x17
              text run at (0,0) width 42: "Text..."
            LayoutInline {SPAN} at (0,0) size 1x17
        LayoutBlockFlow (anonymous) at (0,18) size 769x18
          LayoutTable (anonymous) at (0,0) size 105x18
            LayoutTableSection {DIV} at (0,0) size 105x18
              LayoutTableRow (anonymous) at (0,0) size 105x18
                LayoutTableCell (anonymous) at (0,0) size 105x18 [r=0 c=0 rs=1 cs=1]
                  LayoutText {#text} at (0,0) size 105x17
                    text run at (0,0) width 105: "...continues here"
        LayoutBlockFlow (anonymous) at (0,36) size 769x0
          LayoutInline {SPAN} at (0,0) size 0x0
      LayoutBlockFlow {DIV} at (0,626) size 769x36
        LayoutBlockFlow (anonymous) at (0,0) size 769x18
          LayoutInline {SPAN} at (0,0) size 42x17
            LayoutText {#text} at (0,0) size 42x17
              text run at (0,0) width 42: "Text..."
        LayoutBlockFlow (anonymous) at (0,18) size 769x18
          LayoutBlockFlow {DIV} at (0,0) size 769x0
          LayoutTable (anonymous) at (0,0) size 105x18
            LayoutTableSection {DIV} at (0,0) size 105x18
              LayoutTableRow (anonymous) at (0,0) size 105x18
                LayoutTableCell (anonymous) at (0,0) size 105x18 [r=0 c=0 rs=1 cs=1]
                  LayoutText {#text} at (0,0) size 105x17
                    text run at (0,0) width 105: "...continues here"
        LayoutBlockFlow (anonymous) at (0,36) size 769x0
          LayoutInline {SPAN} at (0,0) size 0x0
