layer at (0,0) size 800x600
  LayoutView at (0,0) size 800x600
layer at (0,0) size 800x600
  LayoutBlockFlow {HTML} at (0,0) size 800x600
    LayoutBlockFlow {BODY} at (8,8) size 784x584
      LayoutBlockFlow {DIV} at (0,0) size 186x135 [border: (3px solid #0000FF)]
        LayoutText {#text} at (3,4) size 168x127
          text run at (3,4) width 168: "\x{D83C}\x{DDEF}\x{D83C}\x{DDF5}\x{D83C}\x{DDEF}\x{D83C}\x{DDF5}\x{D83C}\x{DDEF}\x{D83C}\x{DDF5}"
          text run at (3,47) width 168: "\x{D83C}\x{DDEF}\x{D83C}\x{DDF5}\x{D83C}\x{DDEF}\x{D83C}\x{DDF5}\x{D83C}\x{DDEF}\x{D83C}\x{DDF5}"
          text run at (3,90) width 112: "\x{D83C}\x{DDEF}\x{D83C}\x{DDF5}\x{D83C}\x{DDEF}\x{D83C}\x{DDF5}"
