EDITING DELEGATE: webViewDidChangeSelection:WebViewDidChangeSelectionNotification
EDITING DELEGATE: webViewDidChangeSelection:WebViewDidChangeSelectionNotification
EDITING DELEGATE: webViewDidChange:WebViewDidChangeNotification
layer at (0,0) size 800x600
  LayoutView at (0,0) size 800x600
layer at (0,0) size 800x600
  LayoutBlockFlow {HTML} at (0,0) size 800x600
    LayoutBlockFlow {BODY} at (8,8) size 784x576
      LayoutBlockFlow {P} at (0,0) size 784x20
        LayoutText {#text} at (0,0) size 271x19
          text run at (0,0) width 271: "Outdenting a sublist should remove one level."
      LayoutBlockFlow {DIV} at (0,36) size 784x20
        LayoutBlockFlow {UL} at (0,0) size 784x20
          LayoutListItem {LI} at (40,0) size 744x20
            LayoutListMarker (anonymous) at (-18,0) size 7x19: bullet
            LayoutText {#text} at (0,0) size 20x19
              text run at (0,0) width 20: "foo"
caret: position 0 of child 0 {#text} of child 0 {LI} of child 0 {UL} of child 3 {DIV} of body
