EDITING DELEGATE: webViewDidChangeSelection:WebViewDidChangeSelectionNotification
EDITING DELEGATE: webViewDidChangeSelection:WebViewDidChangeSelectionNotification
EDITING DELEGATE: webViewDidChangeSelection:WebViewDidChangeSelectionNotification
EDITING DELEGATE: webViewDidChangeSelection:WebViewDidChangeSelectionNotification
EDITING DELEGATE: webViewDidChange:WebViewDidChangeNotification
layer at (0,0) size 800x600
  LayoutView at (0,0) size 800x600
layer at (0,0) size 800x600
  LayoutBlockFlow {HTML} at (0,0) size 800x600
    LayoutBlockFlow {BODY} at (8,8) size 784x584
      LayoutBlockFlow {P} at (0,0) size 784x40
        LayoutText {#text} at (0,0) size 756x39
          text run at (0,0) width 756: "This tests for a bug in createMarkup (markup for ancestors of the start of the selection wasn't being added to the pasteboard)."
          text run at (0,20) width 319: "You should see the same thing in both regions below."
      LayoutBlockFlow {P} at (0,56) size 784x20
        LayoutInline {B} at (0,0) size 430x19
          LayoutText {#text} at (0,0) size 430x19
            text run at (0,0) width 430: "This demonstrates a bug: 'foo' is pulled out of its bordered block."
      LayoutBlockFlow {DIV} at (0,92) size 784x79
        LayoutBlockFlow {DIV} at (5,0) size 774x54 [border: (1px solid #FF0000)]
          LayoutBlockFlow (anonymous) at (1,1) size 772x20
            LayoutText {#text} at (0,0) size 20x19
              text run at (0,0) width 20: "foo"
          LayoutBlockFlow {DIV} at (6,26) size 762x22 [border: (1px solid #0000FF)]
            LayoutText {#text} at (1,1) size 20x19
              text run at (1,1) width 20: "bar"
        LayoutBlockFlow (anonymous) at (0,59) size 784x20
          LayoutText {#text} at (0,0) size 21x19
            text run at (0,0) width 21: "baz"
      LayoutBlockFlow {DIV} at (0,176) size 784x79
        LayoutBlockFlow {DIV} at (5,0) size 774x54 [border: (1px solid #FF0000)]
          LayoutBlockFlow (anonymous) at (1,1) size 772x20
            LayoutText {#text} at (0,0) size 20x19
              text run at (0,0) width 20: "foo"
          LayoutBlockFlow {DIV} at (6,26) size 762x22 [border: (1px solid #0000FF)]
            LayoutText {#text} at (1,1) size 20x19
              text run at (1,1) width 20: "bar"
        LayoutBlockFlow (anonymous) at (0,59) size 784x20
          LayoutText {#text} at (0,0) size 21x19
            text run at (0,0) width 21: "baz"
caret: position 3 of child 1 {#text} of child 6 {DIV} of body
