layer at (0,0) size 800x600
  LayoutView at (0,0) size 800x600
layer at (0,0) size 800x600
  LayoutBlockFlow {HTML} at (0,0) size 800x600
    LayoutBlockFlow {BODY} at (8,8) size 784x584
      LayoutBlockFlow {P} at (0,0) size 784x40
        LayoutText {#text} at (0,0) size 718x39
          text run at (0,0) width 391: "This tests smart paste of a fragment that ends in a select element. "
          text run at (391,0) width 327: "There should be no spaces added because the paste is"
          text run at (0,20) width 205: "performed in an empty paragraph."
      LayoutBlockFlow {DIV} at (0,56) size 784x20
        LayoutText {#text} at (0,0) size 20x19
          text run at (0,0) width 20: "foo"
        LayoutMenuList {SELECT} at (20,0) size 32x20 [bgcolor=#C0C0C0] [border: (1px solid #A9A9A9)]
          LayoutBlockFlow (anonymous) at (1,1) size 30x18
            LayoutText (anonymous) at (4,1) size 7x16
              text run at (4,1) width 7: "1"
      LayoutBlockFlow {DIV} at (0,76) size 784x20
        LayoutText {#text} at (0,0) size 20x19
          text run at (0,0) width 20: "foo"
        LayoutMenuList {SELECT} at (20,0) size 32x20 [bgcolor=#C0C0C0] [border: (1px solid #A9A9A9)]
          LayoutBlockFlow (anonymous) at (1,1) size 30x18
            LayoutText (anonymous) at (4,1) size 7x16
              text run at (4,1) width 7: "1"
caret: position 3 of child 1 {SELECT} of child 4 {DIV} of body
