layer at (0,0) size 800x600
  LayoutView at (0,0) size 800x600
layer at (0,0) size 800x212
  LayoutBlockFlow {HTML} at (0,0) size 800x212.44
    LayoutBlockFlow {BODY} at (8,18.72) size 784x185.72
      LayoutBlockFlow {H3} at (0,0) size 784x23
        LayoutText {#text} at (0,0) size 764x22
          text run at (0,0) width 764: "The glyph for JHA should look different for Nepali and Hindi, depending on the lang attribute."
      LayoutBlockFlow {P} at (0,41.72) size 784x28
        LayoutText {#text} at (0,4) size 88x21
          text run at (0,4) width 88: "Hindi:JHA \x{91D}"
      LayoutBlockFlow (anonymous) at (0,85.72) size 784x20
        LayoutBR {BR} at (0,0) size 0x19
      LayoutBlockFlow {P} at (0,121.72) size 784x28
        LayoutText {#text} at (0,4) size 100x21
          text run at (0,4) width 100: "Nepali:JHA \x{91D}"
      LayoutBlockFlow (anonymous) at (0,165.72) size 784x20
        LayoutBR {BR} at (0,0) size 0x19
