layer at (0,0) size 800x600
  LayoutView at (0,0) size 800x600
layer at (0,0) size 800x600
  LayoutBlockFlow {HTML} at (0,0) size 800x600
    LayoutBlockFlow {BODY} at (8,8) size 784x584
      LayoutBlockFlow {DIV} at (0,0) size 186x88 [border: (3px solid #0000FF)]
        LayoutText {#text} at (3,3) size 156x82
          text run at (3,3) width 156: "\x{D835}\x{DC9E}\x{D835}\x{DC9E}\x{D835}\x{DC9E}\x{D835}\x{DC9E}\x{D835}\x{DC9E}\x{D835}\x{DC9E}"
          text run at (3,44) width 104: "\x{D835}\x{DC9E}\x{D835}\x{DC9E}\x{D835}\x{DC9E}\x{D835}\x{DC9E}"
