layer at (0,0) size 800x600
  LayoutView at (0,0) size 800x600
layer at (0,0) size 800x600
  LayoutBlockFlow {HTML} at (0,0) size 800x600
    LayoutBlockFlow {BODY} at (8,8) size 784x584
      LayoutTable {TABLE} at (0,0) size 46x100 [border: (1px outset #808080)]
        LayoutTableSection {TBODY} at (1,1) size 44x98
          LayoutTableRow {TR} at (0,2) size 44x94
            LayoutTableCell {TD} at (2,11) size 40x76 [border: (1px inset #808080)] [r=0 c=0 rs=1 cs=1]
layer at (13,22) size 36x72 clip at (16,25) size 30x66
  LayoutBlockFlow {DIV} at (2,2) size 36x72 [border: (3px solid #000000)]
    LayoutText {#text} at (3,3) size 30x17
      text run at (3,3) width 30: "Text"
