layer at (0,0) size 800x600
  LayoutView at (0,0) size 800x600
layer at (0,0) size 800x600
  LayoutBlockFlow {HTML} at (0,0) size 800x600
    LayoutBlockFlow {BODY} at (0,0) size 800x600
      LayoutTable (floating) {TABLE} at (0,0) size 111x36 [bgcolor=#0000FF]
        LayoutTableSection {TBODY} at (0,0) size 111x36
          LayoutTableRow {TR} at (0,0) size 111x36
            LayoutTableCell {TD} at (0,0) size 111x36 [r=0 c=0 rs=1 cs=1]
              LayoutText {#text} at (0,0) size 68x17
                text run at (0,0) width 68: "Left Table"
              LayoutBR {BR} at (67,14) size 1x0
              LayoutText {#text} at (0,18) size 111x17
                text run at (0,18) width 111: "ALIGN=\"LEFT\""
              LayoutBR {BR} at (110,32) size 1x0
      LayoutTable (floating) {TABLE} at (111,0) size 111x36 [bgcolor=#0000FF]
        LayoutTableSection {TBODY} at (0,0) size 111x36
          LayoutTableRow {TR} at (0,0) size 111x36
            LayoutTableCell {TD} at (0,0) size 111x36 [r=0 c=0 rs=1 cs=1]
              LayoutText {#text} at (0,0) size 84x17
                text run at (0,0) width 84: "Center Table"
              LayoutBR {BR} at (83,14) size 1x0
              LayoutText {#text} at (0,18) size 111x17
                text run at (0,18) width 111: "ALIGN=\"LEFT\""
              LayoutBR {BR} at (110,32) size 1x0
      LayoutTable (floating) {TABLE} at (222,0) size 111x36 [bgcolor=#0000FF]
        LayoutTableSection {TBODY} at (0,0) size 111x36
          LayoutTableRow {TR} at (0,0) size 111x36
            LayoutTableCell {TD} at (0,0) size 111x36 [r=0 c=0 rs=1 cs=1]
              LayoutText {#text} at (0,0) size 76x17
                text run at (0,0) width 76: "Right Table"
              LayoutBR {BR} at (75,14) size 1x0
              LayoutText {#text} at (0,18) size 111x17
                text run at (0,18) width 111: "ALIGN=\"LEFT\""
              LayoutBR {BR} at (110,32) size 1x0
      LayoutBR {BR} at (333,0) size 0x17
      LayoutBR {BR} at (0,36) size 0x17
      LayoutText {#text} at (0,54) size 494x17
        text run at (0,54) width 494: "The three tables above should abut each other. (in NN3/4 and IE4/5 they do)."
