layer at (0,0) size 800x600
  LayoutView at (0,0) size 800x600
layer at (0,0) size 800x600
  LayoutBlockFlow {HTML} at (0,0) size 800x600
    LayoutBlockFlow {BODY} at (8,8) size 784x584 [bgcolor=#FFFFFF]
      LayoutTable {TABLE} at (0,0) size 360x92 [border: (1px outset #808080)]
        LayoutTableSection {TBODY} at (1,1) size 358x90
          LayoutTableRow {TR} at (0,2) size 358x86
            LayoutTableCell {TD} at (2,2) size 354x86 [border: (1px inset #808080)] [r=0 c=0 rs=1 cs=1]
              LayoutTable {TABLE} at (2,2) size 350x82 [bgcolor=#FFCC99] [border: (1px outset #808080)]
                LayoutTableSection {TBODY} at (1,1) size 348x80
                  LayoutTableRow {TR} at (0,2) size 348x76
                    LayoutTableCell {TD} at (2,13) size 247x54 [border: (1px inset #808080)] [r=0 c=0 rs=1 cs=2]
                      LayoutInline {B} at (0,0) size 101x17
                        LayoutText {#text} at (2,2) size 101x17
                          text run at (2,2) width 101: "Contact MPG:"
                      LayoutText {#text} at (102,2) size 5x17
                        text run at (102,2) width 5: " "
                      LayoutBR {BR} at (0,0) size 0x0
                      LayoutInline {FONT} at (0,0) size 237x31
                        LayoutInline {B} at (0,0) size 148x15
                          LayoutInline {A} at (0,0) size 148x15 [color=#551A8B]
                            LayoutText {#text} at (2,20) size 148x15
                              text run at (2,20) width 34: "Click "
                              text run at (36,20) width 114: "here to email full list"
                        LayoutText {#text} at (150,20) size 73x15
                          text run at (150,20) width 73: ", or copy this "
                        LayoutInline {A} at (0,0) size 237x31 [color=#551A8B]
                          LayoutText {#text} at (223,20) size 237x31
                            text run at (223,20) width 16: "list"
                            text run at (2,36) width 68: "of addresses"
                        LayoutText {#text} at (70,36) size 38x15
                          text run at (70,36) width 38: ".  View "
                        LayoutInline {A} at (0,0) size 82x15 [color=#551A8B]
                          LayoutText {#text} at (108,36) size 82x15
                            text run at (108,36) width 82: "Who is in MPG"
                        LayoutText {#text} at (190,36) size 3x15
                          text run at (190,36) width 3: "."
                      LayoutText {#text} at (0,0) size 0x0
                    LayoutTableCell {TD} at (251,2) size 95x76 [border: (1px inset #808080)] [r=0 c=2 rs=1 cs=1]
                      LayoutInline {B} at (0,0) size 85x17
                        LayoutText {#text} at (2,2) size 85x17
                          text run at (2,2) width 85: "MPG Rules:"
                      LayoutText {#text} at (86,2) size 5x17
                        text run at (86,2) width 5: " "
                      LayoutBR {BR} at (0,0) size 0x0
                      LayoutText {#text} at (2,20) size 60x53
                        text run at (2,20) width 60: "Not at all"
                        text run at (2,38) width 46: "serious"
                        text run at (2,56) width 50: "bylaws."
