layer at (0,0) size 800x600
  LayoutView at (0,0) size 800x600
layer at (0,0) size 800x407
  LayoutBlockFlow {HTML} at (0,0) size 800x407.19
    LayoutBlockFlow {BODY} at (8,16) size 784x20
      LayoutBlockFlow {P} at (0,0) size 784x20
        LayoutText {#text} at (0,0) size 470x19
          text run at (0,0) width 470: "In all the following boxes, the fuchsia diamond should be surrounded by a ring."
      LayoutBlockFlow (floating) {DIV} at (1.80,37.80) size 81x56 [border: (3px solid #000000)]
        LayoutBlockFlow {DIV} at (3,3) size 75x50 [bgcolor=#FFFFCC]
          LayoutBlockFlow {DIV} at (8,8) size 59x34
      LayoutBlockFlow (floating) {DIV} at (86.39,37.80) size 81x56 [border: (3px solid #000000)]
        LayoutBlockFlow {DIV} at (3,3) size 75x50 [bgcolor=#FFFFCC]
          LayoutBlockFlow {DIV} at (8,8) size 59x34
      LayoutBlockFlow (floating) {DIV} at (170.98,37.80) size 81x56 [border: (3px solid #000000)]
        LayoutBlockFlow {DIV} at (3,3) size 75x50 [bgcolor=#FFFFCC]
          LayoutBlockFlow {DIV} at (8,8) size 59x34
      LayoutBlockFlow (floating) {DIV} at (255.58,37.80) size 81x56 [border: (3px solid #000000)]
        LayoutBlockFlow {DIV} at (3,3) size 75x50 [bgcolor=#FFFFCC]
          LayoutBlockFlow {DIV} at (8,8) size 59x34
      LayoutBlockFlow (floating) {DIV} at (340.17,37.80) size 81x56 [border: (3px solid #000000)]
        LayoutBlockFlow {DIV} at (3,3) size 75x50 [bgcolor=#FFFFCC]
          LayoutBlockFlow {DIV} at (8,8) size 59x34
      LayoutBlockFlow (floating) {DIV} at (424.77,37.80) size 81x56 [border: (3px solid #000000)]
        LayoutBlockFlow {DIV} at (3,3) size 75x50 [bgcolor=#FFFFCC]
          LayoutBlockFlow {DIV} at (8,8) size 59x34
      LayoutBlockFlow (floating) {DIV} at (509.36,37.80) size 81x56 [border: (3px solid #000000)]
        LayoutBlockFlow {DIV} at (3,3) size 75x50 [bgcolor=#FFFFCC]
          LayoutBlockFlow {DIV} at (8,8) size 59x34
      LayoutBlockFlow (floating) {DIV} at (593.95,37.80) size 81x56 [border: (3px solid #000000)]
        LayoutBlockFlow {DIV} at (3,3) size 75x50 [bgcolor=#FFFFCC]
          LayoutBlockFlow {DIV} at (8,8) size 59x34
      LayoutBlockFlow (floating) {DIV} at (678.55,37.80) size 81x56 [border: (3px solid #000000)]
        LayoutBlockFlow {DIV} at (3,3) size 75x50 [bgcolor=#FFFFCC]
          LayoutBlockFlow {DIV} at (8,8) size 59x34
      LayoutBlockFlow (floating) {DIV} at (1.80,97.39) size 81x56 [border: (3px solid #000000)]
        LayoutBlockFlow {DIV} at (3,3) size 75x50 [bgcolor=#FFFFCC]
          LayoutBlockFlow {DIV} at (8,8) size 59x34
      LayoutBlockFlow (floating) {DIV} at (86.39,97.39) size 81x56 [border: (3px solid #000000)]
        LayoutBlockFlow {DIV} at (3,3) size 75x50 [bgcolor=#FFFFCC]
          LayoutBlockFlow {DIV} at (8,8) size 59x34
      LayoutBlockFlow (floating) {DIV} at (170.98,97.39) size 81x56 [border: (3px solid #000000)]
        LayoutBlockFlow {DIV} at (3,3) size 75x50 [bgcolor=#FFFFCC]
          LayoutBlockFlow {DIV} at (8,8) size 59x34
      LayoutBlockFlow (floating) {DIV} at (255.58,97.39) size 81x56 [border: (3px solid #000000)]
        LayoutBlockFlow {DIV} at (3,3) size 75x50 [bgcolor=#FFFFCC]
          LayoutBlockFlow {DIV} at (8,8) size 59x34
      LayoutBlockFlow (floating) {DIV} at (340.17,97.39) size 81x56 [border: (3px solid #000000)]
        LayoutBlockFlow {DIV} at (3,3) size 75x50 [bgcolor=#FFFFCC]
          LayoutBlockFlow {DIV} at (8,8) size 59x34
      LayoutBlockFlow (floating) {DIV} at (424.77,97.39) size 81x56 [border: (3px solid #000000)]
        LayoutBlockFlow {DIV} at (3,3) size 75x50 [bgcolor=#FFFFCC]
          LayoutBlockFlow {DIV} at (8,8) size 59x34
      LayoutBlockFlow (floating) {DIV} at (509.36,97.39) size 81x56 [border: (3px solid #000000)]
        LayoutBlockFlow {DIV} at (3,3) size 75x50 [bgcolor=#FFFFCC]
          LayoutBlockFlow {DIV} at (8,8) size 59x34
      LayoutBlockFlow (floating) {DIV} at (593.95,97.39) size 81x56 [border: (3px solid #000000)]
        LayoutBlockFlow {DIV} at (3,3) size 75x50 [bgcolor=#FFFFCC]
          LayoutBlockFlow {DIV} at (8,8) size 59x34
      LayoutBlockFlow (floating) {DIV} at (678.55,97.39) size 81x56 [border: (3px solid #000000)]
        LayoutBlockFlow {DIV} at (3,3) size 75x50 [bgcolor=#FFFFCC]
          LayoutBlockFlow {DIV} at (8,8) size 59x34
      LayoutBlockFlow (floating) {DIV} at (1.80,156.39) size 81x56 [border: (3px solid #000000)]
        LayoutBlockFlow {DIV} at (3,3) size 75x50 [bgcolor=#FFFFCC]
          LayoutBlockFlow {DIV} at (8,8) size 59x34
      LayoutBlockFlow (floating) {DIV} at (86.39,156.39) size 81x56 [border: (3px solid #000000)]
        LayoutBlockFlow {DIV} at (3,3) size 75x50 [bgcolor=#FFFFCC]
          LayoutBlockFlow {DIV} at (8,8) size 59x34
      LayoutBlockFlow (floating) {DIV} at (170.98,156.39) size 81x56 [border: (3px solid #000000)]
        LayoutBlockFlow {DIV} at (3,3) size 75x50 [bgcolor=#FFFFCC]
          LayoutBlockFlow {DIV} at (8,8) size 59x34
      LayoutBlockFlow (floating) {DIV} at (255.58,156.39) size 81x56 [border: (3px solid #000000)]
        LayoutBlockFlow {DIV} at (3,3) size 75x50 [bgcolor=#FFFFCC]
          LayoutBlockFlow {DIV} at (8,8) size 59x34
      LayoutBlockFlow (floating) {DIV} at (340.17,156.39) size 81x56 [border: (3px solid #000000)]
        LayoutBlockFlow {DIV} at (3,3) size 75x50 [bgcolor=#FFFFCC]
          LayoutBlockFlow {DIV} at (8,8) size 59x34
      LayoutBlockFlow (floating) {DIV} at (424.77,156.39) size 81x56 [border: (3px solid #000000)]
        LayoutBlockFlow {DIV} at (3,3) size 75x50 [bgcolor=#FFFFCC]
          LayoutBlockFlow {DIV} at (8,8) size 59x34
      LayoutBlockFlow (floating) {DIV} at (509.36,156.39) size 81x56 [border: (3px solid #000000)]
        LayoutBlockFlow {DIV} at (3,3) size 75x50 [bgcolor=#FFFFCC]
          LayoutBlockFlow {DIV} at (8,8) size 59x34
      LayoutBlockFlow (floating) {DIV} at (593.95,156.39) size 81x56 [border: (3px solid #000000)]
        LayoutBlockFlow {DIV} at (3,3) size 75x50 [bgcolor=#FFFFCC]
          LayoutBlockFlow {DIV} at (8,8) size 59x34
      LayoutBlockFlow (floating) {DIV} at (678.55,156.39) size 81x56 [border: (3px solid #000000)]
        LayoutBlockFlow {DIV} at (3,3) size 75x50 [bgcolor=#FFFFCC]
          LayoutBlockFlow {DIV} at (8,8) size 59x34
      LayoutBlockFlow (floating) {DIV} at (1.80,215.39) size 81x56 [border: (3px solid #000000)]
        LayoutBlockFlow {DIV} at (3,3) size 75x50 [bgcolor=#FFFFCC]
          LayoutBlockFlow {DIV} at (8,8) size 59x34
      LayoutBlockFlow (floating) {DIV} at (86.39,215.39) size 81x56 [border: (3px solid #000000)]
        LayoutBlockFlow {DIV} at (3,3) size 75x50 [bgcolor=#FFFFCC]
          LayoutBlockFlow {DIV} at (8,8) size 59x34
      LayoutBlockFlow (floating) {DIV} at (170.98,215.39) size 81x56 [border: (3px solid #000000)]
        LayoutBlockFlow {DIV} at (3,3) size 75x50 [bgcolor=#FFFFCC]
          LayoutBlockFlow {DIV} at (8,8) size 59x34
      LayoutBlockFlow (floating) {DIV} at (255.58,215.39) size 81x56 [border: (3px solid #000000)]
        LayoutBlockFlow {DIV} at (3,3) size 75x50 [bgcolor=#FFFFCC]
          LayoutBlockFlow {DIV} at (8,8) size 59x34
      LayoutBlockFlow (floating) {DIV} at (340.17,215.39) size 81x56 [border: (3px solid #000000)]
        LayoutBlockFlow {DIV} at (3,3) size 75x50 [bgcolor=#FFFFCC]
          LayoutBlockFlow {DIV} at (8,8) size 59x34
      LayoutBlockFlow (floating) {DIV} at (424.77,215.39) size 81x56 [border: (3px solid #000000)]
        LayoutBlockFlow {DIV} at (3,3) size 75x50 [bgcolor=#FFFFCC]
          LayoutBlockFlow {DIV} at (8,8) size 59x34
      LayoutBlockFlow (floating) {DIV} at (509.36,215.39) size 81x56 [border: (3px solid #000000)]
        LayoutBlockFlow {DIV} at (3,3) size 75x50 [bgcolor=#FFFFCC]
          LayoutBlockFlow {DIV} at (8,8) size 59x34
      LayoutBlockFlow (floating) {DIV} at (593.95,215.39) size 81x56 [border: (3px solid #000000)]
        LayoutBlockFlow {DIV} at (3,3) size 75x50 [bgcolor=#FFFFCC]
          LayoutBlockFlow {DIV} at (8,8) size 59x34
      LayoutBlockFlow (floating) {DIV} at (678.55,215.39) size 81x56 [border: (3px solid #000000)]
        LayoutBlockFlow {DIV} at (3,3) size 75x50 [bgcolor=#FFFFCC]
          LayoutBlockFlow {DIV} at (8,8) size 59x34
      LayoutBlockFlow (floating) {DIV} at (1.80,274.39) size 81x56 [border: (3px solid #000000)]
        LayoutBlockFlow {DIV} at (3,3) size 75x50 [bgcolor=#FFFFCC]
          LayoutBlockFlow {DIV} at (8,8) size 59x34
      LayoutBlockFlow (floating) {DIV} at (86.39,274.39) size 81x56 [border: (3px solid #000000)]
        LayoutBlockFlow {DIV} at (3,3) size 75x50 [bgcolor=#FFFFCC]
          LayoutBlockFlow {DIV} at (8,8) size 59x34
      LayoutBlockFlow (floating) {DIV} at (170.98,274.39) size 81x56 [border: (3px solid #000000)]
        LayoutBlockFlow {DIV} at (3,3) size 75x50 [bgcolor=#FFFFCC]
          LayoutBlockFlow {DIV} at (8,8) size 59x34
      LayoutBlockFlow (floating) {DIV} at (255.58,274.39) size 81x56 [border: (3px solid #000000)]
        LayoutBlockFlow {DIV} at (3,3) size 75x50 [bgcolor=#FFFFCC]
          LayoutBlockFlow {DIV} at (8,8) size 59x34
      LayoutBlockFlow (floating) {DIV} at (340.17,274.39) size 81x56 [border: (3px solid #000000)]
        LayoutBlockFlow {DIV} at (3,3) size 75x50 [bgcolor=#FFFFCC]
          LayoutBlockFlow {DIV} at (8,8) size 59x34
      LayoutBlockFlow (floating) {DIV} at (424.77,274.39) size 81x56 [border: (3px solid #000000)]
        LayoutBlockFlow {DIV} at (3,3) size 75x50 [bgcolor=#FFFFCC]
          LayoutBlockFlow {DIV} at (8,8) size 59x34
      LayoutBlockFlow (floating) {DIV} at (509.36,274.39) size 81x56 [border: (3px solid #000000)]
        LayoutBlockFlow {DIV} at (3,3) size 75x50 [bgcolor=#FFFFCC]
          LayoutBlockFlow {DIV} at (8,8) size 59x34
      LayoutBlockFlow (floating) {DIV} at (593.95,274.39) size 81x56 [border: (3px solid #000000)]
        LayoutBlockFlow {DIV} at (3,3) size 75x50 [bgcolor=#FFFFCC]
          LayoutBlockFlow {DIV} at (8,8) size 59x34
      LayoutBlockFlow (floating) {DIV} at (678.55,274.39) size 81x56 [border: (3px solid #000000)]
        LayoutBlockFlow {DIV} at (3,3) size 75x50 [bgcolor=#FFFFCC]
          LayoutBlockFlow {DIV} at (8,8) size 59x34
      LayoutBlockFlow (floating) {DIV} at (1.80,333.39) size 81x56 [border: (3px solid #000000)]
        LayoutBlockFlow {DIV} at (3,3) size 75x50 [bgcolor=#FFFFCC]
          LayoutBlockFlow {DIV} at (8,8) size 59x34
      LayoutBlockFlow (floating) {DIV} at (86.39,333.39) size 81x56 [border: (3px solid #000000)]
        LayoutBlockFlow {DIV} at (3,3) size 75x50 [bgcolor=#FFFFCC]
          LayoutBlockFlow {DIV} at (8,8) size 59x34
      LayoutBlockFlow (floating) {DIV} at (170.98,333.39) size 81x56 [border: (3px solid #000000)]
        LayoutBlockFlow {DIV} at (3,3) size 75x50 [bgcolor=#FFFFCC]
          LayoutBlockFlow {DIV} at (8,8) size 59x34
      LayoutBlockFlow (floating) {DIV} at (255.58,333.39) size 81x56 [border: (3px solid #000000)]
        LayoutBlockFlow {DIV} at (3,3) size 75x50 [bgcolor=#FFFFCC]
          LayoutBlockFlow {DIV} at (8,8) size 59x34
      LayoutBlockFlow (floating) {DIV} at (340.17,333.39) size 81x56 [border: (3px solid #000000)]
        LayoutBlockFlow {DIV} at (3,3) size 75x50 [bgcolor=#FFFFCC]
          LayoutBlockFlow {DIV} at (8,8) size 59x34
