layer at (0,0) size 800x600
  LayoutView at (0,0) size 800x600
layer at (0,0) size 800x600
  LayoutBlockFlow {HTML} at (0,0) size 800x600
    LayoutBlockFlow {BODY} at (8,8) size 784x584 [bgcolor=#CCCCCC]
      LayoutBlockFlow {P} at (0,0) size 784x18
        LayoutText {#text} at (0,0) size 385x18
          text run at (0,0) width 385: "The style declarations which apply to the text below are:"
      LayoutBlockFlow {PRE} at (0,34) size 784x60
        LayoutText {#text} at (0,0) size 258x60
          text run at (0,0) width 258: "P:first-line {font-weight: bold;}"
          text run at (257,0) width 1: " "
          text run at (0,15) width 250: "P.two:first-line {color: green;}"
          text run at (249,15) width 1: " "
          text run at (0,30) width 250: "P:first-line.three {color: red;}"
          text run at (249,30) width 1: " "
          text run at (0,45) width 0: " "
      LayoutBlockFlow {HR} at (0,107) size 784x2 [border: (1px inset #EEEEEE)]
      LayoutBlockFlow {P} at (0,125) size 784x36
        LayoutText {#text} at (0,0) size 731x36
          text run at (0,0) width 345: "The first line of this sentence should be boldfaced. "
          text run at (344,0) width 387: "This test is included simply to establish a baseline for the"
          text run at (0,18) width 655: "following tests, since if this test fails, then the rest of the tests on this page are expected to fail as well."
      LayoutBlockFlow {P} at (0,177) size 784x36
        LayoutText {#text} at (0,0) size 767x36
          text run at (0,0) width 564: "The first line of this sentence should be boldfaced and green, thanks to its selector. "
          text run at (564,0) width 203: "If this is not the case, then the"
          text run at (0,18) width 579: "user agent may have failed to properly parse the selector, or it may simply not support the "
        LayoutInline {TT} at (0,0) size 87x15
          LayoutText {#text} at (578,20) size 87x15
            text run at (578,20) width 87: ":first-line"
        LayoutText {#text} at (664,18) size 110x18
          text run at (664,18) width 110: " pseudo-element."
      LayoutBlockFlow {P} at (0,229) size 784x72
        LayoutText {#text} at (0,0) size 784x72
          text run at (0,0) width 345: "The first line of this sentence should be boldfaced. "
          text run at (344,0) width 423: "If it is red, then the user agent has violated the specification in"
          text run at (0,18) width 441: "allowing pseudo-elements at a point other than the end of a selector. "
          text run at (440,18) width 344: "If neither is the case, then the user agent has correctly"
          text run at (0,36) width 766: "ignored the incorrect selector, but has suppressed other styles which are valid, and therefore must be considered to have"
          text run at (0,54) width 91: "failed the test."
      LayoutTable {TABLE} at (0,317) size 784x230 [border: (1px outset #808080)]
        LayoutTableSection {TBODY} at (1,1) size 782x228
          LayoutTableRow {TR} at (0,0) size 782x26
            LayoutTableCell {TD} at (0,0) size 782x26 [bgcolor=#C0C0C0] [border: (1px inset #808080)] [r=0 c=0 rs=1 cs=2]
              LayoutInline {STRONG} at (0,0) size 163x18
                LayoutText {#text} at (4,4) size 163x18
                  text run at (4,4) width 163: "TABLE Testing Section"
          LayoutTableRow {TR} at (0,26) size 782x202
            LayoutTableCell {TD} at (0,114) size 12x26 [bgcolor=#C0C0C0] [border: (1px inset #808080)] [r=1 c=0 rs=1 cs=1]
              LayoutText {#text} at (4,4) size 4x18
                text run at (4,4) width 4: " "
            LayoutTableCell {TD} at (12,26) size 770x202 [border: (1px inset #808080)] [r=1 c=1 rs=1 cs=1]
              LayoutBlockFlow {P} at (4,4) size 762x36
                LayoutText {#text} at (0,0) size 731x36
                  text run at (0,0) width 345: "The first line of this sentence should be boldfaced. "
                  text run at (344,0) width 387: "This test is included simply to establish a baseline for the"
                  text run at (0,18) width 655: "following tests, since if this test fails, then the rest of the tests on this page are expected to fail as well."
              LayoutBlockFlow {P} at (4,56) size 762x54
                LayoutText {#text} at (0,0) size 742x36
                  text run at (0,0) width 564: "The first line of this sentence should be boldfaced and green, thanks to its selector. "
                  text run at (564,0) width 178: "If this is not the case, then"
                  text run at (0,18) width 603: "the user agent may have failed to properly parse the selector, or it may simply not support the "
                LayoutInline {TT} at (0,0) size 86x15
                  LayoutText {#text} at (602,20) size 86x15
                    text run at (602,20) width 86: ":first-line"
                LayoutText {#text} at (687,18) size 743x36
                  text run at (687,18) width 56: " pseudo-"
                  text run at (0,36) width 55: "element."
              LayoutBlockFlow {P} at (4,126) size 762x72
                LayoutText {#text} at (0,0) size 750x72
                  text run at (0,0) width 345: "The first line of this sentence should be boldfaced. "
                  text run at (344,0) width 406: "If it is red, then the user agent has violated the specification"
                  text run at (0,18) width 457: "in allowing pseudo-elements at a point other than the end of a selector. "
                  text run at (456,18) width 284: "If neither is the case, then the user agent has"
                  text run at (0,36) width 703: "correctly ignored the incorrect selector, but has suppressed other styles which are valid, and therefore must be"
                  text run at (0,54) width 215: "considered to have failed the test."
