layer at (0,0) size 800x600
  LayoutView at (0,0) size 800x600
layer at (0,0) size 800x208
  LayoutBlockFlow {HTML} at (0,0) size 800x208
    LayoutBlockFlow {BODY} at (8,8) size 784x184
      LayoutBlockFlow (anonymous) at (0,0) size 784x18
        LayoutText {#text} at (0,0) size 502x17
          text run at (0,0) width 264: "You should see a green rectangle below. "
          text run at (263,0) width 239: "If you see any red, the test has failed."
        LayoutText {#text} at (0,0) size 0x0
      LayoutBlockFlow {P} at (0,164) size 784x20 [border: (1px solid #000000)]
        LayoutText {#text} at (1,1) size 189x17
          text run at (1,1) width 189: "This line should look normal."
layer at (8,26) size 384x130
  LayoutBlockFlow {DIV} at (0,18) size 384x130 [bgcolor=#FF0000]
    LayoutInline {SPAN} at (0,0) size 320x65 [color=#008000] [border: (1px solid #008000) none]
      LayoutText {#text} at (0,1) size 320x64
        text run at (0,1) width 320: "xxxxx"
    LayoutInline {SPAN} at (0,0) size 64x128 [bgcolor=#008000]
    LayoutBR {BR} at (384,1) size 0x64
    LayoutBlockFlow {DIV} at (0,2) size 64x128 [bgcolor=#008000]
    LayoutInline {SPAN} at (0,0) size 320x65 [color=#008000] [border: (1px solid #008000) none]
      LayoutText {#text} at (64,66) size 320x64
        text run at (64,66) width 320: "xxxxx"
    LayoutText {#text} at (0,0) size 0x0
