layer at (0,0) size 800x600
  LayoutView at (0,0) size 800x600
layer at (0,0) size 800x226
  LayoutBlockFlow {HTML} at (0,0) size 800x226
    LayoutBlockFlow {BODY} at (8,8) size 784x210
      LayoutBlockFlow (anonymous) at (0,0) size 784x18
        LayoutText {#text} at (0,0) size 502x17
          text run at (0,0) width 264: "You should see a green rectangle below. "
          text run at (263,0) width 239: "If you see any red, the test has failed."
      LayoutBlockFlow {DIV} at (0,18) size 320x192 [bgcolor=#FF0000]
        LayoutInline {SPAN} at (0,0) size 320x64 [color=#008000]
          LayoutText {#text} at (0,0) size 320x64
            text run at (0,0) width 320: "xxxxx"
        LayoutBR {BR} at (320,0) size 0x64
        LayoutBlockFlow {DIV} at (0,64) size 320x128 [bgcolor=#008000]
        LayoutText {#text} at (0,0) size 0x0
