layer at (0,0) size 800x600
  LayoutView at (0,0) size 800x600
layer at (0,0) size 800x98
  LayoutBlockFlow {HTML} at (0,0) size 800x98
    LayoutBlockFlow {BODY} at (8,8) size 784x82
      LayoutBlockFlow (anonymous) at (0,0) size 784x18
        LayoutText {#text} at (0,0) size 467x17
          text run at (0,0) width 229: "You should see a green line below. "
          text run at (228,0) width 239: "If you see any red, the test has failed."
      LayoutBlockFlow {DIV} at (0,82) size 784x0 [bgcolor=#FF0000]
        LayoutInline {SPAN} at (0,0) size 320x64 [color=#FF0000]
          LayoutText {#text} at (0,-51) size 320x64
            text run at (0,-51) width 320: "xxxxx"
        LayoutBR {BR} at (320,-51) size 0x64
        LayoutInline {SPAN} at (0,0) size 320x64 [color=#FF0000]
          LayoutText {#text} at (0,-51) size 320x64
            text run at (0,-51) width 320: "xxxxx"
        LayoutBR {BR} at (320,-51) size 0x64
        LayoutInline {SPAN} at (0,0) size 320x64 [color=#FF0000]
          LayoutText {#text} at (0,-51) size 320x64
            text run at (0,-51) width 320: "xxxxx"
        LayoutBR {BR} at (320,-51) size 0x64
        LayoutInline {SPAN} at (0,0) size 320x64 [color=#FF0000]
          LayoutText {#text} at (0,-51) size 320x64
            text run at (0,-51) width 320: "xxxxx"
        LayoutBR {BR} at (320,-51) size 0x64
        LayoutInline {SPAN} at (0,0) size 320x64 [color=#008000]
          LayoutText {#text} at (0,-51) size 320x64
            text run at (0,-51) width 320: "xxxxx"
        LayoutText {#text} at (0,0) size 0x0
