layer at (0,0) size 800x600
  LayoutView at (0,0) size 800x600
layer at (0,0) size 800x162
  LayoutBlockFlow {HTML} at (0,0) size 800x162
    LayoutBlockFlow {BODY} at (8,8) size 784x146
      LayoutBlockFlow (anonymous) at (0,0) size 784x18
        LayoutText {#text} at (0,0) size 502x17
          text run at (0,0) width 264: "You should see a green rectangle below. "
          text run at (263,0) width 239: "If you see any red, the test has failed."
      LayoutBlockFlow {DIV} at (0,18) size 320x128 [bgcolor=#FF0000]
        LayoutBlockFlow {DIV} at (0,0) size 320x128 [bgcolor=#008000]
        LayoutText {#text} at (0,0) size 0x0
