layer at (0,0) size 800x600
  LayoutView at (0,0) size 800x600
layer at (0,0) size 800x600
  LayoutBlockFlow {HTML} at (0,0) size 800x600
    LayoutBlockFlow {BODY} at (8,8) size 784x584
      LayoutBlockFlow {DIV} at (0,0) size 784x18
        LayoutText {#text} at (0,0) size 55x18
          text run at (0,0) width 55: "Test for "
        LayoutInline {A} at (0,0) size 122x18 [color=#0000EE]
          LayoutText {#text} at (54,0) size 122x18
            text run at (54,0) width 122: "Bugzilla Bug 7724"
        LayoutText {#text} at (175,0) size 486x18
          text run at (175,0) width 486: " Minor refactoring to HTMLParser::handleError() to remove duplicate code"
      LayoutBlockFlow {ADDRESS} at (0,18) size 784x18
        LayoutText {#text} at (0,0) size 61x18
          text run at (0,0) width 61: "addresstr"
