layer at (0,0) size 800x600
  LayoutView at (0,0) size 800x600
layer at (20,20) size 644x433
  LayoutBlockFlow {HTML} at (20,20) size 644x433 [bgcolor=#C0C0C0] [border: none (4px solid #808080) none]
    LayoutBlockFlow {BODY} at (-4,-4) size 644x433 [bgcolor=#FFFFFF] [border: (1px solid #000000)]
      LayoutBlockFlow {H1} at (41,41) size 562x120
        LayoutText {#text} at (0,2) size 270x115
          text run at (0,2) width 270: "Acid3"
      LayoutBlockFlow {DIV} at (41,121) size 562x312
        LayoutBlockFlow {P} at (7,80) size 54x42 [bgcolor=#FF0000] [border: (1px solid #000000)]
        LayoutBlockFlow {P} at (70,64) size 64x50 [bgcolor=#FFA500] [border: (1px solid #000000)]
        LayoutBlockFlow {P} at (144.98,48) size 74x58 [bgcolor=#FFFF00] [border: (1px solid #000000)]
        LayoutBlockFlow {P} at (230.98,32) size 86x66 [bgcolor=#00FF00] [border: (1px solid #000000)]
        LayoutBlockFlow {P} at (329.98,16) size 96x74 [bgcolor=#0000FF] [border: (1px solid #000000)]
        LayoutBlockFlow {P} at (440.98,0) size 106x82 [bgcolor=#800080] [border: (1px solid #000000)]
        LayoutText {#text} at (0,0) size 0x0
      LayoutBlockFlow {P} at (41,214) size 568x120
        LayoutInline {SPAN} at (0,0) size 168x115
          LayoutText {#text} at (204,2) size 168x115
            text run at (204,2) width 168: "100"
        LayoutInline {SPAN} at (0,0) size 28x115
          LayoutText {#text} at (372,2) size 28x115
            text run at (372,2) width 28: "/"
        LayoutInline {SPAN} at (0,0) size 168x115
          LayoutText {#text} at (400,2) size 168x115
            text run at (400,2) width 168: "100"
      LayoutBlockFlow (anonymous) at (41,334) size 562x0
        LayoutInline {MAP} at (0,0) size 0x0
          LayoutInline {AREA} at (0,0) size 0x0 [color=#0000FF]
      LayoutBlockFlow (anonymous) at (41,334) size 562x0
        LayoutBlockFlow {FORM} at (0,0) size 562x0
        LayoutTable {TABLE} at (0,0) size 1x0
          LayoutTableSection {TBODY} at (0,0) size 1x0
            LayoutTableRow {TR} at (0,0) size 1x0
              LayoutTableCell {TD} at (0,0) size 1x0 [r=0 c=0 rs=1 cs=1]
                LayoutBlockFlow {P} at (0,0) size 1x0
      LayoutBlockFlow (anonymous) at (41,334) size 562x0
        LayoutInline {MAP} at (0,0) size 0x0
        LayoutText {#text} at (0,0) size 0x0
      LayoutBlockFlow {P} at (41,334) size 582x98 [color=#808080]
        LayoutText {#text} at (0,0) size 114x18
          text run at (0,0) width 114: "To pass the test,"
        LayoutBlockFlow (floating) {SPAN} at (562,0) size 20x20 [bgcolor=#FFFFFF]
        LayoutText {#text} at (114,0) size 550x56
          text run at (114,0) width 436: " a browser must use its default settings, the animation has to be"
          text run at (0,19) width 547: "smooth, the score has to end on 100/100, and the final page has to look exactly,"
          text run at (0,38) width 126: "pixel for pixel, like "
        LayoutInline {A} at (0,0) size 164x18 [color=#0000FF]
          LayoutText {#text} at (126,38) size 164x18
            text run at (126,38) width 164: "this reference rendering"
        LayoutText {#text} at (290,38) size 4x18
          text run at (290,38) width 4: "."
layer at (131,84) size 300x150
  LayoutEmbeddedObject {OBJECT} at (130.50,84.30) size 300x150
    layer at (0,0) size 300x150
      LayoutView at (0,0) size 300x150
    layer at (0,0) size 300x16
      LayoutBlockFlow {HTML} at (0,0) size 300x16
        LayoutBlockFlow {BODY} at (8,16) size 284x0
          LayoutBlockFlow {P} at (0,0) size 284x0
layer at (17,18) size 80x36
  LayoutBlockFlow (positioned) {A} at (17,18) size 80x36 [color=#FF0000]
    LayoutText {#text} at (0,0) size 69x36
      text run at (0,0) width 67: "YOU SHOULD"
      text run at (0,12) width 69: "NOT SEE THIS"
      text run at (0,24) width 34: "AT ALL"
layer at (638,18) size 20x20
  LayoutBlockFlow (positioned) at (638,18) size 20x20 [color=#FFFFFF] [bgcolor=#FF00FF]
    LayoutText at (0,0) size 20x20
      text run at (0,0) width 20: "X"
layer at (10,10) size 83x46
  LayoutBlockFlow (positioned) {DIV} at (10,10) size 83x46 [color=#00000000]
    LayoutText {#text} at (0,0) size 83x45
      text run at (0,0) width 83: "FAIL"
