layer at (0,0) size 800x600
  LayoutView at (0,0) size 800x600
layer at (0,0) size 800x76
  LayoutBlockFlow {HTML} at (0,0) size 800x76
    LayoutBlockFlow {BODY} at (8,16) size 784x52
      LayoutBlockFlow {P} at (0,0) size 784x18
        LayoutText {#text} at (0,0) size 419x18
          text run at (0,0) width 419: "Test passes if there is an orange box with rounded corners below."
      LayoutBlockFlow (anonymous) at (0,34) size 784x18
        LayoutInline {DIV} at (0,0) size 98x48 [color=#FFA500] [bgcolor=#FFA500]
          LayoutText {#text} at (15,0) size 68x18
            text run at (15,0) width 68: "Filler Text"
        LayoutText {#text} at (0,0) size 0x0
