layer at (0,0) size 800x600 clip at (0,0) size 785x600 scrollHeight 4621
  LayoutView at (0,0) size 800x600
layer at (0,0) size 785x4621 backgroundClip at (0,0) size 785x600 clip at (0,0) size 785x600 outlineClip at (0,0) size 785x600
  LayoutBlockFlow {HTML} at (0,0) size 785x4621
    LayoutBlockFlow {BODY} at (8,8) size 769x4605
      LayoutBlockFlow {DIV} at (0,0) size 769x4589
        LayoutBlockFlow (anonymous) at (0,0) size 769x18
          LayoutText {#text} at (0,0) size 4x17
            text run at (0,0) width 4: " "
        LayoutTable {TABLE} at (67.19,18) size 473x4523
          LayoutTableSection {TBODY} at (0,0) size 473x4523
            LayoutTableRow {TR} at (0,0) size 473x21
              LayoutTableCell {TD} at (0,0) size 473x21 [r=0 c=0 rs=1 cs=4]
                LayoutBlockFlow {P} at (7.19,0) size 459x0
                  LayoutInline {B} at (0,0) size 0x0
                    LayoutInline {SPAN} at (0,0) size 0x0
                      LayoutInline {O:P} at (0,0) size 0x0
                LayoutBlockFlow {P} at (7.19,0) size 459x21
                  LayoutInline {B} at (0,0) size 399x15
                    LayoutInline {SPAN} at (0,0) size 399x15
                      LayoutInline {FONT} at (0,0) size 399x20 [color=#008080]
                        LayoutText {#text} at (30,0) size 399x20
                          text run at (30,0) width 188: "Radio Channel usage at "
                          text run at (217,0) width 212: "Bayside.    Rev date 6-25-01"
                LayoutBlockFlow {P} at (7.19,21) size 459x0
                  LayoutInline {B} at (0,0) size 0x0
                    LayoutInline {SPAN} at (0,0) size 0x0
                      LayoutInline {O:P} at (0,0) size 0x0
            LayoutTableRow {TR} at (0,21) size 473x36
              LayoutTableCell {TD} at (0,21) size 98x36 [r=1 c=0 rs=1 cs=1]
                LayoutInline {B} at (0,0) size 54x35
                  LayoutInline {SPAN} at (0,0) size 54x35
                    LayoutText {#text} at (22,0) size 54x35
                      text run at (22,0) width 54: "Channel"
                      text run at (24,18) width 50: "number"
                LayoutText {#text} at (0,0) size 0x0
              LayoutTableCell {TD} at (98,21) size 170x18 [r=1 c=1 rs=1 cs=1]
                LayoutInline {B} at (0,0) size 96x17
                  LayoutInline {SPAN} at (0,0) size 96x17
                    LayoutText {#text} at (37,0) size 96x17
                      text run at (37,0) width 96: "Member name"
                LayoutText {#text} at (0,0) size 0x0
              LayoutTableCell {TD} at (268,21) size 99x36 [r=1 c=2 rs=1 cs=1]
                LayoutBlockFlow {P} at (7.19,0) size 85x18
                  LayoutInline {B} at (0,0) size 45x15
                    LayoutInline {SPAN} at (0,0) size 45x17
                      LayoutText {#text} at (20,0) size 45x17
                        text run at (20,0) width 45: "Proper"
                      LayoutInline {SPAN} at (0,0) size 0x17
                        LayoutInline {O:P} at (0,0) size 0x17
                LayoutBlockFlow {P} at (7.19,18) size 85x18
                  LayoutInline {B} at (0,0) size 37x15
                    LayoutInline {SPAN} at (0,0) size 37x17
                      LayoutText {#text} at (24,0) size 37x17
                        text run at (24,0) width 37: "Plane"
              LayoutTableCell {TD} at (367,21) size 106x36 [r=1 c=3 rs=1 cs=1]
                LayoutBlockFlow {P} at (7.19,0) size 92x18
                  LayoutInline {B} at (0,0) size 70x15
                    LayoutInline {SPAN} at (0,0) size 70x17
                      LayoutText {#text} at (11,0) size 70x17
                        text run at (11,0) width 70: "Helicopter"
                      LayoutInline {SPAN} at (0,0) size 0x17
                        LayoutInline {O:P} at (0,0) size 0x17
                LayoutBlockFlow {P} at (7.19,18) size 92x18
                  LayoutInline {B} at (0,0) size 50x15
                    LayoutInline {SPAN} at (0,0) size 50x17
                      LayoutText {#text} at (21,0) size 50x17
                        text run at (21,0) width 50: "thingy.-"
            LayoutTableRow {TR} at (0,57) size 473x32
              LayoutTableCell {TD} at (0,57) size 98x16 [r=2 c=0 rs=1 cs=1]
                LayoutBlockFlow {P} at (7.19,0) size 84x16
                  LayoutText {#text} at (36,0) size 12x15
                    text run at (36,0) width 12: "00"
                  LayoutInline {SPAN} at (0,0) size 0x15
                    LayoutInline {O:P} at (0,0) size 0x15
              LayoutTableCell {TD} at (98,57) size 170x32 [r=2 c=1 rs=1 cs=1]
                LayoutBlockFlow {P} at (7.19,0) size 156x16
                  LayoutText {#text} at (0,0) size 54x15
                    text run at (0,0) width 54: "Paul Scott"
                LayoutBlockFlow {P} at (7.19,16) size 156x16
                  LayoutText {#text} at (0,0) size 90x15
                    text run at (0,0) width 90: "Donald Carvalho"
                  LayoutInline {SPAN} at (0,0) size 0x15
                    LayoutInline {O:P} at (0,0) size 0x15
              LayoutTableCell {TD} at (268,57) size 99x16 [r=2 c=2 rs=1 cs=1]
                LayoutBlockFlow {P} at (7.19,0) size 85x16
                  LayoutText {#text} at (34,0) size 17x15
                    text run at (34,0) width 17: "No"
                  LayoutInline {SPAN} at (0,0) size 1x15
                    LayoutInline {O:P} at (0,0) size 1x15
              LayoutTableCell {TD} at (367,57) size 106x16 [r=2 c=3 rs=1 cs=1]
                LayoutBlockFlow {P} at (7.19,0) size 92x16
                  LayoutText {#text} at (36,0) size 20x15
                    text run at (36,0) width 20: "Yes"
                  LayoutInline {SPAN} at (0,0) size 0x15
                    LayoutInline {O:P} at (0,0) size 0x15
            LayoutTableRow {TR} at (0,89) size 473x16
              LayoutTableCell {TD} at (0,89) size 98x16 [r=3 c=0 rs=1 cs=1]
                LayoutBlockFlow {P} at (7.19,0) size 84x16
                  LayoutText {#text} at (36,0) size 12x15
                    text run at (36,0) width 12: "01"
                  LayoutInline {SPAN} at (0,0) size 0x15
                    LayoutInline {O:P} at (0,0) size 0x15
              LayoutTableCell {TD} at (98,89) size 170x16 [r=3 c=1 rs=1 cs=1]
                LayoutBlockFlow {P} at (7.19,0) size 156x16
                  LayoutText {#text} at (0,0) size 54x15
                    text run at (0,0) width 54: "Paul Scott"
                  LayoutInline {SPAN} at (0,0) size 0x15
                    LayoutInline {O:P} at (0,0) size 0x15
              LayoutTableCell {TD} at (268,89) size 99x16 [r=3 c=2 rs=1 cs=1]
                LayoutBlockFlow {P} at (7.19,0) size 85x16
                  LayoutText {#text} at (34,0) size 17x15
                    text run at (34,0) width 17: "No"
                  LayoutInline {SPAN} at (0,0) size 1x15
                    LayoutInline {O:P} at (0,0) size 1x15
              LayoutTableCell {TD} at (367,89) size 106x16 [r=3 c=3 rs=1 cs=1]
                LayoutBlockFlow {P} at (7.19,0) size 92x16
                  LayoutText {#text} at (36,0) size 20x15
                    text run at (36,0) width 20: "Yes"
                  LayoutInline {SPAN} at (0,0) size 0x15
                    LayoutInline {O:P} at (0,0) size 0x15
            LayoutTableRow {TR} at (0,105) size 473x18
              LayoutTableCell {TD} at (0,105) size 98x16 [r=4 c=0 rs=1 cs=1]
                LayoutBlockFlow {P} at (7.19,0) size 84x16
                  LayoutInline {FONT} at (0,0) size 12x15
                    LayoutText {#text} at (36,0) size 12x15
                      text run at (36,0) width 12: "02"
                  LayoutText {#text} at (0,0) size 0x0
              LayoutTableCell {TD} at (98,105) size 170x16 [r=4 c=1 rs=1 cs=1]
                LayoutInline {FONT} at (0,0) size 55x15
                  LayoutText {#text} at (7,0) size 55x15
                    text run at (7,0) width 55: "Don Coon"
                LayoutText {#text} at (0,0) size 0x0
              LayoutTableCell {TD} at (268,105) size 99x18 [r=4 c=2 rs=1 cs=1]
                LayoutText {#text} at (7,0) size 4x17
                  text run at (7,0) width 4: " "
              LayoutTableCell {TD} at (367,105) size 106x18 [r=4 c=3 rs=1 cs=1]
                LayoutText {#text} at (7,0) size 4x17
                  text run at (7,0) width 4: " "
            LayoutTableRow {TR} at (0,123) size 473x32
              LayoutTableCell {TD} at (0,123) size 98x16 [r=5 c=0 rs=1 cs=1]
                LayoutInline {FONT} at (0,0) size 12x15
                  LayoutText {#text} at (43,0) size 12x15
                    text run at (43,0) width 12: "05"
                LayoutText {#text} at (0,0) size 0x0
              LayoutTableCell {TD} at (98,123) size 170x32 [r=5 c=1 rs=1 cs=1]
                LayoutBlockFlow {P} at (7.19,0) size 156x16
                  LayoutInline {FONT} at (0,0) size 54x15
                    LayoutText {#text} at (0,0) size 54x15
                      text run at (0,0) width 54: "Paul Scott"
                LayoutBlockFlow {P} at (7.19,16) size 156x16
                  LayoutInline {FONT} at (0,0) size 47x15
                    LayoutText {#text} at (0,0) size 47x15
                      text run at (0,0) width 47: "Bill Hunt"
                    LayoutInline {SPAN} at (0,0) size 0x15
                      LayoutInline {O:P} at (0,0) size 0x15
              LayoutTableCell {TD} at (268,123) size 99x16 [r=5 c=2 rs=1 cs=1]
                LayoutBlockFlow {P} at (7.19,0) size 85x16
                  LayoutInline {FONT} at (0,0) size 17x15
                    LayoutText {#text} at (34,0) size 17x15
                      text run at (34,0) width 17: "No"
                    LayoutInline {SPAN} at (0,0) size 1x15
                      LayoutInline {O:P} at (0,0) size 1x15
              LayoutTableCell {TD} at (367,123) size 106x16 [r=5 c=3 rs=1 cs=1]
                LayoutBlockFlow {P} at (7.19,0) size 92x16
                  LayoutInline {FONT} at (0,0) size 20x15
                    LayoutText {#text} at (36,0) size 20x15
                      text run at (36,0) width 20: "Yes"
                    LayoutInline {SPAN} at (0,0) size 0x15
                      LayoutInline {O:P} at (0,0) size 0x15
            LayoutTableRow {TR} at (0,155) size 473x32
              LayoutTableCell {TD} at (0,155) size 98x16 [r=6 c=0 rs=1 cs=1]
                LayoutInline {FONT} at (0,0) size 12x15
                  LayoutText {#text} at (43,0) size 12x15
                    text run at (43,0) width 12: "06"
                LayoutText {#text} at (0,0) size 0x0
              LayoutTableCell {TD} at (98,155) size 170x32 [r=6 c=1 rs=1 cs=1]
                LayoutInline {FONT} at (0,0) size 128x31
                  LayoutText {#text} at (7,0) size 128x31
                    text run at (7,0) width 128: "Gene Pheiffer                   "
                    text run at (7,16) width 81: "Alberto Lanzas"
                LayoutText {#text} at (0,0) size 0x0
              LayoutTableCell {TD} at (268,155) size 99x32 [r=6 c=2 rs=1 cs=1]
                LayoutBlockFlow {P} at (7.19,0) size 85x16
                  LayoutText {#text} at (32,0) size 21x15
                    text run at (32,0) width 21: "Yes"
                LayoutBlockFlow {P} at (7.19,16) size 85x16
                  LayoutText {#text} at (32,0) size 21x15
                    text run at (32,0) width 21: "Yes"
              LayoutTableCell {TD} at (367,155) size 106x32 [r=6 c=3 rs=1 cs=1]
                LayoutBlockFlow (anonymous) at (7.19,0) size 92x16
                  LayoutInline {SPAN} at (0,0) size 16x17
                    LayoutInline {FONT} at (0,0) size 16x15
                      LayoutText {#text} at (38,0) size 16x15
                        text run at (38,0) width 16: "No"
                  LayoutText {#text} at (0,0) size 0x0
                LayoutBlockFlow {P} at (7.19,16) size 92x16
                  LayoutText {#text} at (36,0) size 20x15
                    text run at (36,0) width 20: "Yes"
            LayoutTableRow {TR} at (0,187) size 473x16
              LayoutTableCell {TD} at (0,187) size 98x16 [r=7 c=0 rs=1 cs=1]
                LayoutBlockFlow {P} at (7.19,0) size 84x16
                  LayoutInline {FONT} at (0,0) size 12x15
                    LayoutText {#text} at (36,0) size 12x15
                      text run at (36,0) width 12: "07"
                  LayoutText {#text} at (0,0) size 0x0
              LayoutTableCell {TD} at (98,187) size 170x16 [r=7 c=1 rs=1 cs=1]
                LayoutInline {FONT} at (0,0) size 47x15
                  LayoutText {#text} at (7,0) size 47x15
                    text run at (7,0) width 47: "Phil Cole"
                LayoutText {#text} at (0,0) size 0x0
              LayoutTableCell {TD} at (268,187) size 99x16 [r=7 c=2 rs=1 cs=1]
                LayoutBlockFlow {P} at (7.19,0) size 85x16
                  LayoutInline {FONT} at (0,0) size 21x15
                    LayoutText {#text} at (32,0) size 21x15
                      text run at (32,0) width 21: "Yes"
                  LayoutText {#text} at (0,0) size 0x0
              LayoutTableCell {TD} at (367,187) size 106x16 [r=7 c=3 rs=1 cs=1]
                LayoutBlockFlow {P} at (7.19,0) size 92x16
                  LayoutInline {FONT} at (0,0) size 20x15
                    LayoutText {#text} at (36,0) size 20x15
                      text run at (36,0) width 20: "Yes"
                  LayoutText {#text} at (0,0) size 0x0
            LayoutTableRow {TR} at (0,203) size 473x32
              LayoutTableCell {TD} at (0,203) size 98x16 [r=8 c=0 rs=1 cs=1]
                LayoutBlockFlow {P} at (7.19,0) size 84x16
                  LayoutText {#text} at (36,0) size 12x15
                    text run at (36,0) width 12: "08"
                  LayoutInline {SPAN} at (0,0) size 0x15
                    LayoutInline {O:P} at (0,0) size 0x15
              LayoutTableCell {TD} at (98,203) size 170x32 [r=8 c=1 rs=1 cs=1]
                LayoutBlockFlow {P} at (7.19,0) size 156x16
                  LayoutText {#text} at (0,0) size 54x15
                    text run at (0,0) width 54: "Paul Scott"
                LayoutBlockFlow {P} at (7.19,16) size 156x16
                  LayoutText {#text} at (0,0) size 71x15
                    text run at (0,0) width 71: "Gene Pheiffer"
                  LayoutInline {SPAN} at (0,0) size 0x15
                    LayoutInline {O:P} at (0,0) size 0x15
              LayoutTableCell {TD} at (268,203) size 99x32 [r=8 c=2 rs=1 cs=1]
                LayoutBlockFlow {P} at (7.19,0) size 85x16
                  LayoutText {#text} at (34,0) size 17x15
                    text run at (34,0) width 17: "No"
                LayoutBlockFlow {P} at (7.19,16) size 85x16
                  LayoutText {#text} at (32,0) size 21x15
                    text run at (32,0) width 21: "Yes"
                  LayoutInline {SPAN} at (0,0) size 1x15
                    LayoutInline {O:P} at (0,0) size 1x15
              LayoutTableCell {TD} at (367,203) size 106x32 [r=8 c=3 rs=1 cs=1]
                LayoutBlockFlow {P} at (7.19,0) size 92x16
                  LayoutText {#text} at (36,0) size 20x15
                    text run at (36,0) width 20: "Yes"
                LayoutBlockFlow {P} at (7.19,16) size 92x16
                  LayoutText {#text} at (38,0) size 16x15
                    text run at (38,0) width 16: "No"
                  LayoutInline {SPAN} at (0,0) size 0x15
                    LayoutInline {O:P} at (0,0) size 0x15
            LayoutTableRow {TR} at (0,235) size 473x48
              LayoutTableCell {TD} at (0,235) size 98x16 [r=9 c=0 rs=1 cs=1]
                LayoutBlockFlow {P} at (7.19,0) size 84x16
                  LayoutText {#text} at (4,0) size 76x15
                    text run at (4,0) width 76: "Programmable"
                  LayoutInline {SPAN} at (0,0) size 1x15
                    LayoutInline {O:P} at (0,0) size 1x15
              LayoutTableCell {TD} at (98,235) size 170x48 [r=9 c=1 rs=1 cs=1]
                LayoutBlockFlow {P} at (7.19,0) size 156x16
                  LayoutText {#text} at (0,0) size 103x15
                    text run at (0,0) width 103: "Richard Pevehouse"
                  LayoutInline {SPAN} at (0,0) size 0x15
                    LayoutInline {O:P} at (0,0) size 0x15
                LayoutBlockFlow {P} at (7.19,16) size 156x16
                  LayoutText {#text} at (0,0) size 60x15
                    text run at (0,0) width 60: "Gary Heath"
                LayoutBlockFlow {P} at (7.19,32) size 156x16
                  LayoutText {#text} at (0,0) size 63x15
                    text run at (0,0) width 63: "Scott Hersh"
                  LayoutInline {SPAN} at (0,0) size 0x15
                    LayoutInline {O:P} at (0,0) size 0x15
              LayoutTableCell {TD} at (268,235) size 99x32 [r=9 c=2 rs=1 cs=1]
                LayoutBlockFlow {P} at (7.19,0) size 85x16
                  LayoutText {#text} at (32,0) size 21x15
                    text run at (32,0) width 21: "Yes"
                  LayoutInline {SPAN} at (0,0) size 1x15
                    LayoutInline {O:P} at (0,0) size 1x15
                LayoutBlockFlow {P} at (7.19,16) size 85x16
                  LayoutText {#text} at (34,0) size 17x15
                    text run at (34,0) width 17: "No"
                  LayoutInline {SPAN} at (0,0) size 1x15
                    LayoutInline {O:P} at (0,0) size 1x15
              LayoutTableCell {TD} at (367,235) size 106x32 [r=9 c=3 rs=1 cs=1]
                LayoutBlockFlow {P} at (7.19,0) size 92x16
                  LayoutText {#text} at (38,0) size 16x15
                    text run at (38,0) width 16: "No"
                  LayoutInline {SPAN} at (0,0) size 0x15
                    LayoutInline {O:P} at (0,0) size 0x15
                LayoutBlockFlow {P} at (7.19,16) size 92x16
                  LayoutText {#text} at (36,0) size 20x15
                    text run at (36,0) width 20: "Yes"
                  LayoutInline {SPAN} at (0,0) size 0x15
                    LayoutInline {O:P} at (0,0) size 0x15
            LayoutTableRow {TR} at (0,283) size 473x112
              LayoutTableCell {TD} at (0,283) size 98x16 [r=10 c=0 rs=1 cs=1]
                LayoutBlockFlow {P} at (7.19,0) size 84x16
                  LayoutText {#text} at (36,0) size 12x15
                    text run at (36,0) width 12: "11"
                  LayoutInline {SPAN} at (0,0) size 0x15
                    LayoutInline {O:P} at (0,0) size 0x15
              LayoutTableCell {TD} at (98,283) size 170x112 [r=10 c=1 rs=1 cs=1]
                LayoutBlockFlow {P} at (7.19,0) size 156x16
                  LayoutText {#text} at (0,0) size 78x15
                    text run at (0,0) width 78: "George Cowan"
                  LayoutInline {SPAN} at (0,0) size 0x15
                    LayoutInline {O:P} at (0,0) size 0x15
                LayoutBlockFlow {P} at (7.19,16) size 156x16
                  LayoutText {#text} at (0,0) size 70x15
                    text run at (0,0) width 70: "Rick Klement"
                  LayoutInline {SPAN} at (0,0) size 0x15
                    LayoutInline {O:P} at (0,0) size 0x15
                LayoutBlockFlow {P} at (7.19,32) size 156x16
                  LayoutText {#text} at (0,0) size 79x15
                    text run at (0,0) width 79: "John Mathews"
                LayoutBlockFlow {P} at (7.19,48) size 156x16
                  LayoutText {#text} at (0,0) size 53x15
                    text run at (0,0) width 53: "Ed Cypret"
                LayoutBlockFlow {P} at (7.19,64) size 156x16
                  LayoutText {#text} at (0,0) size 81x15
                    text run at (0,0) width 81: "John Chamorro"
                LayoutBlockFlow {P} at (7.19,80) size 156x16
                  LayoutText {#text} at (0,0) size 83x15
                    text run at (0,0) width 83: "John Yearwood"
                LayoutBlockFlow {P} at (7.19,96) size 156x16
                  LayoutText {#text} at (0,0) size 88x15
                    text run at (0,0) width 88: "Jason Anderson"
                  LayoutInline {SPAN} at (0,0) size 0x15
                    LayoutInline {O:P} at (0,0) size 0x15
              LayoutTableCell {TD} at (268,283) size 99x112 [r=10 c=2 rs=1 cs=1]
                LayoutBlockFlow {P} at (7.19,0) size 85x16
                  LayoutText {#text} at (32,0) size 21x15
                    text run at (32,0) width 21: "Yes"
                  LayoutInline {SPAN} at (0,0) size 1x15
                    LayoutInline {O:P} at (0,0) size 1x15
                LayoutBlockFlow {P} at (7.19,16) size 85x16
                  LayoutText {#text} at (32,0) size 21x15
                    text run at (32,0) width 21: "Yes"
                  LayoutInline {SPAN} at (0,0) size 1x15
                    LayoutInline {O:P} at (0,0) size 1x15
                LayoutBlockFlow {P} at (7.19,32) size 85x16
                  LayoutText {#text} at (32,0) size 21x15
                    text run at (32,0) width 21: "Yes"
                LayoutBlockFlow {P} at (7.19,48) size 85x16
                  LayoutText {#text} at (41,0) size 3x15
                    text run at (41,0) width 3: " "
                LayoutBlockFlow {P} at (7.19,64) size 85x16
                  LayoutText {#text} at (41,0) size 3x15
                    text run at (41,0) width 3: " "
                LayoutBlockFlow {P} at (7.19,80) size 85x16
                  LayoutText {#text} at (32,0) size 21x15
                    text run at (32,0) width 21: "Yes"
                LayoutBlockFlow {P} at (7.19,96) size 85x16
                  LayoutText {#text} at (32,0) size 21x15
                    text run at (32,0) width 21: "Yes"
                  LayoutInline {SPAN} at (0,0) size 1x15
                    LayoutInline {O:P} at (0,0) size 1x15
              LayoutTableCell {TD} at (367,283) size 106x112 [r=10 c=3 rs=1 cs=1]
                LayoutBlockFlow {P} at (7.19,0) size 92x16
                  LayoutText {#text} at (38,0) size 16x15
                    text run at (38,0) width 16: "No"
                  LayoutInline {SPAN} at (0,0) size 0x15
                    LayoutInline {O:P} at (0,0) size 0x15
                LayoutBlockFlow {P} at (7.19,16) size 92x16
                  LayoutText {#text} at (36,0) size 20x15
                    text run at (36,0) width 20: "Yes"
                  LayoutInline {SPAN} at (0,0) size 0x15
                    LayoutInline {O:P} at (0,0) size 0x15
                LayoutBlockFlow {P} at (7.19,32) size 92x16
                  LayoutText {#text} at (38,0) size 16x15
                    text run at (38,0) width 16: "No"
                LayoutBlockFlow {P} at (7.19,48) size 92x16
                  LayoutText {#text} at (44,0) size 4x15
                    text run at (44,0) width 4: " "
                LayoutBlockFlow {P} at (7.19,64) size 92x16
                  LayoutText {#text} at (44,0) size 4x15
                    text run at (44,0) width 4: " "
                LayoutBlockFlow {P} at (7.19,80) size 92x16
                  LayoutText {#text} at (38,0) size 16x15
                    text run at (38,0) width 16: "No"
                LayoutBlockFlow {P} at (7.19,96) size 92x16
                  LayoutText {#text} at (38,0) size 16x15
                    text run at (38,0) width 16: "No"
                  LayoutInline {SPAN} at (0,0) size 0x15
                    LayoutInline {O:P} at (0,0) size 0x15
            LayoutTableRow {TR} at (0,395) size 473x80
              LayoutTableCell {TD} at (0,395) size 98x16 [r=11 c=0 rs=1 cs=1]
                LayoutBlockFlow {P} at (7.19,0) size 84x16
                  LayoutText {#text} at (36,0) size 12x15
                    text run at (36,0) width 12: "12"
                  LayoutInline {SPAN} at (0,0) size 0x15
                    LayoutInline {O:P} at (0,0) size 0x15
              LayoutTableCell {TD} at (98,395) size 170x80 [r=11 c=1 rs=1 cs=1]
                LayoutBlockFlow {P} at (7.19,0) size 156x16
                  LayoutText {#text} at (0,0) size 70x15
                    text run at (0,0) width 70: "Rick Klement"
                LayoutBlockFlow {P} at (7.19,16) size 156x16
                  LayoutText {#text} at (0,0) size 82x15
                    text run at (0,0) width 82: "George Coward"
                LayoutBlockFlow {P} at (7.19,32) size 156x16
                  LayoutText {#text} at (0,0) size 81x15
                    text run at (0,0) width 81: "Gerald Cardinal"
                LayoutBlockFlow {P} at (7.19,48) size 156x16
                  LayoutText {#text} at (0,0) size 69x15
                    text run at (0,0) width 69: "Brock Brown"
                LayoutBlockFlow {P} at (7.19,64) size 156x16
                  LayoutText {#text} at (0,0) size 93x15
                    text run at (0,0) width 93: "Ellsworth Crowell"
              LayoutTableCell {TD} at (268,395) size 99x80 [r=11 c=2 rs=1 cs=1]
                LayoutBlockFlow {P} at (7.19,0) size 85x16
                  LayoutText {#text} at (32,0) size 21x15
                    text run at (32,0) width 21: "Yes"
                LayoutBlockFlow {P} at (7.19,16) size 85x16
                  LayoutText {#text} at (32,0) size 21x15
                    text run at (32,0) width 21: "Yes"
                LayoutBlockFlow {P} at (7.19,32) size 85x16
                  LayoutText {#text} at (41,0) size 3x15
                    text run at (41,0) width 3: " "
                LayoutBlockFlow {P} at (7.19,48) size 85x16
                  LayoutText {#text} at (32,0) size 21x15
                    text run at (32,0) width 21: "Yes"
                LayoutBlockFlow {P} at (7.19,64) size 85x16
                  LayoutText {#text} at (32,0) size 21x15
                    text run at (32,0) width 21: "Yes"
                  LayoutInline {SPAN} at (0,0) size 1x15
                    LayoutInline {O:P} at (0,0) size 1x15
              LayoutTableCell {TD} at (367,395) size 106x80 [r=11 c=3 rs=1 cs=1]
                LayoutBlockFlow {P} at (7.19,0) size 92x16
                  LayoutText {#text} at (36,0) size 20x15
                    text run at (36,0) width 20: "Yes"
                LayoutBlockFlow {P} at (7.19,16) size 92x16
                  LayoutText {#text} at (38,0) size 16x15
                    text run at (38,0) width 16: "No"
                LayoutBlockFlow {P} at (7.19,32) size 92x16
                  LayoutText {#text} at (44,0) size 4x15
                    text run at (44,0) width 4: " "
                LayoutBlockFlow {P} at (7.19,48) size 92x16
                  LayoutText {#text} at (38,0) size 16x15
                    text run at (38,0) width 16: "No"
                LayoutBlockFlow {P} at (7.19,64) size 92x16
                  LayoutText {#text} at (38,0) size 16x15
                    text run at (38,0) width 16: "No"
                  LayoutInline {SPAN} at (0,0) size 0x15
                    LayoutInline {O:P} at (0,0) size 0x15
            LayoutTableRow {TR} at (0,475) size 473x64
              LayoutTableCell {TD} at (0,475) size 98x16 [r=12 c=0 rs=1 cs=1]
                LayoutBlockFlow {P} at (7.19,0) size 84x16
                  LayoutText {#text} at (36,0) size 12x15
                    text run at (36,0) width 12: "13"
                  LayoutInline {SPAN} at (0,0) size 0x15
                    LayoutInline {O:P} at (0,0) size 0x15
              LayoutTableCell {TD} at (98,475) size 170x64 [r=12 c=1 rs=1 cs=1]
                LayoutBlockFlow {P} at (7.19,0) size 156x16
                  LayoutText {#text} at (0,0) size 62x15
                    text run at (0,0) width 62: " Oliver Baer"
                LayoutBlockFlow {P} at (7.19,16) size 156x16
                  LayoutText {#text} at (0,0) size 58x15
                    text run at (0,0) width 58: "Joe Araujo"
                LayoutBlockFlow {P} at (7.19,32) size 156x16
                  LayoutText {#text} at (0,0) size 70x15
                    text run at (0,0) width 70: "Jim Mirowski"
                LayoutBlockFlow {P} at (7.19,48) size 156x16
                  LayoutText {#text} at (0,0) size 63x15
                    text run at (0,0) width 63: "Scott Hersh"
                  LayoutInline {SPAN} at (0,0) size 0x15
                    LayoutInline {O:P} at (0,0) size 0x15
              LayoutTableCell {TD} at (268,475) size 99x64 [r=12 c=2 rs=1 cs=1]
                LayoutBlockFlow {P} at (7.19,0) size 85x16
                  LayoutText {#text} at (31,0) size 23x15
                    text run at (31,0) width 23: " Yes"
                LayoutBlockFlow {P} at (7.19,16) size 85x16
                  LayoutText {#text} at (41,0) size 3x15
                    text run at (41,0) width 3: " "
                LayoutBlockFlow {P} at (7.19,32) size 85x16
                  LayoutText {#text} at (41,0) size 3x15
                    text run at (41,0) width 3: " "
                LayoutBlockFlow {P} at (7.19,48) size 85x16
                  LayoutText {#text} at (32,0) size 21x15
                    text run at (32,0) width 21: "Yes"
                  LayoutInline {SPAN} at (0,0) size 1x15
                    LayoutInline {O:P} at (0,0) size 1x15
              LayoutTableCell {TD} at (367,475) size 106x64 [r=12 c=3 rs=1 cs=1]
                LayoutBlockFlow {P} at (7.19,0) size 92x16
                  LayoutText {#text} at (36,0) size 20x15
                    text run at (36,0) width 20: " No"
                LayoutBlockFlow {P} at (7.19,16) size 92x16
                  LayoutText {#text} at (44,0) size 4x15
                    text run at (44,0) width 4: " "
                LayoutBlockFlow {P} at (7.19,32) size 92x16
                  LayoutText {#text} at (44,0) size 4x15
                    text run at (44,0) width 4: " "
                LayoutBlockFlow {P} at (7.19,48) size 92x16
                  LayoutText {#text} at (38,0) size 16x15
                    text run at (38,0) width 16: "No"
                  LayoutInline {SPAN} at (0,0) size 0x15
                    LayoutInline {O:P} at (0,0) size 0x15
            LayoutTableRow {TR} at (0,539) size 473x48
              LayoutTableCell {TD} at (0,539) size 98x16 [r=13 c=0 rs=1 cs=1]
                LayoutBlockFlow {P} at (7.19,0) size 84x16
                  LayoutText {#text} at (36,0) size 12x15
                    text run at (36,0) width 12: "14"
                  LayoutInline {SPAN} at (0,0) size 0x15
                    LayoutInline {O:P} at (0,0) size 0x15
              LayoutTableCell {TD} at (98,539) size 170x48 [r=13 c=1 rs=1 cs=1]
                LayoutBlockFlow {P} at (7.19,0) size 156x16
                  LayoutText {#text} at (0,0) size 61x15
                    text run at (0,0) width 61: " Joe Araujo"
                LayoutBlockFlow {P} at (7.19,16) size 156x16
                  LayoutText {#text} at (0,0) size 68x15
                    text run at (0,0) width 68: "Steve Gilbert"
                LayoutBlockFlow {P} at (7.19,32) size 156x16
                  LayoutText {#text} at (0,0) size 74x15
                    text run at (0,0) width 74: "Gary Williams"
                  LayoutInline {SPAN} at (0,0) size 0x15
                    LayoutInline {O:P} at (0,0) size 0x15
              LayoutTableCell {TD} at (268,539) size 99x32 [r=13 c=2 rs=1 cs=1]
                LayoutBlockFlow {P} at (7.19,0) size 85x16
                  LayoutText {#text} at (41,0) size 3x15
                    text run at (41,0) width 3: " "
                LayoutBlockFlow {P} at (7.19,16) size 85x16
                  LayoutText {#text} at (32,0) size 21x15
                    text run at (32,0) width 21: "Yes"
                  LayoutInline {SPAN} at (0,0) size 1x15
                    LayoutInline {O:P} at (0,0) size 1x15
              LayoutTableCell {TD} at (367,539) size 106x32 [r=13 c=3 rs=1 cs=1]
                LayoutBlockFlow {P} at (7.19,0) size 92x16
                  LayoutText {#text} at (44,0) size 4x15
                    text run at (44,0) width 4: " "
                LayoutBlockFlow {P} at (7.19,16) size 92x16
                  LayoutText {#text} at (38,0) size 16x15
                    text run at (38,0) width 16: "No"
                  LayoutInline {SPAN} at (0,0) size 0x15
                    LayoutInline {O:P} at (0,0) size 0x15
            LayoutTableRow {TR} at (0,587) size 473x80
              LayoutTableCell {TD} at (0,587) size 98x16 [r=14 c=0 rs=1 cs=1]
                LayoutBlockFlow {P} at (7.19,0) size 84x16
                  LayoutText {#text} at (36,0) size 12x15
                    text run at (36,0) width 12: "15"
                  LayoutInline {SPAN} at (0,0) size 0x15
                    LayoutInline {O:P} at (0,0) size 0x15
              LayoutTableCell {TD} at (98,587) size 170x80 [r=14 c=1 rs=1 cs=1]
                LayoutBlockFlow {P} at (7.19,0) size 156x16
                  LayoutText {#text} at (0,0) size 62x15
                    text run at (0,0) width 62: " Oliver Baer"
                LayoutBlockFlow {P} at (7.19,16) size 156x16
                  LayoutText {#text} at (0,0) size 51x15
                    text run at (0,0) width 51: "Joe Smith"
                LayoutBlockFlow {P} at (7.19,32) size 156x16
                  LayoutText {#text} at (0,0) size 55x15
                    text run at (0,0) width 55: "John Paye"
                LayoutBlockFlow {P} at (7.19,48) size 156x16
                  LayoutText {#text} at (0,0) size 83x15
                    text run at (0,0) width 83: "John Yearwood"
                LayoutBlockFlow {P} at (7.19,64) size 156x16
                  LayoutText {#text} at (0,0) size 68x15
                    text run at (0,0) width 68: "Harald Close"
                  LayoutInline {SPAN} at (0,0) size 0x15
                    LayoutInline {O:P} at (0,0) size 0x15
              LayoutTableCell {TD} at (268,587) size 99x80 [r=14 c=2 rs=1 cs=1]
                LayoutBlockFlow {P} at (7.19,0) size 85x16
                  LayoutText {#text} at (31,0) size 23x15
                    text run at (31,0) width 23: " Yes"
                LayoutBlockFlow {P} at (7.19,16) size 85x16
                  LayoutText {#text} at (41,0) size 3x15
                    text run at (41,0) width 3: " "
                LayoutBlockFlow {P} at (7.19,32) size 85x16
                  LayoutText {#text} at (41,0) size 3x15
                    text run at (41,0) width 3: " "
                LayoutBlockFlow {P} at (7.19,48) size 85x16
                  LayoutText {#text} at (32,0) size 21x15
                    text run at (32,0) width 21: "Yes"
                LayoutBlockFlow {P} at (7.19,64) size 85x16
                  LayoutText {#text} at (32,0) size 21x15
                    text run at (32,0) width 21: "Yes"
                  LayoutInline {SPAN} at (0,0) size 1x15
                    LayoutInline {O:P} at (0,0) size 1x15
              LayoutTableCell {TD} at (367,587) size 106x80 [r=14 c=3 rs=1 cs=1]
                LayoutBlockFlow {P} at (7.19,0) size 92x16
                  LayoutText {#text} at (36,0) size 20x15
                    text run at (36,0) width 20: " No"
                LayoutBlockFlow {P} at (7.19,16) size 92x16
                  LayoutText {#text} at (44,0) size 4x15
                    text run at (44,0) width 4: " "
                LayoutBlockFlow {P} at (7.19,32) size 92x16
                  LayoutText {#text} at (44,0) size 4x15
                    text run at (44,0) width 4: " "
                LayoutBlockFlow {P} at (7.19,48) size 92x16
                  LayoutText {#text} at (38,0) size 16x15
                    text run at (38,0) width 16: "No"
                LayoutBlockFlow {P} at (7.19,64) size 92x16
                  LayoutText {#text} at (38,0) size 16x15
                    text run at (38,0) width 16: "No"
                  LayoutInline {SPAN} at (0,0) size 0x15
                    LayoutInline {O:P} at (0,0) size 0x15
            LayoutTableRow {TR} at (0,667) size 473x32
              LayoutTableCell {TD} at (0,667) size 98x16 [r=15 c=0 rs=1 cs=1]
                LayoutBlockFlow {P} at (7.19,0) size 84x16
                  LayoutText {#text} at (36,0) size 12x15
                    text run at (36,0) width 12: "16"
                  LayoutInline {SPAN} at (0,0) size 0x15
                    LayoutInline {O:P} at (0,0) size 0x15
              LayoutTableCell {TD} at (98,667) size 170x32 [r=15 c=1 rs=1 cs=1]
                LayoutBlockFlow {P} at (7.19,0) size 156x16
                  LayoutText {#text} at (0,0) size 82x15
                    text run at (0,0) width 82: " James Haladus"
                LayoutBlockFlow {P} at (7.19,16) size 156x16
                  LayoutText {#text} at (0,0) size 51x15
                    text run at (0,0) width 51: "Joe Smith"
                  LayoutInline {SPAN} at (0,0) size 0x15
                    LayoutInline {O:P} at (0,0) size 0x15
              LayoutTableCell {TD} at (268,667) size 99x16 [r=15 c=2 rs=1 cs=1]
                LayoutBlockFlow {P} at (7.19,0) size 85x16
                  LayoutText {#text} at (31,0) size 23x15
                    text run at (31,0) width 23: " Yes"
                  LayoutInline {SPAN} at (0,0) size 0x15
                    LayoutInline {O:P} at (0,0) size 0x15
              LayoutTableCell {TD} at (367,667) size 106x16 [r=15 c=3 rs=1 cs=1]
                LayoutBlockFlow {P} at (7.19,0) size 92x16
                  LayoutText {#text} at (36,0) size 20x15
                    text run at (36,0) width 20: " No"
                  LayoutInline {SPAN} at (0,0) size 1x15
                    LayoutInline {O:P} at (0,0) size 1x15
            LayoutTableRow {TR} at (0,699) size 473x80
              LayoutTableCell {TD} at (0,699) size 98x16 [r=16 c=0 rs=1 cs=1]
                LayoutBlockFlow {P} at (7.19,0) size 84x16
                  LayoutText {#text} at (36,0) size 12x15
                    text run at (36,0) width 12: "17"
                  LayoutInline {SPAN} at (0,0) size 0x15
                    LayoutInline {O:P} at (0,0) size 0x15
              LayoutTableCell {TD} at (98,699) size 170x80 [r=16 c=1 rs=1 cs=1]
                LayoutBlockFlow {P} at (7.19,0) size 156x16
                  LayoutText {#text} at (0,0) size 59x15
                    text run at (0,0) width 59: "Doug Field"
                  LayoutInline {SPAN} at (0,0) size 0x15
                    LayoutInline {O:P} at (0,0) size 0x15
                LayoutBlockFlow {P} at (7.19,16) size 156x16
                  LayoutText {#text} at (0,0) size 65x15
                    text run at (0,0) width 65: "Dave Neves"
                LayoutBlockFlow {P} at (7.19,32) size 156x16
                  LayoutText {#text} at (0,0) size 59x15
                    text run at (0,0) width 59: "Oliver Baer"
                LayoutBlockFlow {P} at (7.19,48) size 156x16
                  LayoutText {#text} at (0,0) size 58x15
                    text run at (0,0) width 58: "John Todd"
                LayoutBlockFlow {P} at (7.19,64) size 156x16
                  LayoutText {#text} at (0,0) size 98x15
                    text run at (0,0) width 98: "Dave Christiansen"
                  LayoutInline {SPAN} at (0,0) size 0x15
                    LayoutInline {O:P} at (0,0) size 0x15
              LayoutTableCell {TD} at (268,699) size 99x80 [r=16 c=2 rs=1 cs=1]
                LayoutBlockFlow {P} at (7.19,0) size 85x16
                  LayoutText {#text} at (32,0) size 21x15
                    text run at (32,0) width 21: "Yes"
                  LayoutInline {SPAN} at (0,0) size 1x15
                    LayoutInline {O:P} at (0,0) size 1x15
                LayoutBlockFlow {P} at (7.19,16) size 85x16
                  LayoutText {#text} at (32,0) size 21x15
                    text run at (32,0) width 21: "Yes"
                LayoutBlockFlow {P} at (7.19,32) size 85x16
                  LayoutText {#text} at (32,0) size 21x15
                    text run at (32,0) width 21: "Yes"
                LayoutBlockFlow {P} at (7.19,48) size 85x16
                  LayoutText {#text} at (41,0) size 3x15
                    text run at (41,0) width 3: " "
                LayoutBlockFlow {P} at (7.19,64) size 85x16
                  LayoutText {#text} at (32,0) size 21x15
                    text run at (32,0) width 21: "Yes"
                  LayoutInline {SPAN} at (0,0) size 1x15
                    LayoutInline {O:P} at (0,0) size 1x15
              LayoutTableCell {TD} at (367,699) size 106x80 [r=16 c=3 rs=1 cs=1]
                LayoutBlockFlow {P} at (7.19,0) size 92x16
                  LayoutText {#text} at (38,0) size 16x15
                    text run at (38,0) width 16: "No"
                  LayoutInline {SPAN} at (0,0) size 0x15
                    LayoutInline {O:P} at (0,0) size 0x15
                LayoutBlockFlow {P} at (7.19,16) size 92x16
                  LayoutText {#text} at (36,0) size 20x15
                    text run at (36,0) width 20: "Yes"
                LayoutBlockFlow {P} at (7.19,32) size 92x16
                  LayoutText {#text} at (38,0) size 16x15
                    text run at (38,0) width 16: "No"
                LayoutBlockFlow {P} at (7.19,48) size 92x16
                  LayoutText {#text} at (44,0) size 4x15
                    text run at (44,0) width 4: " "
                LayoutBlockFlow {P} at (7.19,64) size 92x16
                  LayoutText {#text} at (38,0) size 16x15
                    text run at (38,0) width 16: "No"
                  LayoutInline {SPAN} at (0,0) size 0x15
                    LayoutInline {O:P} at (0,0) size 0x15
            LayoutTableRow {TR} at (0,779) size 473x112
              LayoutTableCell {TD} at (0,779) size 98x16 [r=17 c=0 rs=1 cs=1]
                LayoutBlockFlow {P} at (7.19,0) size 84x16
                  LayoutText {#text} at (36,0) size 12x15
                    text run at (36,0) width 12: "18"
                  LayoutInline {SPAN} at (0,0) size 0x15
                    LayoutInline {O:P} at (0,0) size 0x15
              LayoutTableCell {TD} at (98,779) size 170x112 [r=17 c=1 rs=1 cs=1]
                LayoutBlockFlow {P} at (7.19,0) size 156x16
                  LayoutText {#text} at (0,0) size 78x15
                    text run at (0,0) width 78: "Robert Barnett"
                LayoutBlockFlow {P} at (7.19,16) size 156x16
                  LayoutText {#text} at (0,0) size 72x15
                    text run at (0,0) width 72: "Jim Mahoney"
                LayoutBlockFlow {P} at (7.19,32) size 156x16
                  LayoutText {#text} at (0,0) size 78x15
                    text run at (0,0) width 78: "Dave Marshall"
                LayoutBlockFlow {P} at (7.19,48) size 156x16
                  LayoutText {#text} at (0,0) size 81x15
                    text run at (0,0) width 81: "Gerald Cardinal"
                LayoutBlockFlow {P} at (7.19,64) size 156x16
                  LayoutText {#text} at (0,0) size 100x15
                    text run at (0,0) width 100: "Dan & Will Sievert"
                LayoutBlockFlow {P} at (7.19,80) size 156x16
                  LayoutText {#text} at (0,0) size 93x15
                    text run at (0,0) width 93: "Ellsworth Crowell"
                LayoutBlockFlow {P} at (7.19,96) size 156x16
                  LayoutText {#text} at (0,0) size 55x15
                    text run at (0,0) width 55: "Jim Colvin"
                  LayoutInline {SPAN} at (0,0) size 0x15
                    LayoutInline {O:P} at (0,0) size 0x15
              LayoutTableCell {TD} at (268,779) size 99x96 [r=17 c=2 rs=1 cs=1]
                LayoutBlockFlow {P} at (7.19,0) size 85x16
                  LayoutText {#text} at (32,0) size 21x15
                    text run at (32,0) width 21: "Yes"
                LayoutBlockFlow {P} at (7.19,16) size 85x16
                  LayoutText {#text} at (32,0) size 21x15
                    text run at (32,0) width 21: "Yes"
                LayoutBlockFlow {P} at (7.19,32) size 85x16
                  LayoutText {#text} at (32,0) size 21x15
                    text run at (32,0) width 21: "Yes"
                LayoutBlockFlow {P} at (7.19,48) size 85x16
                  LayoutText {#text} at (41,0) size 3x15
                    text run at (41,0) width 3: " "
                LayoutBlockFlow {P} at (7.19,64) size 85x16
                  LayoutText {#text} at (32,0) size 21x15
                    text run at (32,0) width 21: "Yes"
                LayoutBlockFlow {P} at (7.19,80) size 85x16
                  LayoutText {#text} at (32,0) size 21x15
                    text run at (32,0) width 21: "Yes"
                  LayoutInline {SPAN} at (0,0) size 1x15
                    LayoutInline {O:P} at (0,0) size 1x15
              LayoutTableCell {TD} at (367,779) size 106x96 [r=17 c=3 rs=1 cs=1]
                LayoutBlockFlow {P} at (7.19,0) size 92x16
                  LayoutText {#text} at (38,0) size 16x15
                    text run at (38,0) width 16: "No"
                LayoutBlockFlow {P} at (7.19,16) size 92x16
                  LayoutText {#text} at (36,0) size 20x15
                    text run at (36,0) width 20: "Yes"
                LayoutBlockFlow {P} at (7.19,32) size 92x16
                  LayoutText {#text} at (38,0) size 16x15
                    text run at (38,0) width 16: "No"
                LayoutBlockFlow {P} at (7.19,48) size 92x16
                  LayoutText {#text} at (44,0) size 4x15
                    text run at (44,0) width 4: " "
                LayoutBlockFlow {P} at (7.19,64) size 92x16
                  LayoutText {#text} at (38,0) size 16x15
                    text run at (38,0) width 16: "No"
                LayoutBlockFlow {P} at (7.19,80) size 92x16
                  LayoutText {#text} at (38,0) size 16x15
                    text run at (38,0) width 16: "No"
                  LayoutInline {SPAN} at (0,0) size 0x15
                    LayoutInline {O:P} at (0,0) size 0x15
            LayoutTableRow {TR} at (0,891) size 473x64
              LayoutTableCell {TD} at (0,891) size 98x16 [r=18 c=0 rs=1 cs=1]
                LayoutBlockFlow {P} at (7.19,0) size 84x16
                  LayoutText {#text} at (36,0) size 12x15
                    text run at (36,0) width 12: "19"
                  LayoutInline {SPAN} at (0,0) size 0x15
                    LayoutInline {O:P} at (0,0) size 0x15
              LayoutTableCell {TD} at (98,891) size 170x64 [r=18 c=1 rs=1 cs=1]
                LayoutBlockFlow {P} at (7.19,0) size 156x16
                  LayoutInline {SPAN} at (0,0) size 65x15
                    LayoutText {#text} at (0,0) size 65x15
                      text run at (0,0) width 39: "Noriya "
                      text run at (39,0) width 26: "Kato"
                LayoutBlockFlow {P} at (7.19,16) size 156x16
                  LayoutText {#text} at (0,0) size 58x15
                    text run at (0,0) width 58: "John Todd"
                LayoutBlockFlow {P} at (7.19,32) size 156x16
                  LayoutText {#text} at (0,0) size 70x15
                    text run at (0,0) width 70: "James Brown"
                LayoutBlockFlow {P} at (7.19,48) size 156x16
                  LayoutText {#text} at (0,0) size 84x15
                    text run at (0,0) width 84: "Mike Anderson"
                  LayoutInline {SPAN} at (0,0) size 0x15
                    LayoutInline {O:P} at (0,0) size 0x15
              LayoutTableCell {TD} at (268,891) size 99x64 [r=18 c=2 rs=1 cs=1]
                LayoutBlockFlow {P} at (7.19,0) size 85x16
                  LayoutInline {SPAN} at (0,0) size 21x15
                    LayoutText {#text} at (32,0) size 21x15
                      text run at (32,0) width 21: "Yes"
                LayoutBlockFlow {P} at (7.19,16) size 85x16
                  LayoutText {#text} at (41,0) size 3x15
                    text run at (41,0) width 3: " "
                LayoutBlockFlow {P} at (7.19,32) size 85x16
                  LayoutInline {SPAN} at (0,0) size 21x15
                    LayoutText {#text} at (32,0) size 21x15
                      text run at (32,0) width 21: "Yes"
                LayoutBlockFlow {P} at (7.19,48) size 85x16
                  LayoutInline {SPAN} at (0,0) size 21x15
                    LayoutText {#text} at (32,0) size 21x15
                      text run at (32,0) width 21: "Yes"
                  LayoutInline {SPAN} at (0,0) size 1x15
                    LayoutInline {O:P} at (0,0) size 1x15
              LayoutTableCell {TD} at (367,891) size 106x64 [r=18 c=3 rs=1 cs=1]
                LayoutBlockFlow {P} at (7.19,0) size 92x16
                  LayoutInline {SPAN} at (0,0) size 16x15
                    LayoutText {#text} at (38,0) size 16x15
                      text run at (38,0) width 16: "No"
                LayoutBlockFlow {P} at (7.19,16) size 92x16
                  LayoutText {#text} at (44,0) size 4x15
                    text run at (44,0) width 4: " "
                LayoutBlockFlow {P} at (7.19,32) size 92x16
                  LayoutInline {SPAN} at (0,0) size 16x15
                    LayoutText {#text} at (38,0) size 16x15
                      text run at (38,0) width 16: "No"
                LayoutBlockFlow {P} at (7.19,48) size 92x16
                  LayoutInline {SPAN} at (0,0) size 16x15
                    LayoutText {#text} at (38,0) size 16x15
                      text run at (38,0) width 16: "No"
                  LayoutInline {SPAN} at (0,0) size 0x15
                    LayoutInline {O:P} at (0,0) size 0x15
            LayoutTableRow {TR} at (0,955) size 473x48
              LayoutTableCell {TD} at (0,955) size 98x16 [r=19 c=0 rs=1 cs=1]
                LayoutBlockFlow {P} at (7.19,0) size 84x16
                  LayoutText {#text} at (36,0) size 12x15
                    text run at (36,0) width 12: "20"
                  LayoutInline {SPAN} at (0,0) size 0x15
                    LayoutInline {O:P} at (0,0) size 0x15
              LayoutTableCell {TD} at (98,955) size 170x48 [r=19 c=1 rs=1 cs=1]
                LayoutBlockFlow {P} at (7.19,0) size 156x16
                  LayoutText {#text} at (0,0) size 66x15
                    text run at (0,0) width 66: "Bill Johnson"
                LayoutBlockFlow {P} at (7.19,16) size 156x16
                  LayoutText {#text} at (0,0) size 84x15
                    text run at (0,0) width 84: "Dominic Bayani"
                LayoutBlockFlow {P} at (7.19,32) size 156x16
                  LayoutText {#text} at (0,0) size 65x15
                    text run at (0,0) width 65: "Rick Latham"
                  LayoutInline {SPAN} at (0,0) size 0x15
                    LayoutInline {O:P} at (0,0) size 0x15
              LayoutTableCell {TD} at (268,955) size 99x48 [r=19 c=2 rs=1 cs=1]
                LayoutBlockFlow {P} at (7.19,0) size 85x16
                  LayoutText {#text} at (32,0) size 21x15
                    text run at (32,0) width 21: "Yes"
                LayoutBlockFlow {P} at (7.19,16) size 85x16
                  LayoutText {#text} at (41,0) size 3x15
                    text run at (41,0) width 3: " "
                LayoutBlockFlow {P} at (7.19,32) size 85x16
                  LayoutText {#text} at (32,0) size 21x15
                    text run at (32,0) width 21: "Yes"
                  LayoutInline {SPAN} at (0,0) size 1x15
                    LayoutInline {O:P} at (0,0) size 1x15
              LayoutTableCell {TD} at (367,955) size 106x48 [r=19 c=3 rs=1 cs=1]
                LayoutBlockFlow {P} at (7.19,0) size 92x16
                  LayoutText {#text} at (38,0) size 16x15
                    text run at (38,0) width 16: "No"
                LayoutBlockFlow {P} at (7.19,16) size 92x16
                  LayoutText {#text} at (44,0) size 4x15
                    text run at (44,0) width 4: " "
                LayoutBlockFlow {P} at (7.19,32) size 92x16
                  LayoutText {#text} at (38,0) size 16x15
                    text run at (38,0) width 16: "No"
                  LayoutInline {SPAN} at (0,0) size 0x15
                    LayoutInline {O:P} at (0,0) size 0x15
            LayoutTableRow {TR} at (0,1003) size 473x16
              LayoutTableCell {TD} at (0,1003) size 98x16 [r=20 c=0 rs=1 cs=1]
                LayoutBlockFlow {P} at (7.19,0) size 84x16
                  LayoutText {#text} at (36,0) size 12x15
                    text run at (36,0) width 12: "21"
                  LayoutInline {SPAN} at (0,0) size 0x15
                    LayoutInline {O:P} at (0,0) size 0x15
              LayoutTableCell {TD} at (98,1003) size 170x16 [r=20 c=1 rs=1 cs=1]
                LayoutBlockFlow {P} at (7.19,0) size 156x16
                  LayoutText {#text} at (0,0) size 62x15
                    text run at (0,0) width 62: " Simon Tam"
                  LayoutInline {SPAN} at (0,0) size 0x15
                    LayoutInline {O:P} at (0,0) size 0x15
              LayoutTableCell {TD} at (268,1003) size 99x16 [r=20 c=2 rs=1 cs=1]
                LayoutBlockFlow {P} at (7.19,0) size 85x16
                  LayoutText {#text} at (41,0) size 3x15
                    text run at (41,0) width 3: " "
                  LayoutInline {SPAN} at (0,0) size 0x15
                    LayoutInline {O:P} at (0,0) size 0x15
              LayoutTableCell {TD} at (367,1003) size 106x16 [r=20 c=3 rs=1 cs=1]
                LayoutBlockFlow {P} at (7.19,0) size 92x16
                  LayoutText {#text} at (44,0) size 4x15
                    text run at (44,0) width 4: " "
                  LayoutInline {SPAN} at (0,0) size 1x15
                    LayoutInline {O:P} at (0,0) size 1x15
            LayoutTableRow {TR} at (0,1019) size 473x80
              LayoutTableCell {TD} at (0,1019) size 98x16 [r=21 c=0 rs=1 cs=1]
                LayoutBlockFlow {P} at (7.19,0) size 84x16
                  LayoutText {#text} at (36,0) size 12x15
                    text run at (36,0) width 12: "22"
                  LayoutInline {SPAN} at (0,0) size 0x15
                    LayoutInline {O:P} at (0,0) size 0x15
              LayoutTableCell {TD} at (98,1019) size 170x80 [r=21 c=1 rs=1 cs=1]
                LayoutBlockFlow {P} at (7.19,0) size 156x16
                  LayoutText {#text} at (0,0) size 65x15
                    text run at (0,0) width 65: "Dave Neves"
                  LayoutInline {SPAN} at (0,0) size 0x15
                    LayoutInline {O:P} at (0,0) size 0x15
                LayoutBlockFlow {P} at (7.19,16) size 156x16
                  LayoutText {#text} at (0,0) size 89x15
                    text run at (0,0) width 89: "Grant Sanderson"
                  LayoutInline {SPAN} at (0,0) size 0x15
                    LayoutInline {O:P} at (0,0) size 0x15
                LayoutBlockFlow {P} at (7.19,32) size 156x16
                  LayoutText {#text} at (0,0) size 84x15
                    text run at (0,0) width 84: "Maurice Burton"
                LayoutBlockFlow {P} at (7.19,48) size 156x16
                  LayoutText {#text} at (0,0) size 110x15
                    text run at (0,0) width 110: "Mike Gilmartin ?????"
                LayoutBlockFlow {P} at (7.19,64) size 156x16
                  LayoutText {#text} at (0,0) size 66x15
                    text run at (0,0) width 66: "Chris Walsh"
                  LayoutInline {SPAN} at (0,0) size 0x15
                    LayoutInline {O:P} at (0,0) size 0x15
              LayoutTableCell {TD} at (268,1019) size 99x80 [r=21 c=2 rs=1 cs=1]
                LayoutBlockFlow {P} at (7.19,0) size 85x16
                  LayoutText {#text} at (32,0) size 21x15
                    text run at (32,0) width 21: "Yes"
                  LayoutInline {SPAN} at (0,0) size 1x15
                    LayoutInline {O:P} at (0,0) size 1x15
                LayoutBlockFlow {P} at (7.19,16) size 85x16
                  LayoutText {#text} at (32,0) size 21x15
                    text run at (32,0) width 21: "Yes"
                  LayoutInline {SPAN} at (0,0) size 1x15
                    LayoutInline {O:P} at (0,0) size 1x15
                LayoutBlockFlow {P} at (7.19,32) size 85x16
                  LayoutText {#text} at (32,0) size 21x15
                    text run at (32,0) width 21: "Yes"
                LayoutBlockFlow {P} at (7.19,48) size 85x16
                  LayoutText {#text} at (32,0) size 21x15
                    text run at (32,0) width 21: "Yes"
                LayoutBlockFlow {P} at (7.19,64) size 85x16
                  LayoutText {#text} at (32,0) size 21x15
                    text run at (32,0) width 21: "Yes"
                  LayoutInline {SPAN} at (0,0) size 1x15
                    LayoutInline {O:P} at (0,0) size 1x15
              LayoutTableCell {TD} at (367,1019) size 106x80 [r=21 c=3 rs=1 cs=1]
                LayoutBlockFlow {P} at (7.19,0) size 92x16
                  LayoutText {#text} at (36,0) size 20x15
                    text run at (36,0) width 20: "Yes"
                  LayoutInline {SPAN} at (0,0) size 0x15
                    LayoutInline {O:P} at (0,0) size 0x15
                LayoutBlockFlow {P} at (7.19,16) size 92x16
                  LayoutText {#text} at (38,0) size 16x15
                    text run at (38,0) width 16: "No"
                  LayoutInline {SPAN} at (0,0) size 0x15
                    LayoutInline {O:P} at (0,0) size 0x15
                LayoutBlockFlow {P} at (7.19,32) size 92x16
                  LayoutText {#text} at (38,0) size 16x15
                    text run at (38,0) width 16: "No"
                LayoutBlockFlow {P} at (7.19,48) size 92x16
                  LayoutText {#text} at (36,0) size 20x15
                    text run at (36,0) width 20: "Yes"
                LayoutBlockFlow {P} at (7.19,64) size 92x16
                  LayoutText {#text} at (38,0) size 16x15
                    text run at (38,0) width 16: "No"
                  LayoutInline {SPAN} at (0,0) size 0x15
                    LayoutInline {O:P} at (0,0) size 0x15
            LayoutTableRow {TR} at (0,1099) size 473x80
              LayoutTableCell {TD} at (0,1099) size 98x16 [r=22 c=0 rs=1 cs=1]
                LayoutBlockFlow {P} at (7.19,0) size 84x16
                  LayoutText {#text} at (36,0) size 12x15
                    text run at (36,0) width 12: "23"
                  LayoutInline {SPAN} at (0,0) size 0x15
                    LayoutInline {O:P} at (0,0) size 0x15
              LayoutTableCell {TD} at (98,1099) size 170x80 [r=22 c=1 rs=1 cs=1]
                LayoutBlockFlow {P} at (7.19,0) size 156x16
                  LayoutText {#text} at (0,0) size 65x15
                    text run at (0,0) width 65: "Dave Neves"
                  LayoutInline {SPAN} at (0,0) size 0x15
                    LayoutInline {O:P} at (0,0) size 0x15
                LayoutBlockFlow {P} at (7.19,16) size 156x16
                  LayoutText {#text} at (0,0) size 84x15
                    text run at (0,0) width 84: "Maurice Burton"
                LayoutBlockFlow {P} at (7.19,32) size 156x16
                  LayoutText {#text} at (0,0) size 59x15
                    text run at (0,0) width 59: "Oliver Baer"
                LayoutBlockFlow {P} at (7.19,48) size 156x16
                  LayoutText {#text} at (0,0) size 58x15
                    text run at (0,0) width 58: "John Todd"
                LayoutBlockFlow {P} at (7.19,64) size 156x16
                  LayoutText {#text} at (0,0) size 64x15
                    text run at (0,0) width 64: "Rich Saunef"
                  LayoutInline {SPAN} at (0,0) size 0x15
                    LayoutInline {O:P} at (0,0) size 0x15
              LayoutTableCell {TD} at (268,1099) size 99x80 [r=22 c=2 rs=1 cs=1]
                LayoutBlockFlow {P} at (7.19,0) size 85x16
                  LayoutText {#text} at (32,0) size 21x15
                    text run at (32,0) width 21: "Yes"
                  LayoutInline {SPAN} at (0,0) size 1x15
                    LayoutInline {O:P} at (0,0) size 1x15
                LayoutBlockFlow {P} at (7.19,16) size 85x16
                  LayoutText {#text} at (32,0) size 21x15
                    text run at (32,0) width 21: "Yes"
                LayoutBlockFlow {P} at (7.19,32) size 85x16
                  LayoutText {#text} at (32,0) size 21x15
                    text run at (32,0) width 21: "Yes"
                LayoutBlockFlow {P} at (7.19,48) size 85x16
                  LayoutText {#text} at (41,0) size 3x15
                    text run at (41,0) width 3: " "
                LayoutBlockFlow {P} at (7.19,64) size 85x16
                  LayoutText {#text} at (32,0) size 21x15
                    text run at (32,0) width 21: "Yes"
                  LayoutInline {SPAN} at (0,0) size 1x15
                    LayoutInline {O:P} at (0,0) size 1x15
              LayoutTableCell {TD} at (367,1099) size 106x80 [r=22 c=3 rs=1 cs=1]
                LayoutBlockFlow {P} at (7.19,0) size 92x16
                  LayoutText {#text} at (36,0) size 20x15
                    text run at (36,0) width 20: "Yes"
                  LayoutInline {SPAN} at (0,0) size 0x15
                    LayoutInline {O:P} at (0,0) size 0x15
                LayoutBlockFlow {P} at (7.19,16) size 92x16
                  LayoutText {#text} at (38,0) size 16x15
                    text run at (38,0) width 16: "No"
                LayoutBlockFlow {P} at (7.19,32) size 92x16
                  LayoutText {#text} at (38,0) size 16x15
                    text run at (38,0) width 16: "No"
                LayoutBlockFlow {P} at (7.19,48) size 92x16
                  LayoutText {#text} at (44,0) size 4x15
                    text run at (44,0) width 4: " "
                LayoutBlockFlow {P} at (7.19,64) size 92x16
                  LayoutText {#text} at (38,0) size 16x15
                    text run at (38,0) width 16: "No"
                  LayoutInline {SPAN} at (0,0) size 0x15
                    LayoutInline {O:P} at (0,0) size 0x15
            LayoutTableRow {TR} at (0,1179) size 473x80
              LayoutTableCell {TD} at (0,1179) size 98x16 [r=23 c=0 rs=1 cs=1]
                LayoutBlockFlow {P} at (7.19,0) size 84x16
                  LayoutText {#text} at (36,0) size 12x15
                    text run at (36,0) width 12: "24"
                  LayoutInline {SPAN} at (0,0) size 0x15
                    LayoutInline {O:P} at (0,0) size 0x15
              LayoutTableCell {TD} at (98,1179) size 170x80 [r=23 c=1 rs=1 cs=1]
                LayoutBlockFlow {P} at (7.19,0) size 156x16
                  LayoutText {#text} at (0,0) size 65x15
                    text run at (0,0) width 65: " Dan Sievert"
                LayoutBlockFlow {P} at (7.19,16) size 156x16
                  LayoutText {#text} at (0,0) size 60x15
                    text run at (0,0) width 60: "Jerry Davis"
                LayoutBlockFlow {P} at (7.19,32) size 156x16
                  LayoutText {#text} at (0,0) size 63x15
                    text run at (0,0) width 63: "Scott Hersh"
                LayoutBlockFlow {P} at (7.19,48) size 156x16
                  LayoutText {#text} at (0,0) size 46x15
                    text run at (0,0) width 46: "Rick Bell"
                LayoutBlockFlow {P} at (7.19,64) size 156x16
                  LayoutText {#text} at (0,0) size 53x15
                    text run at (0,0) width 53: "Eric Shum"
                  LayoutInline {SPAN} at (0,0) size 0x15
                    LayoutInline {O:P} at (0,0) size 0x15
              LayoutTableCell {TD} at (268,1179) size 99x80 [r=23 c=2 rs=1 cs=1]
                LayoutBlockFlow {P} at (7.19,0) size 85x16
                  LayoutText {#text} at (31,0) size 23x15
                    text run at (31,0) width 23: " Yes"
                LayoutBlockFlow {P} at (7.19,16) size 85x16
                  LayoutText {#text} at (32,0) size 21x15
                    text run at (32,0) width 21: "Yes"
                LayoutBlockFlow {P} at (7.19,32) size 85x16
                  LayoutText {#text} at (32,0) size 21x15
                    text run at (32,0) width 21: "Yes"
                LayoutBlockFlow {P} at (7.19,48) size 85x16
                  LayoutText {#text} at (32,0) size 21x15
                    text run at (32,0) width 21: "Yes"
                LayoutBlockFlow {P} at (7.19,64) size 85x16
                  LayoutText {#text} at (32,0) size 21x15
                    text run at (32,0) width 21: "Yes"
                  LayoutInline {SPAN} at (0,0) size 1x15
                    LayoutInline {O:P} at (0,0) size 1x15
              LayoutTableCell {TD} at (367,1179) size 106x80 [r=23 c=3 rs=1 cs=1]
                LayoutBlockFlow {P} at (7.19,0) size 92x16
                  LayoutText {#text} at (36,0) size 20x15
                    text run at (36,0) width 20: " No"
                LayoutBlockFlow {P} at (7.19,16) size 92x16
                  LayoutText {#text} at (38,0) size 16x15
                    text run at (38,0) width 16: "No"
                LayoutBlockFlow {P} at (7.19,32) size 92x16
                  LayoutText {#text} at (38,0) size 16x15
                    text run at (38,0) width 16: "No"
                LayoutBlockFlow {P} at (7.19,48) size 92x16
                  LayoutText {#text} at (38,0) size 16x15
                    text run at (38,0) width 16: "No"
                LayoutBlockFlow {P} at (7.19,64) size 92x16
                  LayoutText {#text} at (38,0) size 16x15
                    text run at (38,0) width 16: "No"
                  LayoutInline {SPAN} at (0,0) size 0x15
                    LayoutInline {O:P} at (0,0) size 0x15
            LayoutTableRow {TR} at (0,1259) size 473x32
              LayoutTableCell {TD} at (0,1259) size 98x16 [r=24 c=0 rs=1 cs=1]
                LayoutBlockFlow {P} at (7.19,0) size 84x16
                  LayoutText {#text} at (36,0) size 12x15
                    text run at (36,0) width 12: "25"
                  LayoutInline {SPAN} at (0,0) size 0x15
                    LayoutInline {O:P} at (0,0) size 0x15
              LayoutTableCell {TD} at (98,1259) size 170x32 [r=24 c=1 rs=1 cs=1]
                LayoutBlockFlow {P} at (7.19,0) size 156x16
                  LayoutText {#text} at (0,0) size 70x15
                    text run at (0,0) width 70: "James Davey"
                LayoutBlockFlow {P} at (7.19,16) size 156x16
                  LayoutText {#text} at (0,0) size 90x15
                    text run at (0,0) width 90: "Ruenjoe (Joe) Lu"
                  LayoutInline {SPAN} at (0,0) size 0x15
                    LayoutInline {O:P} at (0,0) size 0x15
              LayoutTableCell {TD} at (268,1259) size 99x16 [r=24 c=2 rs=1 cs=1]
                LayoutBlockFlow {P} at (7.19,0) size 85x16
                  LayoutText {#text} at (32,0) size 21x15
                    text run at (32,0) width 21: "Yes"
                  LayoutInline {SPAN} at (0,0) size 1x15
                    LayoutInline {O:P} at (0,0) size 1x15
              LayoutTableCell {TD} at (367,1259) size 106x16 [r=24 c=3 rs=1 cs=1]
                LayoutBlockFlow {P} at (7.19,0) size 92x16
                  LayoutText {#text} at (36,0) size 20x15
                    text run at (36,0) width 20: "Yes"
                  LayoutInline {SPAN} at (0,0) size 0x15
                    LayoutInline {O:P} at (0,0) size 0x15
            LayoutTableRow {TR} at (0,1291) size 473x160
              LayoutTableCell {TD} at (0,1291) size 98x16 [r=25 c=0 rs=1 cs=1]
                LayoutBlockFlow {P} at (7.19,0) size 84x16
                  LayoutText {#text} at (36,0) size 12x15
                    text run at (36,0) width 12: "26"
                  LayoutInline {SPAN} at (0,0) size 0x15
                    LayoutInline {O:P} at (0,0) size 0x15
              LayoutTableCell {TD} at (98,1291) size 170x160 [r=25 c=1 rs=1 cs=1]
                LayoutBlockFlow {P} at (7.19,0) size 156x16
                  LayoutText {#text} at (0,0) size 86x15
                    text run at (0,0) width 86: "Alan Littlewood"
                  LayoutInline {SPAN} at (0,0) size 0x15
                    LayoutInline {O:P} at (0,0) size 0x15
                LayoutBlockFlow {P} at (7.19,16) size 156x16
                  LayoutText {#text} at (0,0) size 71x15
                    text run at (0,0) width 71: "Darren Braun"
                  LayoutInline {SPAN} at (0,0) size 0x15
                    LayoutInline {O:P} at (0,0) size 0x15
                LayoutBlockFlow {P} at (7.19,32) size 156x16
                  LayoutText {#text} at (0,0) size 59x15
                    text run at (0,0) width 59: "Simon Tam"
                LayoutBlockFlow {P} at (7.19,48) size 156x16
                  LayoutText {#text} at (0,0) size 74x15
                    text run at (0,0) width 74: "Chuck Pringle"
                LayoutBlockFlow {P} at (7.19,64) size 156x16
                  LayoutText {#text} at (0,0) size 88x15
                    text run at (0,0) width 88: "Gary Pendergras"
                LayoutBlockFlow {P} at (7.19,80) size 156x16
                  LayoutText {#text} at (0,0) size 78x15
                    text run at (0,0) width 78: "Peter Mazanec"
                LayoutBlockFlow {P} at (7.19,96) size 156x16
                  LayoutText {#text} at (0,0) size 78x15
                    text run at (0,0) width 78: "Harry Imamura"
                LayoutBlockFlow {P} at (7.19,112) size 156x16
                  LayoutText {#text} at (0,0) size 58x15
                    text run at (0,0) width 58: "Joe Araujo"
                LayoutBlockFlow {P} at (7.19,128) size 156x16
                  LayoutText {#text} at (0,0) size 74x15
                    text run at (0,0) width 74: "Gary Williams"
                LayoutBlockFlow {P} at (7.19,144) size 156x16
                  LayoutText {#text} at (0,0) size 86x15
                    text run at (0,0) width 86: "Jack Goodfriend"
                  LayoutInline {SPAN} at (0,0) size 0x15
                    LayoutInline {O:P} at (0,0) size 0x15
              LayoutTableCell {TD} at (268,1291) size 99x112 [r=25 c=2 rs=1 cs=1]
                LayoutBlockFlow {P} at (7.19,0) size 85x16
                  LayoutText {#text} at (32,0) size 21x15
                    text run at (32,0) width 21: "Yes"
                  LayoutInline {SPAN} at (0,0) size 1x15
                    LayoutInline {O:P} at (0,0) size 1x15
                LayoutBlockFlow {P} at (7.19,16) size 85x16
                  LayoutText {#text} at (32,0) size 21x15
                    text run at (32,0) width 21: "Yes"
                  LayoutInline {SPAN} at (0,0) size 1x15
                    LayoutInline {O:P} at (0,0) size 1x15
                LayoutBlockFlow {P} at (7.19,32) size 85x16
                  LayoutText {#text} at (32,0) size 21x15
                    text run at (32,0) width 21: "Yes"
                LayoutBlockFlow {P} at (7.19,48) size 85x16
                  LayoutText {#text} at (32,0) size 21x15
                    text run at (32,0) width 21: "Yes"
                LayoutBlockFlow {P} at (7.19,64) size 85x16
                  LayoutText {#text} at (32,0) size 21x15
                    text run at (32,0) width 21: "Yes"
                LayoutBlockFlow {P} at (7.19,80) size 85x16
                  LayoutText {#text} at (32,0) size 21x15
                    text run at (32,0) width 21: "Yes"
                LayoutBlockFlow {P} at (7.19,96) size 85x16
                  LayoutText {#text} at (34,0) size 17x15
                    text run at (34,0) width 17: "No"
                  LayoutInline {SPAN} at (0,0) size 1x15
                    LayoutInline {O:P} at (0,0) size 1x15
              LayoutTableCell {TD} at (367,1291) size 106x112 [r=25 c=3 rs=1 cs=1]
                LayoutBlockFlow {P} at (7.19,0) size 92x16
                  LayoutText {#text} at (38,0) size 16x15
                    text run at (38,0) width 16: "No"
                  LayoutInline {SPAN} at (0,0) size 0x15
                    LayoutInline {O:P} at (0,0) size 0x15
                LayoutBlockFlow {P} at (7.19,16) size 92x16
                  LayoutText {#text} at (38,0) size 16x15
                    text run at (38,0) width 16: "No"
                  LayoutInline {SPAN} at (0,0) size 0x15
                    LayoutInline {O:P} at (0,0) size 0x15
                LayoutBlockFlow {P} at (7.19,32) size 92x16
                  LayoutText {#text} at (38,0) size 16x15
                    text run at (38,0) width 16: "No"
                LayoutBlockFlow {P} at (7.19,48) size 92x16
                  LayoutText {#text} at (38,0) size 16x15
                    text run at (38,0) width 16: "No"
                LayoutBlockFlow {P} at (7.19,64) size 92x16
                  LayoutText {#text} at (38,0) size 16x15
                    text run at (38,0) width 16: "No"
                LayoutBlockFlow {P} at (7.19,80) size 92x16
                  LayoutText {#text} at (38,0) size 16x15
                    text run at (38,0) width 16: "No"
                LayoutBlockFlow {P} at (7.19,96) size 92x16
                  LayoutText {#text} at (36,0) size 20x15
                    text run at (36,0) width 20: "Yes"
                  LayoutInline {SPAN} at (0,0) size 0x15
                    LayoutInline {O:P} at (0,0) size 0x15
            LayoutTableRow {TR} at (0,1451) size 473x96
              LayoutTableCell {TD} at (0,1451) size 98x16 [r=26 c=0 rs=1 cs=1]
                LayoutBlockFlow {P} at (7.19,0) size 84x16
                  LayoutText {#text} at (36,0) size 12x15
                    text run at (36,0) width 12: "27"
                  LayoutInline {SPAN} at (0,0) size 0x15
                    LayoutInline {O:P} at (0,0) size 0x15
              LayoutTableCell {TD} at (98,1451) size 170x96 [r=26 c=1 rs=1 cs=1]
                LayoutBlockFlow {P} at (7.19,0) size 156x16
                  LayoutText {#text} at (0,0) size 71x15
                    text run at (0,0) width 71: "Darren Braun"
                  LayoutInline {SPAN} at (0,0) size 0x15
                    LayoutInline {O:P} at (0,0) size 0x15
                LayoutBlockFlow {P} at (7.19,16) size 156x16
                  LayoutText {#text} at (0,0) size 90x15
                    text run at (0,0) width 90: "Ian + Brad Carter"
                  LayoutInline {SPAN} at (0,0) size 0x15
                    LayoutInline {O:P} at (0,0) size 0x15
                LayoutBlockFlow {P} at (7.19,32) size 156x16
                  LayoutText {#text} at (0,0) size 73x15
                    text run at (0,0) width 73: "Pete Peterson"
                LayoutBlockFlow {P} at (7.19,48) size 156x16
                  LayoutText {#text} at (0,0) size 81x15
                    text run at (0,0) width 81: "John Chamorro"
                LayoutBlockFlow {P} at (7.19,64) size 156x16
                  LayoutText {#text} at (0,0) size 65x15
                    text run at (0,0) width 65: "Ali Erdengiz"
                LayoutBlockFlow {P} at (7.19,80) size 156x16
                  LayoutText {#text} at (0,0) size 55x15
                    text run at (0,0) width 55: "Saibal Sen"
                  LayoutInline {SPAN} at (0,0) size 0x15
                    LayoutInline {O:P} at (0,0) size 0x15
              LayoutTableCell {TD} at (268,1451) size 99x96 [r=26 c=2 rs=1 cs=1]
                LayoutBlockFlow {P} at (7.19,0) size 85x16
                  LayoutText {#text} at (32,0) size 21x15
                    text run at (32,0) width 21: "Yes"
                  LayoutInline {SPAN} at (0,0) size 1x15
                    LayoutInline {O:P} at (0,0) size 1x15
                LayoutBlockFlow {P} at (7.19,16) size 85x16
                  LayoutText {#text} at (32,0) size 21x15
                    text run at (32,0) width 21: "Yes"
                  LayoutInline {SPAN} at (0,0) size 1x15
                    LayoutInline {O:P} at (0,0) size 1x15
                LayoutBlockFlow {P} at (7.19,32) size 85x16
                  LayoutText {#text} at (32,0) size 21x15
                    text run at (32,0) width 21: "Yes"
                LayoutBlockFlow {P} at (7.19,48) size 85x16
                  LayoutText {#text} at (41,0) size 3x15
                    text run at (41,0) width 3: " "
                LayoutBlockFlow {P} at (7.19,64) size 85x16
                  LayoutText {#text} at (41,0) size 3x15
                    text run at (41,0) width 3: " "
                LayoutBlockFlow {P} at (7.19,80) size 85x16
                  LayoutText {#text} at (32,0) size 21x15
                    text run at (32,0) width 21: "Yes"
                  LayoutInline {SPAN} at (0,0) size 1x15
                    LayoutInline {O:P} at (0,0) size 1x15
              LayoutTableCell {TD} at (367,1451) size 106x96 [r=26 c=3 rs=1 cs=1]
                LayoutBlockFlow {P} at (7.19,0) size 92x16
                  LayoutText {#text} at (38,0) size 16x15
                    text run at (38,0) width 16: "No"
                  LayoutInline {SPAN} at (0,0) size 0x15
                    LayoutInline {O:P} at (0,0) size 0x15
                LayoutBlockFlow {P} at (7.19,16) size 92x16
                  LayoutText {#text} at (38,0) size 16x15
                    text run at (38,0) width 16: "No"
                  LayoutInline {SPAN} at (0,0) size 0x15
                    LayoutInline {O:P} at (0,0) size 0x15
                LayoutBlockFlow {P} at (7.19,32) size 92x16
                  LayoutText {#text} at (38,0) size 16x15
                    text run at (38,0) width 16: "No"
                LayoutBlockFlow {P} at (7.19,48) size 92x16
                  LayoutText {#text} at (44,0) size 4x15
                    text run at (44,0) width 4: " "
                LayoutBlockFlow {P} at (7.19,64) size 92x16
                  LayoutText {#text} at (44,0) size 4x15
                    text run at (44,0) width 4: " "
                LayoutBlockFlow {P} at (7.19,80) size 92x16
                  LayoutText {#text} at (38,0) size 16x15
                    text run at (38,0) width 16: "No"
                  LayoutInline {SPAN} at (0,0) size 0x15
                    LayoutInline {O:P} at (0,0) size 0x15
            LayoutTableRow {TR} at (0,1547) size 473x144
              LayoutTableCell {TD} at (0,1547) size 98x16 [r=27 c=0 rs=1 cs=1]
                LayoutBlockFlow {P} at (7.19,0) size 84x16
                  LayoutText {#text} at (36,0) size 12x15
                    text run at (36,0) width 12: "28"
                  LayoutInline {SPAN} at (0,0) size 0x15
                    LayoutInline {O:P} at (0,0) size 0x15
              LayoutTableCell {TD} at (98,1547) size 170x144 [r=27 c=1 rs=1 cs=1]
                LayoutBlockFlow {P} at (7.19,0) size 156x16
                  LayoutText {#text} at (0,0) size 92x15
                    text run at (0,0) width 92: "Zak + Mike West"
                  LayoutInline {SPAN} at (0,0) size 0x15
                    LayoutInline {O:P} at (0,0) size 0x15
                LayoutBlockFlow {P} at (7.19,16) size 156x16
                  LayoutText {#text} at (0,0) size 65x15
                    text run at (0,0) width 65: "Dave Neves"
                  LayoutInline {SPAN} at (0,0) size 0x15
                    LayoutInline {O:P} at (0,0) size 0x15
                LayoutBlockFlow {P} at (7.19,32) size 156x16
                  LayoutText {#text} at (0,0) size 75x15
                    text run at (0,0) width 75: "Richard Green"
                  LayoutInline {SPAN} at (0,0) size 0x15
                    LayoutInline {O:P} at (0,0) size 0x15
                LayoutBlockFlow {P} at (7.19,48) size 156x16
                  LayoutText {#text} at (0,0) size 67x15
                    text run at (0,0) width 67: "Javier Flores"
                LayoutBlockFlow {P} at (7.19,64) size 156x16
                  LayoutText {#text} at (0,0) size 81x15
                    text run at (0,0) width 81: "Gerald Cardinal"
                LayoutBlockFlow {P} at (7.19,80) size 156x16
                  LayoutText {#text} at (0,0) size 62x15
                    text run at (0,0) width 62: "Dan Sievert"
                LayoutBlockFlow {P} at (7.19,96) size 156x16
                  LayoutText {#text} at (0,0) size 65x15
                    text run at (0,0) width 65: "Ali Erdengiz"
                LayoutBlockFlow {P} at (7.19,112) size 156x16
                  LayoutText {#text} at (0,0) size 62x15
                    text run at (0,0) width 62: "Paul Walter"
                LayoutBlockFlow {P} at (7.19,128) size 156x16
                  LayoutText {#text} at (0,0) size 60x15
                    text run at (0,0) width 60: "Jerry Davis"
                  LayoutInline {SPAN} at (0,0) size 0x15
                    LayoutInline {O:P} at (0,0) size 0x15
              LayoutTableCell {TD} at (268,1547) size 99x144 [r=27 c=2 rs=1 cs=1]
                LayoutBlockFlow {P} at (7.19,0) size 85x16
                  LayoutText {#text} at (32,0) size 21x15
                    text run at (32,0) width 21: "Yes"
                  LayoutInline {SPAN} at (0,0) size 1x15
                    LayoutInline {O:P} at (0,0) size 1x15
                LayoutBlockFlow {P} at (7.19,16) size 85x16
                  LayoutText {#text} at (32,0) size 21x15
                    text run at (32,0) width 21: "Yes"
                  LayoutInline {SPAN} at (0,0) size 1x15
                    LayoutInline {O:P} at (0,0) size 1x15
                LayoutBlockFlow {P} at (7.19,32) size 85x16
                  LayoutText {#text} at (32,0) size 21x15
                    text run at (32,0) width 21: "Yes"
                  LayoutInline {SPAN} at (0,0) size 1x15
                    LayoutInline {O:P} at (0,0) size 1x15
                LayoutBlockFlow {P} at (7.19,48) size 85x16
                  LayoutText {#text} at (32,0) size 21x15
                    text run at (32,0) width 21: "Yes"
                LayoutBlockFlow {P} at (7.19,64) size 85x16
                  LayoutText {#text} at (41,0) size 3x15
                    text run at (41,0) width 3: " "
                LayoutBlockFlow {P} at (7.19,80) size 85x16
                  LayoutText {#text} at (32,0) size 21x15
                    text run at (32,0) width 21: "Yes"
                LayoutBlockFlow {P} at (7.19,96) size 85x16
                  LayoutText {#text} at (41,0) size 3x15
                    text run at (41,0) width 3: " "
                LayoutBlockFlow {P} at (7.19,112) size 85x16
                  LayoutText {#text} at (41,0) size 3x15
                    text run at (41,0) width 3: " "
                LayoutBlockFlow {P} at (7.19,128) size 85x16
                  LayoutText {#text} at (32,0) size 21x15
                    text run at (32,0) width 21: "Yes"
                  LayoutInline {SPAN} at (0,0) size 1x15
                    LayoutInline {O:P} at (0,0) size 1x15
              LayoutTableCell {TD} at (367,1547) size 106x144 [r=27 c=3 rs=1 cs=1]
                LayoutBlockFlow {P} at (7.19,0) size 92x16
                  LayoutText {#text} at (36,0) size 20x15
                    text run at (36,0) width 20: "Yes"
                  LayoutInline {SPAN} at (0,0) size 0x15
                    LayoutInline {O:P} at (0,0) size 0x15
                LayoutBlockFlow {P} at (7.19,16) size 92x16
                  LayoutText {#text} at (36,0) size 20x15
                    text run at (36,0) width 20: "Yes"
                  LayoutInline {SPAN} at (0,0) size 0x15
                    LayoutInline {O:P} at (0,0) size 0x15
                LayoutBlockFlow {P} at (7.19,32) size 92x16
                  LayoutText {#text} at (38,0) size 16x15
                    text run at (38,0) width 16: "No"
                  LayoutInline {SPAN} at (0,0) size 0x15
                    LayoutInline {O:P} at (0,0) size 0x15
                LayoutBlockFlow {P} at (7.19,48) size 92x16
                  LayoutText {#text} at (38,0) size 16x15
                    text run at (38,0) width 16: "No"
                LayoutBlockFlow {P} at (7.19,64) size 92x16
                  LayoutText {#text} at (44,0) size 4x15
                    text run at (44,0) width 4: " "
                LayoutBlockFlow {P} at (7.19,80) size 92x16
                  LayoutText {#text} at (38,0) size 16x15
                    text run at (38,0) width 16: "No"
                LayoutBlockFlow {P} at (7.19,96) size 92x16
                  LayoutText {#text} at (44,0) size 4x15
                    text run at (44,0) width 4: " "
                LayoutBlockFlow {P} at (7.19,112) size 92x16
                  LayoutText {#text} at (44,0) size 4x15
                    text run at (44,0) width 4: " "
                LayoutBlockFlow {P} at (7.19,128) size 92x16
                  LayoutText {#text} at (38,0) size 16x15
                    text run at (38,0) width 16: "No"
                  LayoutInline {SPAN} at (0,0) size 0x15
                    LayoutInline {O:P} at (0,0) size 0x15
            LayoutTableRow {TR} at (0,1691) size 473x48
              LayoutTableCell {TD} at (0,1691) size 98x16 [r=28 c=0 rs=1 cs=1]
                LayoutBlockFlow {P} at (7.19,0) size 84x16
                  LayoutText {#text} at (36,0) size 12x15
                    text run at (36,0) width 12: "29"
                  LayoutInline {SPAN} at (0,0) size 0x15
                    LayoutInline {O:P} at (0,0) size 0x15
              LayoutTableCell {TD} at (98,1691) size 170x48 [r=28 c=1 rs=1 cs=1]
                LayoutBlockFlow {P} at (7.19,0) size 156x16
                  LayoutText {#text} at (0,0) size 67x15
                    text run at (0,0) width 67: "Javier Flores"
                  LayoutInline {SPAN} at (0,0) size 0x15
                    LayoutInline {O:P} at (0,0) size 0x15
                LayoutBlockFlow {P} at (7.19,16) size 156x16
                  LayoutText {#text} at (0,0) size 66x15
                    text run at (0,0) width 66: "Bill Johnson"
                LayoutBlockFlow {P} at (7.19,32) size 156x16
                  LayoutText {#text} at (0,0) size 58x15
                    text run at (0,0) width 58: "John Todd"
                  LayoutInline {SPAN} at (0,0) size 0x15
                    LayoutInline {O:P} at (0,0) size 0x15
              LayoutTableCell {TD} at (268,1691) size 99x32 [r=28 c=2 rs=1 cs=1]
                LayoutBlockFlow {P} at (7.19,0) size 85x16
                  LayoutText {#text} at (32,0) size 21x15
                    text run at (32,0) width 21: "Yes"
                  LayoutInline {SPAN} at (0,0) size 1x15
                    LayoutInline {O:P} at (0,0) size 1x15
                LayoutBlockFlow {P} at (7.19,16) size 85x16
                  LayoutText {#text} at (32,0) size 21x15
                    text run at (32,0) width 21: "Yes"
                  LayoutInline {SPAN} at (0,0) size 1x15
                    LayoutInline {O:P} at (0,0) size 1x15
              LayoutTableCell {TD} at (367,1691) size 106x32 [r=28 c=3 rs=1 cs=1]
                LayoutBlockFlow {P} at (7.19,0) size 92x16
                  LayoutText {#text} at (38,0) size 16x15
                    text run at (38,0) width 16: "No"
                  LayoutInline {SPAN} at (0,0) size 0x15
                    LayoutInline {O:P} at (0,0) size 0x15
                LayoutBlockFlow {P} at (7.19,16) size 92x16
                  LayoutText {#text} at (38,0) size 16x15
                    text run at (38,0) width 16: "No"
                  LayoutInline {SPAN} at (0,0) size 0x15
                    LayoutInline {O:P} at (0,0) size 0x15
            LayoutTableRow {TR} at (0,1739) size 473x112
              LayoutTableCell {TD} at (0,1739) size 98x16 [r=29 c=0 rs=1 cs=1]
                LayoutBlockFlow {P} at (7.19,0) size 84x16
                  LayoutText {#text} at (36,0) size 12x15
                    text run at (36,0) width 12: "30"
                  LayoutInline {SPAN} at (0,0) size 0x15
                    LayoutInline {O:P} at (0,0) size 0x15
              LayoutTableCell {TD} at (98,1739) size 170x112 [r=29 c=1 rs=1 cs=1]
                LayoutBlockFlow {P} at (7.19,0) size 156x16
                  LayoutText {#text} at (0,0) size 86x15
                    text run at (0,0) width 86: "Alan Littlewood"
                  LayoutInline {SPAN} at (0,0) size 0x15
                    LayoutInline {O:P} at (0,0) size 0x15
                LayoutBlockFlow {P} at (7.19,16) size 156x16
                  LayoutText {#text} at (0,0) size 82x15
                    text run at (0,0) width 82: "George Coward"
                  LayoutInline {SPAN} at (0,0) size 0x15
                    LayoutInline {O:P} at (0,0) size 0x15
                LayoutBlockFlow {P} at (7.19,32) size 156x16
                  LayoutText {#text} at (0,0) size 84x15
                    text run at (0,0) width 84: "Maurice Burton"
                LayoutBlockFlow {P} at (7.19,48) size 156x16
                  LayoutText {#text} at (0,0) size 62x15
                    text run at (0,0) width 62: "Dan Sievert"
                LayoutBlockFlow {P} at (7.19,64) size 156x16
                  LayoutText {#text} at (0,0) size 109x15
                    text run at (0,0) width 109: "Michael DeGiovanni"
                LayoutBlockFlow {P} at (7.19,80) size 156x16
                  LayoutText {#text} at (0,0) size 86x15
                    text run at (0,0) width 86: "Jack Goodfriend"
                LayoutBlockFlow {P} at (7.19,96) size 156x16
                  LayoutText {#text} at (0,0) size 88x15
                    text run at (0,0) width 88: "Richard Sanchez"
                  LayoutInline {SPAN} at (0,0) size 0x15
                    LayoutInline {O:P} at (0,0) size 0x15
              LayoutTableCell {TD} at (268,1739) size 99x112 [r=29 c=2 rs=1 cs=1]
                LayoutBlockFlow {P} at (7.19,0) size 85x16
                  LayoutText {#text} at (32,0) size 21x15
                    text run at (32,0) width 21: "Yes"
                  LayoutInline {SPAN} at (0,0) size 1x15
                    LayoutInline {O:P} at (0,0) size 1x15
                LayoutBlockFlow {P} at (7.19,16) size 85x16
                  LayoutText {#text} at (32,0) size 21x15
                    text run at (32,0) width 21: "Yes"
                  LayoutInline {SPAN} at (0,0) size 1x15
                    LayoutInline {O:P} at (0,0) size 1x15
                LayoutBlockFlow {P} at (7.19,32) size 85x16
                  LayoutText {#text} at (32,0) size 21x15
                    text run at (32,0) width 21: "Yes"
                LayoutBlockFlow {P} at (7.19,48) size 85x16
                  LayoutText {#text} at (32,0) size 21x15
                    text run at (32,0) width 21: "Yes"
                LayoutBlockFlow {P} at (7.19,64) size 85x16
                  LayoutText {#text} at (41,0) size 3x15
                    text run at (41,0) width 3: " "
                LayoutBlockFlow {P} at (7.19,80) size 85x16
                  LayoutText {#text} at (41,0) size 3x15
                    text run at (41,0) width 3: " "
                LayoutBlockFlow {P} at (7.19,96) size 85x16
                  LayoutText {#text} at (34,0) size 17x15
                    text run at (34,0) width 17: "No"
                  LayoutInline {SPAN} at (0,0) size 1x15
                    LayoutInline {O:P} at (0,0) size 1x15
              LayoutTableCell {TD} at (367,1739) size 106x112 [r=29 c=3 rs=1 cs=1]
                LayoutBlockFlow {P} at (7.19,0) size 92x16
                  LayoutText {#text} at (38,0) size 16x15
                    text run at (38,0) width 16: "No"
                  LayoutInline {SPAN} at (0,0) size 0x15
                    LayoutInline {O:P} at (0,0) size 0x15
                LayoutBlockFlow {P} at (7.19,16) size 92x16
                  LayoutText {#text} at (38,0) size 16x15
                    text run at (38,0) width 16: "No"
                  LayoutInline {SPAN} at (0,0) size 0x15
                    LayoutInline {O:P} at (0,0) size 0x15
                LayoutBlockFlow {P} at (7.19,32) size 92x16
                  LayoutText {#text} at (38,0) size 16x15
                    text run at (38,0) width 16: "No"
                LayoutBlockFlow {P} at (7.19,48) size 92x16
                  LayoutText {#text} at (38,0) size 16x15
                    text run at (38,0) width 16: "No"
                LayoutBlockFlow {P} at (7.19,64) size 92x16
                  LayoutText {#text} at (44,0) size 4x15
                    text run at (44,0) width 4: " "
                LayoutBlockFlow {P} at (7.19,80) size 92x16
                  LayoutText {#text} at (44,0) size 4x15
                    text run at (44,0) width 4: " "
                LayoutBlockFlow {P} at (7.19,96) size 92x16
                  LayoutText {#text} at (36,0) size 20x15
                    text run at (36,0) width 20: "Yes"
                  LayoutInline {SPAN} at (0,0) size 0x15
                    LayoutInline {O:P} at (0,0) size 0x15
            LayoutTableRow {TR} at (0,1851) size 473x48
              LayoutTableCell {TD} at (0,1851) size 98x16 [r=30 c=0 rs=1 cs=1]
                LayoutBlockFlow {P} at (7.19,0) size 84x16
                  LayoutText {#text} at (36,0) size 12x15
                    text run at (36,0) width 12: "31"
                  LayoutInline {SPAN} at (0,0) size 0x15
                    LayoutInline {O:P} at (0,0) size 0x15
              LayoutTableCell {TD} at (98,1851) size 170x48 [r=30 c=1 rs=1 cs=1]
                LayoutBlockFlow {P} at (7.19,0) size 156x16
                  LayoutText {#text} at (0,0) size 65x15
                    text run at (0,0) width 65: "Dave Neves"
                LayoutBlockFlow {P} at (7.19,16) size 156x16
                  LayoutText {#text} at (0,0) size 79x15
                    text run at (0,0) width 79: "James Haladus"
                LayoutBlockFlow {P} at (7.19,32) size 156x16
                  LayoutText {#text} at (0,0) size 62x15
                    text run at (0,0) width 62: "Randy Reid"
                  LayoutInline {SPAN} at (0,0) size 0x15
                    LayoutInline {O:P} at (0,0) size 0x15
              LayoutTableCell {TD} at (268,1851) size 99x32 [r=30 c=2 rs=1 cs=1]
                LayoutBlockFlow {P} at (7.19,0) size 85x16
                  LayoutText {#text} at (32,0) size 21x15
                    text run at (32,0) width 21: "Yes"
                LayoutBlockFlow {P} at (7.19,16) size 85x16
                  LayoutText {#text} at (32,0) size 21x15
                    text run at (32,0) width 21: "Yes"
                  LayoutInline {SPAN} at (0,0) size 1x15
                    LayoutInline {O:P} at (0,0) size 1x15
              LayoutTableCell {TD} at (367,1851) size 106x32 [r=30 c=3 rs=1 cs=1]
                LayoutBlockFlow {P} at (7.19,0) size 92x16
                  LayoutText {#text} at (36,0) size 20x15
                    text run at (36,0) width 20: "Yes"
                LayoutBlockFlow {P} at (7.19,16) size 92x16
                  LayoutText {#text} at (38,0) size 16x15
                    text run at (38,0) width 16: "No"
                  LayoutInline {SPAN} at (0,0) size 0x15
                    LayoutInline {O:P} at (0,0) size 0x15
            LayoutTableRow {TR} at (0,1899) size 473x64
              LayoutTableCell {TD} at (0,1899) size 98x16 [r=31 c=0 rs=1 cs=1]
                LayoutBlockFlow {P} at (7.19,0) size 84x16
                  LayoutText {#text} at (36,0) size 12x15
                    text run at (36,0) width 12: "32"
                  LayoutInline {SPAN} at (0,0) size 0x15
                    LayoutInline {O:P} at (0,0) size 0x15
              LayoutTableCell {TD} at (98,1899) size 170x64 [r=31 c=1 rs=1 cs=1]
                LayoutBlockFlow {P} at (7.19,0) size 156x16
                  LayoutText {#text} at (0,0) size 62x15
                    text run at (0,0) width 62: " Oliver Baer"
                LayoutBlockFlow {P} at (7.19,16) size 156x16
                  LayoutText {#text} at (0,0) size 66x15
                    text run at (0,0) width 66: "Dale Barnett"
                LayoutBlockFlow {P} at (7.19,32) size 156x16
                  LayoutText {#text} at (0,0) size 58x15
                    text run at (0,0) width 58: "John Todd"
                LayoutBlockFlow {P} at (7.19,48) size 156x16
                  LayoutText {#text} at (0,0) size 84x15
                    text run at (0,0) width 84: "Dominic Bayani"
                  LayoutInline {SPAN} at (0,0) size 0x15
                    LayoutInline {O:P} at (0,0) size 0x15
              LayoutTableCell {TD} at (268,1899) size 99x32 [r=31 c=2 rs=1 cs=1]
                LayoutBlockFlow {P} at (7.19,0) size 85x16
                  LayoutText {#text} at (31,0) size 23x15
                    text run at (31,0) width 23: " Yes"
                LayoutBlockFlow {P} at (7.19,16) size 85x16
                  LayoutText {#text} at (32,0) size 21x15
                    text run at (32,0) width 21: "Yes"
                  LayoutInline {SPAN} at (0,0) size 1x15
                    LayoutInline {O:P} at (0,0) size 1x15
              LayoutTableCell {TD} at (367,1899) size 106x32 [r=31 c=3 rs=1 cs=1]
                LayoutBlockFlow {P} at (7.19,0) size 92x16
                  LayoutText {#text} at (36,0) size 20x15
                    text run at (36,0) width 20: " No"
                LayoutBlockFlow {P} at (7.19,16) size 92x16
                  LayoutText {#text} at (38,0) size 16x15
                    text run at (38,0) width 16: "No"
                  LayoutInline {SPAN} at (0,0) size 0x15
                    LayoutInline {O:P} at (0,0) size 0x15
            LayoutTableRow {TR} at (0,1963) size 473x144
              LayoutTableCell {TD} at (0,1963) size 98x16 [r=32 c=0 rs=1 cs=1]
                LayoutBlockFlow {P} at (7.19,0) size 84x16
                  LayoutText {#text} at (36,0) size 12x15
                    text run at (36,0) width 12: "33"
                  LayoutInline {SPAN} at (0,0) size 0x15
                    LayoutInline {O:P} at (0,0) size 0x15
              LayoutTableCell {TD} at (98,1963) size 170x144 [r=32 c=1 rs=1 cs=1]
                LayoutBlockFlow {P} at (7.19,0) size 156x16
                  LayoutText {#text} at (0,0) size 70x15
                    text run at (0,0) width 70: "Tom Wagner"
                  LayoutInline {SPAN} at (0,0) size 0x15
                    LayoutInline {O:P} at (0,0) size 0x15
                LayoutBlockFlow {P} at (7.19,16) size 156x16
                  LayoutText {#text} at (0,0) size 73x15
                    text run at (0,0) width 73: "Gene Langley"
                LayoutBlockFlow {P} at (7.19,32) size 156x16
                  LayoutText {#text} at (0,0) size 79x15
                    text run at (0,0) width 79: "James Haladus"
                LayoutBlockFlow {P} at (7.19,48) size 156x16
                  LayoutText {#text} at (0,0) size 80x15
                    text run at (0,0) width 80: "Daniel Buckley"
                LayoutBlockFlow {P} at (7.19,64) size 156x16
                  LayoutText {#text} at (0,0) size 67x15
                    text run at (0,0) width 67: "Chris Larsen"
                LayoutBlockFlow {P} at (7.19,80) size 156x16
                  LayoutText {#text} at (0,0) size 71x15
                    text run at (0,0) width 71: "Mike Chansu"
                LayoutBlockFlow {P} at (7.19,96) size 156x16
                  LayoutText {#text} at (0,0) size 70x15
                    text run at (0,0) width 70: "James Brown"
                LayoutBlockFlow {P} at (7.19,112) size 156x16
                  LayoutText {#text} at (0,0) size 62x15
                    text run at (0,0) width 62: "Will Sievert"
                LayoutBlockFlow {P} at (7.19,128) size 156x16
                  LayoutText {#text} at (0,0) size 68x15
                    text run at (0,0) width 68: "Terry Chong"
                  LayoutInline {SPAN} at (0,0) size 0x15
                    LayoutInline {O:P} at (0,0) size 0x15
              LayoutTableCell {TD} at (268,1963) size 99x144 [r=32 c=2 rs=1 cs=1]
                LayoutBlockFlow {P} at (7.19,0) size 85x16
                  LayoutText {#text} at (32,0) size 21x15
                    text run at (32,0) width 21: "Yes"
                  LayoutInline {SPAN} at (0,0) size 1x15
                    LayoutInline {O:P} at (0,0) size 1x15
                LayoutBlockFlow {P} at (7.19,16) size 85x16
                  LayoutText {#text} at (32,0) size 21x15
                    text run at (32,0) width 21: "Yes"
                LayoutBlockFlow {P} at (7.19,32) size 85x16
                  LayoutText {#text} at (32,0) size 21x15
                    text run at (32,0) width 21: "Yes"
                LayoutBlockFlow {P} at (7.19,48) size 85x16
                  LayoutText {#text} at (32,0) size 21x15
                    text run at (32,0) width 21: "Yes"
                LayoutBlockFlow {P} at (7.19,64) size 85x16
                  LayoutText {#text} at (41,0) size 3x15
                    text run at (41,0) width 3: " "
                LayoutBlockFlow {P} at (7.19,80) size 85x16
                  LayoutText {#text} at (32,0) size 21x15
                    text run at (32,0) width 21: "Yes"
                LayoutBlockFlow {P} at (7.19,96) size 85x16
                  LayoutText {#text} at (32,0) size 21x15
                    text run at (32,0) width 21: "Yes"
                LayoutBlockFlow {P} at (7.19,112) size 85x16
                  LayoutText {#text} at (32,0) size 21x15
                    text run at (32,0) width 21: "Yes"
                LayoutBlockFlow {P} at (7.19,128) size 85x16
                  LayoutText {#text} at (32,0) size 21x15
                    text run at (32,0) width 21: "Yes"
                  LayoutInline {SPAN} at (0,0) size 1x15
                    LayoutInline {O:P} at (0,0) size 1x15
              LayoutTableCell {TD} at (367,1963) size 106x144 [r=32 c=3 rs=1 cs=1]
                LayoutBlockFlow {P} at (7.19,0) size 92x16
                  LayoutText {#text} at (38,0) size 16x15
                    text run at (38,0) width 16: "No"
                  LayoutInline {SPAN} at (0,0) size 0x15
                    LayoutInline {O:P} at (0,0) size 0x15
                LayoutBlockFlow {P} at (7.19,16) size 92x16
                  LayoutText {#text} at (7,0) size 78x15
                    text run at (7,0) width 78: "Gyro wannabe"
                LayoutBlockFlow {P} at (7.19,32) size 92x16
                  LayoutText {#text} at (38,0) size 16x15
                    text run at (38,0) width 16: "No"
                LayoutBlockFlow {P} at (7.19,48) size 92x16
                  LayoutText {#text} at (38,0) size 16x15
                    text run at (38,0) width 16: "No"
                LayoutBlockFlow {P} at (7.19,64) size 92x16
                  LayoutText {#text} at (44,0) size 4x15
                    text run at (44,0) width 4: " "
                LayoutBlockFlow {P} at (7.19,80) size 92x16
                  LayoutText {#text} at (38,0) size 16x15
                    text run at (38,0) width 16: "No"
                LayoutBlockFlow {P} at (7.19,96) size 92x16
                  LayoutText {#text} at (38,0) size 16x15
                    text run at (38,0) width 16: "No"
                LayoutBlockFlow {P} at (7.19,112) size 92x16
                  LayoutText {#text} at (38,0) size 16x15
                    text run at (38,0) width 16: "No"
                LayoutBlockFlow {P} at (7.19,128) size 92x16
                  LayoutText {#text} at (38,0) size 16x15
                    text run at (38,0) width 16: "No"
                  LayoutInline {SPAN} at (0,0) size 0x15
                    LayoutInline {O:P} at (0,0) size 0x15
            LayoutTableRow {TR} at (0,2107) size 473x128
              LayoutTableCell {TD} at (0,2107) size 98x16 [r=33 c=0 rs=1 cs=1]
                LayoutBlockFlow {P} at (7.19,0) size 84x16
                  LayoutText {#text} at (36,0) size 12x15
                    text run at (36,0) width 12: "34"
                  LayoutInline {SPAN} at (0,0) size 0x15
                    LayoutInline {O:P} at (0,0) size 0x15
              LayoutTableCell {TD} at (98,2107) size 170x128 [r=33 c=1 rs=1 cs=1]
                LayoutBlockFlow {P} at (7.19,0) size 156x16
                  LayoutText {#text} at (0,0) size 55x15
                    text run at (0,0) width 55: "Jay Ribera"
                LayoutBlockFlow {P} at (7.19,16) size 156x16
                  LayoutText {#text} at (0,0) size 81x15
                    text run at (0,0) width 81: "Gerald Cardinal"
                LayoutBlockFlow {P} at (7.19,32) size 156x16
                  LayoutText {#text} at (0,0) size 66x15
                    text run at (0,0) width 66: "Dale Barnett"
                LayoutBlockFlow {P} at (7.19,48) size 156x16
                  LayoutText {#text} at (0,0) size 62x15
                    text run at (0,0) width 62: "Paul Walter"
                LayoutBlockFlow {P} at (7.19,64) size 156x16
                  LayoutText {#text} at (0,0) size 84x15
                    text run at (0,0) width 84: "Dominic Bayani"
                LayoutBlockFlow {P} at (7.19,80) size 156x16
                  LayoutText {#text} at (0,0) size 90x15
                    text run at (0,0) width 90: "Donald Carvalho"
                LayoutBlockFlow {P} at (7.19,96) size 156x16
                  LayoutText {#text} at (0,0) size 73x15
                    text run at (0,0) width 73: "Jack Peterson"
                LayoutBlockFlow {P} at (7.19,112) size 156x16
                  LayoutText {#text} at (0,0) size 63x15
                    text run at (0,0) width 63: "Scott Hersh"
                  LayoutInline {SPAN} at (0,0) size 0x15
                    LayoutInline {O:P} at (0,0) size 0x15
              LayoutTableCell {TD} at (268,2107) size 99x128 [r=33 c=2 rs=1 cs=1]
                LayoutBlockFlow {P} at (7.19,0) size 85x16
                  LayoutText {#text} at (32,0) size 21x15
                    text run at (32,0) width 21: "Yes"
                LayoutBlockFlow {P} at (7.19,16) size 85x16
                  LayoutText {#text} at (41,0) size 3x15
                    text run at (41,0) width 3: " "
                LayoutBlockFlow {P} at (7.19,32) size 85x16
                  LayoutText {#text} at (32,0) size 21x15
                    text run at (32,0) width 21: "Yes"
                LayoutBlockFlow {P} at (7.19,48) size 85x16
                  LayoutText {#text} at (41,0) size 3x15
                    text run at (41,0) width 3: " "
                LayoutBlockFlow {P} at (7.19,64) size 85x16
                  LayoutText {#text} at (41,0) size 3x15
                    text run at (41,0) width 3: " "
                LayoutBlockFlow {P} at (7.19,80) size 85x16
                  LayoutText {#text} at (41,0) size 3x15
                    text run at (41,0) width 3: " "
                LayoutBlockFlow {P} at (7.19,96) size 85x16
                  LayoutText {#text} at (41,0) size 3x15
                    text run at (41,0) width 3: " "
                LayoutBlockFlow {P} at (7.19,112) size 85x16
                  LayoutText {#text} at (32,0) size 21x15
                    text run at (32,0) width 21: "Yes"
                  LayoutInline {SPAN} at (0,0) size 1x15
                    LayoutInline {O:P} at (0,0) size 1x15
              LayoutTableCell {TD} at (367,2107) size 106x128 [r=33 c=3 rs=1 cs=1]
                LayoutBlockFlow {P} at (7.19,0) size 92x16
                  LayoutText {#text} at (38,0) size 16x15
                    text run at (38,0) width 16: "No"
                LayoutBlockFlow {P} at (7.19,16) size 92x16
                  LayoutText {#text} at (44,0) size 4x15
                    text run at (44,0) width 4: " "
                LayoutBlockFlow {P} at (7.19,32) size 92x16
                  LayoutText {#text} at (38,0) size 16x15
                    text run at (38,0) width 16: "No"
                LayoutBlockFlow {P} at (7.19,48) size 92x16
                  LayoutText {#text} at (44,0) size 4x15
                    text run at (44,0) width 4: " "
                LayoutBlockFlow {P} at (7.19,64) size 92x16
                  LayoutText {#text} at (44,0) size 4x15
                    text run at (44,0) width 4: " "
                LayoutBlockFlow {P} at (7.19,80) size 92x16
                  LayoutText {#text} at (44,0) size 4x15
                    text run at (44,0) width 4: " "
                LayoutBlockFlow {P} at (7.19,96) size 92x16
                  LayoutText {#text} at (44,0) size 4x15
                    text run at (44,0) width 4: " "
                LayoutBlockFlow {P} at (7.19,112) size 92x16
                  LayoutText {#text} at (38,0) size 16x15
                    text run at (38,0) width 16: "No"
                  LayoutInline {SPAN} at (0,0) size 0x15
                    LayoutInline {O:P} at (0,0) size 0x15
            LayoutTableRow {TR} at (0,2235) size 473x80
              LayoutTableCell {TD} at (0,2235) size 98x16 [r=34 c=0 rs=1 cs=1]
                LayoutBlockFlow {P} at (7.19,0) size 84x16
                  LayoutText {#text} at (36,0) size 12x15
                    text run at (36,0) width 12: "35"
                  LayoutInline {SPAN} at (0,0) size 0x15
                    LayoutInline {O:P} at (0,0) size 0x15
              LayoutTableCell {TD} at (98,2235) size 170x80 [r=34 c=1 rs=1 cs=1]
                LayoutBlockFlow {P} at (7.19,0) size 156x16
                  LayoutText {#text} at (0,0) size 78x15
                    text run at (0,0) width 78: " Richard Green"
                LayoutBlockFlow {P} at (7.19,16) size 156x16
                  LayoutText {#text} at (0,0) size 64x15
                    text run at (0,0) width 64: "David Allen"
                LayoutBlockFlow {P} at (7.19,32) size 156x16
                  LayoutText {#text} at (0,0) size 55x15
                    text run at (0,0) width 55: "Jim Colvin"
                LayoutBlockFlow {P} at (7.19,48) size 156x16
                  LayoutText {#text} at (0,0) size 68x15
                    text run at (0,0) width 68: "Harald Close"
                LayoutBlockFlow {P} at (7.19,64) size 156x16
                  LayoutText {#text} at (0,0) size 59x15
                    text run at (0,0) width 59: "Oliver Baer"
                  LayoutInline {SPAN} at (0,0) size 0x15
                    LayoutInline {O:P} at (0,0) size 0x15
              LayoutTableCell {TD} at (268,2235) size 99x80 [r=34 c=2 rs=1 cs=1]
                LayoutBlockFlow {P} at (7.19,0) size 85x16
                  LayoutText {#text} at (41,0) size 3x15
                    text run at (41,0) width 3: " "
                LayoutBlockFlow {P} at (7.19,16) size 85x16
                  LayoutText {#text} at (41,0) size 3x15
                    text run at (41,0) width 3: " "
                LayoutBlockFlow {P} at (7.19,32) size 85x16
                  LayoutText {#text} at (41,0) size 3x15
                    text run at (41,0) width 3: " "
                LayoutBlockFlow {P} at (7.19,48) size 85x16
                  LayoutText {#text} at (32,0) size 21x15
                    text run at (32,0) width 21: "Yes"
                LayoutBlockFlow {P} at (7.19,64) size 85x16
                  LayoutText {#text} at (32,0) size 21x15
                    text run at (32,0) width 21: "Yes"
                  LayoutInline {SPAN} at (0,0) size 1x15
                    LayoutInline {O:P} at (0,0) size 1x15
              LayoutTableCell {TD} at (367,2235) size 106x80 [r=34 c=3 rs=1 cs=1]
                LayoutBlockFlow {P} at (7.19,0) size 92x16
                  LayoutText {#text} at (44,0) size 4x15
                    text run at (44,0) width 4: " "
                LayoutBlockFlow {P} at (7.19,16) size 92x16
                  LayoutText {#text} at (44,0) size 4x15
                    text run at (44,0) width 4: " "
                LayoutBlockFlow {P} at (7.19,32) size 92x16
                  LayoutText {#text} at (44,0) size 4x15
                    text run at (44,0) width 4: " "
                LayoutBlockFlow {P} at (7.19,48) size 92x16
                  LayoutText {#text} at (36,0) size 20x15
                    text run at (36,0) width 20: "Yes"
                LayoutBlockFlow {P} at (7.19,64) size 92x16
                  LayoutText {#text} at (38,0) size 16x15
                    text run at (38,0) width 16: "No"
                  LayoutInline {SPAN} at (0,0) size 0x15
                    LayoutInline {O:P} at (0,0) size 0x15
            LayoutTableRow {TR} at (0,2315) size 473x80
              LayoutTableCell {TD} at (0,2315) size 98x16 [r=35 c=0 rs=1 cs=1]
                LayoutBlockFlow {P} at (7.19,0) size 84x16
                  LayoutText {#text} at (36,0) size 12x15
                    text run at (36,0) width 12: "36"
                  LayoutInline {SPAN} at (0,0) size 0x15
                    LayoutInline {O:P} at (0,0) size 0x15
              LayoutTableCell {TD} at (98,2315) size 170x80 [r=35 c=1 rs=1 cs=1]
                LayoutBlockFlow {P} at (7.19,0) size 156x16
                  LayoutText {#text} at (0,0) size 70x15
                    text run at (0,0) width 70: "Jason Beehm"
                LayoutBlockFlow {P} at (7.19,16) size 156x16
                  LayoutText {#text} at (0,0) size 90x15
                    text run at (0,0) width 90: "Darrell Carpenter"
                LayoutBlockFlow {P} at (7.19,32) size 156x16
                  LayoutText {#text} at (0,0) size 79x15
                    text run at (0,0) width 79: "Stefan Kiritzov"
                LayoutBlockFlow {P} at (7.19,48) size 156x16
                  LayoutText {#text} at (0,0) size 66x15
                    text run at (0,0) width 66: "Dale Barnett"
                LayoutBlockFlow {P} at (7.19,64) size 156x16
                  LayoutText {#text} at (0,0) size 62x15
                    text run at (0,0) width 62: "Dan Sievert"
                  LayoutInline {SPAN} at (0,0) size 0x15
                    LayoutInline {O:P} at (0,0) size 0x15
              LayoutTableCell {TD} at (268,2315) size 99x80 [r=35 c=2 rs=1 cs=1]
                LayoutBlockFlow {P} at (7.19,0) size 85x16
                  LayoutText {#text} at (32,0) size 21x15
                    text run at (32,0) width 21: "Yes"
                LayoutBlockFlow {P} at (7.19,16) size 85x16
                  LayoutText {#text} at (32,0) size 21x15
                    text run at (32,0) width 21: "Yes"
                LayoutBlockFlow {P} at (7.19,32) size 85x16
                  LayoutText {#text} at (32,0) size 21x15
                    text run at (32,0) width 21: "Yes"
                LayoutBlockFlow {P} at (7.19,48) size 85x16
                  LayoutText {#text} at (32,0) size 21x15
                    text run at (32,0) width 21: "Yes"
                LayoutBlockFlow {P} at (7.19,64) size 85x16
                  LayoutText {#text} at (32,0) size 21x15
                    text run at (32,0) width 21: "Yes"
                  LayoutInline {SPAN} at (0,0) size 1x15
                    LayoutInline {O:P} at (0,0) size 1x15
              LayoutTableCell {TD} at (367,2315) size 106x80 [r=35 c=3 rs=1 cs=1]
                LayoutBlockFlow {P} at (7.19,0) size 92x16
                  LayoutText {#text} at (38,0) size 16x15
                    text run at (38,0) width 16: "No"
                LayoutBlockFlow {P} at (7.19,16) size 92x16
                  LayoutText {#text} at (38,0) size 16x15
                    text run at (38,0) width 16: "No"
                LayoutBlockFlow {P} at (7.19,32) size 92x16
                  LayoutText {#text} at (36,0) size 20x15
                    text run at (36,0) width 20: "Yes"
                LayoutBlockFlow {P} at (7.19,48) size 92x16
                  LayoutText {#text} at (38,0) size 16x15
                    text run at (38,0) width 16: "No"
                LayoutBlockFlow {P} at (7.19,64) size 92x16
                  LayoutText {#text} at (38,0) size 16x15
                    text run at (38,0) width 16: "No"
                  LayoutInline {SPAN} at (0,0) size 0x15
                    LayoutInline {O:P} at (0,0) size 0x15
            LayoutTableRow {TR} at (0,2395) size 473x64
              LayoutTableCell {TD} at (0,2395) size 98x16 [r=36 c=0 rs=1 cs=1]
                LayoutBlockFlow {P} at (7.19,0) size 84x16
                  LayoutText {#text} at (36,0) size 12x15
                    text run at (36,0) width 12: "37"
                  LayoutInline {SPAN} at (0,0) size 0x15
                    LayoutInline {O:P} at (0,0) size 0x15
              LayoutTableCell {TD} at (98,2395) size 170x64 [r=36 c=1 rs=1 cs=1]
                LayoutBlockFlow {P} at (7.19,0) size 156x16
                  LayoutText {#text} at (0,0) size 88x15
                    text run at (0,0) width 88: "Dominic Civiletti"
                LayoutBlockFlow {P} at (7.19,16) size 156x16
                  LayoutText {#text} at (0,0) size 81x15
                    text run at (0,0) width 81: "John Chamorro"
                LayoutBlockFlow {P} at (7.19,32) size 156x16
                  LayoutText {#text} at (0,0) size 70x15
                    text run at (0,0) width 70: "Jim Mirowski"
                LayoutBlockFlow {P} at (7.19,48) size 156x16
                  LayoutText {#text} at (0,0) size 76x15
                    text run at (0,0) width 76: "Soohong  Kim"
                  LayoutInline {SPAN} at (0,0) size 0x15
                    LayoutInline {O:P} at (0,0) size 0x15
              LayoutTableCell {TD} at (268,2395) size 99x64 [r=36 c=2 rs=1 cs=1]
                LayoutBlockFlow {P} at (7.19,0) size 85x16
                  LayoutText {#text} at (32,0) size 21x15
                    text run at (32,0) width 21: "Yes"
                LayoutBlockFlow {P} at (7.19,16) size 85x16
                  LayoutText {#text} at (41,0) size 3x15
                    text run at (41,0) width 3: " "
                LayoutBlockFlow {P} at (7.19,32) size 85x16
                  LayoutText {#text} at (41,0) size 3x15
                    text run at (41,0) width 3: " "
                LayoutBlockFlow {P} at (7.19,48) size 85x16
                  LayoutText {#text} at (32,0) size 21x15
                    text run at (32,0) width 21: "Yes"
                  LayoutInline {SPAN} at (0,0) size 1x15
                    LayoutInline {O:P} at (0,0) size 1x15
              LayoutTableCell {TD} at (367,2395) size 106x64 [r=36 c=3 rs=1 cs=1]
                LayoutBlockFlow {P} at (7.19,0) size 92x16
                  LayoutText {#text} at (38,0) size 16x15
                    text run at (38,0) width 16: "No"
                LayoutBlockFlow {P} at (7.19,16) size 92x16
                  LayoutText {#text} at (44,0) size 4x15
                    text run at (44,0) width 4: " "
                LayoutBlockFlow {P} at (7.19,32) size 92x16
                  LayoutText {#text} at (44,0) size 4x15
                    text run at (44,0) width 4: " "
                LayoutBlockFlow {P} at (7.19,48) size 92x16
                  LayoutText {#text} at (38,0) size 16x15
                    text run at (38,0) width 16: "No"
                  LayoutInline {SPAN} at (0,0) size 0x15
                    LayoutInline {O:P} at (0,0) size 0x15
            LayoutTableRow {TR} at (0,2459) size 473x96
              LayoutTableCell {TD} at (0,2459) size 98x16 [r=37 c=0 rs=1 cs=1]
                LayoutBlockFlow {P} at (7.19,0) size 84x16
                  LayoutText {#text} at (36,0) size 12x15
                    text run at (36,0) width 12: "38"
                  LayoutInline {SPAN} at (0,0) size 0x15
                    LayoutInline {O:P} at (0,0) size 0x15
              LayoutTableCell {TD} at (98,2459) size 170x96 [r=37 c=1 rs=1 cs=1]
                LayoutBlockFlow {P} at (7.19,0) size 156x16
                  LayoutText {#text} at (0,0) size 97x15
                    text run at (0,0) width 97: "Karl Allmendinger"
                  LayoutInline {SPAN} at (0,0) size 0x15
                    LayoutInline {O:P} at (0,0) size 0x15
                LayoutBlockFlow {P} at (7.19,16) size 156x16
                  LayoutText {#text} at (0,0) size 63x15
                    text run at (0,0) width 63: "John Bernal"
                  LayoutInline {SPAN} at (0,0) size 0x15
                    LayoutInline {O:P} at (0,0) size 0x15
                LayoutBlockFlow {P} at (7.19,32) size 156x16
                  LayoutText {#text} at (0,0) size 73x15
                    text run at (0,0) width 73: "Gene Langley"
                LayoutBlockFlow {P} at (7.19,48) size 156x16
                  LayoutText {#text} at (0,0) size 74x15
                    text run at (0,0) width 74: "Chuck Pringle"
                LayoutBlockFlow {P} at (7.19,64) size 156x16
                  LayoutText {#text} at (0,0) size 52x15
                    text run at (0,0) width 52: "Jimmy Lei"
                LayoutBlockFlow {P} at (7.19,80) size 156x16
                  LayoutText {#text} at (0,0) size 90x15
                    text run at (0,0) width 90: "Ruenjoe (Joe) Lu"
                  LayoutInline {SPAN} at (0,0) size 0x15
                    LayoutInline {O:P} at (0,0) size 0x15
              LayoutTableCell {TD} at (268,2459) size 99x64 [r=37 c=2 rs=1 cs=1]
                LayoutBlockFlow {P} at (7.19,0) size 85x16
                  LayoutText {#text} at (32,0) size 21x15
                    text run at (32,0) width 21: "Yes"
                  LayoutInline {SPAN} at (0,0) size 1x15
                    LayoutInline {O:P} at (0,0) size 1x15
                LayoutBlockFlow {P} at (7.19,16) size 85x16
                  LayoutText {#text} at (32,0) size 21x15
                    text run at (32,0) width 21: "Yes"
                  LayoutInline {SPAN} at (0,0) size 1x15
                    LayoutInline {O:P} at (0,0) size 1x15
                LayoutBlockFlow {P} at (7.19,32) size 85x16
                  LayoutText {#text} at (32,0) size 21x15
                    text run at (32,0) width 21: "Yes"
                LayoutBlockFlow {P} at (7.19,48) size 85x16
                  LayoutText {#text} at (32,0) size 21x15
                    text run at (32,0) width 21: "Yes"
                  LayoutInline {SPAN} at (0,0) size 1x15
                    LayoutInline {O:P} at (0,0) size 1x15
              LayoutTableCell {TD} at (367,2459) size 106x64 [r=37 c=3 rs=1 cs=1]
                LayoutBlockFlow {P} at (7.19,0) size 92x16
                  LayoutText {#text} at (38,0) size 16x15
                    text run at (38,0) width 16: "No"
                  LayoutInline {SPAN} at (0,0) size 0x15
                    LayoutInline {O:P} at (0,0) size 0x15
                LayoutBlockFlow {P} at (7.19,16) size 92x16
                  LayoutText {#text} at (38,0) size 16x15
                    text run at (38,0) width 16: "No"
                  LayoutInline {SPAN} at (0,0) size 0x15
                    LayoutInline {O:P} at (0,0) size 0x15
                LayoutBlockFlow {P} at (7.19,32) size 92x16
                  LayoutText {#text} at (7,0) size 78x15
                    text run at (7,0) width 78: "Gyro wannabe"
                LayoutBlockFlow {P} at (7.19,48) size 92x16
                  LayoutText {#text} at (38,0) size 16x15
                    text run at (38,0) width 16: "No"
                  LayoutInline {SPAN} at (0,0) size 0x15
                    LayoutInline {O:P} at (0,0) size 0x15
            LayoutTableRow {TR} at (0,2555) size 473x48
              LayoutTableCell {TD} at (0,2555) size 98x16 [r=38 c=0 rs=1 cs=1]
                LayoutBlockFlow {P} at (7.19,0) size 84x16
                  LayoutText {#text} at (36,0) size 12x15
                    text run at (36,0) width 12: "39"
                  LayoutInline {SPAN} at (0,0) size 0x15
                    LayoutInline {O:P} at (0,0) size 0x15
              LayoutTableCell {TD} at (98,2555) size 170x48 [r=38 c=1 rs=1 cs=1]
                LayoutBlockFlow {P} at (7.19,0) size 156x16
                  LayoutText {#text} at (0,0) size 70x15
                    text run at (0,0) width 70: "Tom Wagner"
                LayoutBlockFlow {P} at (7.19,16) size 156x16
                  LayoutText {#text} at (0,0) size 59x15
                    text run at (0,0) width 59: "Oliver Baer"
                LayoutBlockFlow {P} at (7.19,32) size 156x16
                  LayoutText {#text} at (0,0) size 62x15
                    text run at (0,0) width 62: "Will Sievert"
                  LayoutInline {SPAN} at (0,0) size 0x15
                    LayoutInline {O:P} at (0,0) size 0x15
              LayoutTableCell {TD} at (268,2555) size 99x48 [r=38 c=2 rs=1 cs=1]
                LayoutBlockFlow {P} at (7.19,0) size 85x16
                  LayoutText {#text} at (32,0) size 21x15
                    text run at (32,0) width 21: "Yes"
                LayoutBlockFlow {P} at (7.19,16) size 85x16
                  LayoutText {#text} at (32,0) size 21x15
                    text run at (32,0) width 21: "Yes"
                LayoutBlockFlow {P} at (7.19,32) size 85x16
                  LayoutText {#text} at (32,0) size 21x15
                    text run at (32,0) width 21: "Yes"
                  LayoutInline {SPAN} at (0,0) size 1x15
                    LayoutInline {O:P} at (0,0) size 1x15
              LayoutTableCell {TD} at (367,2555) size 106x48 [r=38 c=3 rs=1 cs=1]
                LayoutBlockFlow {P} at (7.19,0) size 92x16
                  LayoutText {#text} at (38,0) size 16x15
                    text run at (38,0) width 16: "No"
                LayoutBlockFlow {P} at (7.19,16) size 92x16
                  LayoutText {#text} at (38,0) size 16x15
                    text run at (38,0) width 16: "No"
                LayoutBlockFlow {P} at (7.19,32) size 92x16
                  LayoutText {#text} at (38,0) size 16x15
                    text run at (38,0) width 16: "No"
                  LayoutInline {SPAN} at (0,0) size 0x15
                    LayoutInline {O:P} at (0,0) size 0x15
            LayoutTableRow {TR} at (0,2603) size 473x128
              LayoutTableCell {TD} at (0,2603) size 98x16 [r=39 c=0 rs=1 cs=1]
                LayoutBlockFlow {P} at (7.19,0) size 84x16
                  LayoutText {#text} at (36,0) size 12x15
                    text run at (36,0) width 12: "40"
                  LayoutInline {SPAN} at (0,0) size 0x15
                    LayoutInline {O:P} at (0,0) size 0x15
              LayoutTableCell {TD} at (98,2603) size 170x128 [r=39 c=1 rs=1 cs=1]
                LayoutBlockFlow {P} at (7.19,0) size 156x16
                  LayoutText {#text} at (0,0) size 81x15
                    text run at (0,0) width 81: "Alberto Lanzas"
                  LayoutInline {SPAN} at (0,0) size 0x15
                    LayoutInline {O:P} at (0,0) size 0x15
                LayoutBlockFlow {P} at (7.19,16) size 156x16
                  LayoutText {#text} at (0,0) size 92x15
                    text run at (0,0) width 92: "Zak + Mike West"
                  LayoutInline {SPAN} at (0,0) size 0x15
                    LayoutInline {O:P} at (0,0) size 0x15
                LayoutBlockFlow {P} at (7.19,32) size 156x16
                  LayoutText {#text} at (0,0) size 67x15
                    text run at (0,0) width 67: "Javier Flores"
                  LayoutInline {SPAN} at (0,0) size 0x15
                    LayoutInline {O:P} at (0,0) size 0x15
                LayoutBlockFlow {P} at (7.19,48) size 156x16
                  LayoutText {#text} at (0,0) size 66x15
                    text run at (0,0) width 66: "Bill Johnson"
                  LayoutInline {SPAN} at (0,0) size 0x15
                    LayoutInline {O:P} at (0,0) size 0x15
                LayoutBlockFlow {P} at (7.19,64) size 156x16
                  LayoutText {#text} at (0,0) size 73x15
                    text run at (0,0) width 73: "Gene Langley"
                LayoutBlockFlow {P} at (7.19,80) size 156x16
                  LayoutText {#text} at (0,0) size 67x15
                    text run at (0,0) width 67: "Rich Burnett"
                LayoutBlockFlow {P} at (7.19,96) size 156x16
                  LayoutText {#text} at (0,0) size 86x15
                    text run at (0,0) width 86: "Jack Goodfriend"
                LayoutBlockFlow {P} at (7.19,112) size 156x16
                  LayoutText {#text} at (0,0) size 68x15
                    text run at (0,0) width 68: "Harald Close"
                  LayoutInline {SPAN} at (0,0) size 0x15
                    LayoutInline {O:P} at (0,0) size 0x15
              LayoutTableCell {TD} at (268,2603) size 99x128 [r=39 c=2 rs=1 cs=1]
                LayoutBlockFlow {P} at (7.19,0) size 85x16
                  LayoutText {#text} at (32,0) size 21x15
                    text run at (32,0) width 21: "Yes"
                  LayoutInline {SPAN} at (0,0) size 1x15
                    LayoutInline {O:P} at (0,0) size 1x15
                LayoutBlockFlow {P} at (7.19,16) size 85x16
                  LayoutText {#text} at (32,0) size 21x15
                    text run at (32,0) width 21: "Yes"
                  LayoutInline {SPAN} at (0,0) size 1x15
                    LayoutInline {O:P} at (0,0) size 1x15
                LayoutBlockFlow {P} at (7.19,32) size 85x16
                  LayoutText {#text} at (32,0) size 21x15
                    text run at (32,0) width 21: "Yes"
                  LayoutInline {SPAN} at (0,0) size 1x15
                    LayoutInline {O:P} at (0,0) size 1x15
                LayoutBlockFlow {P} at (7.19,48) size 85x16
                  LayoutText {#text} at (32,0) size 21x15
                    text run at (32,0) width 21: "Yes"
                  LayoutInline {SPAN} at (0,0) size 1x15
                    LayoutInline {O:P} at (0,0) size 1x15
                LayoutBlockFlow {P} at (7.19,64) size 85x16
                  LayoutText {#text} at (32,0) size 21x15
                    text run at (32,0) width 21: "Yes"
                LayoutBlockFlow {P} at (7.19,80) size 85x16
                  LayoutText {#text} at (41,0) size 3x15
                    text run at (41,0) width 3: " "
                LayoutBlockFlow {P} at (7.19,96) size 85x16
                  LayoutText {#text} at (41,0) size 3x15
                    text run at (41,0) width 3: " "
                LayoutBlockFlow {P} at (7.19,112) size 85x16
                  LayoutText {#text} at (32,0) size 21x15
                    text run at (32,0) width 21: "Yes"
                  LayoutInline {SPAN} at (0,0) size 1x15
                    LayoutInline {O:P} at (0,0) size 1x15
              LayoutTableCell {TD} at (367,2603) size 106x128 [r=39 c=3 rs=1 cs=1]
                LayoutBlockFlow {P} at (7.19,0) size 92x16
                  LayoutText {#text} at (36,0) size 20x15
                    text run at (36,0) width 20: "Yes"
                  LayoutInline {SPAN} at (0,0) size 0x15
                    LayoutInline {O:P} at (0,0) size 0x15
                LayoutBlockFlow {P} at (7.19,16) size 92x16
                  LayoutText {#text} at (36,0) size 20x15
                    text run at (36,0) width 20: "Yes"
                  LayoutInline {SPAN} at (0,0) size 0x15
                    LayoutInline {O:P} at (0,0) size 0x15
                LayoutBlockFlow {P} at (7.19,32) size 92x16
                  LayoutText {#text} at (38,0) size 16x15
                    text run at (38,0) width 16: "No"
                  LayoutInline {SPAN} at (0,0) size 0x15
                    LayoutInline {O:P} at (0,0) size 0x15
                LayoutBlockFlow {P} at (7.19,48) size 92x16
                  LayoutText {#text} at (38,0) size 16x15
                    text run at (38,0) width 16: "No"
                  LayoutInline {SPAN} at (0,0) size 0x15
                    LayoutInline {O:P} at (0,0) size 0x15
                LayoutBlockFlow {P} at (7.19,64) size 92x16
                  LayoutText {#text} at (30,0) size 32x15
                    text run at (30,0) width 32: "Glider"
                LayoutBlockFlow {P} at (7.19,80) size 92x16
                  LayoutText {#text} at (44,0) size 4x15
                    text run at (44,0) width 4: " "
                LayoutBlockFlow {P} at (7.19,96) size 92x16
                  LayoutText {#text} at (44,0) size 4x15
                    text run at (44,0) width 4: " "
                LayoutBlockFlow {P} at (7.19,112) size 92x16
                  LayoutText {#text} at (38,0) size 16x15
                    text run at (38,0) width 16: "No"
                  LayoutInline {SPAN} at (0,0) size 0x15
                    LayoutInline {O:P} at (0,0) size 0x15
            LayoutTableRow {TR} at (0,2731) size 473x128
              LayoutTableCell {TD} at (0,2731) size 98x16 [r=40 c=0 rs=1 cs=1]
                LayoutBlockFlow {P} at (7.19,0) size 84x16
                  LayoutText {#text} at (36,0) size 12x15
                    text run at (36,0) width 12: "41"
                  LayoutInline {SPAN} at (0,0) size 0x15
                    LayoutInline {O:P} at (0,0) size 0x15
              LayoutTableCell {TD} at (98,2731) size 170x128 [r=40 c=1 rs=1 cs=1]
                LayoutBlockFlow {P} at (7.19,0) size 156x16
                  LayoutText {#text} at (0,0) size 88x15
                    text run at (0,0) width 88: "Dominic Civiletti"
                  LayoutInline {SPAN} at (0,0) size 0x15
                    LayoutInline {O:P} at (0,0) size 0x15
                LayoutBlockFlow {P} at (7.19,16) size 156x16
                  LayoutText {#text} at (0,0) size 103x15
                    text run at (0,0) width 103: "Corbin Christensen"
                  LayoutInline {SPAN} at (0,0) size 0x15
                    LayoutInline {O:P} at (0,0) size 0x15
                LayoutBlockFlow {P} at (7.19,32) size 156x16
                  LayoutText {#text} at (0,0) size 56x15
                    text run at (0,0) width 56: "Hal Hirsch"
                  LayoutInline {SPAN} at (0,0) size 0x15
                    LayoutInline {O:P} at (0,0) size 0x15
                LayoutBlockFlow {P} at (7.19,48) size 156x16
                  LayoutText {#text} at (0,0) size 88x15
                    text run at (0,0) width 88: "Richard Sanchez"
                LayoutBlockFlow {P} at (7.19,64) size 156x16
                  LayoutText {#text} at (0,0) size 63x15
                    text run at (0,0) width 63: "John Bernal"
                LayoutBlockFlow {P} at (7.19,80) size 156x16
                  LayoutText {#text} at (0,0) size 67x15
                    text run at (0,0) width 67: "Rich Burnett"
                LayoutBlockFlow {P} at (7.19,96) size 156x16
                  LayoutText {#text} at (0,0) size 69x15
                    text run at (0,0) width 69: "Brock Brown"
                LayoutBlockFlow {P} at (7.19,112) size 156x16
                  LayoutText {#text} at (0,0) size 55x15
                    text run at (0,0) width 55: "John Paye"
                  LayoutInline {SPAN} at (0,0) size 0x15
                    LayoutInline {O:P} at (0,0) size 0x15
              LayoutTableCell {TD} at (268,2731) size 99x112 [r=40 c=2 rs=1 cs=1]
                LayoutBlockFlow {P} at (7.19,0) size 85x16
                  LayoutText {#text} at (32,0) size 21x15
                    text run at (32,0) width 21: "Yes"
                  LayoutInline {SPAN} at (0,0) size 1x15
                    LayoutInline {O:P} at (0,0) size 1x15
                LayoutBlockFlow {P} at (7.19,16) size 85x16
                  LayoutText {#text} at (32,0) size 21x15
                    text run at (32,0) width 21: "Yes"
                  LayoutInline {SPAN} at (0,0) size 1x15
                    LayoutInline {O:P} at (0,0) size 1x15
                LayoutBlockFlow {P} at (7.19,32) size 85x16
                  LayoutText {#text} at (32,0) size 21x15
                    text run at (32,0) width 21: "Yes"
                  LayoutInline {SPAN} at (0,0) size 1x15
                    LayoutInline {O:P} at (0,0) size 1x15
                LayoutBlockFlow {P} at (7.19,48) size 85x16
                  LayoutText {#text} at (34,0) size 17x15
                    text run at (34,0) width 17: "No"
                LayoutBlockFlow {P} at (7.19,64) size 85x16
                  LayoutText {#text} at (32,0) size 21x15
                    text run at (32,0) width 21: "Yes"
                LayoutBlockFlow {P} at (7.19,80) size 85x16
                  LayoutText {#text} at (41,0) size 3x15
                    text run at (41,0) width 3: " "
                LayoutBlockFlow {P} at (7.19,96) size 85x16
                  LayoutText {#text} at (32,0) size 21x15
                    text run at (32,0) width 21: "Yes"
                  LayoutInline {SPAN} at (0,0) size 1x15
                    LayoutInline {O:P} at (0,0) size 1x15
              LayoutTableCell {TD} at (367,2731) size 106x112 [r=40 c=3 rs=1 cs=1]
                LayoutBlockFlow {P} at (7.19,0) size 92x16
                  LayoutText {#text} at (38,0) size 16x15
                    text run at (38,0) width 16: "No"
                  LayoutInline {SPAN} at (0,0) size 0x15
                    LayoutInline {O:P} at (0,0) size 0x15
                LayoutBlockFlow {P} at (7.19,16) size 92x16
                  LayoutText {#text} at (38,0) size 16x15
                    text run at (38,0) width 16: "No"
                  LayoutInline {SPAN} at (0,0) size 0x15
                    LayoutInline {O:P} at (0,0) size 0x15
                LayoutBlockFlow {P} at (7.19,32) size 92x16
                  LayoutText {#text} at (38,0) size 16x15
                    text run at (38,0) width 16: "No"
                  LayoutInline {SPAN} at (0,0) size 0x15
                    LayoutInline {O:P} at (0,0) size 0x15
                LayoutBlockFlow {P} at (7.19,48) size 92x16
                  LayoutText {#text} at (36,0) size 20x15
                    text run at (36,0) width 20: "Yes"
                LayoutBlockFlow {P} at (7.19,64) size 92x16
                  LayoutText {#text} at (38,0) size 16x15
                    text run at (38,0) width 16: "No"
                LayoutBlockFlow {P} at (7.19,80) size 92x16
                  LayoutText {#text} at (44,0) size 4x15
                    text run at (44,0) width 4: " "
                LayoutBlockFlow {P} at (7.19,96) size 92x16
                  LayoutText {#text} at (38,0) size 16x15
                    text run at (38,0) width 16: "No"
                  LayoutInline {SPAN} at (0,0) size 0x15
                    LayoutInline {O:P} at (0,0) size 0x15
            LayoutTableRow {TR} at (0,2859) size 473x128
              LayoutTableCell {TD} at (0,2859) size 98x16 [r=41 c=0 rs=1 cs=1]
                LayoutBlockFlow {P} at (7.19,0) size 84x16
                  LayoutText {#text} at (36,0) size 12x15
                    text run at (36,0) width 12: "42"
                  LayoutInline {SPAN} at (0,0) size 0x15
                    LayoutInline {O:P} at (0,0) size 0x15
              LayoutTableCell {TD} at (98,2859) size 170x128 [r=41 c=1 rs=1 cs=1]
                LayoutBlockFlow {P} at (7.19,0) size 156x16
                  LayoutText {#text} at (0,0) size 47x15
                    text run at (0,0) width 47: "Tony Yu"
                  LayoutInline {SPAN} at (0,0) size 0x15
                    LayoutInline {O:P} at (0,0) size 0x15
                LayoutBlockFlow {P} at (7.19,16) size 156x16
                  LayoutText {#text} at (0,0) size 65x15
                    text run at (0,0) width 65: "Jason Miller"
                  LayoutInline {SPAN} at (0,0) size 0x15
                    LayoutInline {O:P} at (0,0) size 0x15
                LayoutBlockFlow {P} at (7.19,32) size 156x16
                  LayoutText {#text} at (0,0) size 84x15
                    text run at (0,0) width 84: "Maurice Burton"
                LayoutBlockFlow {P} at (7.19,48) size 156x16
                  LayoutText {#text} at (0,0) size 62x15
                    text run at (0,0) width 62: "Dan Sievert"
                LayoutBlockFlow {P} at (7.19,64) size 156x16
                  LayoutText {#text} at (0,0) size 60x15
                    text run at (0,0) width 60: "Jerry Davis"
                LayoutBlockFlow {P} at (7.19,80) size 156x16
                  LayoutText {#text} at (0,0) size 55x15
                    text run at (0,0) width 55: "John Paye"
                LayoutBlockFlow {P} at (7.19,96) size 156x16
                  LayoutText {#text} at (0,0) size 71x15
                    text run at (0,0) width 71: "Gordon Frost"
                LayoutBlockFlow {P} at (7.19,112) size 156x16
                  LayoutText {#text} at (0,0) size 66x15
                    text run at (0,0) width 66: "Chris Walsh"
                  LayoutInline {SPAN} at (0,0) size 0x15
                    LayoutInline {O:P} at (0,0) size 0x15
              LayoutTableCell {TD} at (268,2859) size 99x80 [r=41 c=2 rs=1 cs=1]
                LayoutBlockFlow {P} at (7.19,0) size 85x16
                  LayoutText {#text} at (32,0) size 21x15
                    text run at (32,0) width 21: "Yes"
                  LayoutInline {SPAN} at (0,0) size 1x15
                    LayoutInline {O:P} at (0,0) size 1x15
                LayoutBlockFlow {P} at (7.19,16) size 85x16
                  LayoutText {#text} at (32,0) size 21x15
                    text run at (32,0) width 21: "Yes"
                  LayoutInline {SPAN} at (0,0) size 1x15
                    LayoutInline {O:P} at (0,0) size 1x15
                LayoutBlockFlow {P} at (7.19,32) size 85x16
                  LayoutText {#text} at (32,0) size 21x15
                    text run at (32,0) width 21: "Yes"
                LayoutBlockFlow {P} at (7.19,48) size 85x16
                  LayoutText {#text} at (32,0) size 21x15
                    text run at (32,0) width 21: "Yes"
                LayoutBlockFlow {P} at (7.19,64) size 85x16
                  LayoutText {#text} at (32,0) size 21x15
                    text run at (32,0) width 21: "Yes"
                  LayoutInline {SPAN} at (0,0) size 1x15
                    LayoutInline {O:P} at (0,0) size 1x15
              LayoutTableCell {TD} at (367,2859) size 106x80 [r=41 c=3 rs=1 cs=1]
                LayoutBlockFlow {P} at (7.19,0) size 92x16
                  LayoutText {#text} at (38,0) size 16x15
                    text run at (38,0) width 16: "No"
                  LayoutInline {SPAN} at (0,0) size 0x15
                    LayoutInline {O:P} at (0,0) size 0x15
                LayoutBlockFlow {P} at (7.19,16) size 92x16
                  LayoutText {#text} at (38,0) size 16x15
                    text run at (38,0) width 16: "No"
                  LayoutInline {SPAN} at (0,0) size 0x15
                    LayoutInline {O:P} at (0,0) size 0x15
                LayoutBlockFlow {P} at (7.19,32) size 92x16
                  LayoutText {#text} at (38,0) size 16x15
                    text run at (38,0) width 16: "No"
                LayoutBlockFlow {P} at (7.19,48) size 92x16
                  LayoutText {#text} at (38,0) size 16x15
                    text run at (38,0) width 16: "No"
                LayoutBlockFlow {P} at (7.19,64) size 92x16
                  LayoutText {#text} at (38,0) size 16x15
                    text run at (38,0) width 16: "No"
                  LayoutInline {SPAN} at (0,0) size 0x15
                    LayoutInline {O:P} at (0,0) size 0x15
            LayoutTableRow {TR} at (0,2987) size 473x112
              LayoutTableCell {TD} at (0,2987) size 98x16 [r=42 c=0 rs=1 cs=1]
                LayoutBlockFlow {P} at (7.19,0) size 84x16
                  LayoutText {#text} at (36,0) size 12x15
                    text run at (36,0) width 12: "43"
                  LayoutInline {SPAN} at (0,0) size 0x15
                    LayoutInline {O:P} at (0,0) size 0x15
              LayoutTableCell {TD} at (98,2987) size 170x112 [r=42 c=1 rs=1 cs=1]
                LayoutBlockFlow {P} at (7.19,0) size 156x16
                  LayoutText {#text} at (0,0) size 88x15
                    text run at (0,0) width 88: "Dominic Civiletti"
                  LayoutInline {SPAN} at (0,0) size 0x15
                    LayoutInline {O:P} at (0,0) size 0x15
                LayoutBlockFlow {P} at (7.19,16) size 156x16
                  LayoutText {#text} at (0,0) size 63x15
                    text run at (0,0) width 63: "Ken Gullion"
                  LayoutInline {SPAN} at (0,0) size 0x15
                    LayoutInline {O:P} at (0,0) size 0x15
                LayoutBlockFlow {P} at (7.19,32) size 156x16
                  LayoutText {#text} at (0,0) size 62x15
                    text run at (0,0) width 62: "Will Sievert"
                LayoutBlockFlow {P} at (7.19,48) size 156x16
                  LayoutText {#text} at (0,0) size 72x15
                    text run at (0,0) width 72: "Jim Mahoney"
                LayoutBlockFlow {P} at (7.19,64) size 156x16
                  LayoutText {#text} at (0,0) size 66x15
                    text run at (0,0) width 66: "Ken Manuel"
                LayoutBlockFlow {P} at (7.19,80) size 156x16
                  LayoutText {#text} at (0,0) size 58x15
                    text run at (0,0) width 58: "John Todd"
                LayoutBlockFlow {P} at (7.19,96) size 156x16
                  LayoutText {#text} at (0,0) size 87x15
                    text run at (0,0) width 87: "Rick Rasmussen"
                  LayoutInline {SPAN} at (0,0) size 0x15
                    LayoutInline {O:P} at (0,0) size 0x15
              LayoutTableCell {TD} at (268,2987) size 99x80 [r=42 c=2 rs=1 cs=1]
                LayoutBlockFlow {P} at (7.19,0) size 85x16
                  LayoutText {#text} at (32,0) size 21x15
                    text run at (32,0) width 21: "Yes"
                  LayoutInline {SPAN} at (0,0) size 1x15
                    LayoutInline {O:P} at (0,0) size 1x15
                LayoutBlockFlow {P} at (7.19,16) size 85x16
                  LayoutText {#text} at (32,0) size 21x15
                    text run at (32,0) width 21: "Yes"
                  LayoutInline {SPAN} at (0,0) size 1x15
                    LayoutInline {O:P} at (0,0) size 1x15
                LayoutBlockFlow {P} at (7.19,32) size 85x16
                  LayoutText {#text} at (32,0) size 21x15
                    text run at (32,0) width 21: "Yes"
                LayoutBlockFlow {P} at (7.19,48) size 85x16
                  LayoutText {#text} at (32,0) size 21x15
                    text run at (32,0) width 21: "Yes"
                LayoutBlockFlow {P} at (7.19,64) size 85x16
                  LayoutText {#text} at (32,0) size 21x15
                    text run at (32,0) width 21: "Yes"
                  LayoutInline {SPAN} at (0,0) size 1x15
                    LayoutInline {O:P} at (0,0) size 1x15
              LayoutTableCell {TD} at (367,2987) size 106x80 [r=42 c=3 rs=1 cs=1]
                LayoutBlockFlow {P} at (7.19,0) size 92x16
                  LayoutText {#text} at (38,0) size 16x15
                    text run at (38,0) width 16: "No"
                  LayoutInline {SPAN} at (0,0) size 0x15
                    LayoutInline {O:P} at (0,0) size 0x15
                LayoutBlockFlow {P} at (7.19,16) size 92x16
                  LayoutText {#text} at (38,0) size 16x15
                    text run at (38,0) width 16: "No"
                  LayoutInline {SPAN} at (0,0) size 0x15
                    LayoutInline {O:P} at (0,0) size 0x15
                LayoutBlockFlow {P} at (7.19,32) size 92x16
                  LayoutText {#text} at (21,0) size 50x15
                    text run at (21,0) width 50: "Someday"
                LayoutBlockFlow {P} at (7.19,48) size 92x16
                  LayoutText {#text} at (36,0) size 20x15
                    text run at (36,0) width 20: "Yes"
                LayoutBlockFlow {P} at (7.19,64) size 92x16
                  LayoutText {#text} at (38,0) size 16x15
                    text run at (38,0) width 16: "No"
                  LayoutInline {SPAN} at (0,0) size 0x15
                    LayoutInline {O:P} at (0,0) size 0x15
            LayoutTableRow {TR} at (0,3099) size 473x64
              LayoutTableCell {TD} at (0,3099) size 98x16 [r=43 c=0 rs=1 cs=1]
                LayoutBlockFlow {P} at (7.19,0) size 84x16
                  LayoutText {#text} at (36,0) size 12x15
                    text run at (36,0) width 12: "44"
                  LayoutInline {SPAN} at (0,0) size 0x15
                    LayoutInline {O:P} at (0,0) size 0x15
              LayoutTableCell {TD} at (98,3099) size 170x64 [r=43 c=1 rs=1 cs=1]
                LayoutBlockFlow {P} at (7.19,0) size 156x16
                  LayoutText {#text} at (0,0) size 60x15
                    text run at (0,0) width 60: "Gary Heath"
                  LayoutInline {SPAN} at (0,0) size 0x15
                    LayoutInline {O:P} at (0,0) size 0x15
                LayoutBlockFlow {P} at (7.19,16) size 156x16
                  LayoutText {#text} at (0,0) size 79x15
                    text run at (0,0) width 79: "Quinn Chuong"
                LayoutBlockFlow {P} at (7.19,32) size 156x16
                  LayoutText {#text} at (0,0) size 62x15
                    text run at (0,0) width 62: "Dan Sievert"
                LayoutBlockFlow {P} at (7.19,48) size 156x16
                  LayoutText {#text} at (0,0) size 84x15
                    text run at (0,0) width 84: "Alexander Wert"
                  LayoutInline {SPAN} at (0,0) size 0x15
                    LayoutInline {O:P} at (0,0) size 0x15
              LayoutTableCell {TD} at (268,3099) size 99x64 [r=43 c=2 rs=1 cs=1]
                LayoutBlockFlow {P} at (7.19,0) size 85x16
                  LayoutText {#text} at (34,0) size 17x15
                    text run at (34,0) width 17: "No"
                  LayoutInline {SPAN} at (0,0) size 1x15
                    LayoutInline {O:P} at (0,0) size 1x15
                LayoutBlockFlow {P} at (7.19,16) size 85x16
                  LayoutText {#text} at (32,0) size 21x15
                    text run at (32,0) width 21: "Yes"
                LayoutBlockFlow {P} at (7.19,32) size 85x16
                  LayoutText {#text} at (32,0) size 21x15
                    text run at (32,0) width 21: "Yes"
                LayoutBlockFlow {P} at (7.19,48) size 85x16
                  LayoutText {#text} at (34,0) size 17x15
                    text run at (34,0) width 17: "No"
                  LayoutInline {SPAN} at (0,0) size 1x15
                    LayoutInline {O:P} at (0,0) size 1x15
              LayoutTableCell {TD} at (367,3099) size 106x64 [r=43 c=3 rs=1 cs=1]
                LayoutBlockFlow {P} at (7.19,0) size 92x16
                  LayoutText {#text} at (36,0) size 20x15
                    text run at (36,0) width 20: "Yes"
                  LayoutInline {SPAN} at (0,0) size 0x15
                    LayoutInline {O:P} at (0,0) size 0x15
                LayoutBlockFlow {P} at (7.19,16) size 92x16
                  LayoutText {#text} at (36,0) size 20x15
                    text run at (36,0) width 20: "Yes"
                LayoutBlockFlow {P} at (7.19,32) size 92x16
                  LayoutText {#text} at (38,0) size 16x15
                    text run at (38,0) width 16: "No"
                LayoutBlockFlow {P} at (7.19,48) size 92x16
                  LayoutText {#text} at (36,0) size 20x15
                    text run at (36,0) width 20: "Yes"
                  LayoutInline {SPAN} at (0,0) size 0x15
                    LayoutInline {O:P} at (0,0) size 0x15
            LayoutTableRow {TR} at (0,3163) size 473x48
              LayoutTableCell {TD} at (0,3163) size 98x16 [r=44 c=0 rs=1 cs=1]
                LayoutBlockFlow {P} at (7.19,0) size 84x16
                  LayoutText {#text} at (36,0) size 12x15
                    text run at (36,0) width 12: "45"
                  LayoutInline {SPAN} at (0,0) size 0x15
                    LayoutInline {O:P} at (0,0) size 0x15
              LayoutTableCell {TD} at (98,3163) size 170x48 [r=44 c=1 rs=1 cs=1]
                LayoutBlockFlow {P} at (7.19,0) size 156x16
                  LayoutText {#text} at (0,0) size 79x15
                    text run at (0,0) width 79: "James Holaduz"
                LayoutBlockFlow {P} at (7.19,16) size 156x16
                  LayoutInline {FONT} at (0,0) size 55x15
                    LayoutText {#text} at (0,0) size 55x15
                      text run at (0,0) width 55: "Don Coon"
                LayoutBlockFlow {P} at (7.19,32) size 156x16
                  LayoutText {#text} at (0,0) size 83x15
                    text run at (0,0) width 83: "John Yearwood"
                  LayoutInline {SPAN} at (0,0) size 0x15
                    LayoutInline {O:P} at (0,0) size 0x15
              LayoutTableCell {TD} at (268,3163) size 99x48 [r=44 c=2 rs=1 cs=1]
                LayoutBlockFlow {P} at (7.19,0) size 85x16
                  LayoutText {#text} at (32,0) size 21x15
                    text run at (32,0) width 21: "Yes"
                LayoutBlockFlow {P} at (7.19,16) size 85x16
                  LayoutText {#text} at (41,0) size 3x15
                    text run at (41,0) width 3: " "
                LayoutBlockFlow {P} at (7.19,32) size 85x16
                  LayoutText {#text} at (32,0) size 21x15
                    text run at (32,0) width 21: "Yes"
                  LayoutInline {SPAN} at (0,0) size 1x15
                    LayoutInline {O:P} at (0,0) size 1x15
              LayoutTableCell {TD} at (367,3163) size 106x48 [r=44 c=3 rs=1 cs=1]
                LayoutBlockFlow {P} at (7.19,0) size 92x16
                  LayoutText {#text} at (38,0) size 16x15
                    text run at (38,0) width 16: "No"
                LayoutBlockFlow {P} at (7.19,16) size 92x16
                  LayoutText {#text} at (44,0) size 4x15
                    text run at (44,0) width 4: " "
                LayoutBlockFlow {P} at (7.19,32) size 92x16
                  LayoutText {#text} at (38,0) size 16x15
                    text run at (38,0) width 16: "No"
                  LayoutInline {SPAN} at (0,0) size 0x15
                    LayoutInline {O:P} at (0,0) size 0x15
            LayoutTableRow {TR} at (0,3211) size 473x128
              LayoutTableCell {TD} at (0,3211) size 98x16 [r=45 c=0 rs=1 cs=1]
                LayoutBlockFlow {P} at (7.19,0) size 84x16
                  LayoutText {#text} at (36,0) size 12x15
                    text run at (36,0) width 12: "46"
                  LayoutInline {SPAN} at (0,0) size 0x15
                    LayoutInline {O:P} at (0,0) size 0x15
              LayoutTableCell {TD} at (98,3211) size 170x128 [r=45 c=1 rs=1 cs=1]
                LayoutBlockFlow {P} at (7.19,0) size 156x16
                  LayoutText {#text} at (0,0) size 52x15
                    text run at (0,0) width 52: "Zak West"
                  LayoutInline {SPAN} at (0,0) size 0x15
                    LayoutInline {O:P} at (0,0) size 0x15
                LayoutBlockFlow {P} at (7.19,16) size 156x16
                  LayoutText {#text} at (0,0) size 97x15
                    text run at (0,0) width 97: "Karl Allmendinger"
                LayoutBlockFlow {P} at (7.19,32) size 156x16
                  LayoutText {#text} at (0,0) size 83x15
                    text run at (0,0) width 83: "John Espectzde"
                LayoutBlockFlow {P} at (7.19,48) size 156x16
                  LayoutText {#text} at (0,0) size 71x15
                    text run at (0,0) width 71: "Gene Pheiffer"
                LayoutBlockFlow {P} at (7.19,64) size 156x16
                  LayoutText {#text} at (0,0) size 68x15
                    text run at (0,0) width 68: "Harold Todd"
                LayoutBlockFlow {P} at (7.19,80) size 156x16
                  LayoutText {#text} at (0,0) size 81x15
                    text run at (0,0) width 81: "Gerald Cardinal"
                LayoutBlockFlow {P} at (7.19,96) size 156x16
                  LayoutText {#text} at (0,0) size 65x15
                    text run at (0,0) width 65: "Ali Erdengiz"
                LayoutBlockFlow {P} at (7.19,112) size 156x16
                  LayoutText {#text} at (0,0) size 88x15
                    text run at (0,0) width 88: "Jason Anderson"
                  LayoutInline {SPAN} at (0,0) size 0x15
                    LayoutInline {O:P} at (0,0) size 0x15
              LayoutTableCell {TD} at (268,3211) size 99x128 [r=45 c=2 rs=1 cs=1]
                LayoutBlockFlow {P} at (7.19,0) size 85x16
                  LayoutText {#text} at (32,0) size 21x15
                    text run at (32,0) width 21: "Yes"
                  LayoutInline {SPAN} at (0,0) size 1x15
                    LayoutInline {O:P} at (0,0) size 1x15
                LayoutBlockFlow {P} at (7.19,16) size 85x16
                  LayoutText {#text} at (32,0) size 21x15
                    text run at (32,0) width 21: "Yes"
                LayoutBlockFlow {P} at (7.19,32) size 85x16
                  LayoutText {#text} at (41,0) size 3x15
                    text run at (41,0) width 3: " "
                LayoutBlockFlow {P} at (7.19,48) size 85x16
                  LayoutText {#text} at (32,0) size 21x15
                    text run at (32,0) width 21: "Yes"
                LayoutBlockFlow {P} at (7.19,64) size 85x16
                  LayoutText {#text} at (41,0) size 3x15
                    text run at (41,0) width 3: " "
                LayoutBlockFlow {P} at (7.19,80) size 85x16
                  LayoutText {#text} at (41,0) size 3x15
                    text run at (41,0) width 3: " "
                LayoutBlockFlow {P} at (7.19,96) size 85x16
                  LayoutText {#text} at (41,0) size 3x15
                    text run at (41,0) width 3: " "
                LayoutBlockFlow {P} at (7.19,112) size 85x16
                  LayoutText {#text} at (32,0) size 21x15
                    text run at (32,0) width 21: "Yes"
                  LayoutInline {SPAN} at (0,0) size 1x15
                    LayoutInline {O:P} at (0,0) size 1x15
              LayoutTableCell {TD} at (367,3211) size 106x128 [r=45 c=3 rs=1 cs=1]
                LayoutBlockFlow {P} at (7.19,0) size 92x16
                  LayoutText {#text} at (36,0) size 20x15
                    text run at (36,0) width 20: "Yes"
                  LayoutInline {SPAN} at (0,0) size 0x15
                    LayoutInline {O:P} at (0,0) size 0x15
                LayoutBlockFlow {P} at (7.19,16) size 92x16
                  LayoutText {#text} at (38,0) size 16x15
                    text run at (38,0) width 16: "No"
                LayoutBlockFlow {P} at (7.19,32) size 92x16
                  LayoutText {#text} at (44,0) size 4x15
                    text run at (44,0) width 4: " "
                LayoutBlockFlow {P} at (7.19,48) size 92x16
                  LayoutText {#text} at (38,0) size 16x15
                    text run at (38,0) width 16: "No"
                LayoutBlockFlow {P} at (7.19,64) size 92x16
                  LayoutText {#text} at (44,0) size 4x15
                    text run at (44,0) width 4: " "
                LayoutBlockFlow {P} at (7.19,80) size 92x16
                  LayoutText {#text} at (44,0) size 4x15
                    text run at (44,0) width 4: " "
                LayoutBlockFlow {P} at (7.19,96) size 92x16
                  LayoutText {#text} at (44,0) size 4x15
                    text run at (44,0) width 4: " "
                LayoutBlockFlow {P} at (7.19,112) size 92x16
                  LayoutText {#text} at (38,0) size 16x15
                    text run at (38,0) width 16: "No"
                  LayoutInline {SPAN} at (0,0) size 0x15
                    LayoutInline {O:P} at (0,0) size 0x15
            LayoutTableRow {TR} at (0,3339) size 473x176
              LayoutTableCell {TD} at (0,3339) size 98x16 [r=46 c=0 rs=1 cs=1]
                LayoutBlockFlow {P} at (7.19,0) size 84x16
                  LayoutText {#text} at (36,0) size 12x15
                    text run at (36,0) width 12: "47"
                  LayoutInline {SPAN} at (0,0) size 0x15
                    LayoutInline {O:P} at (0,0) size 0x15
              LayoutTableCell {TD} at (98,3339) size 170x176 [r=46 c=1 rs=1 cs=1]
                LayoutBlockFlow {P} at (7.19,0) size 156x16
                  LayoutText {#text} at (0,0) size 79x15
                    text run at (0,0) width 79: "James Holaduz"
                  LayoutInline {SPAN} at (0,0) size 0x15
                    LayoutInline {O:P} at (0,0) size 0x15
                LayoutBlockFlow {P} at (7.19,16) size 156x16
                  LayoutText {#text} at (0,0) size 47x15
                    text run at (0,0) width 47: "Tony Yu"
                  LayoutInline {SPAN} at (0,0) size 0x15
                    LayoutInline {O:P} at (0,0) size 0x15
                LayoutBlockFlow {P} at (7.19,32) size 156x16
                  LayoutText {#text} at (0,0) size 82x15
                    text run at (0,0) width 82: "Quang Nguyen"
                  LayoutInline {SPAN} at (0,0) size 0x15
                    LayoutInline {O:P} at (0,0) size 0x15
                LayoutBlockFlow {P} at (7.19,48) size 156x16
                  LayoutText {#text} at (0,0) size 70x15
                    text run at (0,0) width 70: "Rick Klement"
                  LayoutInline {SPAN} at (0,0) size 0x15
                    LayoutInline {O:P} at (0,0) size 0x15
                LayoutBlockFlow {P} at (7.19,64) size 156x16
                  LayoutText {#text} at (0,0) size 77x15
                    text run at (0,0) width 77: "Mark Glanville"
                  LayoutInline {SPAN} at (0,0) size 0x15
                    LayoutInline {O:P} at (0,0) size 0x15
                LayoutBlockFlow {P} at (7.19,80) size 156x16
                  LayoutText {#text} at (0,0) size 87x15
                    text run at (0,0) width 87: "Michael Chansu"
                LayoutBlockFlow {P} at (7.19,96) size 156x16
                  LayoutText {#text} at (0,0) size 68x15
                    text run at (0,0) width 68: "Harold Todd"
                LayoutBlockFlow {P} at (7.19,112) size 156x16
                  LayoutInline {FONT} at (0,0) size 55x15
                    LayoutText {#text} at (0,0) size 55x15
                      text run at (0,0) width 55: "Don Coon"
                LayoutBlockFlow {P} at (7.19,128) size 156x16
                  LayoutText {#text} at (0,0) size 55x15
                    text run at (0,0) width 55: "John Paye"
                LayoutBlockFlow {P} at (7.19,144) size 156x16
                  LayoutText {#text} at (0,0) size 64x15
                    text run at (0,0) width 64: "David Allen"
                LayoutBlockFlow {P} at (7.19,160) size 156x16
                  LayoutText {#text} at (0,0) size 105x15
                    text run at (0,0) width 105: "Raymund Leonardo"
                  LayoutInline {SPAN} at (0,0) size 0x15
                    LayoutInline {O:P} at (0,0) size 0x15
              LayoutTableCell {TD} at (268,3339) size 99x176 [r=46 c=2 rs=1 cs=1]
                LayoutBlockFlow {P} at (7.19,0) size 85x16
                  LayoutText {#text} at (32,0) size 21x15
                    text run at (32,0) width 21: "Yes"
                  LayoutInline {SPAN} at (0,0) size 1x15
                    LayoutInline {O:P} at (0,0) size 1x15
                LayoutBlockFlow {P} at (7.19,16) size 85x16
                  LayoutText {#text} at (32,0) size 21x15
                    text run at (32,0) width 21: "Yes"
                  LayoutInline {SPAN} at (0,0) size 1x15
                    LayoutInline {O:P} at (0,0) size 1x15
                LayoutBlockFlow {P} at (7.19,32) size 85x16
                  LayoutText {#text} at (32,0) size 21x15
                    text run at (32,0) width 21: "Yes"
                  LayoutInline {SPAN} at (0,0) size 1x15
                    LayoutInline {O:P} at (0,0) size 1x15
                LayoutBlockFlow {P} at (7.19,48) size 85x16
                  LayoutText {#text} at (32,0) size 21x15
                    text run at (32,0) width 21: "Yes"
                  LayoutInline {SPAN} at (0,0) size 1x15
                    LayoutInline {O:P} at (0,0) size 1x15
                LayoutBlockFlow {P} at (7.19,64) size 85x16
                  LayoutText {#text} at (32,0) size 21x15
                    text run at (32,0) width 21: "Yes"
                  LayoutInline {SPAN} at (0,0) size 1x15
                    LayoutInline {O:P} at (0,0) size 1x15
                LayoutBlockFlow {P} at (7.19,80) size 85x16
                  LayoutText {#text} at (32,0) size 21x15
                    text run at (32,0) width 21: "Yes"
                LayoutBlockFlow {P} at (7.19,96) size 85x16
                  LayoutText {#text} at (41,0) size 3x15
                    text run at (41,0) width 3: " "
                LayoutBlockFlow {P} at (7.19,112) size 85x16
                  LayoutText {#text} at (41,0) size 3x15
                    text run at (41,0) width 3: " "
                LayoutBlockFlow {P} at (7.19,128) size 85x16
                  LayoutText {#text} at (41,0) size 3x15
                    text run at (41,0) width 3: " "
                LayoutBlockFlow {P} at (7.19,144) size 85x16
                  LayoutText {#text} at (41,0) size 3x15
                    text run at (41,0) width 3: " "
                LayoutBlockFlow {P} at (7.19,160) size 85x16
                  LayoutText {#text} at (34,0) size 17x15
                    text run at (34,0) width 17: "No"
                  LayoutInline {SPAN} at (0,0) size 1x15
                    LayoutInline {O:P} at (0,0) size 1x15
              LayoutTableCell {TD} at (367,3339) size 106x176 [r=46 c=3 rs=1 cs=1]
                LayoutBlockFlow {P} at (7.19,0) size 92x16
                  LayoutText {#text} at (38,0) size 16x15
                    text run at (38,0) width 16: "No"
                  LayoutInline {SPAN} at (0,0) size 0x15
                    LayoutInline {O:P} at (0,0) size 0x15
                LayoutBlockFlow {P} at (7.19,16) size 92x16
                  LayoutText {#text} at (38,0) size 16x15
                    text run at (38,0) width 16: "No"
                  LayoutInline {SPAN} at (0,0) size 0x15
                    LayoutInline {O:P} at (0,0) size 0x15
                LayoutBlockFlow {P} at (7.19,32) size 92x16
                  LayoutText {#text} at (38,0) size 16x15
                    text run at (38,0) width 16: "No"
                  LayoutInline {SPAN} at (0,0) size 0x15
                    LayoutInline {O:P} at (0,0) size 0x15
                LayoutBlockFlow {P} at (7.19,48) size 92x16
                  LayoutText {#text} at (36,0) size 20x15
                    text run at (36,0) width 20: "Yes"
                  LayoutInline {SPAN} at (0,0) size 0x15
                    LayoutInline {O:P} at (0,0) size 0x15
                LayoutBlockFlow {P} at (7.19,64) size 92x16
                  LayoutText {#text} at (38,0) size 16x15
                    text run at (38,0) width 16: "No"
                  LayoutInline {SPAN} at (0,0) size 0x15
                    LayoutInline {O:P} at (0,0) size 0x15
                LayoutBlockFlow {P} at (7.19,80) size 92x16
                  LayoutText {#text} at (38,0) size 16x15
                    text run at (38,0) width 16: "No"
                LayoutBlockFlow {P} at (7.19,96) size 92x16
                  LayoutText {#text} at (44,0) size 4x15
                    text run at (44,0) width 4: " "
                LayoutBlockFlow {P} at (7.19,112) size 92x16
                  LayoutText {#text} at (44,0) size 4x15
                    text run at (44,0) width 4: " "
                LayoutBlockFlow {P} at (7.19,128) size 92x16
                  LayoutText {#text} at (44,0) size 4x15
                    text run at (44,0) width 4: " "
                LayoutBlockFlow {P} at (7.19,144) size 92x16
                  LayoutText {#text} at (44,0) size 4x15
                    text run at (44,0) width 4: " "
                LayoutBlockFlow {P} at (7.19,160) size 92x16
                  LayoutText {#text} at (36,0) size 20x15
                    text run at (36,0) width 20: "Yes"
                  LayoutInline {SPAN} at (0,0) size 0x15
                    LayoutInline {O:P} at (0,0) size 0x15
            LayoutTableRow {TR} at (0,3515) size 473x144
              LayoutTableCell {TD} at (0,3515) size 98x16 [r=47 c=0 rs=1 cs=1]
                LayoutBlockFlow {P} at (7.19,0) size 84x16
                  LayoutText {#text} at (36,0) size 12x15
                    text run at (36,0) width 12: "48"
                  LayoutInline {SPAN} at (0,0) size 0x15
                    LayoutInline {O:P} at (0,0) size 0x15
              LayoutTableCell {TD} at (98,3515) size 170x144 [r=47 c=1 rs=1 cs=1]
                LayoutBlockFlow {P} at (7.19,0) size 156x16
                  LayoutText {#text} at (0,0) size 77x15
                    text run at (0,0) width 77: "Mark Glanville"
                  LayoutInline {SPAN} at (0,0) size 0x15
                    LayoutInline {O:P} at (0,0) size 0x15
                LayoutBlockFlow {P} at (7.19,16) size 156x16
                  LayoutText {#text} at (0,0) size 90x15
                    text run at (0,0) width 90: "Ian + Brad Carter"
                LayoutBlockFlow {P} at (7.19,32) size 156x16
                  LayoutText {#text} at (0,0) size 79x15
                    text run at (0,0) width 79: "Stefan Kiritzov"
                LayoutBlockFlow {P} at (7.19,48) size 156x16
                  LayoutText {#text} at (0,0) size 58x15
                    text run at (0,0) width 58: "Joe Araujo"
                LayoutBlockFlow {P} at (7.19,64) size 156x16
                  LayoutText {#text} at (0,0) size 68x15
                    text run at (0,0) width 68: "Harold Todd"
                LayoutBlockFlow {P} at (7.19,80) size 156x16
                  LayoutText {#text} at (0,0) size 68x15
                    text run at (0,0) width 68: "Steve Gilbert"
                LayoutBlockFlow {P} at (7.19,96) size 156x16
                  LayoutText {#text} at (0,0) size 52x15
                    text run at (0,0) width 52: "Mark Diel"
                LayoutBlockFlow {P} at (7.19,112) size 156x16
                  LayoutText {#text} at (0,0) size 86x15
                    text run at (0,0) width 86: "Jack Goodfriend"
                LayoutBlockFlow {P} at (7.19,128) size 156x16
                  LayoutText {#text} at (0,0) size 90x15
                    text run at (0,0) width 90: "Ruenjoe (Joe) Lu"
                  LayoutInline {SPAN} at (0,0) size 0x15
                    LayoutInline {O:P} at (0,0) size 0x15
              LayoutTableCell {TD} at (268,3515) size 99x96 [r=47 c=2 rs=1 cs=1]
                LayoutBlockFlow {P} at (7.19,0) size 85x16
                  LayoutText {#text} at (32,0) size 21x15
                    text run at (32,0) width 21: "Yes"
                  LayoutInline {SPAN} at (0,0) size 1x15
                    LayoutInline {O:P} at (0,0) size 1x15
                LayoutBlockFlow {P} at (7.19,16) size 85x16
                  LayoutText {#text} at (32,0) size 21x15
                    text run at (32,0) width 21: "Yes"
                LayoutBlockFlow {P} at (7.19,32) size 85x16
                  LayoutText {#text} at (32,0) size 21x15
                    text run at (32,0) width 21: "Yes"
                LayoutBlockFlow {P} at (7.19,48) size 85x16
                  LayoutText {#text} at (41,0) size 3x15
                    text run at (41,0) width 3: " "
                LayoutBlockFlow {P} at (7.19,64) size 85x16
                  LayoutText {#text} at (41,0) size 3x15
                    text run at (41,0) width 3: " "
                LayoutBlockFlow {P} at (7.19,80) size 85x16
                  LayoutText {#text} at (32,0) size 21x15
                    text run at (32,0) width 21: "Yes"
                  LayoutInline {SPAN} at (0,0) size 1x15
                    LayoutInline {O:P} at (0,0) size 1x15
              LayoutTableCell {TD} at (367,3515) size 106x96 [r=47 c=3 rs=1 cs=1]
                LayoutBlockFlow {P} at (7.19,0) size 92x16
                  LayoutText {#text} at (38,0) size 16x15
                    text run at (38,0) width 16: "No"
                  LayoutInline {SPAN} at (0,0) size 0x15
                    LayoutInline {O:P} at (0,0) size 0x15
                LayoutBlockFlow {P} at (7.19,16) size 92x16
                  LayoutText {#text} at (38,0) size 16x15
                    text run at (38,0) width 16: "No"
                LayoutBlockFlow {P} at (7.19,32) size 92x16
                  LayoutText {#text} at (36,0) size 20x15
                    text run at (36,0) width 20: "Yes"
                LayoutBlockFlow {P} at (7.19,48) size 92x16
                  LayoutText {#text} at (44,0) size 4x15
                    text run at (44,0) width 4: " "
                LayoutBlockFlow {P} at (7.19,64) size 92x16
                  LayoutText {#text} at (44,0) size 4x15
                    text run at (44,0) width 4: " "
                LayoutBlockFlow {P} at (7.19,80) size 92x16
                  LayoutText {#text} at (38,0) size 16x15
                    text run at (38,0) width 16: "No"
                  LayoutInline {SPAN} at (0,0) size 0x15
                    LayoutInline {O:P} at (0,0) size 0x15
            LayoutTableRow {TR} at (0,3659) size 473x64
              LayoutTableCell {TD} at (0,3659) size 98x16 [r=48 c=0 rs=1 cs=1]
                LayoutBlockFlow {P} at (7.19,0) size 84x16
                  LayoutText {#text} at (36,0) size 12x15
                    text run at (36,0) width 12: "49"
                  LayoutInline {SPAN} at (0,0) size 0x15
                    LayoutInline {O:P} at (0,0) size 0x15
              LayoutTableCell {TD} at (98,3659) size 170x64 [r=48 c=1 rs=1 cs=1]
                LayoutBlockFlow {P} at (7.19,0) size 156x16
                  LayoutText {#text} at (0,0) size 65x15
                    text run at (0,0) width 65: "Ali Erdengiz"
                LayoutBlockFlow {P} at (7.19,16) size 156x16
                  LayoutText {#text} at (0,0) size 64x15
                    text run at (0,0) width 64: "David Allen"
                LayoutBlockFlow {P} at (7.19,32) size 156x16
                  LayoutInline {SPAN} at (0,0) size 72x15
                    LayoutInline {O:P} at (0,0) size 0x0
                    LayoutText {#text} at (0,0) size 72x15
                      text run at (0,0) width 72: "Narayen Raju"
                LayoutBlockFlow {P} at (7.19,48) size 156x16
                  LayoutInline {SPAN} at (0,0) size 88x15
                    LayoutText {#text} at (0,0) size 88x15
                      text run at (0,0) width 34: "Jason "
                      text run at (34,0) width 54: "Anderson"
              LayoutTableCell {TD} at (268,3659) size 99x64 [r=48 c=2 rs=1 cs=1]
                LayoutBlockFlow {P} at (7.19,0) size 85x16
                  LayoutText {#text} at (41,0) size 3x15
                    text run at (41,0) width 3: " "
                LayoutBlockFlow {P} at (7.19,16) size 85x16
                  LayoutText {#text} at (41,0) size 3x15
                    text run at (41,0) width 3: " "
                LayoutBlockFlow {P} at (7.19,32) size 85x16
                  LayoutText {#text} at (41,0) size 3x15
                    text run at (41,0) width 3: " "
                LayoutBlockFlow {P} at (7.19,48) size 85x16
                  LayoutText {#text} at (32,0) size 21x15
                    text run at (32,0) width 21: "Yes"
                  LayoutInline {SPAN} at (0,0) size 1x15
                    LayoutInline {O:P} at (0,0) size 1x15
              LayoutTableCell {TD} at (367,3659) size 106x64 [r=48 c=3 rs=1 cs=1]
                LayoutBlockFlow {P} at (7.19,0) size 92x16
                  LayoutText {#text} at (44,0) size 4x15
                    text run at (44,0) width 4: " "
                LayoutBlockFlow {P} at (7.19,16) size 92x16
                  LayoutText {#text} at (44,0) size 4x15
                    text run at (44,0) width 4: " "
                LayoutBlockFlow {P} at (7.19,32) size 92x16
                  LayoutText {#text} at (44,0) size 4x15
                    text run at (44,0) width 4: " "
                LayoutBlockFlow {P} at (7.19,48) size 92x16
                  LayoutText {#text} at (38,0) size 16x15
                    text run at (38,0) width 16: "No"
                  LayoutInline {SPAN} at (0,0) size 0x15
                    LayoutInline {O:P} at (0,0) size 0x15
            LayoutTableRow {TR} at (0,3723) size 473x144
              LayoutTableCell {TD} at (0,3723) size 98x16 [r=49 c=0 rs=1 cs=1]
                LayoutBlockFlow {P} at (7.19,0) size 84x16
                  LayoutText {#text} at (36,0) size 12x15
                    text run at (36,0) width 12: "50"
                  LayoutInline {SPAN} at (0,0) size 0x15
                    LayoutInline {O:P} at (0,0) size 0x15
              LayoutTableCell {TD} at (98,3723) size 170x144 [r=49 c=1 rs=1 cs=1]
                LayoutBlockFlow {P} at (7.19,0) size 156x16
                  LayoutText {#text} at (0,0) size 52x15
                    text run at (0,0) width 52: "Zak West"
                  LayoutInline {SPAN} at (0,0) size 0x15
                    LayoutInline {O:P} at (0,0) size 0x15
                LayoutBlockFlow {P} at (7.19,16) size 156x16
                  LayoutText {#text} at (0,0) size 70x15
                    text run at (0,0) width 70: "Rick Klement"
                  LayoutInline {SPAN} at (0,0) size 0x15
                    LayoutInline {O:P} at (0,0) size 0x15
                LayoutBlockFlow {P} at (7.19,32) size 156x16
                  LayoutText {#text} at (0,0) size 54x15
                    text run at (0,0) width 54: "Jim Bernal"
                LayoutBlockFlow {P} at (7.19,48) size 156x16
                  LayoutText {#text} at (0,0) size 86x15
                    text run at (0,0) width 86: "Alan Littlewood"
                LayoutBlockFlow {P} at (7.19,64) size 156x16
                  LayoutText {#text} at (0,0) size 60x15
                    text run at (0,0) width 60: "Jerry Davis"
                LayoutBlockFlow {P} at (7.19,80) size 156x16
                  LayoutText {#text} at (0,0) size 84x15
                    text run at (0,0) width 84: "Lauren Bussard"
                LayoutBlockFlow {P} at (7.19,96) size 156x16
                  LayoutText {#text} at (0,0) size 83x15
                    text run at (0,0) width 83: "John Yearwood"
                LayoutBlockFlow {P} at (7.19,112) size 156x16
                  LayoutText {#text} at (0,0) size 72x15
                    text run at (0,0) width 72: "Narayan Raju"
                LayoutBlockFlow {P} at (7.19,128) size 156x16
                  LayoutText {#text} at (0,0) size 66x15
                    text run at (0,0) width 66: "Ken Manuel"
                  LayoutInline {SPAN} at (0,0) size 0x15
                    LayoutInline {O:P} at (0,0) size 0x15
              LayoutTableCell {TD} at (268,3723) size 99x112 [r=49 c=2 rs=1 cs=1]
                LayoutBlockFlow {P} at (7.19,0) size 85x16
                  LayoutText {#text} at (32,0) size 21x15
                    text run at (32,0) width 21: "Yes"
                  LayoutInline {SPAN} at (0,0) size 1x15
                    LayoutInline {O:P} at (0,0) size 1x15
                LayoutBlockFlow {P} at (7.19,16) size 85x16
                  LayoutText {#text} at (32,0) size 21x15
                    text run at (32,0) width 21: "Yes"
                  LayoutInline {SPAN} at (0,0) size 1x15
                    LayoutInline {O:P} at (0,0) size 1x15
                LayoutBlockFlow {P} at (7.19,32) size 85x16
                  LayoutText {#text} at (32,0) size 21x15
                    text run at (32,0) width 21: "Yes"
                LayoutBlockFlow {P} at (7.19,48) size 85x16
                  LayoutText {#text} at (32,0) size 21x15
                    text run at (32,0) width 21: "Yes"
                LayoutBlockFlow {P} at (7.19,64) size 85x16
                  LayoutText {#text} at (32,0) size 21x15
                    text run at (32,0) width 21: "Yes"
                LayoutBlockFlow {P} at (7.19,80) size 85x16
                  LayoutText {#text} at (41,0) size 3x15
                    text run at (41,0) width 3: " "
                LayoutBlockFlow {P} at (7.19,96) size 85x16
                  LayoutText {#text} at (32,0) size 21x15
                    text run at (32,0) width 21: "Yes"
                  LayoutInline {SPAN} at (0,0) size 1x15
                    LayoutInline {O:P} at (0,0) size 1x15
              LayoutTableCell {TD} at (367,3723) size 106x112 [r=49 c=3 rs=1 cs=1]
                LayoutBlockFlow {P} at (7.19,0) size 92x16
                  LayoutText {#text} at (36,0) size 20x15
                    text run at (36,0) width 20: "Yes"
                  LayoutInline {SPAN} at (0,0) size 0x15
                    LayoutInline {O:P} at (0,0) size 0x15
                LayoutBlockFlow {P} at (7.19,16) size 92x16
                  LayoutText {#text} at (36,0) size 20x15
                    text run at (36,0) width 20: "Yes"
                  LayoutInline {SPAN} at (0,0) size 0x15
                    LayoutInline {O:P} at (0,0) size 0x15
                LayoutBlockFlow {P} at (7.19,32) size 92x16
                  LayoutText {#text} at (38,0) size 16x15
                    text run at (38,0) width 16: "No"
                LayoutBlockFlow {P} at (7.19,48) size 92x16
                  LayoutText {#text} at (38,0) size 16x15
                    text run at (38,0) width 16: "No"
                LayoutBlockFlow {P} at (7.19,64) size 92x16
                  LayoutText {#text} at (36,0) size 20x15
                    text run at (36,0) width 20: "Yes"
                LayoutBlockFlow {P} at (7.19,80) size 92x16
                  LayoutText {#text} at (44,0) size 4x15
                    text run at (44,0) width 4: " "
                LayoutBlockFlow {P} at (7.19,96) size 92x16
                  LayoutText {#text} at (38,0) size 16x15
                    text run at (38,0) width 16: "No"
                  LayoutInline {SPAN} at (0,0) size 0x15
                    LayoutInline {O:P} at (0,0) size 0x15
            LayoutTableRow {TR} at (0,3867) size 473x48
              LayoutTableCell {TD} at (0,3867) size 98x16 [r=50 c=0 rs=1 cs=1]
                LayoutBlockFlow {P} at (7.19,0) size 84x16
                  LayoutText {#text} at (36,0) size 12x15
                    text run at (36,0) width 12: "51"
                  LayoutInline {SPAN} at (0,0) size 0x15
                    LayoutInline {O:P} at (0,0) size 0x15
              LayoutTableCell {TD} at (98,3867) size 170x48 [r=50 c=1 rs=1 cs=1]
                LayoutBlockFlow {P} at (7.19,0) size 156x16
                  LayoutText {#text} at (0,0) size 78x15
                    text run at (0,0) width 78: "Robert Barnett"
                LayoutBlockFlow {P} at (7.19,16) size 156x16
                  LayoutText {#text} at (0,0) size 72x15
                    text run at (0,0) width 72: "Jim Mahoney"
                LayoutBlockFlow {P} at (7.19,32) size 156x16
                  LayoutText {#text} at (0,0) size 88x15
                    text run at (0,0) width 88: "Jason Anderson"
                  LayoutInline {SPAN} at (0,0) size 0x15
                    LayoutInline {O:P} at (0,0) size 0x15
              LayoutTableCell {TD} at (268,3867) size 99x48 [r=50 c=2 rs=1 cs=1]
                LayoutBlockFlow {P} at (7.19,0) size 85x16
                  LayoutText {#text} at (32,0) size 21x15
                    text run at (32,0) width 21: "Yes"
                LayoutBlockFlow {P} at (7.19,16) size 85x16
                  LayoutText {#text} at (32,0) size 21x15
                    text run at (32,0) width 21: "Yes"
                LayoutBlockFlow {P} at (7.19,32) size 85x16
                  LayoutText {#text} at (32,0) size 21x15
                    text run at (32,0) width 21: "Yes"
                  LayoutInline {SPAN} at (0,0) size 1x15
                    LayoutInline {O:P} at (0,0) size 1x15
              LayoutTableCell {TD} at (367,3867) size 106x48 [r=50 c=3 rs=1 cs=1]
                LayoutBlockFlow {P} at (7.19,0) size 92x16
                  LayoutInline {SPAN} at (0,0) size 16x15
                    LayoutText {#text} at (38,0) size 16x15
                      text run at (38,0) width 16: "No"
                    LayoutInline {O:P} at (0,0) size 0x15
                LayoutBlockFlow {P} at (7.19,16) size 92x16
                  LayoutInline {SPAN} at (0,0) size 20x15
                    LayoutText {#text} at (36,0) size 20x15
                      text run at (36,0) width 20: "Yes"
                LayoutBlockFlow {P} at (7.19,32) size 92x16
                  LayoutInline {SPAN} at (0,0) size 16x15
                    LayoutText {#text} at (38,0) size 16x15
                      text run at (38,0) width 16: "No"
                  LayoutInline {SPAN} at (0,0) size 0x15
                    LayoutInline {O:P} at (0,0) size 0x15
            LayoutTableRow {TR} at (0,3915) size 473x80
              LayoutTableCell {TD} at (0,3915) size 98x16 [r=51 c=0 rs=1 cs=1]
                LayoutBlockFlow {P} at (7.19,0) size 84x16
                  LayoutText {#text} at (36,0) size 12x15
                    text run at (36,0) width 12: "52"
                  LayoutInline {SPAN} at (0,0) size 0x15
                    LayoutInline {O:P} at (0,0) size 0x15
              LayoutTableCell {TD} at (98,3915) size 170x80 [r=51 c=1 rs=1 cs=1]
                LayoutBlockFlow {P} at (7.19,0) size 156x16
                  LayoutText {#text} at (0,0) size 59x15
                    text run at (0,0) width 59: "Mike West"
                  LayoutInline {SPAN} at (0,0) size 0x15
                    LayoutInline {O:P} at (0,0) size 0x15
                LayoutBlockFlow {P} at (7.19,16) size 156x16
                  LayoutText {#text} at (0,0) size 81x15
                    text run at (0,0) width 81: "Robert Frogner"
                LayoutBlockFlow {P} at (7.19,32) size 156x16
                  LayoutText {#text} at (0,0) size 86x15
                    text run at (0,0) width 86: "Chris McDowell"
                LayoutBlockFlow {P} at (7.19,48) size 156x16
                  LayoutText {#text} at (0,0) size 53x15
                    text run at (0,0) width 53: "Ed Cypret"
                LayoutBlockFlow {P} at (7.19,64) size 156x16
                  LayoutText {#text} at (0,0) size 66x15
                    text run at (0,0) width 66: "Dale Barnett"
                  LayoutInline {SPAN} at (0,0) size 0x15
                    LayoutInline {O:P} at (0,0) size 0x15
              LayoutTableCell {TD} at (268,3915) size 99x80 [r=51 c=2 rs=1 cs=1]
                LayoutBlockFlow {P} at (7.19,0) size 85x16
                  LayoutText {#text} at (32,0) size 21x15
                    text run at (32,0) width 21: "Yes"
                  LayoutInline {SPAN} at (0,0) size 1x15
                    LayoutInline {O:P} at (0,0) size 1x15
                LayoutBlockFlow {P} at (7.19,16) size 85x16
                  LayoutText {#text} at (32,0) size 21x15
                    text run at (32,0) width 21: "Yes"
                LayoutBlockFlow {P} at (7.19,32) size 85x16
                  LayoutText {#text} at (32,0) size 21x15
                    text run at (32,0) width 21: "Yes"
                LayoutBlockFlow {P} at (7.19,48) size 85x16
                  LayoutText {#text} at (41,0) size 3x15
                    text run at (41,0) width 3: " "
                LayoutBlockFlow {P} at (7.19,64) size 85x16
                  LayoutText {#text} at (32,0) size 21x15
                    text run at (32,0) width 21: "Yes"
                  LayoutInline {SPAN} at (0,0) size 1x15
                    LayoutInline {O:P} at (0,0) size 1x15
              LayoutTableCell {TD} at (367,3915) size 106x80 [r=51 c=3 rs=1 cs=1]
                LayoutBlockFlow {P} at (7.19,0) size 92x16
                  LayoutText {#text} at (36,0) size 20x15
                    text run at (36,0) width 20: "Yes"
                  LayoutInline {SPAN} at (0,0) size 0x15
                    LayoutInline {O:P} at (0,0) size 0x15
                LayoutBlockFlow {P} at (7.19,16) size 92x16
                  LayoutText {#text} at (38,0) size 16x15
                    text run at (38,0) width 16: "No"
                LayoutBlockFlow {P} at (7.19,32) size 92x16
                  LayoutText {#text} at (38,0) size 16x15
                    text run at (38,0) width 16: "No"
                LayoutBlockFlow {P} at (7.19,48) size 92x16
                  LayoutText {#text} at (44,0) size 4x15
                    text run at (44,0) width 4: " "
                LayoutBlockFlow {P} at (7.19,64) size 92x16
                  LayoutText {#text} at (38,0) size 16x15
                    text run at (38,0) width 16: "No"
                  LayoutInline {SPAN} at (0,0) size 0x15
                    LayoutInline {O:P} at (0,0) size 0x15
            LayoutTableRow {TR} at (0,3995) size 473x80
              LayoutTableCell {TD} at (0,3995) size 98x16 [r=52 c=0 rs=1 cs=1]
                LayoutBlockFlow {P} at (7.19,0) size 84x16
                  LayoutText {#text} at (36,0) size 12x15
                    text run at (36,0) width 12: "53"
                  LayoutInline {SPAN} at (0,0) size 0x15
                    LayoutInline {O:P} at (0,0) size 0x15
              LayoutTableCell {TD} at (98,3995) size 170x80 [r=52 c=1 rs=1 cs=1]
                LayoutBlockFlow {P} at (7.19,0) size 156x16
                  LayoutText {#text} at (0,0) size 81x15
                    text run at (0,0) width 81: "Alberto Lanzas"
                  LayoutInline {SPAN} at (0,0) size 0x15
                    LayoutInline {O:P} at (0,0) size 0x15
                LayoutBlockFlow {P} at (7.19,16) size 156x16
                  LayoutText {#text} at (0,0) size 66x15
                    text run at (0,0) width 66: "Bill Johnson"
                LayoutBlockFlow {P} at (7.19,32) size 156x16
                  LayoutText {#text} at (0,0) size 43x15
                    text run at (0,0) width 43: "Al Wert"
                LayoutBlockFlow {P} at (7.19,48) size 156x16
                  LayoutText {#text} at (0,0) size 66x15
                    text run at (0,0) width 66: "Dale Barnett"
                LayoutBlockFlow {P} at (7.19,64) size 156x16
                  LayoutText {#text} at (0,0) size 101x15
                    text run at (0,0) width 101: "Ramin Khoshnevis"
                  LayoutInline {SPAN} at (0,0) size 0x15
                    LayoutInline {O:P} at (0,0) size 0x15
              LayoutTableCell {TD} at (268,3995) size 99x80 [r=52 c=2 rs=1 cs=1]
                LayoutBlockFlow {P} at (7.19,0) size 85x16
                  LayoutText {#text} at (32,0) size 21x15
                    text run at (32,0) width 21: "Yes"
                  LayoutInline {SPAN} at (0,0) size 1x15
                    LayoutInline {O:P} at (0,0) size 1x15
                LayoutBlockFlow {P} at (7.19,16) size 85x16
                  LayoutText {#text} at (32,0) size 21x15
                    text run at (32,0) width 21: "Yes"
                LayoutBlockFlow {P} at (7.19,32) size 85x16
                  LayoutText {#text} at (34,0) size 17x15
                    text run at (34,0) width 17: "No"
                LayoutBlockFlow {P} at (7.19,48) size 85x16
                  LayoutText {#text} at (32,0) size 21x15
                    text run at (32,0) width 21: "Yes"
                LayoutBlockFlow {P} at (7.19,64) size 85x16
                  LayoutText {#text} at (32,0) size 21x15
                    text run at (32,0) width 21: "Yes"
                  LayoutInline {SPAN} at (0,0) size 1x15
                    LayoutInline {O:P} at (0,0) size 1x15
              LayoutTableCell {TD} at (367,3995) size 106x80 [r=52 c=3 rs=1 cs=1]
                LayoutBlockFlow {P} at (7.19,0) size 92x16
                  LayoutText {#text} at (36,0) size 20x15
                    text run at (36,0) width 20: "Yes"
                  LayoutInline {SPAN} at (0,0) size 0x15
                    LayoutInline {O:P} at (0,0) size 0x15
                LayoutBlockFlow {P} at (7.19,16) size 92x16
                  LayoutText {#text} at (38,0) size 16x15
                    text run at (38,0) width 16: "No"
                LayoutBlockFlow {P} at (7.19,32) size 92x16
                  LayoutText {#text} at (36,0) size 20x15
                    text run at (36,0) width 20: "Yes"
                LayoutBlockFlow {P} at (7.19,48) size 92x16
                  LayoutText {#text} at (38,0) size 16x15
                    text run at (38,0) width 16: "No"
                LayoutBlockFlow {P} at (7.19,64) size 92x16
                  LayoutText {#text} at (38,0) size 16x15
                    text run at (38,0) width 16: "No"
                  LayoutInline {SPAN} at (0,0) size 0x15
                    LayoutInline {O:P} at (0,0) size 0x15
            LayoutTableRow {TR} at (0,4075) size 473x112
              LayoutTableCell {TD} at (0,4075) size 98x16 [r=53 c=0 rs=1 cs=1]
                LayoutBlockFlow {P} at (7.19,0) size 84x16
                  LayoutText {#text} at (36,0) size 12x15
                    text run at (36,0) width 12: "54"
                  LayoutInline {SPAN} at (0,0) size 0x15
                    LayoutInline {O:P} at (0,0) size 0x15
              LayoutTableCell {TD} at (98,4075) size 170x112 [r=53 c=1 rs=1 cs=1]
                LayoutBlockFlow {P} at (7.19,0) size 156x16
                  LayoutText {#text} at (0,0) size 73x15
                    text run at (0,0) width 73: "Gene Langley"
                LayoutBlockFlow {P} at (7.19,16) size 156x16
                  LayoutText {#text} at (0,0) size 66x15
                    text run at (0,0) width 66: "Bill Johnson"
                LayoutBlockFlow {P} at (7.19,32) size 156x16
                  LayoutText {#text} at (0,0) size 52x15
                    text run at (0,0) width 52: "Mark Diel"
                LayoutBlockFlow {P} at (7.19,48) size 156x16
                  LayoutText {#text} at (0,0) size 60x15
                    text run at (0,0) width 60: "Jerry Davis"
                LayoutBlockFlow {P} at (7.19,64) size 156x16
                  LayoutText {#text} at (0,0) size 55x15
                    text run at (0,0) width 55: "Peter Starr"
                LayoutBlockFlow {P} at (7.19,80) size 156x16
                  LayoutText {#text} at (0,0) size 83x15
                    text run at (0,0) width 83: "John Yearwood"
                LayoutBlockFlow {P} at (7.19,96) size 156x16
                  LayoutText {#text} at (0,0) size 63x15
                    text run at (0,0) width 63: "Scott Hersh"
                  LayoutInline {SPAN} at (0,0) size 0x15
                    LayoutInline {O:P} at (0,0) size 0x15
              LayoutTableCell {TD} at (268,4075) size 99x112 [r=53 c=2 rs=1 cs=1]
                LayoutBlockFlow {P} at (7.19,0) size 85x16
                  LayoutText {#text} at (32,0) size 21x15
                    text run at (32,0) width 21: "Yes"
                LayoutBlockFlow {P} at (7.19,16) size 85x16
                  LayoutText {#text} at (32,0) size 21x15
                    text run at (32,0) width 21: "Yes"
                LayoutBlockFlow {P} at (7.19,32) size 85x16
                  LayoutText {#text} at (41,0) size 3x15
                    text run at (41,0) width 3: " "
                LayoutBlockFlow {P} at (7.19,48) size 85x16
                  LayoutText {#text} at (32,0) size 21x15
                    text run at (32,0) width 21: "Yes"
                LayoutBlockFlow {P} at (7.19,64) size 85x16
                  LayoutText {#text} at (41,0) size 3x15
                    text run at (41,0) width 3: " "
                LayoutBlockFlow {P} at (7.19,80) size 85x16
                  LayoutText {#text} at (32,0) size 21x15
                    text run at (32,0) width 21: "Yes"
                LayoutBlockFlow {P} at (7.19,96) size 85x16
                  LayoutText {#text} at (32,0) size 21x15
                    text run at (32,0) width 21: "Yes"
                  LayoutInline {SPAN} at (0,0) size 1x15
                    LayoutInline {O:P} at (0,0) size 1x15
              LayoutTableCell {TD} at (367,4075) size 106x112 [r=53 c=3 rs=1 cs=1]
                LayoutBlockFlow {P} at (7.19,0) size 92x16
                  LayoutText {#text} at (7,0) size 78x15
                    text run at (7,0) width 78: "Gyro wannabe"
                LayoutBlockFlow {P} at (7.19,16) size 92x16
                  LayoutText {#text} at (38,0) size 16x15
                    text run at (38,0) width 16: "No"
                LayoutBlockFlow {P} at (7.19,32) size 92x16
                  LayoutText {#text} at (44,0) size 4x15
                    text run at (44,0) width 4: " "
                LayoutBlockFlow {P} at (7.19,48) size 92x16
                  LayoutText {#text} at (38,0) size 16x15
                    text run at (38,0) width 16: "No"
                LayoutBlockFlow {P} at (7.19,64) size 92x16
                  LayoutText {#text} at (44,0) size 4x15
                    text run at (44,0) width 4: " "
                LayoutBlockFlow {P} at (7.19,80) size 92x16
                  LayoutText {#text} at (38,0) size 16x15
                    text run at (38,0) width 16: "No"
                LayoutBlockFlow {P} at (7.19,96) size 92x16
                  LayoutText {#text} at (38,0) size 16x15
                    text run at (38,0) width 16: "No"
                  LayoutInline {SPAN} at (0,0) size 0x15
                    LayoutInline {O:P} at (0,0) size 0x15
            LayoutTableRow {TR} at (0,4187) size 473x48
              LayoutTableCell {TD} at (0,4187) size 98x16 [r=54 c=0 rs=1 cs=1]
                LayoutBlockFlow {P} at (7.19,0) size 84x16
                  LayoutText {#text} at (36,0) size 12x15
                    text run at (36,0) width 12: "55"
                  LayoutInline {SPAN} at (0,0) size 0x15
                    LayoutInline {O:P} at (0,0) size 0x15
              LayoutTableCell {TD} at (98,4187) size 170x48 [r=54 c=1 rs=1 cs=1]
                LayoutBlockFlow {P} at (7.19,0) size 156x16
                  LayoutText {#text} at (0,0) size 81x15
                    text run at (0,0) width 81: "Alberto Lanzas"
                  LayoutInline {SPAN} at (0,0) size 0x15
                    LayoutInline {O:P} at (0,0) size 0x15
                LayoutBlockFlow {P} at (7.19,16) size 156x16
                  LayoutText {#text} at (0,0) size 57x15
                    text run at (0,0) width 57: "Bob Roger"
                LayoutBlockFlow {P} at (7.19,32) size 156x16
                  LayoutText {#text} at (0,0) size 73x15
                    text run at (0,0) width 73: "Randy StClair"
                  LayoutInline {SPAN} at (0,0) size 0x15
                    LayoutInline {O:P} at (0,0) size 0x15
              LayoutTableCell {TD} at (268,4187) size 99x48 [r=54 c=2 rs=1 cs=1]
                LayoutBlockFlow {P} at (7.19,0) size 85x16
                  LayoutText {#text} at (32,0) size 21x15
                    text run at (32,0) width 21: "Yes"
                  LayoutInline {SPAN} at (0,0) size 1x15
                    LayoutInline {O:P} at (0,0) size 1x15
                LayoutBlockFlow {P} at (7.19,16) size 85x16
                  LayoutText {#text} at (32,0) size 21x15
                    text run at (32,0) width 21: "Yes"
                LayoutBlockFlow {P} at (7.19,32) size 85x16
                  LayoutText {#text} at (32,0) size 21x15
                    text run at (32,0) width 21: "Yes"
                  LayoutInline {SPAN} at (0,0) size 1x15
                    LayoutInline {O:P} at (0,0) size 1x15
              LayoutTableCell {TD} at (367,4187) size 106x48 [r=54 c=3 rs=1 cs=1]
                LayoutBlockFlow {P} at (7.19,0) size 92x16
                  LayoutText {#text} at (36,0) size 20x15
                    text run at (36,0) width 20: "Yes"
                  LayoutInline {SPAN} at (0,0) size 0x15
                    LayoutInline {O:P} at (0,0) size 0x15
                LayoutBlockFlow {P} at (7.19,16) size 92x16
                  LayoutText {#text} at (38,0) size 16x15
                    text run at (38,0) width 16: "No"
                LayoutBlockFlow {P} at (7.19,32) size 92x16
                  LayoutText {#text} at (38,0) size 16x15
                    text run at (38,0) width 16: "No"
                  LayoutInline {SPAN} at (0,0) size 0x15
                    LayoutInline {O:P} at (0,0) size 0x15
            LayoutTableRow {TR} at (0,4235) size 473x80
              LayoutTableCell {TD} at (0,4235) size 98x16 [r=55 c=0 rs=1 cs=1]
                LayoutBlockFlow {P} at (7.19,0) size 84x16
                  LayoutText {#text} at (36,0) size 12x15
                    text run at (36,0) width 12: "56"
                  LayoutInline {SPAN} at (0,0) size 0x15
                    LayoutInline {O:P} at (0,0) size 0x15
              LayoutTableCell {TD} at (98,4235) size 170x80 [r=55 c=1 rs=1 cs=1]
                LayoutBlockFlow {P} at (7.19,0) size 156x16
                  LayoutText {#text} at (0,0) size 77x15
                    text run at (0,0) width 77: "Mark Glanville"
                LayoutBlockFlow {P} at (7.19,16) size 156x16
                  LayoutText {#text} at (0,0) size 68x15
                    text run at (0,0) width 68: "Steve Gilbert"
                LayoutBlockFlow {P} at (7.19,32) size 156x16
                  LayoutText {#text} at (0,0) size 60x15
                    text run at (0,0) width 60: "Jerry Davis"
                LayoutBlockFlow {P} at (7.19,48) size 156x16
                  LayoutText {#text} at (0,0) size 64x15
                    text run at (0,0) width 64: "Rich Saunef"
                LayoutBlockFlow {P} at (7.19,64) size 156x16
                  LayoutText {#text} at (0,0) size 68x15
                    text run at (0,0) width 68: "Harald Close"
                  LayoutInline {SPAN} at (0,0) size 0x15
                    LayoutInline {O:P} at (0,0) size 0x15
              LayoutTableCell {TD} at (268,4235) size 99x80 [r=55 c=2 rs=1 cs=1]
                LayoutBlockFlow {P} at (7.19,0) size 85x16
                  LayoutText {#text} at (32,0) size 21x15
                    text run at (32,0) width 21: "Yes"
                LayoutBlockFlow {P} at (7.19,16) size 85x16
                  LayoutText {#text} at (32,0) size 21x15
                    text run at (32,0) width 21: "Yes"
                LayoutBlockFlow {P} at (7.19,32) size 85x16
                  LayoutText {#text} at (32,0) size 21x15
                    text run at (32,0) width 21: "Yes"
                LayoutBlockFlow {P} at (7.19,48) size 85x16
                  LayoutText {#text} at (32,0) size 21x15
                    text run at (32,0) width 21: "Yes"
                LayoutBlockFlow {P} at (7.19,64) size 85x16
                  LayoutText {#text} at (32,0) size 21x15
                    text run at (32,0) width 21: "Yes"
                  LayoutInline {SPAN} at (0,0) size 1x15
                    LayoutInline {O:P} at (0,0) size 1x15
              LayoutTableCell {TD} at (367,4235) size 106x80 [r=55 c=3 rs=1 cs=1]
                LayoutBlockFlow {P} at (7.19,0) size 92x16
                  LayoutText {#text} at (38,0) size 16x15
                    text run at (38,0) width 16: "No"
                LayoutBlockFlow {P} at (7.19,16) size 92x16
                  LayoutText {#text} at (38,0) size 16x15
                    text run at (38,0) width 16: "No"
                LayoutBlockFlow {P} at (7.19,32) size 92x16
                  LayoutText {#text} at (38,0) size 16x15
                    text run at (38,0) width 16: "No"
                LayoutBlockFlow {P} at (7.19,48) size 92x16
                  LayoutText {#text} at (38,0) size 16x15
                    text run at (38,0) width 16: "No"
                LayoutBlockFlow {P} at (7.19,64) size 92x16
                  LayoutText {#text} at (38,0) size 16x15
                    text run at (38,0) width 16: "No"
                  LayoutInline {SPAN} at (0,0) size 0x15
                    LayoutInline {O:P} at (0,0) size 0x15
            LayoutTableRow {TR} at (0,4315) size 473x48
              LayoutTableCell {TD} at (0,4315) size 98x16 [r=56 c=0 rs=1 cs=1]
                LayoutBlockFlow {P} at (7.19,0) size 84x16
                  LayoutText {#text} at (36,0) size 12x15
                    text run at (36,0) width 12: "57"
                  LayoutInline {SPAN} at (0,0) size 0x15
                    LayoutInline {O:P} at (0,0) size 0x15
              LayoutTableCell {TD} at (98,4315) size 170x48 [r=56 c=1 rs=1 cs=1]
                LayoutBlockFlow {P} at (7.19,0) size 156x16
                  LayoutText {#text} at (0,0) size 57x15
                    text run at (0,0) width 57: "Bob Roger"
                LayoutBlockFlow {P} at (7.19,16) size 156x16
                  LayoutText {#text} at (0,0) size 67x15
                    text run at (0,0) width 67: "Rich Burnett"
                LayoutBlockFlow {P} at (7.19,32) size 156x16
                  LayoutText {#text} at (0,0) size 65x15
                    text run at (0,0) width 65: "David Dunn"
                  LayoutInline {SPAN} at (0,0) size 0x15
                    LayoutInline {O:P} at (0,0) size 0x15
              LayoutTableCell {TD} at (268,4315) size 99x16 [r=56 c=2 rs=1 cs=1]
                LayoutBlockFlow {P} at (7.19,0) size 85x16
                  LayoutText {#text} at (32,0) size 21x15
                    text run at (32,0) width 21: "Yes"
                  LayoutInline {SPAN} at (0,0) size 1x15
                    LayoutInline {O:P} at (0,0) size 1x15
              LayoutTableCell {TD} at (367,4315) size 106x16 [r=56 c=3 rs=1 cs=1]
                LayoutBlockFlow {P} at (7.19,0) size 92x16
                  LayoutText {#text} at (38,0) size 16x15
                    text run at (38,0) width 16: "No"
                  LayoutInline {SPAN} at (0,0) size 0x15
                    LayoutInline {O:P} at (0,0) size 0x15
            LayoutTableRow {TR} at (0,4363) size 473x64
              LayoutTableCell {TD} at (0,4363) size 98x16 [r=57 c=0 rs=1 cs=1]
                LayoutBlockFlow {P} at (7.19,0) size 84x16
                  LayoutText {#text} at (36,0) size 12x15
                    text run at (36,0) width 12: "58"
                  LayoutInline {SPAN} at (0,0) size 0x15
                    LayoutInline {O:P} at (0,0) size 0x15
              LayoutTableCell {TD} at (98,4363) size 170x64 [r=57 c=1 rs=1 cs=1]
                LayoutBlockFlow {P} at (7.19,0) size 156x16
                  LayoutText {#text} at (0,0) size 90x15
                    text run at (0,0) width 90: "Ian + Brad Carter"
                  LayoutInline {SPAN} at (0,0) size 0x15
                    LayoutInline {O:P} at (0,0) size 0x15
                LayoutBlockFlow {P} at (7.19,16) size 156x16
                  LayoutText {#text} at (0,0) size 66x15
                    text run at (0,0) width 66: "Bill Johnson"
                LayoutBlockFlow {P} at (7.19,32) size 156x16
                  LayoutText {#text} at (0,0) size 74x15
                    text run at (0,0) width 74: "Chuck Pringle"
                LayoutBlockFlow {P} at (7.19,48) size 156x16
                  LayoutText {#text} at (0,0) size 65x15
                    text run at (0,0) width 65: "David Dunn"
                  LayoutInline {SPAN} at (0,0) size 0x15
                    LayoutInline {O:P} at (0,0) size 0x15
              LayoutTableCell {TD} at (268,4363) size 99x48 [r=57 c=2 rs=1 cs=1]
                LayoutBlockFlow {P} at (7.19,0) size 85x16
                  LayoutText {#text} at (32,0) size 21x15
                    text run at (32,0) width 21: "Yes"
                  LayoutInline {SPAN} at (0,0) size 1x15
                    LayoutInline {O:P} at (0,0) size 1x15
                LayoutBlockFlow {P} at (7.19,16) size 85x16
                  LayoutText {#text} at (32,0) size 21x15
                    text run at (32,0) width 21: "Yes"
                LayoutBlockFlow {P} at (7.19,32) size 85x16
                  LayoutText {#text} at (32,0) size 21x15
                    text run at (32,0) width 21: "Yes"
                  LayoutInline {SPAN} at (0,0) size 1x15
                    LayoutInline {O:P} at (0,0) size 1x15
              LayoutTableCell {TD} at (367,4363) size 106x48 [r=57 c=3 rs=1 cs=1]
                LayoutBlockFlow {P} at (7.19,0) size 92x16
                  LayoutText {#text} at (38,0) size 16x15
                    text run at (38,0) width 16: "No"
                  LayoutInline {SPAN} at (0,0) size 0x15
                    LayoutInline {O:P} at (0,0) size 0x15
                LayoutBlockFlow {P} at (7.19,16) size 92x16
                  LayoutText {#text} at (38,0) size 16x15
                    text run at (38,0) width 16: "No"
                LayoutBlockFlow {P} at (7.19,32) size 92x16
                  LayoutText {#text} at (38,0) size 16x15
                    text run at (38,0) width 16: "No"
                  LayoutInline {SPAN} at (0,0) size 0x15
                    LayoutInline {O:P} at (0,0) size 0x15
            LayoutTableRow {TR} at (0,4427) size 473x32
              LayoutTableCell {TD} at (0,4427) size 98x16 [r=58 c=0 rs=1 cs=1]
                LayoutBlockFlow {P} at (7.19,0) size 84x16
                  LayoutText {#text} at (36,0) size 12x15
                    text run at (36,0) width 12: "59"
                  LayoutInline {SPAN} at (0,0) size 0x15
                    LayoutInline {O:P} at (0,0) size 0x15
              LayoutTableCell {TD} at (98,4427) size 170x32 [r=58 c=1 rs=1 cs=1]
                LayoutBlockFlow {P} at (7.19,0) size 156x16
                  LayoutText {#text} at (0,0) size 57x15
                    text run at (0,0) width 57: "Bob Roger"
                LayoutBlockFlow {P} at (7.19,16) size 156x16
                  LayoutText {#text} at (0,0) size 67x15
                    text run at (0,0) width 67: "Rich Burnett"
                  LayoutInline {SPAN} at (0,0) size 0x15
                    LayoutInline {O:P} at (0,0) size 0x15
              LayoutTableCell {TD} at (268,4427) size 99x16 [r=58 c=2 rs=1 cs=1]
                LayoutBlockFlow {P} at (7.19,0) size 85x16
                  LayoutText {#text} at (32,0) size 21x15
                    text run at (32,0) width 21: "Yes"
                  LayoutInline {SPAN} at (0,0) size 1x15
                    LayoutInline {O:P} at (0,0) size 1x15
              LayoutTableCell {TD} at (367,4427) size 106x16 [r=58 c=3 rs=1 cs=1]
                LayoutBlockFlow {P} at (7.19,0) size 92x16
                  LayoutText {#text} at (38,0) size 16x15
                    text run at (38,0) width 16: "No"
                  LayoutInline {SPAN} at (0,0) size 0x15
                    LayoutInline {O:P} at (0,0) size 0x15
            LayoutTableRow {TR} at (0,4459) size 473x64
              LayoutTableCell {TD} at (0,4459) size 98x16 [r=59 c=0 rs=1 cs=1]
                LayoutBlockFlow {P} at (7.19,0) size 84x16
                  LayoutText {#text} at (36,0) size 12x15
                    text run at (36,0) width 12: "60"
                  LayoutInline {SPAN} at (0,0) size 0x15
                    LayoutInline {O:P} at (0,0) size 0x15
              LayoutTableCell {TD} at (98,4459) size 170x64 [r=59 c=1 rs=1 cs=1]
                LayoutBlockFlow {P} at (7.19,0) size 156x16
                  LayoutText {#text} at (0,0) size 66x15
                    text run at (0,0) width 66: "Bill Johnson"
                LayoutBlockFlow {P} at (7.19,16) size 156x16
                  LayoutText {#text} at (0,0) size 89x15
                    text run at (0,0) width 89: "Vladimir Dvorkin"
                LayoutBlockFlow {P} at (7.19,32) size 156x16
                  LayoutText {#text} at (0,0) size 51x15
                    text run at (0,0) width 51: "Ken Price"
                LayoutBlockFlow {P} at (7.19,48) size 156x16
                  LayoutText {#text} at (0,0) size 87x15
                    text run at (0,0) width 87: "Rick Rasmussen"
                  LayoutInline {SPAN} at (0,0) size 0x15
                    LayoutInline {O:P} at (0,0) size 0x15
              LayoutTableCell {TD} at (268,4459) size 99x32 [r=59 c=2 rs=1 cs=1]
                LayoutBlockFlow {P} at (7.19,0) size 85x16
                  LayoutText {#text} at (32,0) size 21x15
                    text run at (32,0) width 21: "Yes"
                LayoutBlockFlow {P} at (7.19,16) size 85x16
                  LayoutText {#text} at (34,0) size 17x15
                    text run at (34,0) width 17: "No"
                  LayoutInline {SPAN} at (0,0) size 1x15
                    LayoutInline {O:P} at (0,0) size 1x15
              LayoutTableCell {TD} at (367,4459) size 106x32 [r=59 c=3 rs=1 cs=1]
                LayoutBlockFlow {P} at (7.19,0) size 92x16
                  LayoutText {#text} at (38,0) size 16x15
                    text run at (38,0) width 16: "No"
                LayoutBlockFlow {P} at (7.19,16) size 92x16
                  LayoutText {#text} at (36,0) size 20x15
                    text run at (36,0) width 20: "Yes"
                  LayoutInline {SPAN} at (0,0) size 0x15
                    LayoutInline {O:P} at (0,0) size 0x15
        LayoutBlockFlow {P} at (0,4541) size 769x16
          LayoutInline {SPAN} at (0,0) size 3x15
            LayoutText {#text} at (0,0) size 3x15
              text run at (0,0) width 3: " "
        LayoutBlockFlow {P} at (0,4557) size 769x16
          LayoutText {#text} at (0,0) size 3x15
            text run at (0,0) width 3: " "
        LayoutBlockFlow {P} at (0,4573) size 769x16
          LayoutText {#text} at (0,0) size 3x15
            text run at (0,0) width 3: " "
      LayoutBlockFlow {P} at (0,4589) size 769x16
        LayoutText {#text} at (383,0) size 3x15
          text run at (383,0) width 3: " "
