layer at (0,0) size 800x600
  LayoutView at (0,0) size 800x600
layer at (0,0) size 800x600
  LayoutBlockFlow {HTML} at (0,0) size 800x600
    LayoutBlockFlow {BODY} at (8,8) size 784x572
      LayoutBlockFlow (anonymous) at (0,0) size 784x20
        LayoutText {#text} at (0,0) size 381x19
          text run at (0,0) width 381: "You should not see an empty rectangle above the black square."
      LayoutBlockFlow {DIV} at (20,40) size 744x20
        LayoutText {#text} at (0,4) size 16x16
          text run at (0,4) width 16: "o\x{309}"
