layer at (0,0) size 800x600
  LayoutView at (0,0) size 800x600
layer at (0,0) size 800x600
  LayoutBlockFlow {HTML} at (0,0) size 800x600
    LayoutBlockFlow {BODY} at (8,8) size 784x584
      LayoutTable {TABLE} at (0,0) size 106x106
        LayoutTableSection {TBODY} at (0,0) size 106x106
          LayoutTableRow {TR} at (0,2) size 106x102
            LayoutTableCell {TD} at (2,2) size 102x102 [bgcolor=#CCCCCC] [r=0 c=0 rs=1 cs=1]
      LayoutBlockFlow (anonymous) at (0,106) size 784x126
        LayoutText {#text} at (0,0) size 782x35
          text run at (0,0) width 782: "Here it is: a gray, one-cell, no-width-specified table, with a 100x100 scrolling (overflow:auto) div inside. In this div, there"
          text run at (0,18) width 379: "are floating (float: left) span tags with content inside (text)."
        LayoutBR {BR} at (378,32) size 1x0
        LayoutBR {BR} at (0,36) size 0x17
        LayoutText {#text} at (0,54) size 760x35
          text run at (0,54) width 760: "You would expect that the table would expand to fit the defined width of the div tag. But in Safari and Shiira, the table"
          text run at (0,72) width 200: "expands to fit the height of the "
        LayoutInline {I} at (0,0) size 137x17
          LayoutText {#text} at (199,72) size 137x17
            text run at (199,72) width 137: "content inside the div"
        LayoutText {#text} at (335,72) size 780x35
          text run at (335,72) width 445: ", not the height of the div. This behavior does not occur if the content"
          text run at (0,90) width 88: "is not floated."
        LayoutBR {BR} at (87,104) size 1x0
        LayoutBR {BR} at (0,108) size 0x17
layer at (11,11) size 100x100 clip at (11,11) size 85x100 scrollHeight 306
  LayoutBlockFlow {DIV} at (1,1) size 100x100
    LayoutBlockFlow (floating) {SPAN} at (0,0) size 29.33x18
      LayoutText {#text} at (0,0) size 30x17
        text run at (0,0) width 30: "stuff"
    LayoutBlockFlow (floating) {SPAN} at (29.33,0) size 29.33x18
      LayoutText {#text} at (0,0) size 30x17
        text run at (0,0) width 30: "stuff"
    LayoutBlockFlow (floating) {SPAN} at (0,18) size 29.33x18
      LayoutText {#text} at (0,0) size 30x17
        text run at (0,0) width 30: "stuff"
    LayoutBlockFlow (floating) {SPAN} at (29.33,18) size 29.33x18
      LayoutText {#text} at (0,0) size 30x17
        text run at (0,0) width 30: "stuff"
    LayoutBlockFlow (floating) {SPAN} at (0,36) size 29.33x18
      LayoutText {#text} at (0,0) size 30x17
        text run at (0,0) width 30: "stuff"
    LayoutBlockFlow (floating) {SPAN} at (29.33,36) size 29.33x18
      LayoutText {#text} at (0,0) size 30x17
        text run at (0,0) width 30: "stuff"
    LayoutBlockFlow (floating) {SPAN} at (0,54) size 29.33x18
      LayoutText {#text} at (0,0) size 30x17
        text run at (0,0) width 30: "stuff"
    LayoutBlockFlow (floating) {SPAN} at (29.33,54) size 29.33x18
      LayoutText {#text} at (0,0) size 30x17
        text run at (0,0) width 30: "stuff"
    LayoutBlockFlow (floating) {SPAN} at (0,72) size 29.33x18
      LayoutText {#text} at (0,0) size 30x17
        text run at (0,0) width 30: "stuff"
    LayoutBlockFlow (floating) {SPAN} at (29.33,72) size 29.33x18
      LayoutText {#text} at (0,0) size 30x17
        text run at (0,0) width 30: "stuff"
    LayoutBlockFlow (floating) {SPAN} at (0,90) size 29.33x18
      LayoutText {#text} at (0,0) size 30x17
        text run at (0,0) width 30: "stuff"
    LayoutBlockFlow (floating) {SPAN} at (29.33,90) size 29.33x18
      LayoutText {#text} at (0,0) size 30x17
        text run at (0,0) width 30: "stuff"
    LayoutBlockFlow (floating) {SPAN} at (0,108) size 29.33x18
      LayoutText {#text} at (0,0) size 30x17
        text run at (0,0) width 30: "stuff"
    LayoutBlockFlow (floating) {SPAN} at (29.33,108) size 29.33x18
      LayoutText {#text} at (0,0) size 30x17
        text run at (0,0) width 30: "stuff"
    LayoutBlockFlow (floating) {SPAN} at (0,126) size 29.33x18
      LayoutText {#text} at (0,0) size 30x17
        text run at (0,0) width 30: "stuff"
    LayoutBlockFlow (floating) {SPAN} at (29.33,126) size 29.33x18
      LayoutText {#text} at (0,0) size 30x17
        text run at (0,0) width 30: "stuff"
    LayoutBlockFlow (floating) {SPAN} at (0,144) size 29.33x18
      LayoutText {#text} at (0,0) size 30x17
        text run at (0,0) width 30: "stuff"
    LayoutBlockFlow (floating) {SPAN} at (29.33,144) size 29.33x18
      LayoutText {#text} at (0,0) size 30x17
        text run at (0,0) width 30: "stuff"
    LayoutBlockFlow (floating) {SPAN} at (0,162) size 29.33x18
      LayoutText {#text} at (0,0) size 30x17
        text run at (0,0) width 30: "stuff"
    LayoutBlockFlow (floating) {SPAN} at (29.33,162) size 29.33x18
      LayoutText {#text} at (0,0) size 30x17
        text run at (0,0) width 30: "stuff"
    LayoutBlockFlow (floating) {SPAN} at (0,180) size 29.33x18
      LayoutText {#text} at (0,0) size 30x17
        text run at (0,0) width 30: "stuff"
    LayoutBlockFlow (floating) {SPAN} at (29.33,180) size 29.33x18
      LayoutText {#text} at (0,0) size 30x17
        text run at (0,0) width 30: "stuff"
    LayoutBlockFlow (floating) {SPAN} at (0,198) size 29.33x18
      LayoutText {#text} at (0,0) size 30x17
        text run at (0,0) width 30: "stuff"
    LayoutBlockFlow (floating) {SPAN} at (29.33,198) size 29.33x18
      LayoutText {#text} at (0,0) size 30x17
        text run at (0,0) width 30: "stuff"
    LayoutBlockFlow (floating) {SPAN} at (0,216) size 29.33x18
      LayoutText {#text} at (0,0) size 30x17
        text run at (0,0) width 30: "stuff"
    LayoutBlockFlow (floating) {SPAN} at (29.33,216) size 29.33x18
      LayoutText {#text} at (0,0) size 30x17
        text run at (0,0) width 30: "stuff"
    LayoutBlockFlow (floating) {SPAN} at (0,234) size 29.33x18
      LayoutText {#text} at (0,0) size 30x17
        text run at (0,0) width 30: "stuff"
    LayoutBlockFlow (floating) {SPAN} at (29.33,234) size 29.33x18
      LayoutText {#text} at (0,0) size 30x17
        text run at (0,0) width 30: "stuff"
    LayoutBlockFlow (floating) {SPAN} at (0,252) size 29.33x18
      LayoutText {#text} at (0,0) size 30x17
        text run at (0,0) width 30: "stuff"
    LayoutBlockFlow (floating) {SPAN} at (29.33,252) size 29.33x18
      LayoutText {#text} at (0,0) size 30x17
        text run at (0,0) width 30: "stuff"
    LayoutBlockFlow (floating) {SPAN} at (0,270) size 29.33x18
      LayoutText {#text} at (0,0) size 30x17
        text run at (0,0) width 30: "stuff"
    LayoutBlockFlow (floating) {SPAN} at (29.33,270) size 29.33x18
      LayoutText {#text} at (0,0) size 30x17
        text run at (0,0) width 30: "stuff"
    LayoutBlockFlow (floating) {SPAN} at (0,288) size 29.33x18
      LayoutText {#text} at (0,0) size 30x17
        text run at (0,0) width 30: "stuff"
    LayoutBlockFlow (floating) {SPAN} at (29.33,288) size 29.33x18
      LayoutText {#text} at (0,0) size 30x17
        text run at (0,0) width 30: "stuff"
