layer at (0,0) size 800x600
  LayoutView at (0,0) size 800x600
layer at (0,0) size 800x136
  LayoutBlockFlow {HTML} at (0,0) size 800x136
    LayoutBlockFlow {BODY} at (8,16) size 784x104
      LayoutBlockFlow {P} at (0,0) size 784x18 [color=#000080]
        LayoutText {#text} at (0,0) size 163x17
          text run at (0,0) width 163: "The background color of "
        LayoutInline {A} at (0,0) size 117x17 [color=#0000EE]
          LayoutText {#text} at (162,0) size 81x17
            text run at (162,0) width 81: "this anchor ("
          LayoutInline {STRONG} at (0,0) size 31x17
            LayoutText {#text} at (242,0) size 31x17
              text run at (242,0) width 31: "here"
          LayoutText {#text} at (272,0) size 7x17
            text run at (272,0) width 7: ")"
        LayoutText {#text} at (278,0) size 394x17
          text run at (278,0) width 394: " should turn to green when the pointing device hovers over it."
      LayoutBlockFlow {P} at (0,34) size 784x18 [color=#000080]
        LayoutText {#text} at (0,0) size 163x17
          text run at (0,0) width 163: "The background color of "
        LayoutInline {A} at (0,0) size 117x17 [color=#FFFFFF] [bgcolor=#008000]
          LayoutText {#text} at (162,0) size 81x17
            text run at (162,0) width 81: "this anchor ("
          LayoutInline {STRONG} at (0,0) size 31x17
            LayoutText {#text} at (242,0) size 31x17
              text run at (242,0) width 31: "here"
          LayoutText {#text} at (272,0) size 7x17
            text run at (272,0) width 7: ")"
        LayoutText {#text} at (278,0) size 51x17
          text run at (278,0) width 51: " should "
        LayoutInline {STRONG} at (0,0) size 219x17
          LayoutText {#text} at (328,0) size 219x17
            text run at (328,0) width 219: "remain green when you hover it"
        LayoutText {#text} at (546,0) size 5x17
          text run at (546,0) width 5: "."
      LayoutBlockFlow {P} at (0,68) size 784x36 [color=#000080]
        LayoutText {#text} at (0,0) size 163x17
          text run at (0,0) width 163: "The background color of "
        LayoutInline {A} at (0,0) size 117x17 [color=#FFFFFF] [bgcolor=#008000]
          LayoutText {#text} at (162,0) size 81x17
            text run at (162,0) width 81: "this anchor ("
          LayoutInline {STRONG} at (0,0) size 31x17
            LayoutText {#text} at (242,0) size 31x17
              text run at (242,0) width 31: "here"
          LayoutText {#text} at (272,0) size 7x17
            text run at (272,0) width 7: ")"
        LayoutText {#text} at (278,0) size 51x17
          text run at (278,0) width 51: " should "
        LayoutInline {STRONG} at (0,0) size 363x17
          LayoutText {#text} at (328,0) size 363x17
            text run at (328,0) width 363: "remain green when the pointing device hovers over it"
        LayoutText {#text} at (690,0) size 741x35
          text run at (690,0) width 51: " (do not"
          text run at (0,18) width 108: "follow that link)."
