layer at (0,0) size 800x600
  LayoutView at (0,0) size 800x600
layer at (0,0) size 800x600
  LayoutBlockFlow {HTML} at (0,0) size 800x600
    LayoutBlockFlow {BODY} at (8,8) size 784x576
      LayoutBlockFlow (anonymous) at (0,0) size 784x40
        LayoutText {#text} at (0,0) size 766x39
          text run at (0,0) width 766: "This tests whether alt text is shown for image elements with no src attribute. You should see \"Success\" twice, followed by a blue"
          text run at (0,20) width 58: "rectangle."
      LayoutBlockFlow {P} at (0,56) size 784x100
        LayoutImage {IMG} at (0,0) size 53x23
        LayoutBR {BR} at (53,23) size 0x0
        LayoutImage {IMG} at (0,23) size 102x52 [border: (1px solid #000000)]
        LayoutBR {BR} at (102,75) size 0x0
        LayoutImage {IMG} at (0,75) size 75x25
        LayoutBR {BR} at (75,100) size 0x0
