layer at (0,0) size 800x600
  LayoutView at (0,0) size 800x600
layer at (0,0) size 800x600
  LayoutBlockFlow {HTML} at (0,0) size 800x600
    LayoutBlockFlow {BODY} at (8,8) size 784x584
      LayoutBlockFlow {P} at (0,0) size 784x18
        LayoutText {#text} at (0,0) size 322x17
          text run at (0,0) width 322: "The black outline box should stretch from the left "
        LayoutInline {SPAN} at (0,0) size 28x17 [color=#0000FF]
          LayoutText {#text} at (321,0) size 28x17
            text run at (321,0) width 28: "blue"
        LayoutText {#text} at (348,0) size 129x17
          text run at (348,0) width 129: " border, to the right "
        LayoutInline {SPAN} at (0,0) size 45x17 [color=#FFA500]
          LayoutText {#text} at (476,0) size 45x17
            text run at (476,0) width 45: "orange"
        LayoutText {#text} at (520,0) size 51x17
          text run at (520,0) width 51: " border."
      LayoutBlockFlow {DIV} at (0,34) size 600x36
        LayoutText {#text} at (0,0) size 192x17
          text run at (0,0) width 192: "ILorem ipsum dolor sit amet, "
        LayoutText {#text} at (428,0) size 513x35
          text run at (428,0) width 85: "irure dolor in"
          text run at (0,18) width 90: "reprehenderit."
layer at (8,42) size 218x19
  LayoutInline (relative positioned) {SPAN} at (0,0) size 218x19 [bgcolor=#008000] [border: (1px solid #808080) (20px solid #FFA500) (1px solid #808080) (20px solid #0000FF)]
    LayoutText {#text} at (231,0) size 97x17
      text run at (231,0) width 97: "con a pariatur. "
    LayoutText {#text} at (327,0) size 62x17
      text run at (327,0) width 62: "duis aute "
layer at (229,42) size 177x17
  LayoutBlockFlow (positioned) {DIV} at (20,1) size 177.27x17
