layer at (0,0) size 800x600
  LayoutView at (0,0) size 800x600
layer at (0,0) size 800x238
  LayoutBlockFlow {HTML} at (0,0) size 800x237.63
    LayoutBlockFlow {BODY} at (8,8) size 784x213.63
      LayoutBlockFlow (anonymous) at (0,0) size 784x40
        LayoutText {#text} at (0,0) size 784x39
          text run at (0,0) width 784: "This test checks that the decomposed unicode version of voiced japanese hiragana and katakana characters are rendered the same"
          text run at (0,20) width 717: "as the precomposed version. This test is a pixel-test, and passes when the text in the two heading elements are identical."
      LayoutBlockFlow {H2} at (0,59.91) size 784x27
        LayoutText {#text} at (0,0) size 168x26
          text run at (0,0) width 168: "\x{30CF}\x{3099}\x{30CA}\x{30CA}\x{3068}\x{30CF}\x{309A}\x{30CA}\x{30DE}"
      LayoutBlockFlow {P} at (0,106.81) size 784x20
        LayoutText {#text} at (0,0) size 159x19
          text run at (0,0) width 159: "The above is decomposed"
      LayoutBlockFlow {H2} at (0,146.72) size 784x27
        LayoutText {#text} at (0,0) size 168x26
          text run at (0,0) width 168: "\x{30D0}\x{30CA}\x{30CA}\x{3068}\x{30D1}\x{30CA}\x{30DE}"
      LayoutBlockFlow {P} at (0,193.63) size 784x20
        LayoutText {#text} at (0,0) size 164x19
          text run at (0,0) width 164: "The above is precomposed"
