layer at (0,0) size 800x600 clip at (0,0) size 785x600 scrollHeight 1458
  LayoutView at (0,0) size 800x600
layer at (0,0) size 785x1458 backgroundClip at (0,0) size 785x600 clip at (0,0) size 785x600 outlineClip at (0,0) size 785x600
  LayoutBlockFlow {HTML} at (0,0) size 785x1458
    LayoutBlockFlow {BODY} at (8,16) size 769x1426
      LayoutBlockFlow {P} at (0,0) size 769x54
        LayoutText {#text} at (2,0) size 767x54
          text run at (2,0) width 409: "Test rendering of 3 text runs -- TextRun1 TextRun2 TextRun3, "
          text run at (410,0) width 359: "in which TextRun1 and TextRun2's bidi level are 2, and"
          text run at (36,18) width 733: "TextRun3's bidi level is 1. TextRun2 and TextRun3 are siblings. But their ancestor (not their parent) is a sibling of"
          text run at (86,36) width 72: "TextRun1. "
          text run at (157,36) width 612: "The visual order should be TextRun3 TextRun1 TextRun2, not TextRun3 TextRun2 TextRun1."
      LayoutBlockFlow {HR} at (0,70) size 769x2 [border: (1px inset #EEEEEE)]
      LayoutBlockFlow {P} at (0,88) size 769x19
        LayoutText {#text} at (298,1) size 471x18
          text run at (298,1) width 348: "Pure text. The following 3 lines should all display as \""
          text run at (645,1) width 28 RTL: "\x{5E9}\x{5E0}\x{5D1}"
          text run at (672,1) width 97: " This is a Test\""
      LayoutBlockFlow {DIV} at (0,123) size 769x19 [bgcolor=#FF0000]
        LayoutText {#text} at (683,1) size 59x18
          text run at (683,1) width 59: "This is a "
        LayoutInline {SPAN} at (0,0) size 117x18
          LayoutInline {SPAN} at (0,0) size 117x18
            LayoutText {#text} at (679,1) size 90x18
              text run at (679,1) width 5 RTL: " "
              text run at (741,1) width 28: "Test"
            LayoutInline {SPAN} at (0,0) size 28x18
              LayoutText {#text} at (652,1) size 28x18
                text run at (652,1) width 28 RTL: "\x{5E9}\x{5E0}\x{5D1}"
      LayoutBlockFlow {DIV} at (0,142) size 769x19 [bgcolor=#FF0000]
        LayoutText {#text} at (683,1) size 59x18
          text run at (683,1) width 59: "This is a "
        LayoutInline {SPAN} at (0,0) size 117x18
          LayoutInline {SPAN} at (0,0) size 117x18
            LayoutInline {SPAN} at (0,0) size 117x18
              LayoutText {#text} at (679,1) size 90x18
                text run at (679,1) width 5 RTL: " "
                text run at (741,1) width 28: "Test"
              LayoutInline {SPAN} at (0,0) size 28x18
                LayoutText {#text} at (652,1) size 28x18
                  text run at (652,1) width 28 RTL: "\x{5E9}\x{5E0}\x{5D1}"
      LayoutBlockFlow {DIV} at (0,161) size 769x19
        LayoutText {#text} at (683,1) size 59x18
          text run at (683,1) width 59: "This is a "
        LayoutInline {SPAN} at (0,0) size 117x18
          LayoutText {#text} at (679,1) size 90x18
            text run at (679,1) width 5 RTL: " "
            text run at (741,1) width 28: "Test"
          LayoutInline {SPAN} at (0,0) size 28x18
            LayoutText {#text} at (652,1) size 28x18
              text run at (652,1) width 28 RTL: "\x{5E9}\x{5E0}\x{5D1}"
      LayoutBlockFlow {HR} at (0,188) size 769x2 [border: (1px inset #EEEEEE)]
      LayoutBlockFlow {P} at (0,206) size 769x18
        LayoutText {#text} at (312,0) size 457x18
          text run at (312,0) width 457: "Text in <em>. The English text should be displayed as \"This is a Test\"."
      LayoutBlockFlow {DIV} at (0,240) size 769x18 [bgcolor=#FF0000]
        LayoutText {#text} at (684,0) size 59x18
          text run at (684,0) width 59: "This is a "
        LayoutInline {SPAN} at (0,0) size 85x18
          LayoutInline {EM} at (0,0) size 85x18
            LayoutInline {SPAN} at (0,0) size 1x18
            LayoutText {#text} at (742,0) size 27x18
              text run at (742,0) width 27: "Test"
            LayoutInline {SPAN} at (0,0) size 1x18
      LayoutBlockFlow {DIV} at (0,258) size 769x18 [bgcolor=#FF0000]
        LayoutText {#text} at (684,0) size 59x18
          text run at (684,0) width 59: "This is a "
        LayoutInline {SPAN} at (0,0) size 85x18
          LayoutInline {EM} at (0,0) size 85x18
            LayoutText {#text} at (742,0) size 27x18
              text run at (742,0) width 27: "Test"
            LayoutInline {SPAN} at (0,0) size 1x18
      LayoutBlockFlow {DIV} at (0,276) size 769x19 [bgcolor=#FF0000]
        LayoutText {#text} at (684,1) size 59x18
          text run at (684,1) width 59: "This is a "
        LayoutInline {SPAN} at (0,0) size 120x18
          LayoutInline {EM} at (0,0) size 120x18
            LayoutText {#text} at (680,1) size 89x18
              text run at (680,1) width 5 RTL: " "
              text run at (742,1) width 27: "Test"
            LayoutInline {SPAN} at (0,0) size 32x18
              LayoutText {#text} at (649,1) size 32x18
                text run at (649,1) width 32 RTL: "\x{5D3}\x{5DE}\x{5D4}"
      LayoutBlockFlow {DIV} at (0,295) size 769x18
        LayoutText {#text} at (684,0) size 59x18
          text run at (684,0) width 59: "This is a "
        LayoutInline {SPAN} at (0,0) size 27x18
          LayoutInline {EM} at (0,0) size 27x18
            LayoutInline {SPAN} at (0,0) size 1x18
            LayoutText {#text} at (742,0) size 27x18
              text run at (742,0) width 27: "Test"
      LayoutBlockFlow {DIV} at (0,313) size 769x18
        LayoutText {#text} at (684,0) size 59x18
          text run at (684,0) width 59: "This is a "
        LayoutInline {SPAN} at (0,0) size 27x18
          LayoutInline {EM} at (0,0) size 27x18
            LayoutText {#text} at (742,0) size 27x18
              text run at (742,0) width 27: "Test"
      LayoutBlockFlow {HR} at (0,339) size 769x2 [border: (1px inset #EEEEEE)]
      LayoutBlockFlow {P} at (0,357) size 769x18
        LayoutText {#text} at (286,0) size 483x18
          text run at (286,0) width 483: "Text in <strong>. The following lines should all display as \"This is a Test\"."
      LayoutBlockFlow {DIV} at (0,391) size 769x18 [bgcolor=#FF0000]
        LayoutText {#text} at (681,0) size 59x18
          text run at (681,0) width 59: "This is a "
        LayoutInline {SPAN} at (0,0) size 88x18
          LayoutInline {STRONG} at (0,0) size 88x18
            LayoutInline {SPAN} at (0,0) size 1x18
            LayoutText {#text} at (739,0) size 30x18
              text run at (739,0) width 30: "Test"
            LayoutInline {SPAN} at (0,0) size 1x18
      LayoutBlockFlow {DIV} at (0,409) size 769x18 [bgcolor=#FF0000]
        LayoutText {#text} at (681,0) size 59x18
          text run at (681,0) width 59: "This is a "
        LayoutInline {SPAN} at (0,0) size 88x18
          LayoutInline {STRONG} at (0,0) size 88x18
            LayoutText {#text} at (739,0) size 30x18
              text run at (739,0) width 30: "Test"
            LayoutInline {SPAN} at (0,0) size 1x18
      LayoutBlockFlow {DIV} at (0,427) size 769x18
        LayoutText {#text} at (681,0) size 59x18
          text run at (681,0) width 59: "This is a "
        LayoutInline {SPAN} at (0,0) size 30x18
          LayoutInline {STRONG} at (0,0) size 30x18
            LayoutInline {SPAN} at (0,0) size 1x18
            LayoutText {#text} at (739,0) size 30x18
              text run at (739,0) width 30: "Test"
      LayoutBlockFlow {DIV} at (0,445) size 769x18
        LayoutText {#text} at (681,0) size 59x18
          text run at (681,0) width 59: "This is a "
        LayoutInline {SPAN} at (0,0) size 30x18
          LayoutInline {STRONG} at (0,0) size 30x18
            LayoutText {#text} at (739,0) size 30x18
              text run at (739,0) width 30: "Test"
      LayoutBlockFlow {HR} at (0,471) size 769x2 [border: (1px inset #EEEEEE)]
      LayoutBlockFlow {P} at (0,489) size 769x18
        LayoutText {#text} at (322,0) size 447x18
          text run at (322,0) width 447: "Text in <i>. The following lines should all display as \"This is a Test\"."
      LayoutBlockFlow {DIV} at (0,523) size 769x18 [bgcolor=#FF0000]
        LayoutText {#text} at (684,0) size 59x18
          text run at (684,0) width 59: "This is a "
        LayoutInline {SPAN} at (0,0) size 85x18
          LayoutInline {I} at (0,0) size 85x18
            LayoutInline {SPAN} at (0,0) size 1x18
            LayoutText {#text} at (742,0) size 27x18
              text run at (742,0) width 27: "Test"
            LayoutInline {SPAN} at (0,0) size 1x18
      LayoutBlockFlow {DIV} at (0,541) size 769x18 [bgcolor=#FF0000]
        LayoutText {#text} at (684,0) size 59x18
          text run at (684,0) width 59: "This is a "
        LayoutInline {SPAN} at (0,0) size 85x18
          LayoutInline {I} at (0,0) size 85x18
            LayoutText {#text} at (742,0) size 27x18
              text run at (742,0) width 27: "Test"
            LayoutInline {SPAN} at (0,0) size 1x18
      LayoutBlockFlow {DIV} at (0,559) size 769x18
        LayoutText {#text} at (684,0) size 59x18
          text run at (684,0) width 59: "This is a "
        LayoutInline {SPAN} at (0,0) size 27x18
          LayoutInline {I} at (0,0) size 27x18
            LayoutInline {SPAN} at (0,0) size 1x18
            LayoutText {#text} at (742,0) size 27x18
              text run at (742,0) width 27: "Test"
      LayoutBlockFlow {DIV} at (0,577) size 769x18
        LayoutText {#text} at (684,0) size 59x18
          text run at (684,0) width 59: "This is a "
        LayoutInline {SPAN} at (0,0) size 27x18
          LayoutInline {I} at (0,0) size 27x18
            LayoutText {#text} at (742,0) size 27x18
              text run at (742,0) width 27: "Test"
      LayoutBlockFlow {HR} at (0,603) size 769x2 [border: (1px inset #EEEEEE)]
      LayoutBlockFlow {P} at (0,621) size 769x18
        LayoutText {#text} at (318,0) size 451x18
          text run at (318,0) width 451: "Text in <b>. The following lines should all display as \"This is a Test\"."
      LayoutBlockFlow {DIV} at (0,655) size 769x18 [bgcolor=#FF0000]
        LayoutText {#text} at (681,0) size 59x18
          text run at (681,0) width 59: "This is a "
        LayoutInline {SPAN} at (0,0) size 88x18
          LayoutInline {B} at (0,0) size 88x18
            LayoutInline {SPAN} at (0,0) size 1x18
            LayoutText {#text} at (739,0) size 30x18
              text run at (739,0) width 30: "Test"
            LayoutInline {SPAN} at (0,0) size 1x18
      LayoutBlockFlow {DIV} at (0,673) size 769x18 [bgcolor=#FF0000]
        LayoutText {#text} at (681,0) size 59x18
          text run at (681,0) width 59: "This is a "
        LayoutInline {SPAN} at (0,0) size 88x18
          LayoutInline {B} at (0,0) size 88x18
            LayoutText {#text} at (739,0) size 30x18
              text run at (739,0) width 30: "Test"
            LayoutInline {SPAN} at (0,0) size 1x18
      LayoutBlockFlow {DIV} at (0,691) size 769x18
        LayoutText {#text} at (681,0) size 59x18
          text run at (681,0) width 59: "This is a "
        LayoutInline {SPAN} at (0,0) size 30x18
          LayoutInline {B} at (0,0) size 30x18
            LayoutInline {SPAN} at (0,0) size 1x18
            LayoutText {#text} at (739,0) size 30x18
              text run at (739,0) width 30: "Test"
      LayoutBlockFlow {DIV} at (0,709) size 769x18
        LayoutText {#text} at (681,0) size 59x18
          text run at (681,0) width 59: "This is a "
        LayoutInline {SPAN} at (0,0) size 30x18
          LayoutInline {B} at (0,0) size 30x18
            LayoutText {#text} at (739,0) size 30x18
              text run at (739,0) width 30: "Test"
      LayoutBlockFlow (anonymous) at (0,727) size 769x0
        LayoutInline {B} at (0,0) size 0x0
          LayoutText {#text} at (0,0) size 0x0
      LayoutBlockFlow (anonymous) at (0,735) size 769x691
        LayoutBlockFlow {HR} at (0,0) size 769x2 [border: (1px inset #EEEEEE)]
        LayoutBlockFlow {P} at (0,18) size 769x18
          LayoutText {#text} at (88,0) size 681x18
            text run at (88,0) width 681: "Text in <img>, <href>, <em>, <tr>. The following English text should all display as \"This is a Test\"."
        LayoutBlockFlow {DIV} at (0,52) size 769x24 [bgcolor=#FF0000]
          LayoutText {#text} at (678,6) size 62x18
            text run at (678,6) width 62: "This is a "
          LayoutInline {SPAN} at (0,0) size 111x18
            LayoutInline {A} at (0,0) size 111x18 [color=#551A8B]
              LayoutText {#text} at (739,6) size 30x18
                text run at (739,6) width 30: "Test"
              LayoutInline {SPAN} at (0,0) size 21x18
                LayoutBlockFlow {IMG} at (658.77,0) size 20x24
        LayoutBlockFlow {DIV} at (0,76) size 769x19 [bgcolor=#FF0000]
          LayoutText {#text} at (678,1) size 62x18
            text run at (678,1) width 62: "This is a "
          LayoutInline {SPAN} at (0,0) size 123x18
            LayoutInline {A} at (0,0) size 123x18 [color=#551A8B]
              LayoutText {#text} at (674,1) size 95x18
                text run at (674,1) width 5 RTL: " "
                text run at (739,1) width 30: "Test"
              LayoutInline {SPAN} at (0,0) size 29x18
                LayoutText {#text} at (646,1) size 29x18
                  text run at (646,1) width 29 RTL: "\x{5E9}\x{5E0}\x{5D1}"
        LayoutBlockFlow {DIV} at (0,95) size 769x18 [bgcolor=#FF0000]
          LayoutText {#text} at (680,0) size 62x18
            text run at (680,0) width 62: "This is a "
          LayoutInline {SPAN} at (0,0) size 89x18
            LayoutInline {EM} at (0,0) size 89x18
              LayoutText {#text} at (741,0) size 28x18
                text run at (741,0) width 28: "Test"
              LayoutInline {A} at (0,0) size 1x18 [color=#551A8B]
        LayoutBlockFlow {DIV} at (0,113) size 769x24 [bgcolor=#FF0000]
          LayoutText {#text} at (680,6) size 62x18
            text run at (680,6) width 62: "This is a "
          LayoutInline {SPAN} at (0,0) size 109x18
            LayoutInline {EM} at (0,0) size 109x18
              LayoutText {#text} at (741,6) size 28x18
                text run at (741,6) width 28: "Test"
              LayoutInline {SPAN} at (0,0) size 21x18
                LayoutBlockFlow {IMG} at (660.55,0) size 20x24
        LayoutBlockFlow {DIV} at (0,137) size 769x18
          LayoutText {#text} at (637,0) size 62x18
            text run at (637,0) width 62: "This is a "
          LayoutInline {SPAN} at (0,0) size 71x18
            LayoutInline {A} at (0,0) size 71x18 [color=#551A8B]
              LayoutText {#text} at (698,0) size 34x18
                text run at (698,0) width 34: "Test "
              LayoutInline {SPAN} at (0,0) size 38x18
                LayoutText {#text} at (731,0) size 38x18
                  text run at (731,0) width 38: "again"
        LayoutBlockFlow {DIV} at (0,155) size 769x42
          LayoutBlockFlow (anonymous) at (0,0) size 769x18
            LayoutText {#text} at (680,0) size 62x18
              text run at (680,0) width 62: "This is a "
            LayoutInline {SPAN} at (0,0) size 28x18
              LayoutInline {EM} at (0,0) size 28x18
                LayoutText {#text} at (741,0) size 28x18
                  text run at (741,0) width 28: "Test"
          LayoutBlockFlow (anonymous) at (0,18) size 769x24
            LayoutTable {TABLE} at (755,0) size 14x24
              LayoutTableSection {TBODY} at (0,0) size 14x24
                LayoutTableRow {TR} at (0,2) size 14x20
                  LayoutTableCell {TD} at (2,2) size 10x20 [r=0 c=0 rs=1 cs=1]
                    LayoutText {#text} at (1,1) size 8x18
                      text run at (1,1) width 8: "a"
          LayoutBlockFlow (anonymous) at (0,42) size 769x0
            LayoutInline {SPAN} at (0,0) size 0x0
              LayoutInline {EM} at (0,0) size 0x0
        LayoutBlockFlow {HR} at (0,205) size 769x2 [border: (1px inset #EEEEEE)]
        LayoutBlockFlow {UL} at (0,223) size 769x468
          LayoutListItem {LI} at (40,0) size 729x18
            LayoutListMarker (anonymous) at (-17,0) size 7x18: bullet
            LayoutText {#text} at (0,0) size 112x18
              text run at (0,0) width 112: "Test 0: : Success"
          LayoutListItem {LI} at (40,18) size 729x18
            LayoutListMarker (anonymous) at (-17,0) size 7x18: bullet
            LayoutText {#text} at (0,0) size 112x18
              text run at (0,0) width 112: "Test 1: : Success"
          LayoutListItem {LI} at (40,36) size 729x18
            LayoutListMarker (anonymous) at (-17,0) size 7x18: bullet
            LayoutText {#text} at (0,0) size 112x18
              text run at (0,0) width 112: "Test 2: : Success"
          LayoutListItem {LI} at (40,54) size 729x18
            LayoutListMarker (anonymous) at (-17,0) size 7x18: bullet
            LayoutText {#text} at (0,0) size 112x18
              text run at (0,0) width 112: "Test 3: : Success"
          LayoutListItem {LI} at (40,72) size 729x18
            LayoutListMarker (anonymous) at (-17,0) size 7x18: bullet
            LayoutText {#text} at (0,0) size 112x18
              text run at (0,0) width 112: "Test 4: : Success"
          LayoutListItem {LI} at (40,90) size 729x18
            LayoutListMarker (anonymous) at (-17,0) size 7x18: bullet
            LayoutText {#text} at (0,0) size 112x18
              text run at (0,0) width 112: "Test 5: : Success"
          LayoutListItem {LI} at (40,108) size 729x18
            LayoutListMarker (anonymous) at (-17,0) size 7x18: bullet
            LayoutText {#text} at (0,0) size 112x18
              text run at (0,0) width 112: "Test 6: : Success"
          LayoutListItem {LI} at (40,126) size 729x18
            LayoutListMarker (anonymous) at (-17,0) size 7x18: bullet
            LayoutText {#text} at (0,0) size 112x18
              text run at (0,0) width 112: "Test 7: : Success"
          LayoutListItem {LI} at (40,144) size 729x18
            LayoutListMarker (anonymous) at (-17,0) size 7x18: bullet
            LayoutText {#text} at (0,0) size 112x18
              text run at (0,0) width 112: "Test 8: : Success"
          LayoutListItem {LI} at (40,162) size 729x18
            LayoutListMarker (anonymous) at (-17,0) size 7x18: bullet
            LayoutText {#text} at (0,0) size 112x18
              text run at (0,0) width 112: "Test 9: : Success"
          LayoutListItem {LI} at (40,180) size 729x18
            LayoutListMarker (anonymous) at (-17,0) size 7x18: bullet
            LayoutText {#text} at (0,0) size 120x18
              text run at (0,0) width 120: "Test 10: : Success"
          LayoutListItem {LI} at (40,198) size 729x18
            LayoutListMarker (anonymous) at (-17,0) size 7x18: bullet
            LayoutText {#text} at (0,0) size 120x18
              text run at (0,0) width 120: "Test 11: : Success"
          LayoutListItem {LI} at (40,216) size 729x18
            LayoutListMarker (anonymous) at (-17,0) size 7x18: bullet
            LayoutText {#text} at (0,0) size 120x18
              text run at (0,0) width 120: "Test 12: : Success"
          LayoutListItem {LI} at (40,234) size 729x18
            LayoutListMarker (anonymous) at (-17,0) size 7x18: bullet
            LayoutText {#text} at (0,0) size 120x18
              text run at (0,0) width 120: "Test 13: : Success"
          LayoutListItem {LI} at (40,252) size 729x18
            LayoutListMarker (anonymous) at (-17,0) size 7x18: bullet
            LayoutText {#text} at (0,0) size 120x18
              text run at (0,0) width 120: "Test 14: : Success"
          LayoutListItem {LI} at (40,270) size 729x18
            LayoutListMarker (anonymous) at (-17,0) size 7x18: bullet
            LayoutText {#text} at (0,0) size 120x18
              text run at (0,0) width 120: "Test 15: : Success"
          LayoutListItem {LI} at (40,288) size 729x18
            LayoutListMarker (anonymous) at (-17,0) size 7x18: bullet
            LayoutText {#text} at (0,0) size 120x18
              text run at (0,0) width 120: "Test 16: : Success"
          LayoutListItem {LI} at (40,306) size 729x18
            LayoutListMarker (anonymous) at (-17,0) size 7x18: bullet
            LayoutText {#text} at (0,0) size 120x18
              text run at (0,0) width 120: "Test 17: : Success"
          LayoutListItem {LI} at (40,324) size 729x18
            LayoutListMarker (anonymous) at (-17,0) size 7x18: bullet
            LayoutText {#text} at (0,0) size 120x18
              text run at (0,0) width 120: "Test 18: : Success"
          LayoutListItem {LI} at (40,342) size 729x18
            LayoutListMarker (anonymous) at (-17,0) size 7x18: bullet
            LayoutText {#text} at (0,0) size 120x18
              text run at (0,0) width 120: "Test 19: : Success"
          LayoutListItem {LI} at (40,360) size 729x18
            LayoutListMarker (anonymous) at (-17,0) size 7x18: bullet
            LayoutText {#text} at (0,0) size 120x18
              text run at (0,0) width 120: "Test 20: : Success"
          LayoutListItem {LI} at (40,378) size 729x18
            LayoutListMarker (anonymous) at (-17,0) size 7x18: bullet
            LayoutText {#text} at (0,0) size 120x18
              text run at (0,0) width 120: "Test 21: : Success"
          LayoutListItem {LI} at (40,396) size 729x18
            LayoutListMarker (anonymous) at (-17,0) size 7x18: bullet
            LayoutText {#text} at (0,0) size 120x18
              text run at (0,0) width 120: "Test 22: : Success"
          LayoutListItem {LI} at (40,414) size 729x18
            LayoutListMarker (anonymous) at (-17,0) size 7x18: bullet
            LayoutText {#text} at (0,0) size 120x18
              text run at (0,0) width 120: "Test 23: : Success"
          LayoutListItem {LI} at (40,432) size 729x18
            LayoutListMarker (anonymous) at (-17,0) size 7x18: bullet
            LayoutText {#text} at (0,0) size 120x18
              text run at (0,0) width 120: "Test 24: : Success"
          LayoutListItem {LI} at (40,450) size 729x18
            LayoutListMarker (anonymous) at (-17,0) size 7x18: bullet
            LayoutText {#text} at (0,0) size 120x18
              text run at (0,0) width 120: "Test 25: : Success"
      LayoutBlockFlow (anonymous) at (0,1442) size 769x0
        LayoutInline {B} at (0,0) size 0x0
layer at (667,803) size 20x20 backgroundClip at (0,0) size 0x0 clip at (0,0) size 0x0 outlineClip at (0,0) size 785x600
  LayoutBlockFlow {DIV} at (0,0) size 20x20 [border: (1px solid #C0C0C0)]
    LayoutImage (floating) {IMG} at (2,2) size 16x16
layer at (669,805) size 0x0
  LayoutBlockFlow {DIV} at (2,2) size 0x0
layer at (669,864) size 20x20 backgroundClip at (0,0) size 0x0 clip at (0,0) size 0x0 outlineClip at (0,0) size 785x600
  LayoutBlockFlow {DIV} at (0,0) size 20x20 [border: (1px solid #C0C0C0)]
    LayoutImage (floating) {IMG} at (2,2) size 16x16
layer at (671,866) size 0x0
  LayoutBlockFlow {DIV} at (2,2) size 0x0
selection start: position 0 of child 0 {#text} of child 14 {DIV} of child 56 {B} of body
selection end:   position 4 of child 0 {#text} of child 14 {DIV} of child 56 {B} of body
