EDITING DELEGATE: webViewDidChangeSelection:WebViewDidChangeSelectionNotification
EDITING DELEGATE: webViewDidChangeSelection:WebViewDidChangeSelectionNotification
EDITING DELEGATE: webViewDidChangeSelection:WebViewDidChangeSelectionNotification
EDITING DELEGATE: webViewDidChangeSelection:WebViewDidChangeSelectionNotification
EDITING DELEGATE: webViewDidChange:WebViewDidChangeNotification
layer at (0,0) size 800x600
  LayoutView at (0,0) size 800x600
layer at (0,0) size 800x600
  LayoutBlockFlow {HTML} at (0,0) size 800x600
    LayoutBlockFlow {BODY} at (8,8) size 784x584
      LayoutBlockFlow {DIV} at (0,0) size 784x210 [border: (2px solid #0000FF)]
        LayoutBlockFlow {DIV} at (14,14) size 756x55
          LayoutText {#text} at (0,0) size 66x26
            text run at (0,0) width 66: "Tests: "
          LayoutBR {BR} at (0,0) size 0x0
          LayoutText {#text} at (0,27) size 489x27
            text run at (0,27) width 489: "Smart delete when deleting the first word on a line."
        LayoutBlockFlow {DIV} at (14,85) size 756x111
          LayoutText {#text} at (0,0) size 189x26
            text run at (0,0) width 189: "Expected Results: "
          LayoutBR {BR} at (189,21) size 0x0
          LayoutText {#text} at (0,27) size 705x55
            text run at (0,27) width 705: "The first word and the space following the first word should be deleted. It"
            text run at (0,55) width 196: "should like this this: "
          LayoutBR {BR} at (196,76) size 0x0
          LayoutText {#text} at (0,83) size 70x27
            text run at (0,83) width 70: "bar baz"
      LayoutBlockFlow {DIV} at (0,234) size 784x32
        LayoutBlockFlow {DIV} at (0,0) size 784x32 [border: (2px solid #FF0000)]
          LayoutText {#text} at (2,2) size 70x27
            text run at (2,2) width 70: "bar baz"
caret: position 0 of child 0 {#text} of child 1 {DIV} of child 3 {DIV} of body
