layer at (0,0) size 800x600 scrollWidth 903
  LayoutView at (0,0) size 800x600
layer at (0,0) size 800x600
  LayoutBlockFlow {HTML} at (0,0) size 800x600
    LayoutBlockFlow {BODY} at (8,8) size 800x584
      LayoutBlockFlow {DIV} at (0,0) size 800x0
      LayoutBlockFlow {DIV} at (0,0) size 800x0
      LayoutBlockFlow {DIV} at (0,0) size 800x0
      LayoutBlockFlow {DIV} at (0,0) size 800x0
      LayoutBlockFlow {DIV} at (0,0) size 800x0
      LayoutBlockFlow {DIV} at (0,0) size 800x0
      LayoutBlockFlow {DIV} at (0,0) size 800x0
      LayoutBlockFlow {DIV} at (0,0) size 800x0
layer at (159,563) size 249x27
  LayoutBlockFlow (positioned) {FONT} at (159.31,563) size 248.69x27
    LayoutText {#text} at (0,0) size 249x26
      text run at (0,0) width 249: "RTL-Center-Aligned"
layer at (-87,469) size 95x81 backgroundClip at (0,0) size 800x600 clip at (0,0) size 800x600 outlineClip at (0,0) size 800x600
  LayoutBlockFlow (positioned) {FONT} at (-86.59,469) size 94.59x81
    LayoutText {#text} at (0,0) size 95x80
      text run at (0,0) width 62: "RTL-"
      text run at (0,27) width 63: "Left-"
      text run at (0,54) width 95: "Aligned"
layer at (575,473) size 233x27 backgroundClip at (0,0) size 800x600 clip at (0,0) size 800x600 outlineClip at (0,0) size 800x600
  LayoutBlockFlow (positioned) {FONT} at (575.48,473) size 232.52x27
    LayoutText {#text} at (0,0) size 233x26
      text run at (0,0) width 233: "RTL-Right-Aligned"
layer at (608,423) size 200x27 backgroundClip at (0,0) size 800x600 clip at (0,0) size 800x600 outlineClip at (0,0) size 800x600
  LayoutBlockFlow (positioned) {FONT} at (608.48,423) size 199.52x27
    LayoutText {#text} at (0,0) size 200x26
      text run at (0,0) width 200: "RTL-No-Aligned"
layer at (408,373) size 249x27
  LayoutBlockFlow (positioned) {FONT} at (408,373) size 248.69x27
    LayoutText {#text} at (0,0) size 249x26
      text run at (0,0) width 249: "LTR-Center-Aligned"
layer at (8,323) size 219x27
  LayoutBlockFlow (positioned) {FONT} at (8,323) size 218.80x27
    LayoutText {#text} at (0,0) size 219x26
      text run at (0,0) width 219: "LTR-Left-Aligned"
layer at (808,219) size 95x81 backgroundClip at (0,0) size 800x600 clip at (0,0) size 800x600 outlineClip at (0,0) size 800x600
  LayoutBlockFlow (positioned) {FONT} at (808,219) size 94.59x81
    LayoutText {#text} at (33,0) size 95x80
      text run at (33,0) width 62: "LTR-"
      text run at (18,27) width 77: "Right-"
      text run at (0,54) width 95: "Aligned"
layer at (8,223) size 200x27
  LayoutBlockFlow (positioned) {FONT} at (8,223) size 199.52x27
    LayoutText {#text} at (0,0) size 200x26
      text run at (0,0) width 200: "LTR-No-Aligned"
