layer at (0,0) size 800x600
  LayoutView at (0,0) size 800x600
layer at (0,0) size 800x600
  LayoutBlockFlow {HTML} at (0,0) size 800x600
    LayoutBlockFlow {BODY} at (8,8) size 784x584
      LayoutBlockFlow {P} at (0,0) size 784x54
        LayoutText {#text} at (0,0) size 775x54
          text run at (0,0) width 752: "This tests for a bug where changing the alignment of an image would result in a selection that wasn't the one that was"
          text run at (0,18) width 240: "present before the alignment change. "
          text run at (239,18) width 536: "The image should be centered and the selection should be the same before and after"
          text run at (0,36) width 88: "the operation."
      LayoutBlockFlow {DIV} at (0,70) size 784x139
        LayoutBlockFlow (anonymous) at (0,0) size 784x18
          LayoutText {#text} at (0,0) size 22x18
            text run at (0,0) width 22: "foo"
          LayoutBR {BR} at (21,14) size 1x0
        LayoutBlockFlow {DIV} at (0,18) size 784x103
          LayoutImage {IMG} at (354,0) size 76x103
        LayoutBlockFlow (anonymous) at (0,121) size 784x18
          LayoutText {#text} at (0,0) size 23x18
            text run at (0,0) width 23: "baz"
selection start: position 0 of child 0 {IMG} of child 2 {DIV} of child 2 {DIV} of body
selection end:   position 1 of child 0 {IMG} of child 2 {DIV} of child 2 {DIV} of body
