EDITING DELEGATE: webViewDidChangeSelection:WebViewDidChangeSelectionNotification
EDITING DELEGATE: webViewDidChangeSelection:WebViewDidChangeSelectionNotification
EDITING DELEGATE: webViewDidChangeSelection:WebViewDidChangeSelectionNotification
EDITING DELEGATE: webViewDidChangeSelection:WebViewDidChangeSelectionNotification
EDITING DELEGATE: webViewDidChange:WebViewDidChangeNotification
layer at (0,0) size 800x600
  LayoutView at (0,0) size 800x600
layer at (0,0) size 800x600
  LayoutBlockFlow {HTML} at (0,0) size 800x600
    LayoutBlockFlow {BODY} at (8,8) size 784x584
      LayoutBlockFlow {P} at (0,0) size 784x36
        LayoutText {#text} at (0,0) size 717x35
          text run at (0,0) width 717: "This tests for a bug in createMarkup (markup for ancestors of the start of the selection wasn't being added to the"
          text run at (0,18) width 83: "pasteboard). "
          text run at (82,18) width 344: "You should see the same thing in both regions below."
      LayoutBlockFlow {P} at (0,52) size 784x18
        LayoutInline {B} at (0,0) size 445x17
          LayoutText {#text} at (0,0) size 445x17
            text run at (0,0) width 445: "This demonstrates a bug: 'foo' is pulled out of its bordered block."
      LayoutBlockFlow {DIV} at (0,86) size 784x73
        LayoutBlockFlow {DIV} at (5,0) size 774x50 [border: (1px solid #FF0000)]
          LayoutBlockFlow (anonymous) at (1,1) size 772x18
            LayoutText {#text} at (0,0) size 22x17
              text run at (0,0) width 22: "foo"
          LayoutBlockFlow {DIV} at (6,24) size 762x20 [border: (1px solid #0000FF)]
            LayoutText {#text} at (1,1) size 21x17
              text run at (1,1) width 21: "bar"
        LayoutBlockFlow (anonymous) at (0,55) size 784x18
          LayoutText {#text} at (0,0) size 23x17
            text run at (0,0) width 23: "baz"
      LayoutBlockFlow {DIV} at (0,164) size 784x73
        LayoutBlockFlow {DIV} at (5,0) size 774x50 [border: (1px solid #FF0000)]
          LayoutBlockFlow (anonymous) at (1,1) size 772x18
            LayoutText {#text} at (0,0) size 22x17
              text run at (0,0) width 22: "foo"
          LayoutBlockFlow {DIV} at (6,24) size 762x20 [border: (1px solid #0000FF)]
            LayoutText {#text} at (1,1) size 21x17
              text run at (1,1) width 21: "bar"
        LayoutBlockFlow (anonymous) at (0,55) size 784x18
          LayoutText {#text} at (0,0) size 23x17
            text run at (0,0) width 23: "baz"
caret: position 3 of child 1 {#text} of child 6 {DIV} of body
