layer at (0,0) size 1008x1016
  LayoutView at (0,0) size 785x585
layer at (0,0) size 785x1016
  LayoutBlockFlow {HTML} at (0,0) size 785x1016
    LayoutBlockFlow {BODY} at (8,8) size 1000x1000
layer at (50,166) size 420x20
  LayoutBlockFlow (positioned) {P} at (50,166) size 420x20
    LayoutText {#text} at (0,0) size 420x19
      text run at (0,0) width 420: "You should see a green square in the top left corner of an orange box."
layer at (50,50) size 100x100 transparent
  LayoutBlockFlow (positioned) {DIV} at (0,0) size 100x100 [bgcolor=#FFA500]
layer at (50,50) size 50x50
  LayoutBlockFlow {DIV} at (0,0) size 50x50 [bgcolor=#008000]
scrolled to 50,50
