layer at (0,0) size 800x600
  LayoutView at (0,0) size 800x600
layer at (0,0) size 800x600
  LayoutBlockFlow {HTML} at (0,0) size 800x600
    LayoutBlockFlow {BODY} at (8,8) size 784x584
      LayoutMenuList {SELECT} at (0,0) size 61x20 [color=#808080] [bgcolor=#C0C0C0] [border: (1px solid #A9A9A9)]
        LayoutBlockFlow (anonymous) at (1,1) size 59x18
          LayoutText at (4,1) size 36x16
            text run at (4,1) width 36: "PASS"
      LayoutBR {BR} at (61,15) size 0x0
      LayoutMenuList {SELECT} at (0,20) size 61x20 [color=#808080] [bgcolor=#C0C0C0] [border: (1px solid #A9A9A9)]
        LayoutBlockFlow (anonymous) at (1,1) size 59x18
          LayoutText at (4,1) size 36x16
            text run at (4,1) width 36: "PASS"
      LayoutBR {BR} at (61,35) size 0x0
      LayoutMenuList {SELECT} at (0,40) size 61x20 [bgcolor=#C0C0C0] [border: (1px solid #A9A9A9)]
        LayoutBlockFlow (anonymous) at (1,1) size 59x18
          LayoutText at (4,1) size 36x16
            text run at (4,1) width 36: "PASS"
      LayoutBR {BR} at (61,55) size 0x0
      LayoutMenuList {SELECT} at (0,60) size 61x20 [bgcolor=#C0C0C0] [border: (1px solid #A9A9A9)]
        LayoutBlockFlow (anonymous) at (1,1) size 59x18
          LayoutText at (4,1) size 36x16
            text run at (4,1) width 36: "PASS"
      LayoutBR {BR} at (61,75) size 0x0
      LayoutBR {BR} at (57,146) size 0x0
      LayoutBR {BR} at (57,216) size 0x0
      LayoutBR {BR} at (57,286) size 0x0
      LayoutBR {BR} at (57,356) size 0x0
      LayoutText {#text} at (0,360) size 472x19
        text run at (0,360) width 472: "PASS: sel1 correctly set to selectedIndex 1 by sel1.options[1].selected = true."
      LayoutBR {BR} at (472,375) size 0x0
      LayoutText {#text} at (0,380) size 425x19
        text run at (0,380) width 425: "PASS: sel2 correctly set to selectedIndex 1 by sel2.selectedIndex = 1."
      LayoutBR {BR} at (425,395) size 0x0
      LayoutText {#text} at (0,400) size 472x19
        text run at (0,400) width 472: "PASS: sel3 correctly set to selectedIndex 1 by sel3.options[1].selected = true."
      LayoutBR {BR} at (472,415) size 0x0
      LayoutText {#text} at (0,420) size 425x19
        text run at (0,420) width 425: "PASS: sel4 correctly set to selectedIndex 1 by sel4.selectedIndex = 1."
      LayoutBR {BR} at (425,435) size 0x0
      LayoutText {#text} at (0,440) size 472x19
        text run at (0,440) width 472: "PASS: sel5 correctly set to selectedIndex 1 by sel5.options[1].selected = true."
      LayoutBR {BR} at (472,455) size 0x0
      LayoutText {#text} at (0,460) size 425x19
        text run at (0,460) width 425: "PASS: sel6 correctly set to selectedIndex 1 by sel6.selectedIndex = 1."
      LayoutBR {BR} at (425,475) size 0x0
      LayoutText {#text} at (0,480) size 472x19
        text run at (0,480) width 472: "PASS: sel7 correctly set to selectedIndex 1 by sel7.options[1].selected = true."
      LayoutBR {BR} at (472,495) size 0x0
      LayoutText {#text} at (0,500) size 425x19
        text run at (0,500) width 425: "PASS: sel8 correctly set to selectedIndex 1 by sel8.selectedIndex = 1."
      LayoutBR {BR} at (425,515) size 0x0
layer at (8,88) size 57x70 clip at (9,89) size 40x68
  LayoutListBox {SELECT} at (0,80) size 57x70 [color=#808080] [bgcolor=#FFFFFF] [border: (1px solid #A9A9A9)]
    LayoutBlockFlow {OPTION} at (1,1) size 40x17
      LayoutText {#text} at (2,0) size 27x16
        text run at (2,0) width 27: "FAIL"
    LayoutBlockFlow {OPTION} at (1,18) size 40x17 [bgcolor=#999999]
      LayoutText {#text} at (2,0) size 36x16
        text run at (2,0) width 36: "PASS"
layer at (8,158) size 57x70 clip at (9,159) size 40x68
  LayoutListBox {SELECT} at (0,150) size 57x70 [color=#808080] [bgcolor=#FFFFFF] [border: (1px solid #A9A9A9)]
    LayoutBlockFlow {OPTION} at (1,1) size 40x17
      LayoutText {#text} at (2,0) size 27x16
        text run at (2,0) width 27: "FAIL"
    LayoutBlockFlow {OPTION} at (1,18) size 40x17 [bgcolor=#999999]
      LayoutText {#text} at (2,0) size 36x16
        text run at (2,0) width 36: "PASS"
layer at (8,228) size 57x70 clip at (9,229) size 40x68
  LayoutListBox {SELECT} at (0,220) size 57x70 [bgcolor=#FFFFFF] [border: (1px solid #A9A9A9)]
    LayoutBlockFlow {OPTION} at (1,1) size 40x17
      LayoutText {#text} at (2,0) size 27x16
        text run at (2,0) width 27: "FAIL"
    LayoutBlockFlow {OPTION} at (1,18) size 40x17 [color=#808080] [bgcolor=#999999]
      LayoutText {#text} at (2,0) size 36x16
        text run at (2,0) width 36: "PASS"
layer at (8,298) size 57x70 clip at (9,299) size 40x68
  LayoutListBox {SELECT} at (0,290) size 57x70 [bgcolor=#FFFFFF] [border: (1px solid #A9A9A9)]
    LayoutBlockFlow {OPTION} at (1,1) size 40x17
      LayoutText {#text} at (2,0) size 27x16
        text run at (2,0) width 27: "FAIL"
    LayoutBlockFlow {OPTION} at (1,18) size 40x17 [color=#808080] [bgcolor=#999999]
      LayoutText {#text} at (2,0) size 36x16
        text run at (2,0) width 36: "PASS"
