layer at (0,0) size 800x600
  LayoutView at (0,0) size 800x600
layer at (0,0) size 800x600
  LayoutBlockFlow {HTML} at (0,0) size 800x600
    LayoutBlockFlow {BODY} at (8,8) size 784x584
      LayoutBlockFlow {P} at (0,0) size 784x36
        LayoutText {#text} at (0,0) size 722x35
          text run at (0,0) width 711: "This tests to see that deleting a selection that starts just before a table and ends inside the table does not insert a"
          text run at (0,18) width 192: "placeholder br unnecessarily. "
          text run at (191,18) width 258: "You should see two ToDos, one empty. "
          text run at (448,18) width 274: "The caret should be just before the second."
      LayoutBlockFlow {DIV} at (0,52) size 784x62
        LayoutTable {TABLE} at (0,0) size 131x31
          LayoutTableSection {TBODY} at (0,0) size 131x31
            LayoutTableRow {TR} at (0,2) size 131x27
              LayoutTableCell {TD} at (2,2) size 18x27 [r=0 c=0 rs=1 cs=1]
                LayoutText {#text} at (1,5) size 16x17
                  text run at (1,5) width 16: "\x{21D2}"
              LayoutTableCell {TD} at (22,5) size 94x20 [r=0 c=1 rs=1 cs=1]
                LayoutText {#text} at (1,1) size 92x17
                  text run at (1,1) width 92: "ToDo Content"
              LayoutTableCell {TD} at (118,2) size 11x27 [r=0 c=2 rs=1 cs=1]
                LayoutText {#text} at (1,5) size 9x17
                  text run at (1,5) width 9: "\x{21E3}"
        LayoutTable {TABLE} at (0,31) size 39x31
          LayoutTableSection {TBODY} at (0,0) size 39x31
            LayoutTableRow {TR} at (0,2) size 39x27
              LayoutTableCell {TD} at (2,2) size 18x27 [r=0 c=0 rs=1 cs=1]
                LayoutText {#text} at (1,5) size 16x17
                  text run at (1,5) width 16: "\x{21D2}"
              LayoutTableCell {TD} at (22,5) size 2x20 [r=0 c=1 rs=1 cs=1]
              LayoutTableCell {TD} at (26,2) size 11x27 [r=0 c=2 rs=1 cs=1]
                LayoutText {#text} at (1,5) size 9x17
                  text run at (1,5) width 9: "\x{21E3}"
caret: position 0 of child 3 {TABLE} of child 2 {DIV} of body
