EDITING DELEGATE: webViewDidChangeSelection:WebViewDidChangeSelectionNotification
EDITING DELEGATE: webViewDidChangeSelection:WebViewDidChangeSelectionNotification
EDITING DELEGATE: webViewDidChangeSelection:WebViewDidChangeSelectionNotification
EDITING DELEGATE: webViewDidChangeSelection:WebViewDidChangeSelectionNotification
EDITING DELEGATE: webViewDidChange:WebViewDidChangeNotification
layer at (0,0) size 800x600
  LayoutView at (0,0) size 800x600
layer at (0,0) size 800x600
  LayoutBlockFlow {HTML} at (0,0) size 800x600
    LayoutBlockFlow {BODY} at (8,8) size 784x584
      LayoutBlockFlow {DIV} at (0,0) size 784x206 [border: (2px solid #0000FF)]
        LayoutBlockFlow {DIV} at (14,14) size 756x54
          LayoutText {#text} at (0,0) size 68x26
            text run at (0,0) width 68: "Tests: "
          LayoutBR {BR} at (0,0) size 0x0
          LayoutText {#text} at (0,27) size 492x26
            text run at (0,27) width 492: "Smart delete when deleting the first word on a line."
        LayoutBlockFlow {DIV} at (14,84) size 756x108
          LayoutText {#text} at (0,0) size 190x26
            text run at (0,0) width 190: "Expected Results: "
          LayoutBR {BR} at (189,21) size 1x0
          LayoutText {#text} at (0,27) size 708x53
            text run at (0,27) width 708: "The first word and the space following the first word should be deleted. It"
            text run at (0,54) width 201: "should like this this: "
          LayoutBR {BR} at (200,75) size 1x0
          LayoutText {#text} at (0,81) size 70x26
            text run at (0,81) width 70: "bar baz"
      LayoutBlockFlow {DIV} at (0,230) size 784x31
        LayoutBlockFlow {DIV} at (0,0) size 784x31 [border: (2px solid #FF0000)]
          LayoutText {#text} at (2,2) size 70x26
            text run at (2,2) width 70: "bar baz"
caret: position 0 of child 0 {#text} of child 1 {DIV} of child 3 {DIV} of body
