layer at (0,0) size 800x600
  LayoutView at (0,0) size 800x600
layer at (0,0) size 800x600
  LayoutBlockFlow {HTML} at (0,0) size 800x600
    LayoutBlockFlow {BODY} at (8,8) size 784x576
      LayoutBlockFlow {P} at (0,0) size 784x36
        LayoutText {#text} at (0,0) size 260x18
          text run at (0,0) width 260: "This test checks for a regression against "
        LayoutInline {I} at (0,0) size 772x36
          LayoutInline {A} at (0,0) size 354x18 [color=#0000EE]
            LayoutText {#text} at (259,0) size 354x18
              text run at (259,0) width 354: "http://bugzilla.opendarwin.org/show_bug.cgi?id=6214"
          LayoutText {#text} at (612,0) size 772x36
            text run at (612,0) width 160: " text-indent in RTL block"
            text run at (0,18) width 112: "does the opposite"
        LayoutText {#text} at (111,18) size 5x18
          text run at (111,18) width 5: "."
      LayoutBlockFlow {HR} at (0,52) size 784x2 [border: (1px inset #EEEEEE)]
      LayoutBlockFlow {P} at (0,70) size 784x36 [bgcolor=#00FFFF]
        LayoutText {#text} at (23,0) size 761x36
          text run at (23,0) width 711: "The first line of this sententce should be indented 50 pixels to the left, but the rest of it should be flush with the"
          text run at (576,18) width 5 RTL: "."
          text run at (580,18) width 204: "normal right margin of the page"
