layer at (0,0) size 800x600
  LayoutView at (0,0) size 800x600
layer at (0,0) size 800x600
  LayoutBlockFlow {HTML} at (0,0) size 800x600
    LayoutBlockFlow {BODY} at (8,8) size 784x576
      LayoutTable {TABLE} at (0,0) size 380x28 [border: (3px outset #808080)]
        LayoutTableSection {TBODY} at (3,3) size 374x22
          LayoutTableRow {TR} at (0,0) size 374x22
            LayoutTableCell {TD} at (0,0) size 70x22 [border: (1px inset #808080)] [r=0 c=0 rs=1 cs=1]
              LayoutText {#text} at (2,2) size 66x18
                text run at (2,2) width 66: "fieldLabel"
            LayoutTableCell {TD} at (70,0) size 304x22 [border: (1px inset #808080)] [r=0 c=1 rs=1 cs=1]
              LayoutText {#text} at (2,2) size 108x18
                text run at (2,2) width 108: "   InspectionText"
      LayoutBlockFlow {FORM} at (0,28) size 784x19
        LayoutButton {INPUT} at (0,1) size 87.36x18 [bgcolor=#C0C0C0]
          LayoutBlockFlow (anonymous) at (8,2) size 71.36x13
            LayoutText {#text} at (0,0) size 72x13
              text run at (0,0) width 72: "change width"
        LayoutText {#text} at (87,0) size 5x18
          text run at (87,0) width 5: " "
        LayoutButton {INPUT} at (91.36,1) size 179.91x18 [bgcolor=#C0C0C0]
          LayoutBlockFlow (anonymous) at (8,2) size 163.91x13
            LayoutText {#text} at (0,0) size 164x13
              text run at (0,0) width 164: "change width with table reflow"
        LayoutText {#text} at (0,0) size 0x0
