CONSOLE ERROR: line 7: Uncaught ReferenceError: appendCellAt is not defined
layer at (0,0) size 800x600
  LayoutView at (0,0) size 800x600
layer at (0,0) size 800x600
  LayoutBlockFlow {HTML} at (0,0) size 800x600
    LayoutBlockFlow {BODY} at (8,8) size 784x584
      LayoutBlockFlow (anonymous) at (0,0) size 784x18
        LayoutText {#text} at (0,0) size 218x17
          text run at (0,0) width 218: "The 2 tables should look the same"
      LayoutTable {TABLE} at (0,18) size 64x28 [bgcolor=#FFA500] [border: (1px outset #808080)]
        LayoutTableSection {TBODY} at (1,1) size 62x26
          LayoutTableRow {TR} at (0,2) size 62x22
            LayoutTableCell {TD} at (2,2) size 28x22 [border: (1px inset #808080)] [r=0 c=0 rs=1 cs=1]
              LayoutText {#text} at (2,2) size 24x17
                text run at (2,2) width 24: "c11"
            LayoutTableCell {TD} at (32,2) size 28x22 [border: (1px inset #808080)] [r=0 c=1 rs=1 cs=1]
              LayoutText {#text} at (2,2) size 24x17
                text run at (2,2) width 24: "c12"
      LayoutBlockFlow (anonymous) at (0,46) size 784x18
        LayoutBR {BR} at (0,0) size 0x17
      LayoutTable {TABLE} at (0,64) size 90x28 [bgcolor=#FFA500] [border: (1px outset #808080)]
        LayoutTableSection {TBODY} at (1,1) size 88x26
          LayoutTableRow {TR} at (0,2) size 88x22
            LayoutTableCell {TD} at (2,2) size 28x22 [border: (1px inset #808080)] [r=0 c=0 rs=1 cs=1]
              LayoutText {#text} at (2,2) size 24x17
                text run at (2,2) width 24: "c11"
            LayoutTableCell {TD} at (32,2) size 28x22 [border: (1px inset #808080)] [r=0 c=1 rs=1 cs=1]
              LayoutText {#text} at (2,2) size 24x17
                text run at (2,2) width 24: "c12"
            LayoutTableCell {TD} at (62,2) size 24x22 [border: (1px inset #808080)] [r=0 c=2 rs=1 cs=1]
              LayoutText {#text} at (2,2) size 20x17
                text run at (2,2) width 20: "X1"
      LayoutBlockFlow (anonymous) at (0,92) size 784x36
        LayoutBR {BR} at (0,0) size 0x17
        LayoutText {#text} at (0,18) size 218x17
          text run at (0,18) width 218: "The 2 tables should look the same"
      LayoutTable {TABLE} at (0,128) size 64x28 [bgcolor=#FFA500] [border: (1px outset #808080)]
        LayoutTableSection {TBODY} at (1,1) size 62x26
          LayoutTableRow {TR} at (0,2) size 62x22
            LayoutTableCell {TD} at (2,2) size 28x22 [border: (1px inset #808080)] [r=0 c=0 rs=1 cs=1]
              LayoutText {#text} at (2,2) size 24x17
                text run at (2,2) width 24: "c11"
            LayoutTableCell {TD} at (32,2) size 28x22 [border: (1px inset #808080)] [r=0 c=1 rs=1 cs=1]
              LayoutText {#text} at (2,2) size 24x17
                text run at (2,2) width 24: "c12"
      LayoutBlockFlow (anonymous) at (0,156) size 784x18
        LayoutBR {BR} at (0,0) size 0x17
      LayoutTable {TABLE} at (0,174) size 116x28 [bgcolor=#FFA500] [border: (1px outset #808080)]
        LayoutTableSection {TBODY} at (1,1) size 114x26
          LayoutTableRow {TR} at (0,2) size 114x22
            LayoutTableCell {TD} at (2,2) size 28x22 [border: (1px inset #808080)] [r=0 c=0 rs=1 cs=1]
              LayoutText {#text} at (2,2) size 24x17
                text run at (2,2) width 24: "c11"
            LayoutTableCell {TD} at (32,2) size 28x22 [border: (1px inset #808080)] [r=0 c=1 rs=1 cs=1]
              LayoutText {#text} at (2,2) size 24x17
                text run at (2,2) width 24: "c12"
            LayoutTableCell {TD} at (62,2) size 24x22 [border: (1px inset #808080)] [r=0 c=2 rs=1 cs=1]
              LayoutText {#text} at (2,2) size 20x17
                text run at (2,2) width 20: "X2"
            LayoutTableCell {TD} at (88,2) size 24x22 [border: (1px inset #808080)] [r=0 c=3 rs=1 cs=1]
              LayoutText {#text} at (2,2) size 20x17
                text run at (2,2) width 20: "X3"
