layer at (0,0) size 800x600
  LayoutView at (0,0) size 800x600
layer at (0,0) size 800x104
  LayoutBlockFlow {html} at (0,0) size 800x104
    LayoutInline {body} at (0,0) size 228x18
      LayoutText {#text} at (0,0) size 0x0
      LayoutInline {h1} at (0,0) size 56x18
        LayoutText {#text} at (0,86) size 56x18
          text run at (0,86) width 56: "Test 123"
      LayoutText {#text} at (55,86) size 5x18
        text run at (55,86) width 5: " "
      LayoutSVGRoot {svg} at (59,0) size 101x100
        LayoutSVGText {text} at (0,-14) size 196x18 contains 1 chunk(s)
          LayoutSVGInlineText {#text} at (0,0) size 196x18
            chunk 1 text run 1 at (0.00,0.00) startOffset 0 endOffset 29 width 195.05: "You should see an error above"
        LayoutSVGRect {rect} at (59,0) size 101x100 [fill={[type=SOLID] [color=#008000]}] [x=0.00] [y=0.00] [width=100.00] [height=100.00]
      LayoutText {#text} at (159,86) size 5x18
        text run at (159,86) width 5: " "
      LayoutInline {h1} at (0,0) size 65x18
        LayoutText {#text} at (163,86) size 65x18
          text run at (163,86) width 65: "Test ABC"
      LayoutText {#text} at (0,0) size 0x0
    LayoutText {#text} at (0,0) size 0x0
