layer at (0,0) size 785x627
  LayoutView at (0,0) size 785x600
layer at (0,0) size 785x627
  LayoutBlockFlow {HTML} at (0,0) size 785x627
    LayoutBlockFlow {BODY} at (8,8) size 769x611
      LayoutText {#text} at (46,59) size 4x19
        text run at (46,59) width 4: " "
      LayoutText {#text} at (97,59) size 4x19
        text run at (97,59) width 4: " "
      LayoutText {#text} at (0,0) size 0x0
      LayoutText {#text} at (148,59) size 4x19
        text run at (148,59) width 4: " "
      LayoutText {#text} at (218,59) size 4x19
        text run at (218,59) width 4: " "
      LayoutBR {BR} at (222,59) size 0x19
      LayoutText {#text} at (50,142) size 4x19
        text run at (50,142) width 4: " "
      LayoutText {#text} at (100,142) size 4x19
        text run at (100,142) width 4: " "
      LayoutBR {BR} at (104,142) size 0x19
      LayoutText {#text} at (46,221) size 4x19
        text run at (46,221) width 4: " "
      LayoutBR {BR} at (50,221) size 0x19
      LayoutText {#text} at (46,300) size 4x19
        text run at (46,300) width 4: " "
      LayoutBR {BR} at (50,300) size 0x19
      LayoutText {#text} at (51,430) size 4x19
        text run at (51,430) width 4: " "
      LayoutText {#text} at (112,430) size 4x19
        text run at (112,430) width 4: " "
      LayoutText {#text} at (178,430) size 4x19
        text run at (178,430) width 4: " "
      LayoutBR {BR} at (182,430) size 0x19
      LayoutText {#text} at (63,591) size 4x19
        text run at (63,591) width 4: " "
      LayoutText {#text} at (147,591) size 4x19
        text run at (147,591) width 4: " "
      LayoutBR {BR} at (151,591) size 0x19
layer at (12,12) size 38x70 clip at (13,13) size 21x68
  LayoutListBox {SELECT} at (4,4) size 38x70 [bgcolor=#FFFFFF] [border: (1px solid #A9A9A9)]
    LayoutBlockFlow {OPTION} at (1,1) size 21x17
      LayoutText {#text} at (2,0) size 17x16
        text run at (2,0) width 17: "foo"
layer at (62,12) size 39x70 clip at (63,13) size 22x68
  LayoutListBox {SELECT} at (54,4) size 39x70 [bgcolor=#FFFFFF] [border: (1px solid #A9A9A9)]
    LayoutBlockFlow {OPTION} at (1,1) size 22x17 [color=#FFFFCC] [bgcolor=#0000FF]
      LayoutText {#text} at (2,0) size 17x16
        text run at (2,0) width 17: "foo"
    LayoutBlockFlow {OPTION} at (1,18) size 22x17
      LayoutText {#text} at (2,0) size 18x16
        text run at (2,0) width 18: "bar"
layer at (113,12) size 39x70 clip at (114,13) size 22x68
  LayoutListBox {SELECT} at (105,4) size 39x70 [bgcolor=#FFFFFF] [border: (1px solid #A9A9A9)]
    LayoutBlockFlow {OPTION} at (1,1) size 22x17 [color=#FFFFFF] [bgcolor=#999999]
      LayoutText {#text} at (2,0) size 17x16
        text run at (2,0) width 17: "foo"
    LayoutBlockFlow {OPTION} at (1,18) size 22x17 [color=#808080] [bgcolor=#999999]
      LayoutText {#text} at (2,0) size 18x16
        text run at (2,0) width 18: "bar"
layer at (164,12) size 58x70 clip at (165,13) size 41x68
  LayoutListBox {SELECT} at (156,4) size 58x70 [color=#808080] [bgcolor=#FFFFFF] [border: (1px solid #A9A9A9)]
    LayoutBlockFlow {OPTION} at (1,1) size 41x17 [bgcolor=#999999]
      LayoutText {#text} at (2,0) size 17x16
        text run at (2,0) width 17: "foo"
    LayoutBlockFlow {OPTION} at (1,18) size 41x17
      LayoutText {#text} at (2,0) size 18x16
        text run at (2,0) width 18: "bar"
    LayoutBlockFlow {OPTGROUP} at (1,35) size 41x34
      LayoutBlockFlow {DIV} at (0,0) size 41x17
      LayoutBlockFlow {OPTION} at (0,17) size 41x17 [bgcolor=#999999]
        LayoutText {#text} at (2,0) size 37x16
          text run at (2,0) width 37: "    baz"
layer at (12,91) size 42x74 clip at (15,94) size 21x68
  LayoutListBox {SELECT} at (4,83) size 42x74 [bgcolor=#FFFFFF] [border: (3px solid #00FF00)]
    LayoutBlockFlow {OPTION} at (3,3) size 21x17
      LayoutText {#text} at (2,0) size 17x16
        text run at (2,0) width 17: "foo"
layer at (66,95) size 38x70 clip at (67,96) size 21x68
  LayoutListBox {SELECT} at (58,87) size 38x70 [bgcolor=#FFFFFF] [border: (1px solid #A9A9A9)]
    LayoutBlockFlow {OPTION} at (1,1) size 21x17
      LayoutText {#text} at (2,0) size 17x16
        text run at (2,0) width 17: "foo"
layer at (12,174) size 38x70 clip at (13,175) size 21x68
  LayoutListBox {SELECT} at (4,166) size 38x70 [border: (1px solid #A9A9A9)]
    LayoutBlockFlow {OPTION} at (1,1) size 21x17
      LayoutText {#text} at (2,0) size 17x16
        text run at (2,0) width 17: "foo"
layer at (12,253) size 38x70 clip at (13,254) size 21x68
  LayoutListBox {SELECT} at (4,245) size 38x70 [bgcolor=#FFFFFF] [border: (1px solid #A9A9A9)]
    LayoutBlockFlow {OPTION} at (1,1) size 21x17
      LayoutText {#text} at (2,0) size 17x16
        text run at (2,0) width 17: "foo"
layer at (12,370) size 43x83 clip at (13,371) size 26x81 scrollHeight 80
  LayoutListBox {SELECT} at (4,362.25) size 43x82.75 [bgcolor=#FFFFFF] [border: (1px solid #A9A9A9)]
    LayoutBlockFlow {OPTION} at (1,1) size 26x20.19
      LayoutText {#text} at (2,0) size 22x18
        text run at (2,0) width 22: "foo"
layer at (67,351) size 49x102 clip at (68,352) size 32x100
  LayoutListBox {SELECT} at (59,343) size 49x102 [bgcolor=#FFFFFF] [border: (1px solid #A9A9A9)]
    LayoutBlockFlow {OPTION} at (1,1) size 32x25
      LayoutText {#text} at (2,0) size 28x23
        text run at (2,0) width 28: "foo"
layer at (128,332) size 54x121 clip at (129,333) size 37x119
  LayoutListBox {SELECT} at (120,323.81) size 54x121.19 [bgcolor=#FFFFFF] [border: (1px solid #A9A9A9)]
    LayoutBlockFlow {OPTION} at (1,1) size 37x29.80
      LayoutText {#text} at (2,0) size 33x27
        text run at (2,0) width 33: "foo"
layer at (14,508) size 51x104 clip at (15,509) size 34x102
  LayoutListBox {SELECT} at (6,500) size 51x104 [bgcolor=#FFFFFF] [border: (1px solid #A9A9A9)]
    LayoutBlockFlow {OPTION} at (1,1) size 34x25.50
      LayoutText {#text} at (3,0) size 28x23
        text run at (3,0) width 28: "foo"
layer at (83,466) size 64x144 clip at (85,468) size 45x140
  LayoutListBox {SELECT} at (75,458) size 64x144 [bgcolor=#FFFFFF] [border: (2px solid #A9A9A9)]
    LayoutBlockFlow {OPTION} at (2,2) size 45x35
      LayoutText {#text} at (4,0) size 37x32
        text run at (4,0) width 37: "foo"
