layer at (0,0) size 800x600
  LayoutView at (0,0) size 800x600
layer at (0,0) size 800x379
  LayoutBlockFlow {HTML} at (0,0) size 800x379
    LayoutBlockFlow {BODY} at (8,8) size 784x363
      LayoutBlockFlow {FORM} at (0,0) size 784x363
        LayoutText {#text} at (80,323) size 4x19
          text run at (80,323) width 4: " "
        LayoutBR {BR} at (84,323) size 0x19
        LayoutMenuList {SELECT} at (0,343) size 73x20 [bgcolor=#C0C0C0] [border: (1px solid #A9A9A9)]
          LayoutBlockFlow (anonymous) at (1,1) size 71x18
            LayoutText at (4,1) size 32x16
              text run at (4,1) width 32: "Three"
        LayoutText {#text} at (0,0) size 0x0
layer at (8,8) size 80x342 clip at (9,9) size 63x340
  LayoutListBox {SELECT} at (0,0) size 80x342 [bgcolor=#FFFFFF] [border: (1px solid #A9A9A9)]
    LayoutBlockFlow {OPTGROUP} at (1,1) size 63x85 [color=#008000]
      LayoutBlockFlow {DIV} at (0,0) size 63x17
        LayoutText {#text} at (2,0) size 52x16
          text run at (2,0) width 52: "Enabled"
      LayoutBlockFlow {OPTION} at (0,17) size 63x17 [color=#0000FF]
        LayoutText {#text} at (2,0) size 40x16
          text run at (2,0) width 40: "    One"
      LayoutBlockFlow {OPTION} at (0,34) size 63x17 [color=#0000FF]
        LayoutText {#text} at (2,0) size 39x16
          text run at (2,0) width 39: "    Two"
      LayoutBlockFlow {OPTION} at (0,51) size 63x17 [color=#0000FF]
        LayoutText {#text} at (2,0) size 48x16
          text run at (2,0) width 48: "    Three"
      LayoutBlockFlow {OPTION} at (0,68) size 63x17 [color=#0000FF]
        LayoutText {#text} at (2,0) size 42x16
          text run at (2,0) width 42: "    Four"
    LayoutBlockFlow {OPTGROUP} at (1,86) size 63x85 [color=#FFC0CB]
      LayoutBlockFlow {DIV} at (0,0) size 63x17
        LayoutText {#text} at (2,0) size 55x16
          text run at (2,0) width 55: "Disabled"
      LayoutBlockFlow {OPTION} at (0,17) size 63x17 [color=#FF0000]
        LayoutText {#text} at (2,0) size 40x16
          text run at (2,0) width 40: "    One"
      LayoutBlockFlow {OPTION} at (0,34) size 63x17 [color=#FF0000]
        LayoutText {#text} at (2,0) size 39x16
          text run at (2,0) width 39: "    Two"
      LayoutBlockFlow {OPTION} at (0,51) size 63x17 [color=#FF0000]
        LayoutText {#text} at (2,0) size 48x16
          text run at (2,0) width 48: "    Three"
      LayoutBlockFlow {OPTION} at (0,68) size 63x17 [color=#FF0000]
        LayoutText {#text} at (2,0) size 42x16
          text run at (2,0) width 42: "    Four"
    LayoutBlockFlow {OPTGROUP} at (1,171) size 63x85 [color=#008000]
      LayoutBlockFlow {DIV} at (0,0) size 63x17
        LayoutText {#text} at (2,0) size 59x16
          text run at (2,0) width 59: "Enabled2"
      LayoutBlockFlow {OPTION} at (0,17) size 63x17 [color=#0000FF]
        LayoutText {#text} at (2,0) size 40x16
          text run at (2,0) width 40: "    One"
      LayoutBlockFlow {OPTION} at (0,34) size 63x17 [color=#FF0000]
        LayoutText {#text} at (2,0) size 39x16
          text run at (2,0) width 39: "    Two"
      LayoutBlockFlow {OPTION} at (0,51) size 63x17 [color=#0000FF] [bgcolor=#999999]
        LayoutText {#text} at (2,0) size 48x16
          text run at (2,0) width 48: "    Three"
      LayoutBlockFlow {OPTION} at (0,68) size 63x17 [color=#0000FF]
        LayoutText {#text} at (2,0) size 42x16
          text run at (2,0) width 42: "    Four"
