layer at (0,0) size 800x600
  LayoutView at (0,0) size 800x600
layer at (0,0) size 800x600
  LayoutBlockFlow {HTML} at (0,0) size 800x600
    LayoutBlockFlow {BODY} at (8,8) size 784x584
layer at (8,8) size 784x59
  LayoutBlockFlow {DIV} at (0,0) size 784x59
    LayoutMultiColumnSet (anonymous) at (0,0) size 784x59
layer at (8,8) size 384x118
  LayoutMultiColumnFlowThread (anonymous) at (0,0) size 384x118
    LayoutText {#text} at (0,0) size 356x115
      text run at (0,0) width 72: "Filler Text "
      text run at (71,0) width 285: "Filler Text Filler Text Filler Text Filler Text"
      text run at (0,18) width 288: "Filler Text Filler Text Filler Text Filler Text "
      text run at (287,18) width 69: "Filler Text"
      text run at (0,36) width 356: "Filler Text Filler Text Filler Text Filler Text Filler Text"
      text run at (0,59) width 216: "Filler Text Filler Text Filler Text "
      text run at (215,59) width 73: "Filler Text "
      text run at (287,59) width 69: "Filler Text"
      text run at (0,77) width 356: "Filler Text Filler Text Filler Text Filler Text Filler Text"
      text run at (0,97) width 144: "Filler Text Filler Text "
    LayoutText {#text} at (0,0) size 0x0
layer at (154,105) size 131x19
  LayoutTextControl (relative positioned) {INPUT} at (145.97,97) size 131x19 [bgcolor=#FFFFFF] [border: (2px inset #EEEEEE)]
layer at (157,108) size 125x13
  LayoutBlockFlow {DIV} at (3,3) size 125x13
    LayoutText {#text} at (0,0) size 39x13
      text run at (0,0) width 39: "Testing"
caret: position 7 of child 0 {#text} of child 0 {DIV} of {#document-fragment} of child 1 {INPUT} of child 1 {DIV} of body
