layer at (0,0) size 800x600
  LayoutView at (0,0) size 800x600
layer at (0,0) size 800x52
  LayoutBlockFlow {HTML} at (0,0) size 800x52
    LayoutBlockFlow {BODY} at (8,8) size 784x36
      LayoutText {#text} at (0,0) size 766x36
        text run at (0,0) width 307: "You should see a 100x100 green square below. "
        text run at (306,0) width 243: "If you see any red, the test has failed. "
        text run at (548,0) width 218: "This test is checking to make sure"
        text run at (0,18) width 221: "clip is applying to all descendants."
      LayoutText {#text} at (0,0) size 0x0
layer at (8,44) size 100x100
  LayoutBlockFlow (positioned) {DIV} at (8,44) size 100x100 [bgcolor=#008000]
    LayoutBlockFlow {DIV} at (100,100) size 100x100 [bgcolor=#FF0000]
layer at (108,344) size 100x100 backgroundClip at (8,44) size 100x100 clip at (8,44) size 100x100 outlineClip at (8,44) size 100x100
  LayoutBlockFlow (positioned) {DIV} at (108,344) size 100x100 [bgcolor=#FF0000]
