layer at (0,0) size 800x600
  LayoutView at (0,0) size 800x600
layer at (0,0) size 800x600
  LayoutBlockFlow {HTML} at (0,0) size 800x600
    LayoutBlockFlow {BODY} at (8,8) size 784x584
      LayoutBlockFlow {P} at (0,0) size 784x40
        LayoutText {#text} at (0,0) size 741x39
          text run at (0,0) width 690: "This tests for a bug where left justifying a paragraph amongst several that are centered would left justify all of them. "
          text run at (690,0) width 51: "Only the"
          text run at (0,20) width 246: "second paragraph should be left justified."
      LayoutBlockFlow {DIV} at (0,56) size 784x60
        LayoutBlockFlow (anonymous) at (0,0) size 784x20
          LayoutText {#text} at (382,0) size 20x19
            text run at (382,0) width 20: "foo"
          LayoutBR {BR} at (402,15) size 0x0
        LayoutBlockFlow {DIV} at (0,20) size 784x20
          LayoutText {#text} at (0,0) size 20x19
            text run at (0,0) width 20: "bar"
        LayoutBlockFlow {DIV} at (0,40) size 784x20
          LayoutText {#text} at (381,0) size 22x19
            text run at (381,0) width 22: "baz"
selection start: position 0 of child 0 {#text} of child 2 {DIV} of child 2 {DIV} of body
selection end:   position 3 of child 0 {#text} of child 2 {DIV} of child 2 {DIV} of body
