layer at (0,0) size 800x600
  LayoutView at (0,0) size 800x600
layer at (0,0) size 800x600
  LayoutBlockFlow {HTML} at (0,0) size 800x600
    LayoutBlockFlow {BODY} at (8,8) size 784x584
      LayoutBlockFlow {P} at (0,0) size 784x20
        LayoutText {#text} at (0,0) size 748x19
          text run at (0,0) width 454: "This tests for a bug where centering two paragraphs would center the third. "
          text run at (454,0) width 294: "Only the selected paragraphs should be selected."
      LayoutBlockFlow {DIV} at (0,36) size 784x60
        LayoutBlockFlow {DIV} at (0,0) size 784x20
          LayoutText {#text} at (382,0) size 20x19
            text run at (382,0) width 20: "foo"
        LayoutBlockFlow {DIV} at (0,20) size 784x40
          LayoutBlockFlow {DIV} at (0,0) size 784x20
            LayoutText {#text} at (382,0) size 20x19
              text run at (382,0) width 20: "bar"
          LayoutBlockFlow (anonymous) at (0,20) size 784x20
            LayoutText {#text} at (0,0) size 21x19
              text run at (0,0) width 21: "baz"
selection start: position 0 of child 0 {#text} of child 0 {DIV} of child 2 {DIV} of body
selection end:   position 3 of child 0 {#text} of child 0 {DIV} of child 1 {DIV} of child 2 {DIV} of body
