EDITING DELEGATE: webViewDidChangeSelection:WebViewDidChangeSelectionNotification
EDITING DELEGATE: webViewDidChangeSelection:WebViewDidChangeSelectionNotification
EDITING DELEGATE: webViewDidChangeSelection:WebViewDidChangeSelectionNotification
EDITING DELEGATE: webViewDidChangeSelection:WebViewDidChangeSelectionNotification
EDITING DELEGATE: webViewDidChangeSelection:WebViewDidChangeSelectionNotification
EDITING DELEGATE: webViewDidChange:WebViewDidChangeNotification
layer at (0,0) size 800x600
  LayoutView at (0,0) size 800x600
layer at (0,0) size 800x600
  LayoutBlockFlow {HTML} at (0,0) size 800x600
    LayoutBlockFlow {BODY} at (8,8) size 784x584
      LayoutBlockFlow {DIV} at (0,0) size 784x84 [border: (2px solid #0000FF)]
        LayoutText {#text} at (14,14) size 711x55
          text run at (14,14) width 705: "Should see the \"foo\" and \"baz\" lines centered in their own red boxes. The"
          text run at (719,14) width 6: " "
          text run at (14,42) width 324: "\"baz\" line should not be centered."
      LayoutBlockFlow {DIV} at (0,108) size 784x140
        LayoutBlockFlow {DIV} at (0,0) size 784x140 [border: (2px solid #FF0000)]
          LayoutBlockFlow {DIV} at (14,14) size 756x28
            LayoutText {#text} at (362,0) size 32x27
              text run at (362,0) width 32: "foo"
          LayoutBlockFlow {DIV} at (14,42) size 756x56 [border: (2px solid #FF0000)]
            LayoutText {#text} at (362,14) size 32x27
              text run at (362,14) width 32: "bar"
          LayoutBlockFlow (anonymous) at (14,98) size 756x28
            LayoutText {#text} at (0,0) size 33x27
              text run at (0,0) width 33: "baz"
selection start: position 0 of child 0 {#text} of child 0 {DIV} of child 1 {DIV} of child 3 {DIV} of body
selection end:   position 2 of child 0 {#text} of child 1 {DIV} of child 1 {DIV} of child 3 {DIV} of body
