EDITING DELEGATE: webViewDidChangeSelection:WebViewDidChangeSelectionNotification
EDITING DELEGATE: webViewDidChangeSelection:WebViewDidChangeSelectionNotification
EDITING DELEGATE: webViewDidChangeSelection:WebViewDidChangeSelectionNotification
EDITING DELEGATE: webViewDidChangeSelection:WebViewDidChangeSelectionNotification
EDITING DELEGATE: webViewDidChangeSelection:WebViewDidChangeSelectionNotification
EDITING DELEGATE: webViewDidChange:WebViewDidChangeNotification
layer at (0,0) size 800x600
  LayoutView at (0,0) size 800x600
layer at (0,0) size 800x600
  LayoutBlockFlow {HTML} at (0,0) size 800x600
    LayoutBlockFlow {BODY} at (8,8) size 784x584
      LayoutBlockFlow {DIV} at (0,0) size 784x84 [border: (2px solid #0000FF)]
        LayoutText {#text} at (14,14) size 723x55
          text run at (14,14) width 717: "Should see \"bar\" and \"baz\" centered in their own red boxes. The \"foo\" line"
          text run at (731,14) width 6: " "
          text run at (14,42) width 445: "should be in its own red box, but not centered."
      LayoutBlockFlow {DIV} at (0,108) size 784x168
        LayoutBlockFlow {DIV} at (0,0) size 784x56 [border: (2px solid #FF0000)]
          LayoutText {#text} at (14,14) size 32x27
            text run at (14,14) width 32: "foo"
        LayoutBlockFlow {DIV} at (0,56) size 784x56 [border: (2px solid #FF0000)]
          LayoutText {#text} at (376,14) size 32x27
            text run at (376,14) width 32: "bar"
        LayoutBlockFlow {DIV} at (0,112) size 784x56 [border: (2px solid #FF0000)]
          LayoutText {#text} at (375,14) size 34x27
            text run at (375,14) width 34: "baz"
selection start: position 1 of child 0 {#text} of child 3 {DIV} of child 3 {DIV} of body
selection end:   position 2 of child 0 {#text} of child 5 {DIV} of child 3 {DIV} of body
