layer at (0,0) size 800x600
  LayoutView at (0,0) size 800x600
layer at (0,0) size 800x600
  LayoutBlockFlow {HTML} at (0,0) size 800x600
    LayoutBlockFlow {BODY} at (8,8) size 784x584
      LayoutImage {IMG} at (0,0) size 20x20
      LayoutText {#text} at (20,5) size 210x19
        text run at (20,5) width 210: " This text should only appear once."
      LayoutText {#text} at (0,0) size 0x0
