layer at (0,0) size 335x4018
  LayoutView at (0,0) size 335x585
layer at (0,0) size 335x4018
  LayoutBlockFlow {HTML} at (0,0) size 335x4018
    LayoutBlockFlow {BODY} at (8,8) size 319x4002
      LayoutBlockFlow {DIV} at (-683,0) size 1002x4002 [border: (1px solid #FF0000)]
        LayoutText {#text} at (-486,1) size 1487x19
          text run at (-486,1) width 1487: "BEGINddddddddddddddddddddddddddddddddddddddddddddddddddddddddddddddddddddddddddddddddddddddddddddddddddddddddddddddddddddddddddddddddddddddddddddddddddddddddddddddddddddddddddddddddEND"
