layer at (0,0) size 800x600
  LayoutView at (0,0) size 800x600
layer at (0,0) size 800x600
  LayoutBlockFlow {HTML} at (0,0) size 800x600
    LayoutBlockFlow {BODY} at (8,8) size 784x576
      LayoutBlockFlow (anonymous) at (0,0) size 784x0
        LayoutInline {SPAN} at (0,0) size 0x0
          LayoutInline {SPAN} at (0,0) size 0x0
        LayoutText {#text} at (0,0) size 0x0
      LayoutBlockFlow {H4} at (0,0) size 784x18
        LayoutText {#text} at (0,0) size 83x18
          text run at (0,0) width 83: "Instructions"
      LayoutBlockFlow {P} at (0,39.27) size 784x18
        LayoutText {#text} at (0,0) size 180x18
          text run at (0,0) width 180: "Click the following buttons."
      LayoutBlockFlow {OL} at (0,73.27) size 784x163
        LayoutListItem {LI} at (40,0) size 744x18
          LayoutListMarker (anonymous) at (-20,0) size 16x18: "1"
          LayoutText {#text} at (0,0) size 199x18
            text run at (0,0) width 199: "Start with the outmost left one."
        LayoutListItem {LI} at (40,18) size 744x18
          LayoutListMarker (anonymous) at (-20,0) size 16x18: "2"
          LayoutText {#text} at (0,0) size 138x18
            text run at (0,0) width 138: "Click the middle one."
        LayoutListItem {LI} at (40,36) size 744x18
          LayoutListMarker (anonymous) at (-20,0) size 16x18: "3"
          LayoutText {#text} at (0,0) size 272x18
            text run at (0,0) width 272: "(The ouline will not be updated correctly.)"
        LayoutListItem {LI} at (40,54) size 744x18
          LayoutListMarker (anonymous) at (-20,0) size 16x18: "4"
          LayoutText {#text} at (0,0) size 142x18
            text run at (0,0) width 142: "Click the right button."
        LayoutListItem {LI} at (40,72) size 744x18
          LayoutListMarker (anonymous) at (-20,0) size 16x18: "5"
          LayoutText {#text} at (0,0) size 474x18
            text run at (0,0) width 474: "This will crash Safari 1.3 (v176 and v170, no other configurations tested)."
        LayoutListItem {LI} at (40,90) size 744x18
          LayoutListMarker (anonymous) at (-20,0) size 16x18: "6"
          LayoutText {#text} at (0,0) size 300x18
            text run at (0,0) width 300: "The combination 2. 1. 3. will also crash Safari."
        LayoutListItem {LI} at (40,108) size 744x18
          LayoutListMarker (anonymous) at (-20,0) size 16x18: "7"
          LayoutText {#text} at (0,0) size 457x18
            text run at (0,0) width 457: "1. 3. will not crash Safari. (But the outline should vanish. Shouldn't it?)"
        LayoutListItem {LI} at (40,126) size 744x18
          LayoutListMarker (anonymous) at (-20,0) size 16x18: "8"
          LayoutText {#text} at (0,0) size 206x18
            text run at (0,0) width 206: "2. 3. will not crash Safari either."
        LayoutBlockFlow (anonymous) at (40,144) size 744x19
          LayoutButton {INPUT} at (0,1) size 133.94x18 [bgcolor=#C0C0C0]
            LayoutBlockFlow (anonymous) at (8,2) size 117.94x13
              LayoutText {#text} at (0,0) size 118x13
                text run at (0,0) width 118: "1. Set outline property"
          LayoutText {#text} at (133,0) size 5x18
            text run at (133,0) width 5: " "
          LayoutButton {INPUT} at (137.94,1) size 136x18 [bgcolor=#C0C0C0]
            LayoutBlockFlow (anonymous) at (8,2) size 120x13
              LayoutText {#text} at (0,0) size 120x13
                text run at (0,0) width 120: "2. Set display property"
          LayoutText {#text} at (273,0) size 5x18
            text run at (273,0) width 5: " "
          LayoutButton {INPUT} at (277.94,1) size 147.81x18 [bgcolor=#C0C0C0]
            LayoutBlockFlow (anonymous) at (8,2) size 131.81x13
              LayoutText {#text} at (0,0) size 132x13
                text run at (0,0) width 132: "3. Replace span-element"
          LayoutText {#text} at (0,0) size 0x0
