layer at (0,0) size 800x600
  LayoutView at (0,0) size 800x600
layer at (0,0) size 800x600
  LayoutBlockFlow {HTML} at (0,0) size 800x600
    LayoutBlockFlow {BODY} at (8,8) size 784x584
      LayoutBlockFlow {P} at (0,0) size 784x36
        LayoutText {#text} at (0,0) size 55x18
          text run at (0,0) width 55: "Test for "
        LayoutInline {I} at (0,0) size 756x36
          LayoutInline {A} at (0,0) size 312x18 [color=#0000EE]
            LayoutText {#text} at (54,0) size 312x18
              text run at (54,0) width 312: "https://bugs.webkit.org/show_bug.cgi?id=34735"
          LayoutText {#text} at (365,0) size 756x36
            text run at (365,0) width 391: " [Chromium] OpenType font with CFF glyphs is not handled"
            text run at (0,18) width 164: "correctly on Windows XP"
        LayoutText {#text} at (163,18) size 5x18
          text run at (163,18) width 5: "."
      LayoutBlockFlow {P} at (0,52) size 784x36
        LayoutText {#text} at (0,0) size 716x36
          text run at (0,0) width 716: "Check if glyphs in Ahem.otf can be rendered correctly. If the test passes, you should see dozens of black square"
          text run at (0,18) width 113: "characters below:"
      LayoutBlockFlow (anonymous) at (0,104) size 784x32
        LayoutInline {SPAN} at (0,0) size 736x16
          LayoutText {#text} at (0,0) size 736x16
            text run at (0,0) width 736: "!\"#$%&()*+,-./0123456789:;<=>?@ABCDEFGHIJKLMNO"
        LayoutText {#text} at (0,0) size 0x0
        LayoutInline {SPAN} at (0,0) size 736x16
          LayoutText {#text} at (0,16) size 736x16
            text run at (0,16) width 736: "PQRSTUVWXYZ[\\]^_`abcdefghijklmnoqrstuvwxyz{|}~"
        LayoutText {#text} at (0,0) size 0x0
        LayoutText {#text} at (0,0) size 0x0
      LayoutBlockFlow {P} at (0,152) size 784x36
        LayoutText {#text} at (0,0) size 759x36
          text run at (0,0) width 759: "Check if glyphs not in Ahem.otf can be rendered using a fallback font. If the test passes, you should see a single-quote"
          text run at (0,18) width 107: "character below:"
      LayoutBlockFlow (anonymous) at (0,204) size 784x18
        LayoutInline {SPAN} at (0,0) size 4x16
          LayoutText {#text} at (0,2) size 4x16
            text run at (0,2) width 4: "'"
        LayoutText {#text} at (0,0) size 0x0
        LayoutText {#text} at (0,0) size 0x0
        LayoutText {#text} at (0,0) size 0x0
