layer at (0,0) size 800x600
  LayoutView at (0,0) size 800x600
layer at (0,0) size 800x600
  LayoutBlockFlow {HTML} at (0,0) size 800x600
    LayoutBlockFlow {BODY} at (8,8) size 784x576
      LayoutBlockFlow {P} at (0,0) size 784x18
        LayoutText {#text} at (0,0) size 55x18
          text run at (0,0) width 55: "Test for "
        LayoutInline {I} at (0,0) size 724x18
          LayoutInline {A} at (0,0) size 354x18 [color=#0000EE]
            LayoutText {#text} at (54,0) size 354x18
              text run at (54,0) width 354: "http://bugzilla.opendarwin.org/show_bug.cgi?id=9341"
          LayoutText {#text} at (407,0) size 371x18
            text run at (407,0) width 5: " "
            text run at (411,0) width 367: "REGRESSION: Repro crash caused by style=\"font:bold\""
        LayoutText {#text} at (777,0) size 5x18
          text run at (777,0) width 5: "."
      LayoutBlockFlow {P} at (0,34) size 784x18
        LayoutText {#text} at (0,0) size 129x18
          text run at (0,0) width 129: "PASS (didn\x{2019}t crash)"
