layer at (0,0) size 800x600
  LayoutView at (0,0) size 800x600
layer at (0,0) size 800x600
  LayoutBlockFlow {HTML} at (0,0) size 800x600
    LayoutBlockFlow {BODY} at (8,8) size 784x584
      LayoutBlockFlow {DIV} at (0,0) size 784x18
        LayoutText {#text} at (0,0) size 55x18
          text run at (0,0) width 55: "Test for "
        LayoutInline {A} at (0,0) size 122x18 [color=#0000EE]
          LayoutText {#text} at (54,0) size 122x18
            text run at (54,0) width 122: "Bugzilla Bug 9934"
        LayoutText {#text} at (175,0) size 462x18
          text run at (175,0) width 462: " Selecting text in text field with {line-height:100%} causes it to bounce."
      LayoutBlockFlow {DIV} at (0,18) size 784x19
        LayoutTextControl {INPUT} at (0,0) size 131x19 [bgcolor=#FFFFFF] [border: (2px inset #EEEEEE)]
      LayoutBlockFlow {DIV} at (0,37) size 784x36
        LayoutText {#text} at (0,0) size 750x36
          text run at (0,0) width 586: "Select the text in the text field using horizontal mouse movements, then drag up and down. "
          text run at (585,0) width 165: "The text should not move"
          text run at (0,18) width 65: "vertically."
layer at (11,29) size 125x13
  LayoutBlockFlow {DIV} at (3,3) size 125x13
    LayoutText {#text} at (0,0) size 70x13
      text run at (0,0) width 70: "Lorem Ipsum"
