layer at (0,0) size 800x600
  LayoutView at (0,0) size 800x600
layer at (0,0) size 800x600
  LayoutBlockFlow {HTML} at (0,0) size 800x600
    LayoutBlockFlow {BODY} at (8,8) size 784x584
      LayoutBlockFlow {DIV} at (0,0) size 784x16
        LayoutInline (anonymous) at (0,0) size 16x16 [color=#0000FF]
          LayoutText {#text} at (0,0) size 16x16
            text run at (0,0) width 16: "L"
        LayoutText {#text} at (16,0) size 400x16
          text run at (16,0) width 400: "orem ipsum dolor sit amet"
