EDITING DELEGATE: webViewDidChangeSelection:WebViewDidChangeSelectionNotification
EDITING DELEGATE: webViewDidChangeSelection:WebViewDidChangeSelectionNotification
layer at (0,0) size 800x600 scrollWidth 820
  LayoutView at (0,0) size 800x600
layer at (0,0) size 800x600
  LayoutBlockFlow {HTML} at (0,0) size 800x600
    LayoutBlockFlow {BODY} at (8,64) size 784x472
      LayoutBlockFlow {DIV} at (64,0) size 748x196 [border: (50px solid #FF0000)]
        LayoutInline {SPAN} at (0,0) size 32x26
          LayoutText {#text} at (74,85) size 32x26
            text run at (74,85) width 32: "foo"
        LayoutText {#text} at (105,85) size 41x26
          text run at (105,85) width 41: " baz"
caret: position 1 of child 3 {#text} of child 1 {DIV} of body
