layer at (0,0) size 800x600
  LayoutView at (0,0) size 800x600
layer at (0,0) size 800x279
  LayoutBlockFlow {HTML} at (0,0) size 800x278.69
    LayoutBlockFlow {BODY} at (8,16) size 784x249.69
      LayoutBlockFlow {P} at (0,0) size 784x19
        LayoutText {#text} at (0,1) size 697x17
          text run at (0,1) width 697: "This tests horizontal caret movement in vertical writing mode. \"\x{306F}\x{732B}\x{3067}\x{3042}\x{308B}\x{3002}\" and \"\x{540D}\x{524D}\" must be selected."
      LayoutBlockFlow {DIV} at (0,35) size 68x214.69
        LayoutBlockFlow {P} at (16,0) size 36x214.69
          LayoutText {#text} at (0,0) size 17x126
            text run at (0,0) width 126: "\x{543E}\x{8F29}\x{306F}\x{732B}\x{3067}\x{3042}\x{308B}\x{3002}"
          LayoutBR {BR} at (0,125) size 17x1
          LayoutText {#text} at (18,0) size 17x124
            text run at (18,0) width 124: "\x{540D}\x{524D}\x{306F}\x{307E}\x{3060}\x{7121}\x{3044}\x{3002}"
      LayoutBlockFlow {PRE} at (0,262.69) size 784x0
selection start: position 2 of child 0 {#text} of child 1 {P} of child 3 {DIV} of body
selection end:   position 2 of child 2 {#text} of child 1 {P} of child 3 {DIV} of body
