layer at (0,0) size 800x600
  LayoutView at (0,0) size 800x600
layer at (0,434) size 800x166
  LayoutBlockFlow {HTML} at (0,0) size 800x166
    LayoutBlockFlow {BODY} at (8,8) size 784x150
      LayoutText {#text} at (0,0) size 391x41
        text run at (0,0) width 391: "This is the first line of text."
      LayoutBR {BR} at (390,0) size 1x41
      LayoutImage {IMG} at (0,50) size 20x50 [bgcolor=#008000]
      LayoutText {#text} at (20,41) size 379x41
        text run at (20,41) width 379: " This is the second line of "
      LayoutImage {IMG} at (398.92,50) size 20x100 [bgcolor=#800080]
      LayoutText {#text} at (418,41) size 73x41
        text run at (418,41) width 73: " text."
selection start: position 1 of child 0 {#text} of body
selection end:   position 1 of child 3 {IMG} of body
