layer at (0,0) size 800x600
  LayoutView at (0,0) size 800x600
layer at (0,0) size 800x600
  LayoutBlockFlow {HTML} at (0,0) size 800x600
    LayoutBlockFlow {BODY} at (8,8) size 784x576
      LayoutBlockFlow {P} at (0,0) size 784x20
        LayoutText {#text} at (0,0) size 92x19
          text run at (0,0) width 92: "First paragraph"
      LayoutBlockFlow {P} at (0,36) size 784x40
        LayoutText {#text} at (0,0) size 219x19
          text run at (0,0) width 219: "Here is some regular paragraph text "
        LayoutText {#text} at (0,20) size 100x19
          text run at (0,20) width 100: "Some more text."
      LayoutBlockFlow {P} at (0,92) size 784x20
        LayoutText {#text} at (0,0) size 510x19
          text run at (0,0) width 510: "The image gets erroneously positioned to the top/left corner of the paragraph instead."
layer at (8,44) size 560x19
  LayoutInline (relative positioned) {SPAN} at (0,0) size 560x19 [bgcolor=#90EE90]
    LayoutText {#text} at (219,0) size 560x19
      text run at (219,0) width 560: "The image (found or not) should be positioned at the top/left corner of this green-shaded text "
layer at (227,44) size 42x42
  LayoutImage {IMG} at (0,0) size 42x42 [border: (1px solid #000000)]
