layer at (0,0) size 1108x1108
  LayoutView at (0,0) size 785x585
layer at (0,0) size 785x585
  LayoutBlockFlow {HTML} at (0,0) size 785x585
    LayoutBlockFlow {BODY} at (8,8) size 769x569
      LayoutText {#text} at (100,0) size 668x39
        text run at (100,0) width 668: "The image should be 1000px over to the right and bottom, which should cause horizontal and vertical scrollbars"
        text run at (100,20) width 62: "to appear."
layer at (1008,1008) size 100x100
  LayoutImage {IMG} at (0,0) size 100x100 [bgcolor=#00FF00]
