layer at (0,0) size 800x600
  LayoutView at (0,0) size 800x600
layer at (0,0) size 800x600
  LayoutBlockFlow {HTML} at (0,0) size 800x600
    LayoutBlockFlow {BODY} at (8,8) size 784x584
      LayoutBlockFlow {P} at (0,0) size 784x18
        LayoutText {#text} at (0,0) size 331x18
          text run at (0,0) width 331: "The black outline box should stretch from the right "
        LayoutInline {SPAN} at (0,0) size 28x18 [color=#0000FF]
          LayoutText {#text} at (330,0) size 28x18
            text run at (330,0) width 28: "blue"
        LayoutText {#text} at (357,0) size 120x18
          text run at (357,0) width 120: " border, to the left "
        LayoutInline {SPAN} at (0,0) size 45x18 [color=#FFA500]
          LayoutText {#text} at (476,0) size 45x18
            text run at (476,0) width 45: "orange"
        LayoutText {#text} at (520,0) size 51x18
          text run at (520,0) width 51: " border."
      LayoutBlockFlow {DIV} at (0,34) size 600x36
        LayoutText {#text} at (408,0) size 192x18
          text run at (408,0) width 192 RTL override: "ILorem ipsum dolor sit amet, "
        LayoutText {#text} at (87,0) size 513x36
          text run at (87,0) width 85 RTL override: "irure dolor in"
          text run at (510,18) width 90 RTL override: "reprehenderit."
layer at (8,42) size 218x20
  LayoutInline (relative positioned) {SPAN} at (0,0) size 218x20 [bgcolor=#008000] [border: (1px solid #808080) (20px solid #0000FF) (1px solid #808080) (20px solid #FFA500)]
    LayoutText {#text} at (272,0) size 97x18
      text run at (272,0) width 97 RTL override: "con a pariatur. "
    LayoutText {#text} at (211,0) size 62x18
      text run at (211,0) width 62 RTL override: "duis aute "
layer at (210,42) size 177x18
  LayoutBlockFlow (positioned) {DIV} at (20,1) size 177.27x18
