layer at (0,0) size 800x600
  LayoutView at (0,0) size 800x600
layer at (0,0) size 800x600
  LayoutBlockFlow {HTML} at (0,0) size 800x600
    LayoutBlockFlow {BODY} at (42,42) size 716x516
      LayoutBlockFlow {P} at (0,0) size 716x36
        LayoutText {#text} at (0,0) size 670x36
          text run at (0,0) width 670: "This test checks for a regression against rdar://problem/4364302 leftmargin and topmargin should match"
          text run at (0,18) width 284: "marginwidth and marginheight respectively."
      LayoutBlockFlow {P} at (0,52) size 716x18
        LayoutText {#text} at (0,0) size 472x18
          text run at (0,0) width 472: "If it passes, the left, top, right, and bottom margins of the page will be 42."
