layer at (0,0) size 800x600 clip at (0,0) size 785x600 scrollHeight 711
  LayoutView at (0,0) size 800x600
layer at (0,0) size 785x711 backgroundClip at (0,0) size 785x600 clip at (0,0) size 785x600 outlineClip at (0,0) size 785x600
  LayoutBlockFlow {HTML} at (0,0) size 785x711
    LayoutBlockFlow {BODY} at (8,8) size 769x0
      LayoutBlockFlow (floating) {DIV} at (8,8) size 366x140 [border: (3px solid #000000)]
        LayoutText {#text} at (3,3) size 273x26
          text run at (3,3) width 273: "Lorem ipsum dolor sit amet,"
        LayoutInline {SPAN} at (0,0) size 214x26
          LayoutText {#text} at (3,43) size 214x26
            text run at (3,43) width 214: "consectetur adipiscing"
        LayoutText {#text} at (216,43) size 134x26
          text run at (216,43) width 7: " "
          text run at (222,43) width 128: "elit. Aliquam"
        LayoutInline {SPAN} at (0,0) size 110x26
          LayoutText {#text} at (3,70) size 110x26
            text run at (3,70) width 110: "odio sapien"
        LayoutText {#text} at (112,70) size 334x66
          text run at (112,70) width 13: ", "
          text run at (124,70) width 213: "lobortis eu iaculis vel,"
          text run at (3,110) width 209: "scelerisque nec dolor."
      LayoutBlockFlow (floating) {DIV} at (390,8) size 366x140 [border: (3px solid #000000)]
        LayoutText {#text} at (3,3) size 273x26
          text run at (3,3) width 273: "Lorem ipsum dolor sit amet,"
        LayoutInline {SPAN} at (0,0) size 214x26
          LayoutText {#text} at (3,43) size 214x26
            text run at (3,43) width 214: "consectetur adipiscing"
        LayoutText {#text} at (216,43) size 133x26
          text run at (216,43) width 7: " "
          text run at (222,43) width 127: "elit. Aliquam"
        LayoutInline {SPAN} at (0,0) size 110x26
          LayoutText {#text} at (3,70) size 110x26
            text run at (3,70) width 110: "odio sa\x{300}pien"
        LayoutText {#text} at (112,70) size 334x66
          text run at (112,70) width 13: ", "
          text run at (124,70) width 213: "lobortis eu iaculis vel,"
          text run at (3,110) width 208: "scelerisque nec dolor."
      LayoutBlockFlow (floating) {DIV} at (8,164) size 366x162 [border: (3px solid #000000)]
        LayoutText {#text} at (3,17) size 70x26
          text run at (3,17) width 70: "Lorem "
        LayoutInline {SPAN} at (0,0) size 60x26
          LayoutText {#text} at (72,17) size 60x26
            text run at (72,17) width 60: "ipsum"
        LayoutText {#text} at (131,17) size 7x26
          text run at (131,17) width 7: " "
        LayoutInline {SPAN} at (0,0) size 52x26
          LayoutText {#text} at (137,17) size 52x26
            text run at (137,17) width 52: "dolor"
        LayoutText {#text} at (188,17) size 7x26
          text run at (188,17) width 7: " "
        LayoutInline {SPAN} at (0,0) size 23x26
          LayoutText {#text} at (194,17) size 23x26
            text run at (194,17) width 23: "sit"
        LayoutText {#text} at (216,17) size 7x26
          text run at (216,17) width 7: " "
        LayoutInline {SPAN} at (0,0) size 48x26
          LayoutText {#text} at (222,17) size 48x26
            text run at (222,17) width 48: "amet"
        LayoutText {#text} at (269,17) size 7x26
          text run at (269,17) width 7: ","
        LayoutInline {SPAN} at (0,0) size 110x26
          LayoutText {#text} at (3,61) size 110x26
            text run at (3,61) width 110: "consectetur"
        LayoutText {#text} at (112,61) size 7x26
          text run at (112,61) width 7: " "
        LayoutInline {SPAN} at (0,0) size 99x26
          LayoutText {#text} at (118,61) size 99x26
            text run at (118,61) width 99: "adipiscing"
        LayoutText {#text} at (216,61) size 7x26
          text run at (216,61) width 7: " "
        LayoutInline {SPAN} at (0,0) size 32x26
          LayoutText {#text} at (222,61) size 32x26
            text run at (222,61) width 32: "elit"
        LayoutText {#text} at (253,61) size 13x26
          text run at (253,61) width 13: ". "
        LayoutInline {SPAN} at (0,0) size 85x26
          LayoutText {#text} at (265,61) size 85x26
            text run at (265,61) width 85: "Aliquam"
        LayoutText {#text} at (349,61) size 7x26
          text run at (349,61) width 7: ","
        LayoutInline {SPAN} at (0,0) size 43x26
          LayoutText {#text} at (3,105) size 43x26
            text run at (3,105) width 43: "odio"
        LayoutText {#text} at (45,105) size 7x26
          text run at (45,105) width 7: " "
        LayoutInline {SPAN} at (0,0) size 62x26
          LayoutText {#text} at (51,105) size 62x26
            text run at (51,105) width 62: "sapien"
        LayoutText {#text} at (112,105) size 13x26
          text run at (112,105) width 13: ", "
        LayoutInline {SPAN} at (0,0) size 75x26
          LayoutText {#text} at (124,105) size 75x26
            text run at (124,105) width 75: "lobortis"
        LayoutText {#text} at (198,105) size 334x53
          text run at (198,105) width 7: " "
          text run at (204,105) width 133: "eu iaculis vel,"
          text run at (3,132) width 209: "scelerisque nec dolor."
      LayoutBlockFlow (floating) {DIV} at (390,164) size 366x161 [border: (3px solid #000000)]
        LayoutText {#text} at (3,3) size 70x26
          text run at (3,3) width 70: "Lorem "
        LayoutInline {SPAN} at (0,0) size 60x26
          LayoutText {#text} at (72,3) size 60x26
            text run at (72,3) width 60: "ipsum"
        LayoutText {#text} at (131,3) size 7x26
          text run at (131,3) width 7: " "
        LayoutInline {SPAN} at (0,0) size 52x26
          LayoutText {#text} at (137,3) size 52x26
            text run at (137,3) width 52: "dolor"
        LayoutText {#text} at (188,3) size 7x26
          text run at (188,3) width 7: " "
        LayoutInline {SPAN} at (0,0) size 23x26
          LayoutText {#text} at (194,3) size 23x26
            text run at (194,3) width 23: "sit"
        LayoutText {#text} at (216,3) size 7x26
          text run at (216,3) width 7: " "
        LayoutInline {SPAN} at (0,0) size 48x26
          LayoutText {#text} at (222,3) size 48x26
            text run at (222,3) width 48: "amet"
        LayoutText {#text} at (269,3) size 7x26
          text run at (269,3) width 7: ","
        LayoutInline {SPAN} at (0,0) size 110x26
          LayoutText {#text} at (3,43) size 110x26
            text run at (3,43) width 110: "consectetur"
        LayoutText {#text} at (112,43) size 7x26
          text run at (112,43) width 7: " "
        LayoutInline {SPAN} at (0,0) size 99x26
          LayoutText {#text} at (118,43) size 99x26
            text run at (118,43) width 99: "adipiscing"
        LayoutText {#text} at (216,43) size 7x26
          text run at (216,43) width 7: " "
        LayoutInline {SPAN} at (0,0) size 32x26
          LayoutText {#text} at (222,43) size 32x26
            text run at (222,43) width 32: "elit"
        LayoutText {#text} at (253,43) size 13x26
          text run at (253,43) width 13: ". "
        LayoutInline {SPAN} at (0,0) size 85x26
          LayoutText {#text} at (265,43) size 85x26
            text run at (265,43) width 85: "Aliquam"
        LayoutText {#text} at (349,43) size 7x26
          text run at (349,43) width 7: ","
        LayoutInline {SPAN} at (0,0) size 43x26
          LayoutText {#text} at (3,87) size 43x26
            text run at (3,87) width 43: "odio"
        LayoutText {#text} at (45,87) size 7x26
          text run at (45,87) width 7: " "
        LayoutInline {SPAN} at (0,0) size 62x26
          LayoutText {#text} at (51,87) size 62x26
            text run at (51,87) width 62: "sapien"
        LayoutText {#text} at (112,87) size 13x26
          text run at (112,87) width 13: ", "
        LayoutInline {SPAN} at (0,0) size 75x26
          LayoutText {#text} at (124,87) size 75x26
            text run at (124,87) width 75: "lobortis"
        LayoutText {#text} at (198,87) size 334x70
          text run at (198,87) width 7: " "
          text run at (204,87) width 133: "eu iaculis vel,"
          text run at (3,131) width 209: "scelerisque nec dolor."
      LayoutBlockFlow (floating) {DIV} at (390,341) size 366x198 [border: (3px solid #000000)]
        LayoutText {#text} at (3,14) size 273x26
          text run at (3,14) width 273: "Lorem ipsum dolor sit amet,"
        LayoutInline {SPAN} at (0,0) size 214x26
          LayoutText {#text} at (3,62) size 214x26
            text run at (3,62) width 214: "consectetur adipiscing"
        LayoutText {#text} at (216,62) size 134x26
          text run at (216,62) width 7: " "
          text run at (222,62) width 128: "elit. Aliquam"
        LayoutInline {SPAN} at (0,0) size 110x26
          LayoutText {#text} at (3,110) size 110x26
            text run at (3,110) width 110: "odio sapien"
        LayoutText {#text} at (112,110) size 334x74
          text run at (112,110) width 13: ", "
          text run at (124,110) width 213: "lobortis eu iaculis vel,"
          text run at (3,158) width 209: "scelerisque nec dolor."
      LayoutBlockFlow (floating) {DIV} at (8,555) size 366x140 [border: (3px solid #000000)]
        LayoutText {#text} at (3,3) size 273x26
          text run at (3,3) width 273: "Lorem ipsum dolor sit amet,"
        LayoutInline {SPAN} at (0,0) size 214x26
          LayoutText {#text} at (3,43) size 214x26
            text run at (3,43) width 214: "consectetur adipiscing"
        LayoutText {#text} at (216,43) size 134x26
          text run at (216,43) width 7: " "
          text run at (222,43) width 128: "elit. Aliquam"
        LayoutInline {SPAN} at (0,0) size 110x26
          LayoutText {#text} at (3,70) size 110x26
            text run at (3,70) width 110: "odio sapien"
        LayoutText {#text} at (112,70) size 334x66
          text run at (112,70) width 13: ", "
          text run at (124,70) width 213: "lobortis eu iaculis vel,"
          text run at (3,110) width 209: "scelerisque nec dolor."
selection start: position 10 of child 0 {#text} of child 1 {SPAN} of child 10 {DIV} of body
selection end:   position 7 of child 0 {#text} of child 3 {SPAN} of child 10 {DIV} of body
