layer at (0,0) size 800x600
  LayoutView at (0,0) size 800x600
layer at (0,0) size 800x600
  LayoutBlockFlow {HTML} at (0,0) size 800x600
    LayoutBlockFlow {BODY} at (8,8) size 784x576
      LayoutBlockFlow {P} at (0,0) size 784x18
        LayoutText {#text} at (0,0) size 55x17
          text run at (0,0) width 55: "Test for "
        LayoutInline {I} at (0,0) size 515x17
          LayoutInline {A} at (0,0) size 157x17 [color=#0000EE]
            LayoutText {#text} at (54,0) size 157x17
              text run at (54,0) width 157: "rdar://problem/9528843"
          LayoutText {#text} at (210,0) size 359x17
            text run at (210,0) width 5: " "
            text run at (214,0) width 355: "STIX glyphs not rendered on this stackoverflow answer"
        LayoutText {#text} at (568,0) size 5x17
          text run at (568,0) width 5: "."
      LayoutBlockFlow {P} at (0,34) size 784x43
        LayoutText {#text} at (0,21) size 99x17
          text run at (0,21) width 99: "A black circle: "
        LayoutInline {SPAN} at (0,0) size 28x36
          LayoutText {#text} at (98,6) size 28x36
            text run at (98,6) width 28: "\x{26AB}"
        LayoutText {#text} at (0,0) size 0x0
      LayoutBlockFlow {P} at (0,93) size 784x43
        LayoutText {#text} at (0,21) size 140x17
          text run at (0,21) width 140: "Another black circle: "
        LayoutInline {SPAN} at (0,0) size 28x36
          LayoutText {#text} at (139,6) size 28x36
            text run at (139,6) width 28: "\x{26AB}"
        LayoutText {#text} at (0,0) size 0x0
