layer at (0,0) size 800x600
  LayoutView at (0,0) size 800x600
layer at (0,0) size 800x600
  LayoutBlockFlow {HTML} at (0,0) size 800x600
    LayoutBlockFlow {BODY} at (8,8) size 784x584
      LayoutBlockFlow {DIV} at (0,0) size 784x30
        LayoutText {#text} at (0,1) size 156x26
          text run at (0,1) width 156: "\x{653B}\x{6BBB}\x{2307}\x{30FC}\x{FF1C}\x{FF1D}4"
      LayoutBlockFlow {DIV} at (0,30) size 118x190
        LayoutBlockFlow {DIV} at (0,10) size 29x170
          LayoutText {#text} at (1,0) size 26x156
            text run at (1,0) width 156: "\x{653B}\x{6BBB}\x{2307}\x{30FC}\x{FF1C}\x{FF1D}4"
        LayoutBlockFlow {DIV} at (29,10) size 29x170 [color=#0000FF]
          LayoutText {#text} at (1,0) size 26x170
            text run at (1,0) width 170: "\x{653B}\x{6BBB}\x{2307}\x{30FC}\x{FF1C}\x{FF1D}4"
        LayoutBlockFlow {DIV} at (58,10) size 30x170 [color=#008080]
          LayoutText {#text} at (1,0) size 26x156
            text run at (1,0) width 156: "\x{653B}\x{6BBB}\x{2307}\x{30FC}\x{FF1C}\x{FF1D}4"
        LayoutBlockFlow {DIV} at (88,10) size 30x170 [color=#A52A2A]
          LayoutText {#text} at (1,0) size 26x156
            text run at (1,0) width 156: "\x{653B}\x{6BBB}\x{2307}\x{30FC}\x{FF1C}\x{FF1D}4"
      LayoutBlockFlow {DIV} at (0,220) size 118x190
        LayoutBlockFlow {DIV} at (0,10) size 29x170
          LayoutText {#text} at (1,0) size 26x156
            text run at (1,0) width 156: "\x{653B}\x{6BBB}\x{2307}\x{30FC}\x{FF1C}\x{FF1D}4"
        LayoutBlockFlow {DIV} at (29,10) size 29x170 [color=#0000FF]
          LayoutText {#text} at (1,0) size 26x170
            text run at (1,0) width 170: "\x{653B}\x{6BBB}\x{2307}\x{30FC}\x{FF1C}\x{FF1D}4"
        LayoutBlockFlow {DIV} at (58,10) size 30x170 [color=#008080]
          LayoutText {#text} at (1,0) size 26x156
            text run at (1,0) width 156: "\x{653B}\x{6BBB}\x{2307}\x{30FC}\x{FF1C}\x{FF1D}4"
        LayoutBlockFlow {DIV} at (88,10) size 30x170 [color=#A52A2A]
          LayoutText {#text} at (1,0) size 26x156
            text run at (1,0) width 156: "\x{653B}\x{6BBB}\x{2307}\x{30FC}\x{FF1C}\x{FF1D}4"
      LayoutBlockFlow {DIV} at (0,410) size 118x170
        LayoutBlockFlow {DIV} at (0,0) size 29x170
          LayoutText {#text} at (1,0) size 26x156
            text run at (1,0) width 156: "\x{653B}\x{6BBB}\x{2307}\x{30FC}\x{FF1C}\x{FF1D}4"
        LayoutBlockFlow {DIV} at (29,0) size 29x170 [color=#0000FF]
          LayoutText {#text} at (1,0) size 26x170
            text run at (1,0) width 170: "\x{653B}\x{6BBB}\x{2307}\x{30FC}\x{FF1C}\x{FF1D}4"
        LayoutBlockFlow {DIV} at (58,0) size 30x170 [color=#008080]
          LayoutText {#text} at (1,0) size 26x156
            text run at (1,0) width 156: "\x{653B}\x{6BBB}\x{2307}\x{30FC}\x{FF1C}\x{FF1D}4"
        LayoutBlockFlow {DIV} at (88,0) size 30x170 [color=#A52A2A]
          LayoutText {#text} at (1,0) size 26x156
            text run at (1,0) width 156: "\x{653B}\x{6BBB}\x{2307}\x{30FC}\x{FF1C}\x{FF1D}4"
