layer at (0,0) size 800x600
  LayoutView at (0,0) size 800x600
layer at (0,0) size 800x600
  LayoutBlockFlow {HTML} at (0,0) size 800x600
    LayoutBlockFlow {BODY} at (8,8) size 784x584
      LayoutBlockFlow {P} at (0,0) size 784x18
        LayoutText {#text} at (0,0) size 55x17
          text run at (0,0) width 55: "Test for "
        LayoutInline {I} at (0,0) size 715x17
          LayoutInline {A} at (0,0) size 306x17 [color=#0000EE]
            LayoutText {#text} at (54,0) size 306x17
              text run at (54,0) width 306: "http://bugs.webkit.org/show_bug.cgi?id=14758"
          LayoutText {#text} at (359,0) size 410x17
            text run at (359,0) width 5: " "
            text run at (363,0) width 406: "REGRESSION: Repeated text after line break on facebook.com"
        LayoutText {#text} at (768,0) size 5x17
          text run at (768,0) width 5: "."
      LayoutBlockFlow {P} at (0,34) size 784x18
        LayoutText {#text} at (0,0) size 237x17
          text run at (0,0) width 237: "These two boxes should be identical:"
      LayoutBlockFlow {DIV} at (0,68) size 76x60 [border: (3px solid #000000)]
        LayoutBlockFlow (anonymous) at (3,3) size 70x36
          LayoutText {#text} at (0,0) size 43x17
            text run at (0,0) width 43: "Lorem"
          LayoutInline {SPAN} at (0,0) size 40x17
            LayoutText {#text} at (0,18) size 40x17
              text run at (0,18) width 40: "ipsum"
          LayoutText {#text} at (0,0) size 0x0
        LayoutBlockFlow {DIV} at (3,39) size 70x18
          LayoutText {#text} at (0,0) size 34x17
            text run at (0,0) width 34: "dolor"
      LayoutBlockFlow (anonymous) at (0,128) size 784x18
        LayoutBR {BR} at (0,0) size 0x17
      LayoutBlockFlow {DIV} at (0,146) size 76x60 [border: (3px solid #000000)]
        LayoutBlockFlow (anonymous) at (3,3) size 70x36
          LayoutText {#text} at (0,0) size 43x35
            text run at (0,0) width 43: "Lorem"
            text run at (0,18) width 40: "ipsum"
        LayoutBlockFlow {DIV} at (3,39) size 70x18
          LayoutText {#text} at (0,0) size 34x17
            text run at (0,0) width 34: "dolor"
