layer at (0,0) size 800x600
  LayoutView at (0,0) size 800x600
layer at (0,0) size 800x128
  LayoutBlockFlow {HTML} at (0,0) size 800x128
    LayoutBlockFlow {BODY} at (8,8) size 784x104
      LayoutBlockFlow {DIV} at (0,0) size 784x104
        LayoutBlockFlow (anonymous) at (0,0) size 784x18
          LayoutText {#text} at (0,0) size 196x18
            text run at (0,0) width 196: "This div contains 3 addresses :"
        LayoutBlockFlow {ADDRESS} at (16,18) size 768x18
          LayoutText {#text} at (0,0) size 256x18
            text run at (0,0) width 256: "A first address with normal background"
        LayoutBlockFlow {ADDRESS} at (16,52) size 768x18 [bgcolor=#00FF00]
          LayoutText {#text} at (0,0) size 355x18
            text run at (0,0) width 355: "A second address that should have a green background"
        LayoutBlockFlow {ADDRESS} at (16,86) size 768x18 [bgcolor=#00FF00]
          LayoutText {#text} at (0,0) size 342x18
            text run at (0,0) width 342: "A third address that should have a green background"
