layer at (0,0) size 800x600
  LayoutView at (0,0) size 800x600
layer at (0,0) size 800x68
  LayoutBlockFlow {HTML} at (0,0) size 800x68
    LayoutBlockFlow {BODY} at (8,16) size 784x36
      LayoutBlockFlow {P} at (0,0) size 784x36
        LayoutText {#text} at (0,0) size 624x18
          text run at (0,0) width 624: "You should see after this paragraph the words GENERATED CONTENT over green background"
        LayoutInline {<pseudo:after>} at (0,0) size 720x36 [bgcolor=#00FF00]
          LayoutTextFragment (anonymous) at (623,0) size 720x36
            text run at (623,0) width 97: "GENERATED"
            text run at (0,18) width 75: "CONTENT"
