layer at (0,0) size 800x600
  LayoutView at (0,0) size 800x600
layer at (0,0) size 800x600
  LayoutBlockFlow {HTML} at (0,0) size 800x600
    LayoutBlockFlow {BODY} at (8,8) size 784x584
      LayoutBlockFlow {P} at (0,0) size 784x36
        LayoutText {#text} at (0,0) size 781x35
          text run at (0,0) width 749: "This tests for a bug where left justifying a paragraph amongst several that are centered would left justify all of them. "
          text run at (748,0) width 33: "Only"
          text run at (0,18) width 288: "the second paragraph should be left justified."
      LayoutBlockFlow {DIV} at (0,52) size 784x54
        LayoutBlockFlow (anonymous) at (0,0) size 784x18
          LayoutText {#text} at (381,0) size 22x17
            text run at (381,0) width 22: "foo"
          LayoutBR {BR} at (402,14) size 1x0
        LayoutBlockFlow {DIV} at (0,18) size 784x18
          LayoutText {#text} at (0,0) size 21x17
            text run at (0,0) width 21: "bar"
        LayoutBlockFlow {DIV} at (0,36) size 784x18
          LayoutText {#text} at (380,0) size 24x17
            text run at (380,0) width 24: "baz"
selection start: position 0 of child 0 {#text} of child 2 {DIV} of child 2 {DIV} of body
selection end:   position 3 of child 0 {#text} of child 2 {DIV} of child 2 {DIV} of body
