EDITING DELEGATE: webViewDidChangeSelection:WebViewDidChangeSelectionNotification
EDITING DELEGATE: webViewDidChangeSelection:WebViewDidChangeSelectionNotification
EDITING DELEGATE: webViewDidChangeSelection:WebViewDidChangeSelectionNotification
EDITING DELEGATE: webViewDidChange:WebViewDidChangeNotification
layer at (0,0) size 800x600
  LayoutView at (0,0) size 800x600
layer at (0,0) size 800x600
  LayoutBlockFlow {HTML} at (0,0) size 800x600
    LayoutBlockFlow {BODY} at (8,8) size 784x584
      LayoutBlockFlow {DIV} at (0,0) size 784x82 [border: (2px solid #0000FF)]
        LayoutText {#text} at (14,14) size 756x53
          text run at (14,14) width 756: "Should see \"foo\" centered in its own red box. The \"bar\" and \"baz\" lines should"
          text run at (769,14) width 1: " "
          text run at (14,41) width 153: "not be centered."
      LayoutBlockFlow {DIV} at (0,106) size 784x137
        LayoutBlockFlow {DIV} at (0,0) size 784x137 [border: (2px solid #FF0000)]
          LayoutBlockFlow {DIV} at (14,14) size 756x27
            LayoutText {#text} at (362,0) size 32x26
              text run at (362,0) width 32: "foo"
          LayoutBlockFlow {DIV} at (14,41) size 756x55 [border: (2px solid #FF0000)]
            LayoutText {#text} at (14,14) size 31x26
              text run at (14,14) width 31: "bar"
          LayoutBlockFlow (anonymous) at (14,96) size 756x27
            LayoutText {#text} at (0,0) size 34x26
              text run at (0,0) width 34: "baz"
caret: position 0 of child 0 {#text} of child 0 {DIV} of child 1 {DIV} of child 3 {DIV} of body
