EDITING DELEGATE: webViewDidChangeSelection:WebViewDidChangeSelectionNotification
EDITING DELEGATE: webViewDidChangeSelection:WebViewDidChangeSelectionNotification
EDITING DELEGATE: webViewDidChangeSelection:WebViewDidChangeSelectionNotification
EDITING DELEGATE: webViewDidChangeSelection:WebViewDidChangeSelectionNotification
EDITING DELEGATE: webViewDidChange:WebViewDidChangeNotification
layer at (0,0) size 800x600
  LayoutView at (0,0) size 800x600
layer at (0,0) size 800x600
  LayoutBlockFlow {HTML} at (0,0) size 800x600
    LayoutBlockFlow {BODY} at (8,8) size 784x584
      LayoutBlockFlow {DIV} at (0,0) size 784x82 [border: (2px solid #0000FF)]
        LayoutText {#text} at (14,14) size 718x53
          text run at (14,14) width 712: "Should see \"baz\" centered in its own red box, with a two left-aligned lines"
          text run at (725,14) width 7: " "
          text run at (14,41) width 224: "above, \"foo\" and \"bar\"."
      LayoutBlockFlow {DIV} at (0,106) size 784x109
        LayoutBlockFlow {DIV} at (0,0) size 784x109 [border: (2px solid #FF0000)]
          LayoutBlockFlow (anonymous) at (14,14) size 756x54
            LayoutText {#text} at (0,0) size 32x26
              text run at (0,0) width 32: "foo"
            LayoutBR {BR} at (31,21) size 1x0
            LayoutText {#text} at (0,27) size 31x26
              text run at (0,27) width 31: "bar"
            LayoutBR {BR} at (30,48) size 1x0
          LayoutBlockFlow {DIV} at (14,68) size 756x27
            LayoutText {#text} at (361,0) size 34x26
              text run at (361,0) width 34: "baz"
caret: position 0 of child 0 {#text} of child 4 {DIV} of child 1 {DIV} of child 3 {DIV} of body
