layer at (0,0) size 800x600
  LayoutView at (0,0) size 800x600
layer at (0,0) size 800x388
  LayoutBlockFlow {HTML} at (0,0) size 800x388
    LayoutBlockFlow {BODY} at (32,32) size 736x324 [bgcolor=#CCCCCC]
layer at (143,32) size 514x146 clip at (144,33) size 497x144 scrollHeight 312
  LayoutBlockFlow {DIV} at (111,0) size 514x146 [bgcolor=#FFFFFF] [border: (1px solid #999999)]
    LayoutBlockFlow {P} at (17,17) size 465x72
      LayoutText {#text} at (0,0) size 225x18
        text run at (0,0) width 225: "This page is to test the behavior of "
      LayoutInline {CODE} at (0,0) size 134x15
        LayoutText {#text} at (224,2) size 134x15
          text run at (224,2) width 134: "position:absolute"
      LayoutText {#text} at (357,0) size 452x36
        text run at (357,0) width 95: " content which"
        text run at (0,18) width 295: "is a child of an overflowed parent object with "
      LayoutInline {CODE} at (0,0) size 102x15
        LayoutText {#text} at (294,20) size 102x15
          text run at (294,20) width 102: "overflow:auto"
      LayoutText {#text} at (395,18) size 433x36
        text run at (395,18) width 38: ", both"
        text run at (0,36) width 176: "when the parent element is "
      LayoutInline {CODE} at (0,0) size 118x15
        LayoutText {#text} at (175,38) size 118x15
          text run at (175,38) width 118: "position:static"
      LayoutText {#text} at (292,36) size 95x18
        text run at (292,36) width 95: " (top case) and"
      LayoutInline {CODE} at (0,0) size 133x15
        LayoutText {#text} at (0,56) size 133x15
          text run at (0,56) width 133: "position:relative"
      LayoutText {#text} at (132,54) size 97x18
        text run at (132,54) width 97: " (bottom case)."
    LayoutBlockFlow {P} at (17,105) size 465x180 [color=#999999]
      LayoutText {#text} at (0,0) size 462x180
        text run at (0,0) width 444: "Following extra content exists to ensure that the parent box overflows properly. Sed ut"
        text run at (0,15) width 412: "perspiciatis unde omnis iste natus error sit voluptatem accusantium doloremque"
        text run at (0,30) width 429: "laudantium, totam rem aperiam, eaque ipsa quae ab illo inventore veritatis et quasi"
        text run at (0,45) width 455: "architecto beatae vitae dicta sunt explicabo. Nemo enim ipsam voluptatem quia voluptas"
        text run at (0,60) width 440: "sit aspernatur aut odit aut fugit, sed quia consequuntur magni dolores eos qui ratione"
        text run at (0,75) width 450: "voluptatem sequi nesciunt. Neque porro quisquam est, qui dolorem ipsum quia dolor sit"
        text run at (0,90) width 445: "amet, consectetur, adipisci velit, sed quia non numquam eius modi tempora incidunt ut"
        text run at (0,105) width 451: "labore et dolore magnam aliquam quaerat voluptatem. Ut enim ad minima veniam, quis"
        text run at (0,120) width 462: "nostrum exercitationem ullam corporis suscipit laboriosam, nisi ut aliquid ex ea commodi"
        text run at (0,135) width 452: "consequatur? Quis autem vel eum iure reprehenderit qui in ea voluptate velit esse quam"
        text run at (0,150) width 415: "nihil molestiae consequatur, vel illum qui dolorem eum fugiat quo voluptas nulla"
        text run at (0,165) width 50: "pariatur?"
layer at (0,0) size 40x34 transparent
  LayoutBlockFlow (positioned) {P} at (0,0) size 40.45x34 [bgcolor=#FF0000]
    LayoutText {#text} at (8,8) size 25x18
      text run at (8,8) width 25: "hi 1"
layer at (143,210) size 514x146 clip at (144,211) size 497x144 scrollHeight 364
  LayoutBlockFlow (relative positioned) {DIV} at (111,178) size 514x146 [bgcolor=#FFFFFF] [border: (1px solid #999999)]
    LayoutBlockFlow {P} at (17,17) size 465x36
      LayoutText {#text} at (0,0) size 459x36
        text run at (0,0) width 459: "Safari v1.2.2 incorrectly scrolls the 'hi 1' div when its parent is scrolled."
        text run at (0,18) width 351: "If you resize the page even a little, this bug fixes itself."
    LayoutBlockFlow {P} at (17,69) size 465x72
      LayoutText {#text} at (0,0) size 410x18
        text run at (0,0) width 410: "Safari v1.2.2 also (really odd) causes the entire second div to be"
      LayoutInline {CODE} at (0,0) size 86x15
        LayoutText {#text} at (0,20) size 86x15
          text run at (0,20) width 86: "opacity:0.5"
      LayoutText {#text} at (85,18) size 451x54
        text run at (85,18) width 358: ", despite the fact that this property is only applied to the"
        text run at (0,36) width 451: "child item. This problem fixes itself if you resize the window and then"
        text run at (0,54) width 88: "scroll the div."
    LayoutBlockFlow {P} at (17,157) size 465x180 [color=#999999]
      LayoutText {#text} at (0,0) size 462x180
        text run at (0,0) width 444: "Following extra content exists to ensure that the parent box overflows properly. Sed ut"
        text run at (0,15) width 412: "perspiciatis unde omnis iste natus error sit voluptatem accusantium doloremque"
        text run at (0,30) width 429: "laudantium, totam rem aperiam, eaque ipsa quae ab illo inventore veritatis et quasi"
        text run at (0,45) width 455: "architecto beatae vitae dicta sunt explicabo. Nemo enim ipsam voluptatem quia voluptas"
        text run at (0,60) width 440: "sit aspernatur aut odit aut fugit, sed quia consequuntur magni dolores eos qui ratione"
        text run at (0,75) width 450: "voluptatem sequi nesciunt. Neque porro quisquam est, qui dolorem ipsum quia dolor sit"
        text run at (0,90) width 445: "amet, consectetur, adipisci velit, sed quia non numquam eius modi tempora incidunt ut"
        text run at (0,105) width 451: "labore et dolore magnam aliquam quaerat voluptatem. Ut enim ad minima veniam, quis"
        text run at (0,120) width 462: "nostrum exercitationem ullam corporis suscipit laboriosam, nisi ut aliquid ex ea commodi"
        text run at (0,135) width 452: "consequatur? Quis autem vel eum iure reprehenderit qui in ea voluptate velit esse quam"
        text run at (0,150) width 415: "nihil molestiae consequatur, vel illum qui dolorem eum fugiat quo voluptas nulla"
        text run at (0,165) width 50: "pariatur?"
layer at (144,211) size 40x34 transparent
  LayoutBlockFlow (positioned) {P} at (1,1) size 40.45x34 [bgcolor=#FF0000]
    LayoutText {#text} at (8,8) size 25x18
      text run at (8,8) width 25: "hi 2"
