EDITING DELEGATE: webViewDidChangeSelection:WebViewDidChangeSelectionNotification
EDITING DELEGATE: webViewDidChangeSelection:WebViewDidChangeSelectionNotification
EDITING DELEGATE: webViewDidChangeSelection:WebViewDidChangeSelectionNotification
EDITING DELEGATE: webViewDidChangeSelection:WebViewDidChangeSelectionNotification
EDITING DELEGATE: webViewDidChangeSelection:WebViewDidChangeSelectionNotification
EDITING DELEGATE: webViewDidChange:WebViewDidChangeNotification
layer at (0,0) size 800x600
  LayoutView at (0,0) size 800x600
layer at (0,0) size 800x600
  LayoutBlockFlow {HTML} at (0,0) size 800x600
    LayoutBlockFlow {BODY} at (8,8) size 784x584
      LayoutBlockFlow {P} at (0,0) size 784x54
        LayoutText {#text} at (0,0) size 765x36
          text run at (0,0) width 413: "This tests inserting a paragraph separator after a horizontal rule. "
          text run at (412,0) width 353: "You should see 'foo', empty paragraph, horizontal rule,"
          text run at (0,18) width 372: "'bar', and the caret should be just after the horizontal rule. "
        LayoutInline {B} at (0,0) size 776x36
          LayoutText {#text} at (371,18) size 776x36
            text run at (371,18) width 171: "This demonstrates 8345. "
            text run at (541,18) width 235: "The caret after a horizontal rule is"
            text run at (0,36) width 436: "drawn in the same location as the caret before a horizontal rule."
      LayoutBlockFlow (anonymous) at (0,70) size 784x0
        LayoutInline {B} at (0,0) size 0x0
          LayoutText {#text} at (0,0) size 0x0
      LayoutBlockFlow (anonymous) at (0,70) size 784x72
        LayoutBlockFlow {DIV} at (0,0) size 784x72
          LayoutBlockFlow (anonymous) at (0,0) size 784x18
            LayoutText {#text} at (0,0) size 22x18
              text run at (0,0) width 22: "foo"
          LayoutBlockFlow {HR} at (0,26) size 784x2 [border: (1px inset #EEEEEE)]
          LayoutBlockFlow (anonymous) at (0,36) size 784x36
            LayoutBR {BR} at (0,0) size 0x18
            LayoutText {#text} at (0,18) size 24x18
              text run at (0,18) width 24: "bar"
      LayoutBlockFlow (anonymous) at (0,142) size 784x0
        LayoutInline {B} at (0,0) size 0x0
caret: position 0 of child 2 {BR} of child 1 {DIV} of child 1 {B} of body
