EDITING DELEGATE: webViewDidChangeSelection:WebViewDidChangeSelectionNotification
EDITING DELEGATE: webViewDidChangeSelection:WebViewDidChangeSelectionNotification
EDITING DELEGATE: webViewDidChangeSelection:WebViewDidChangeSelectionNotification
EDITING DELEGATE: webViewDidChangeSelection:WebViewDidChangeSelectionNotification
EDITING DELEGATE: webViewDidChange:WebViewDidChangeNotification
layer at (0,0) size 800x600
  LayoutView at (0,0) size 800x600
layer at (0,0) size 800x600
  LayoutBlockFlow {HTML} at (0,0) size 800x600
    LayoutBlockFlow {BODY} at (8,8) size 784x584
      LayoutBlockFlow {DIV} at (0,0) size 784x296 [border: (2px solid #0000FF)]
        LayoutBlockFlow {DIV} at (14,14) size 756x84
          LayoutText {#text} at (0,0) size 68x28
            text run at (0,0) width 68: "Tests: "
          LayoutBR {BR} at (0,0) size 0x0
          LayoutText {#text} at (0,28) size 162x28
            text run at (0,28) width 162: "Fix for this bug: "
          LayoutInline {A} at (0,0) size 257x28 [color=#0000EE]
            LayoutText {#text} at (161,28) size 257x28
              text run at (161,28) width 257: "<rdar://problem/4045521>"
          LayoutText {#text} at (417,28) size 726x56
            text run at (417,28) width 309: " Hitting return key with full line"
            text run at (0,56) width 422: "selected does not add blank line as it should"
        LayoutBlockFlow {DIV} at (14,114) size 756x168
          LayoutBlockFlow (anonymous) at (0,0) size 756x84
            LayoutText {#text} at (0,0) size 190x28
              text run at (0,0) width 190: "Expected Results: "
            LayoutBR {BR} at (189,22) size 1x0
            LayoutText {#text} at (0,28) size 704x56
              text run at (0,28) width 704: "Should see this content in the red box below (note that the insertion point"
              text run at (0,56) width 660: "should be at the start of the third line, immediately preceding \"baz\"):"
          LayoutBlockFlow {DIV} at (0,84) size 756x28
            LayoutText {#text} at (0,0) size 32x28
              text run at (0,0) width 32: "foo"
          LayoutBlockFlow {DIV} at (0,112) size 756x28
            LayoutBR {BR} at (0,0) size 0x28
          LayoutBlockFlow {DIV} at (0,140) size 756x28
            LayoutText {#text} at (0,0) size 34x28
              text run at (0,0) width 34: "baz"
      LayoutBlockFlow {DIV} at (0,320) size 784x88
        LayoutBlockFlow {DIV} at (0,0) size 784x88 [border: (2px solid #FF0000)]
          LayoutBlockFlow {DIV} at (2,2) size 780x28
            LayoutText {#text} at (0,0) size 32x28
              text run at (0,0) width 32: "foo"
          LayoutBlockFlow {DIV} at (2,30) size 780x28
            LayoutBR {BR} at (0,0) size 0x28
          LayoutBlockFlow {DIV} at (2,58) size 780x28
            LayoutText {#text} at (0,0) size 34x28
              text run at (0,0) width 34: "baz"
caret: position 0 of child 0 {#text} of child 3 {DIV} of child 1 {DIV} of child 3 {DIV} of body
