layer at (0,0) size 800x600
  LayoutView at (0,0) size 800x600
layer at (0,0) size 800x600
  LayoutBlockFlow {HTML} at (0,0) size 800x600
    LayoutBlockFlow {BODY} at (8,8) size 784x576
      LayoutBlockFlow (anonymous) at (0,0) size 784x40
        LayoutText {#text} at (0,0) size 748x39
          text run at (0,0) width 454: "This tests whether alt text is shown for image-type form input elements with "
          text run at (454,0) width 294: "no src attribute. You should see \"Success\" twice,"
          text run at (0,20) width 173: "followed by a blue rectangle."
      LayoutBlockFlow {P} at (0,56) size 784x0
      LayoutBlockFlow {FORM} at (0,56) size 784x97
        LayoutImage {INPUT} at (0,0) size 55x20
        LayoutBR {BR} at (55,20) size 0x0
        LayoutImage {INPUT} at (0,20) size 102x52 [border: (1px solid #000000)]
        LayoutBR {BR} at (102,72) size 0x0
        LayoutImage {INPUT} at (0,72) size 75x25
        LayoutBR {BR} at (75,97) size 0x0
