layer at (0,0) size 800x600 clip at (0,0) size 785x600 scrollHeight 1452
  LayoutView at (0,0) size 800x600
layer at (0,0) size 785x1452 backgroundClip at (0,0) size 785x600 clip at (0,0) size 785x600 outlineClip at (0,0) size 785x600
  LayoutBlockFlow {HTML} at (0,0) size 785x1452
    LayoutBlockFlow {BODY} at (8,16) size 769x1420
      LayoutBlockFlow {P} at (0,0) size 769x54
        LayoutText {#text} at (2,0) size 767x53
          text run at (2,0) width 409: "Test rendering of 3 text runs -- TextRun1 TextRun2 TextRun3, "
          text run at (410,0) width 359: "in which TextRun1 and TextRun2's bidi level are 2, and"
          text run at (36,18) width 733: "TextRun3's bidi level is 1. TextRun2 and TextRun3 are siblings. But their ancestor (not their parent) is a sibling of"
          text run at (86,36) width 72: "TextRun1. "
          text run at (157,36) width 612: "The visual order should be TextRun3 TextRun1 TextRun2, not TextRun3 TextRun2 TextRun1."
      LayoutBlockFlow {HR} at (0,70) size 769x2 [border: (1px inset #EEEEEE)]
      LayoutBlockFlow {P} at (0,88) size 769x18
        LayoutText {#text} at (303,0) size 466x17
          text run at (303,0) width 348: "Pure text. The following 3 lines should all display as \""
          text run at (650,0) width 23 RTL: "\x{5E9}\x{5E0}\x{5D1}"
          text run at (672,0) width 97: " This is a Test\""
      LayoutBlockFlow {DIV} at (0,122) size 769x18 [bgcolor=#FF0000]
        LayoutText {#text} at (683,0) size 59x17
          text run at (683,0) width 59: "This is a "
        LayoutInline {SPAN} at (0,0) size 112x17
          LayoutInline {SPAN} at (0,0) size 112x17
            LayoutText {#text} at (679,0) size 90x17
              text run at (679,0) width 5 RTL: " "
              text run at (741,0) width 28: "Test"
            LayoutInline {SPAN} at (0,0) size 23x17
              LayoutText {#text} at (657,0) size 23x17
                text run at (657,0) width 23 RTL: "\x{5E9}\x{5E0}\x{5D1}"
      LayoutBlockFlow {DIV} at (0,140) size 769x18 [bgcolor=#FF0000]
        LayoutText {#text} at (683,0) size 59x17
          text run at (683,0) width 59: "This is a "
        LayoutInline {SPAN} at (0,0) size 112x17
          LayoutInline {SPAN} at (0,0) size 112x17
            LayoutInline {SPAN} at (0,0) size 112x17
              LayoutText {#text} at (679,0) size 90x17
                text run at (679,0) width 5 RTL: " "
                text run at (741,0) width 28: "Test"
              LayoutInline {SPAN} at (0,0) size 23x17
                LayoutText {#text} at (657,0) size 23x17
                  text run at (657,0) width 23 RTL: "\x{5E9}\x{5E0}\x{5D1}"
      LayoutBlockFlow {DIV} at (0,158) size 769x18
        LayoutText {#text} at (683,0) size 59x17
          text run at (683,0) width 59: "This is a "
        LayoutInline {SPAN} at (0,0) size 112x17
          LayoutText {#text} at (679,0) size 90x17
            text run at (679,0) width 5 RTL: " "
            text run at (741,0) width 28: "Test"
          LayoutInline {SPAN} at (0,0) size 23x17
            LayoutText {#text} at (657,0) size 23x17
              text run at (657,0) width 23 RTL: "\x{5E9}\x{5E0}\x{5D1}"
      LayoutBlockFlow {HR} at (0,184) size 769x2 [border: (1px inset #EEEEEE)]
      LayoutBlockFlow {P} at (0,202) size 769x18
        LayoutText {#text} at (312,0) size 457x17
          text run at (312,0) width 457: "Text in <em>. The English text should be displayed as \"This is a Test\"."
      LayoutBlockFlow {DIV} at (0,236) size 769x18 [bgcolor=#FF0000]
        LayoutText {#text} at (684,0) size 59x17
          text run at (684,0) width 59: "This is a "
        LayoutInline {SPAN} at (0,0) size 85x17
          LayoutInline {EM} at (0,0) size 85x17
            LayoutInline {SPAN} at (0,0) size 1x17
            LayoutText {#text} at (742,0) size 27x17
              text run at (742,0) width 27: "Test"
            LayoutInline {SPAN} at (0,0) size 1x17
      LayoutBlockFlow {DIV} at (0,254) size 769x18 [bgcolor=#FF0000]
        LayoutText {#text} at (684,0) size 59x17
          text run at (684,0) width 59: "This is a "
        LayoutInline {SPAN} at (0,0) size 85x17
          LayoutInline {EM} at (0,0) size 85x17
            LayoutText {#text} at (742,0) size 27x17
              text run at (742,0) width 27: "Test"
            LayoutInline {SPAN} at (0,0) size 1x17
      LayoutBlockFlow {DIV} at (0,272) size 769x18 [bgcolor=#FF0000]
        LayoutText {#text} at (684,0) size 59x17
          text run at (684,0) width 59: "This is a "
        LayoutInline {SPAN} at (0,0) size 111x17
          LayoutInline {EM} at (0,0) size 111x17
            LayoutText {#text} at (680,0) size 89x17
              text run at (680,0) width 5 RTL: " "
              text run at (742,0) width 27: "Test"
            LayoutInline {SPAN} at (0,0) size 23x17
              LayoutText {#text} at (658,0) size 23x17
                text run at (658,0) width 23 RTL: "\x{5D3}\x{5DE}\x{5D4}"
      LayoutBlockFlow {DIV} at (0,290) size 769x18
        LayoutText {#text} at (684,0) size 59x17
          text run at (684,0) width 59: "This is a "
        LayoutInline {SPAN} at (0,0) size 27x17
          LayoutInline {EM} at (0,0) size 27x17
            LayoutInline {SPAN} at (0,0) size 1x17
            LayoutText {#text} at (742,0) size 27x17
              text run at (742,0) width 27: "Test"
      LayoutBlockFlow {DIV} at (0,308) size 769x18
        LayoutText {#text} at (684,0) size 59x17
          text run at (684,0) width 59: "This is a "
        LayoutInline {SPAN} at (0,0) size 27x17
          LayoutInline {EM} at (0,0) size 27x17
            LayoutText {#text} at (742,0) size 27x17
              text run at (742,0) width 27: "Test"
      LayoutBlockFlow {HR} at (0,334) size 769x2 [border: (1px inset #EEEEEE)]
      LayoutBlockFlow {P} at (0,352) size 769x18
        LayoutText {#text} at (286,0) size 483x17
          text run at (286,0) width 483: "Text in <strong>. The following lines should all display as \"This is a Test\"."
      LayoutBlockFlow {DIV} at (0,386) size 769x18 [bgcolor=#FF0000]
        LayoutText {#text} at (681,0) size 59x17
          text run at (681,0) width 59: "This is a "
        LayoutInline {SPAN} at (0,0) size 88x17
          LayoutInline {STRONG} at (0,0) size 88x17
            LayoutInline {SPAN} at (0,0) size 1x17
            LayoutText {#text} at (739,0) size 30x17
              text run at (739,0) width 30: "Test"
            LayoutInline {SPAN} at (0,0) size 1x17
      LayoutBlockFlow {DIV} at (0,404) size 769x18 [bgcolor=#FF0000]
        LayoutText {#text} at (681,0) size 59x17
          text run at (681,0) width 59: "This is a "
        LayoutInline {SPAN} at (0,0) size 88x17
          LayoutInline {STRONG} at (0,0) size 88x17
            LayoutText {#text} at (739,0) size 30x17
              text run at (739,0) width 30: "Test"
            LayoutInline {SPAN} at (0,0) size 1x17
      LayoutBlockFlow {DIV} at (0,422) size 769x18
        LayoutText {#text} at (681,0) size 59x17
          text run at (681,0) width 59: "This is a "
        LayoutInline {SPAN} at (0,0) size 30x17
          LayoutInline {STRONG} at (0,0) size 30x17
            LayoutInline {SPAN} at (0,0) size 1x17
            LayoutText {#text} at (739,0) size 30x17
              text run at (739,0) width 30: "Test"
      LayoutBlockFlow {DIV} at (0,440) size 769x18
        LayoutText {#text} at (681,0) size 59x17
          text run at (681,0) width 59: "This is a "
        LayoutInline {SPAN} at (0,0) size 30x17
          LayoutInline {STRONG} at (0,0) size 30x17
            LayoutText {#text} at (739,0) size 30x17
              text run at (739,0) width 30: "Test"
      LayoutBlockFlow {HR} at (0,466) size 769x2 [border: (1px inset #EEEEEE)]
      LayoutBlockFlow {P} at (0,484) size 769x18
        LayoutText {#text} at (322,0) size 447x17
          text run at (322,0) width 447: "Text in <i>. The following lines should all display as \"This is a Test\"."
      LayoutBlockFlow {DIV} at (0,518) size 769x18 [bgcolor=#FF0000]
        LayoutText {#text} at (684,0) size 59x17
          text run at (684,0) width 59: "This is a "
        LayoutInline {SPAN} at (0,0) size 85x17
          LayoutInline {I} at (0,0) size 85x17
            LayoutInline {SPAN} at (0,0) size 1x17
            LayoutText {#text} at (742,0) size 27x17
              text run at (742,0) width 27: "Test"
            LayoutInline {SPAN} at (0,0) size 1x17
      LayoutBlockFlow {DIV} at (0,536) size 769x18 [bgcolor=#FF0000]
        LayoutText {#text} at (684,0) size 59x17
          text run at (684,0) width 59: "This is a "
        LayoutInline {SPAN} at (0,0) size 85x17
          LayoutInline {I} at (0,0) size 85x17
            LayoutText {#text} at (742,0) size 27x17
              text run at (742,0) width 27: "Test"
            LayoutInline {SPAN} at (0,0) size 1x17
      LayoutBlockFlow {DIV} at (0,554) size 769x18
        LayoutText {#text} at (684,0) size 59x17
          text run at (684,0) width 59: "This is a "
        LayoutInline {SPAN} at (0,0) size 27x17
          LayoutInline {I} at (0,0) size 27x17
            LayoutInline {SPAN} at (0,0) size 1x17
            LayoutText {#text} at (742,0) size 27x17
              text run at (742,0) width 27: "Test"
      LayoutBlockFlow {DIV} at (0,572) size 769x18
        LayoutText {#text} at (684,0) size 59x17
          text run at (684,0) width 59: "This is a "
        LayoutInline {SPAN} at (0,0) size 27x17
          LayoutInline {I} at (0,0) size 27x17
            LayoutText {#text} at (742,0) size 27x17
              text run at (742,0) width 27: "Test"
      LayoutBlockFlow {HR} at (0,598) size 769x2 [border: (1px inset #EEEEEE)]
      LayoutBlockFlow {P} at (0,616) size 769x18
        LayoutText {#text} at (318,0) size 451x17
          text run at (318,0) width 451: "Text in <b>. The following lines should all display as \"This is a Test\"."
      LayoutBlockFlow {DIV} at (0,650) size 769x18 [bgcolor=#FF0000]
        LayoutText {#text} at (681,0) size 59x17
          text run at (681,0) width 59: "This is a "
        LayoutInline {SPAN} at (0,0) size 88x17
          LayoutInline {B} at (0,0) size 88x17
            LayoutInline {SPAN} at (0,0) size 1x17
            LayoutText {#text} at (739,0) size 30x17
              text run at (739,0) width 30: "Test"
            LayoutInline {SPAN} at (0,0) size 1x17
      LayoutBlockFlow {DIV} at (0,668) size 769x18 [bgcolor=#FF0000]
        LayoutText {#text} at (681,0) size 59x17
          text run at (681,0) width 59: "This is a "
        LayoutInline {SPAN} at (0,0) size 88x17
          LayoutInline {B} at (0,0) size 88x17
            LayoutText {#text} at (739,0) size 30x17
              text run at (739,0) width 30: "Test"
            LayoutInline {SPAN} at (0,0) size 1x17
      LayoutBlockFlow {DIV} at (0,686) size 769x18
        LayoutText {#text} at (681,0) size 59x17
          text run at (681,0) width 59: "This is a "
        LayoutInline {SPAN} at (0,0) size 30x17
          LayoutInline {B} at (0,0) size 30x17
            LayoutInline {SPAN} at (0,0) size 1x17
            LayoutText {#text} at (739,0) size 30x17
              text run at (739,0) width 30: "Test"
      LayoutBlockFlow {DIV} at (0,704) size 769x18
        LayoutText {#text} at (681,0) size 59x17
          text run at (681,0) width 59: "This is a "
        LayoutInline {SPAN} at (0,0) size 30x17
          LayoutInline {B} at (0,0) size 30x17
            LayoutText {#text} at (739,0) size 30x17
              text run at (739,0) width 30: "Test"
      LayoutBlockFlow (anonymous) at (0,722) size 769x0
        LayoutInline {B} at (0,0) size 0x0
          LayoutText {#text} at (0,0) size 0x0
      LayoutBlockFlow (anonymous) at (0,730) size 769x690
        LayoutBlockFlow {HR} at (0,0) size 769x2 [border: (1px inset #EEEEEE)]
        LayoutBlockFlow {P} at (0,18) size 769x18
          LayoutText {#text} at (88,0) size 681x17
            text run at (88,0) width 681: "Text in <img>, <href>, <em>, <tr>. The following English text should all display as \"This is a Test\"."
        LayoutBlockFlow {DIV} at (0,52) size 769x24 [bgcolor=#FF0000]
          LayoutText {#text} at (678,6) size 62x17
            text run at (678,6) width 62: "This is a "
          LayoutInline {SPAN} at (0,0) size 111x17
            LayoutInline {A} at (0,0) size 111x17 [color=#551A8B]
              LayoutText {#text} at (739,6) size 30x17
                text run at (739,6) width 30: "Test"
              LayoutInline {SPAN} at (0,0) size 21x17
                LayoutBlockFlow {IMG} at (658.77,0) size 20x24
        LayoutBlockFlow {DIV} at (0,76) size 769x18 [bgcolor=#FF0000]
          LayoutText {#text} at (678,0) size 62x17
            text run at (678,0) width 62: "This is a "
          LayoutInline {SPAN} at (0,0) size 118x17
            LayoutInline {A} at (0,0) size 118x17 [color=#551A8B]
              LayoutText {#text} at (674,0) size 95x17
                text run at (674,0) width 5 RTL: " "
                text run at (739,0) width 30: "Test"
              LayoutInline {SPAN} at (0,0) size 24x17
                LayoutText {#text} at (651,0) size 24x17
                  text run at (651,0) width 24 RTL: "\x{5E9}\x{5E0}\x{5D1}"
        LayoutBlockFlow {DIV} at (0,94) size 769x18 [bgcolor=#FF0000]
          LayoutText {#text} at (680,0) size 62x17
            text run at (680,0) width 62: "This is a "
          LayoutInline {SPAN} at (0,0) size 89x17
            LayoutInline {EM} at (0,0) size 89x17
              LayoutText {#text} at (741,0) size 28x17
                text run at (741,0) width 28: "Test"
              LayoutInline {A} at (0,0) size 1x17 [color=#551A8B]
        LayoutBlockFlow {DIV} at (0,112) size 769x24 [bgcolor=#FF0000]
          LayoutText {#text} at (680,6) size 62x17
            text run at (680,6) width 62: "This is a "
          LayoutInline {SPAN} at (0,0) size 109x17
            LayoutInline {EM} at (0,0) size 109x17
              LayoutText {#text} at (741,6) size 28x17
                text run at (741,6) width 28: "Test"
              LayoutInline {SPAN} at (0,0) size 21x17
                LayoutBlockFlow {IMG} at (660.55,0) size 20x24
        LayoutBlockFlow {DIV} at (0,136) size 769x18
          LayoutText {#text} at (637,0) size 62x17
            text run at (637,0) width 62: "This is a "
          LayoutInline {SPAN} at (0,0) size 71x17
            LayoutInline {A} at (0,0) size 71x17 [color=#551A8B]
              LayoutText {#text} at (698,0) size 34x17
                text run at (698,0) width 34: "Test "
              LayoutInline {SPAN} at (0,0) size 38x17
                LayoutText {#text} at (731,0) size 38x17
                  text run at (731,0) width 38: "again"
        LayoutBlockFlow {DIV} at (0,154) size 769x42
          LayoutBlockFlow (anonymous) at (0,0) size 769x18
            LayoutText {#text} at (680,0) size 62x17
              text run at (680,0) width 62: "This is a "
            LayoutInline {SPAN} at (0,0) size 28x17
              LayoutInline {EM} at (0,0) size 28x17
                LayoutText {#text} at (741,0) size 28x17
                  text run at (741,0) width 28: "Test"
          LayoutBlockFlow (anonymous) at (0,18) size 769x24
            LayoutTable {TABLE} at (755,0) size 14x24
              LayoutTableSection {TBODY} at (0,0) size 14x24
                LayoutTableRow {TR} at (0,2) size 14x20
                  LayoutTableCell {TD} at (2,2) size 10x20 [r=0 c=0 rs=1 cs=1]
                    LayoutText {#text} at (1,1) size 8x17
                      text run at (1,1) width 8: "a"
          LayoutBlockFlow (anonymous) at (0,42) size 769x0
            LayoutInline {SPAN} at (0,0) size 0x0
              LayoutInline {EM} at (0,0) size 0x0
        LayoutBlockFlow {HR} at (0,204) size 769x2 [border: (1px inset #EEEEEE)]
        LayoutBlockFlow {UL} at (0,222) size 769x468
          LayoutListItem {LI} at (40,0) size 729x18
            LayoutListMarker (anonymous) at (-17,0) size 7x17: bullet
            LayoutText {#text} at (0,0) size 112x17
              text run at (0,0) width 112: "Test 0: : Success"
          LayoutListItem {LI} at (40,18) size 729x18
            LayoutListMarker (anonymous) at (-17,0) size 7x17: bullet
            LayoutText {#text} at (0,0) size 112x17
              text run at (0,0) width 112: "Test 1: : Success"
          LayoutListItem {LI} at (40,36) size 729x18
            LayoutListMarker (anonymous) at (-17,0) size 7x17: bullet
            LayoutText {#text} at (0,0) size 112x17
              text run at (0,0) width 112: "Test 2: : Success"
          LayoutListItem {LI} at (40,54) size 729x18
            LayoutListMarker (anonymous) at (-17,0) size 7x17: bullet
            LayoutText {#text} at (0,0) size 112x17
              text run at (0,0) width 112: "Test 3: : Success"
          LayoutListItem {LI} at (40,72) size 729x18
            LayoutListMarker (anonymous) at (-17,0) size 7x17: bullet
            LayoutText {#text} at (0,0) size 112x17
              text run at (0,0) width 112: "Test 4: : Success"
          LayoutListItem {LI} at (40,90) size 729x18
            LayoutListMarker (anonymous) at (-17,0) size 7x17: bullet
            LayoutText {#text} at (0,0) size 112x17
              text run at (0,0) width 112: "Test 5: : Success"
          LayoutListItem {LI} at (40,108) size 729x18
            LayoutListMarker (anonymous) at (-17,0) size 7x17: bullet
            LayoutText {#text} at (0,0) size 112x17
              text run at (0,0) width 112: "Test 6: : Success"
          LayoutListItem {LI} at (40,126) size 729x18
            LayoutListMarker (anonymous) at (-17,0) size 7x17: bullet
            LayoutText {#text} at (0,0) size 112x17
              text run at (0,0) width 112: "Test 7: : Success"
          LayoutListItem {LI} at (40,144) size 729x18
            LayoutListMarker (anonymous) at (-17,0) size 7x17: bullet
            LayoutText {#text} at (0,0) size 112x17
              text run at (0,0) width 112: "Test 8: : Success"
          LayoutListItem {LI} at (40,162) size 729x18
            LayoutListMarker (anonymous) at (-17,0) size 7x17: bullet
            LayoutText {#text} at (0,0) size 112x17
              text run at (0,0) width 112: "Test 9: : Success"
          LayoutListItem {LI} at (40,180) size 729x18
            LayoutListMarker (anonymous) at (-17,0) size 7x17: bullet
            LayoutText {#text} at (0,0) size 120x17
              text run at (0,0) width 120: "Test 10: : Success"
          LayoutListItem {LI} at (40,198) size 729x18
            LayoutListMarker (anonymous) at (-17,0) size 7x17: bullet
            LayoutText {#text} at (0,0) size 120x17
              text run at (0,0) width 120: "Test 11: : Success"
          LayoutListItem {LI} at (40,216) size 729x18
            LayoutListMarker (anonymous) at (-17,0) size 7x17: bullet
            LayoutText {#text} at (0,0) size 120x17
              text run at (0,0) width 120: "Test 12: : Success"
          LayoutListItem {LI} at (40,234) size 729x18
            LayoutListMarker (anonymous) at (-17,0) size 7x17: bullet
            LayoutText {#text} at (0,0) size 120x17
              text run at (0,0) width 120: "Test 13: : Success"
          LayoutListItem {LI} at (40,252) size 729x18
            LayoutListMarker (anonymous) at (-17,0) size 7x17: bullet
            LayoutText {#text} at (0,0) size 120x17
              text run at (0,0) width 120: "Test 14: : Success"
          LayoutListItem {LI} at (40,270) size 729x18
            LayoutListMarker (anonymous) at (-17,0) size 7x17: bullet
            LayoutText {#text} at (0,0) size 120x17
              text run at (0,0) width 120: "Test 15: : Success"
          LayoutListItem {LI} at (40,288) size 729x18
            LayoutListMarker (anonymous) at (-17,0) size 7x17: bullet
            LayoutText {#text} at (0,0) size 120x17
              text run at (0,0) width 120: "Test 16: : Success"
          LayoutListItem {LI} at (40,306) size 729x18
            LayoutListMarker (anonymous) at (-17,0) size 7x17: bullet
            LayoutText {#text} at (0,0) size 120x17
              text run at (0,0) width 120: "Test 17: : Success"
          LayoutListItem {LI} at (40,324) size 729x18
            LayoutListMarker (anonymous) at (-17,0) size 7x17: bullet
            LayoutText {#text} at (0,0) size 120x17
              text run at (0,0) width 120: "Test 18: : Success"
          LayoutListItem {LI} at (40,342) size 729x18
            LayoutListMarker (anonymous) at (-17,0) size 7x17: bullet
            LayoutText {#text} at (0,0) size 120x17
              text run at (0,0) width 120: "Test 19: : Success"
          LayoutListItem {LI} at (40,360) size 729x18
            LayoutListMarker (anonymous) at (-17,0) size 7x17: bullet
            LayoutText {#text} at (0,0) size 120x17
              text run at (0,0) width 120: "Test 20: : Success"
          LayoutListItem {LI} at (40,378) size 729x18
            LayoutListMarker (anonymous) at (-17,0) size 7x17: bullet
            LayoutText {#text} at (0,0) size 120x17
              text run at (0,0) width 120: "Test 21: : Success"
          LayoutListItem {LI} at (40,396) size 729x18
            LayoutListMarker (anonymous) at (-17,0) size 7x17: bullet
            LayoutText {#text} at (0,0) size 120x17
              text run at (0,0) width 120: "Test 22: : Success"
          LayoutListItem {LI} at (40,414) size 729x18
            LayoutListMarker (anonymous) at (-17,0) size 7x17: bullet
            LayoutText {#text} at (0,0) size 120x17
              text run at (0,0) width 120: "Test 23: : Success"
          LayoutListItem {LI} at (40,432) size 729x18
            LayoutListMarker (anonymous) at (-17,0) size 7x17: bullet
            LayoutText {#text} at (0,0) size 120x17
              text run at (0,0) width 120: "Test 24: : Success"
          LayoutListItem {LI} at (40,450) size 729x18
            LayoutListMarker (anonymous) at (-17,0) size 7x17: bullet
            LayoutText {#text} at (0,0) size 120x17
              text run at (0,0) width 120: "Test 25: : Success"
      LayoutBlockFlow (anonymous) at (0,1436) size 769x0
        LayoutInline {B} at (0,0) size 0x0
layer at (667,798) size 20x20 backgroundClip at (0,0) size 0x0 clip at (0,0) size 0x0 outlineClip at (0,0) size 785x600
  LayoutBlockFlow {DIV} at (0,0) size 20x20 [border: (1px solid #C0C0C0)]
    LayoutImage (floating) {IMG} at (2,2) size 16x16
layer at (669,800) size 0x0
  LayoutBlockFlow {DIV} at (2,2) size 0x0
layer at (669,858) size 20x20 backgroundClip at (0,0) size 0x0 clip at (0,0) size 0x0 outlineClip at (0,0) size 785x600
  LayoutBlockFlow {DIV} at (0,0) size 20x20 [border: (1px solid #C0C0C0)]
    LayoutImage (floating) {IMG} at (2,2) size 16x16
layer at (671,860) size 0x0
  LayoutBlockFlow {DIV} at (2,2) size 0x0
selection start: position 0 of child 0 {#text} of child 14 {DIV} of child 56 {B} of body
selection end:   position 4 of child 0 {#text} of child 14 {DIV} of child 56 {B} of body
