layer at (0,0) size 800x600
  LayoutView at (0,0) size 800x600
layer at (276,0) size 524x600
  LayoutBlockFlow {HTML} at (0,0) size 524x600
    LayoutBlockFlow {BODY} at (8,8) size 484x584
      LayoutBlockFlow {HR} at (0,0) size 2x584 [border: (1px inset #EEEEEE)]
      LayoutBlockFlow (anonymous) at (10,0) size 37x584
        LayoutInline {SPAN} at (0,0) size 36x435
          LayoutText {#text} at (0,0) size 36x435
            text run at (0,0) width 435: "OFF=\x{897F}\x{66A6}2010\x{5E74}1\x{6708}20\x{65E5}365\x{56DE}"
        LayoutText {#text} at (0,0) size 0x0
      LayoutBlockFlow {HR} at (55,0) size 2x584 [border: (1px inset #EEEEEE)]
      LayoutBlockFlow (anonymous) at (65,0) size 37x584
        LayoutInline {SPAN} at (0,0) size 36x438
          LayoutInline {SPAN} at (0,0) size 36x46
            LayoutTextCombine {#text} at (0,0) size 36x46
              text run at (0,0) width 46: "ON"
          LayoutText {#text} at (0,46) size 36x84
            text run at (0,46) width 84: "=\x{897F}\x{66A6}"
          LayoutInline {SPAN} at (0,0) size 36x64
            LayoutTextCombine {#text} at (0,130) size 36x64
              text run at (0,130) width 64: "2010"
          LayoutText {#text} at (0,194) size 36x33
            text run at (0,194) width 33: "\x{5E74}"
          LayoutInline {SPAN} at (0,0) size 36x32
            LayoutTextCombine {#text} at (0,227) size 36x32
              text run at (0,227) width 32: "\x{FFFC}"
          LayoutText {#text} at (0,259) size 36x33
            text run at (0,259) width 33: "\x{6708}"
          LayoutInline {SPAN} at (0,0) size 36x32
            LayoutTextCombine {#text} at (0,292) size 36x32
              text run at (0,292) width 32: "\x{FFFC}"
          LayoutText {#text} at (0,324) size 36x33
            text run at (0,324) width 33: "\x{65E5}"
          LayoutInline {SPAN} at (0,0) size 36x48
            LayoutTextCombine {#text} at (0,357) size 36x48
              text run at (0,357) width 48: "365"
          LayoutText {#text} at (0,405) size 36x33
            text run at (0,405) width 33: "\x{56DE}"
        LayoutText {#text} at (0,0) size 0x0
      LayoutBlockFlow {HR} at (110,0) size 2x584 [border: (1px inset #EEEEEE)]
      LayoutBlockFlow (anonymous) at (120,0) size 37x584
        LayoutInline {SPAN} at (0,0) size 36x468
          LayoutInline {SPAN} at (0,0) size 36x76
            LayoutTextCombine {#text} at (0,0) size 36x76
              text run at (0,0) width 76: "Times"
          LayoutText {#text} at (0,76) size 36x84
            text run at (0,76) width 84: "=\x{897F}\x{66A6}"
          LayoutInline {SPAN} at (0,0) size 36x64
            LayoutTextCombine {#text} at (0,160) size 36x64
              text run at (0,160) width 64: "2010"
          LayoutText {#text} at (0,224) size 36x33
            text run at (0,224) width 33: "\x{5E74}"
          LayoutInline {SPAN} at (0,0) size 36x32
            LayoutTextCombine {#text} at (0,257) size 36x32
              text run at (0,257) width 32: "\x{FFFC}"
          LayoutText {#text} at (0,289) size 36x33
            text run at (0,289) width 33: "\x{6708}"
          LayoutInline {SPAN} at (0,0) size 36x32
            LayoutTextCombine {#text} at (0,322) size 36x32
              text run at (0,322) width 32: "\x{FFFC}"
          LayoutText {#text} at (0,354) size 36x33
            text run at (0,354) width 33: "\x{65E5}"
          LayoutInline {SPAN} at (0,0) size 36x48
            LayoutTextCombine {#text} at (0,387) size 36x48
              text run at (0,387) width 48: "365"
          LayoutText {#text} at (0,435) size 36x33
            text run at (0,435) width 33: "\x{56DE}"
        LayoutText {#text} at (0,0) size 0x0
      LayoutBlockFlow {HR} at (165,0) size 2x584 [border: (1px inset #EEEEEE)]
      LayoutBlockFlow (anonymous) at (175,0) size 74x584
        LayoutInline {SPAN} at (0,0) size 36x225
          LayoutText {#text} at (0,0) size 36x225
            text run at (0,0) width 225: "OFF=\x{5B57}\x{3042}\x{FF21}A%"
        LayoutBR {BR} at (13,225) size 19x0
        LayoutInline {SPAN} at (0,0) size 36x224
          LayoutInline {SPAN} at (0,0) size 36x46
            LayoutTextCombine {#text} at (37,0) size 36x46
              text run at (37,0) width 46: "ON"
          LayoutText {#text} at (37,46) size 36x18
            text run at (37,46) width 18: "="
          LayoutInline {SPAN} at (0,0) size 36x32
            LayoutTextCombine {#text} at (37,64) size 36x32
              text run at (37,64) width 32: "\x{FFFC}"
          LayoutInline {SPAN} at (0,0) size 36x32
            LayoutTextCombine {#text} at (37,96) size 36x32
              text run at (37,96) width 32: "\x{FFFC}"
          LayoutInline {SPAN} at (0,0) size 36x32
            LayoutTextCombine {#text} at (37,128) size 36x32
              text run at (37,128) width 32: "\x{FFFC}"
          LayoutInline {SPAN} at (0,0) size 36x32
            LayoutTextCombine {#text} at (37,160) size 36x32
              text run at (37,160) width 32: "\x{FFFC}"
          LayoutInline {SPAN} at (0,0) size 36x32
            LayoutTextCombine {#text} at (37,192) size 36x32
              text run at (37,192) width 32: "\x{FFFC}"
          LayoutText {#text} at (0,0) size 0x0
      LayoutBlockFlow (anonymous) at (265,0) size 219x584
        LayoutBlockFlow {HR} at (0,0) size 2x584 [border: (1px inset #EEEEEE)]
        LayoutBlockFlow {P} at (34,0) size 185x584
          LayoutBlockFlow (floating) {SPAN} at (0,314) size 30x270 [border: (1px solid #FF0000)]
            LayoutText {#text} at (1,1) size 27x100
              text run at (1,1) width 100: "float:right:"
            LayoutInline {SPAN} at (0,0) size 27x48
              LayoutTextCombine {#text} at (1,101) size 27x48
                text run at (1,101) width 48: "2010"
            LayoutText {#text} at (1,149) size 27x24
              text run at (1,149) width 24: "\x{5E74}"
            LayoutInline {SPAN} at (0,0) size 27x24
              LayoutTextCombine {#text} at (1,173) size 27x24
                text run at (1,173) width 24: "\x{FFFC}"
            LayoutText {#text} at (1,197) size 27x24
              text run at (1,197) width 24: "\x{6708}"
            LayoutInline {SPAN} at (0,0) size 27x24
              LayoutTextCombine {#text} at (1,221) size 27x24
                text run at (1,221) width 24: "\x{FFFC}"
            LayoutText {#text} at (1,245) size 27x24
              text run at (1,245) width 24: "\x{65E5}"
          LayoutInline {SPAN} at (0,0) size 167x576
            LayoutText {#text} at (13,0) size 167x576
              text run at (13,0) width 304: "\x{305D}\x{306E}\x{5973}\x{304C}\x{306D}\x{304B}\x{3057}\x{3064}\x{3051}\x{306B}\x{6765}\x{3066}\x{304F}\x{308C}\x{308B}\x{307E}\x{3067}\x{3001}\x{308F}"
              text run at (50,0) width 576: "\x{305F}\x{3057}\x{306F}\x{3051}\x{3063}\x{3057}\x{3066}\x{306D}\x{3069}\x{3053}\x{306B}\x{306F}\x{306F}\x{3044}\x{3089}\x{306A}\x{304B}\x{3063}\x{305F}\x{3002}\x{51AC}\x{306E}\x{3042}\x{3089}\x{3057}\x{304C}\x{3060}\x{3093}\x{3054}\x{306E}\x{3088}\x{3046}\x{306A}\x{96EA}\x{3092}\x{3075}"
              text run at (87,0) width 576: "\x{304D}\x{3064}\x{3051}\x{3066}\x{7A93}\x{30AC}\x{30E9}\x{30B9}\x{3092}\x{767D}\x{304F}\x{3059}\x{308B}\x{3058}\x{3076}\x{3093}\x{306B}\x{306A}\x{308B}\x{3068}\x{3001}\x{3053}\x{306E}\x{5973}\x{306E}\x{4EBA}\x{306F}\x{4E21}\x{624B}\x{306E}\x{9593}\x{306B}\x{308F}\x{305F}\x{3057}\x{306E}"
              text run at (124,0) width 576: "\x{8DB3}\x{3092}\x{304A}\x{3055}\x{3048}\x{3066}\x{3001}\x{6B4C}\x{3092}\x{6B4C}\x{3044}\x{306A}\x{304C}\x{3089}\x{6696}\x{3081}\x{3066}\x{304F}\x{308C}\x{305F}\x{3002}\x{305D}\x{306E}\x{6B4C}\x{306E}\x{7BC0}\x{3082}\x{6587}\x{53E5}\x{3082}\x{3001}\x{3044}\x{307E}\x{306B}\x{5FD8}\x{308C}"
              text run at (161,0) width 80: "\x{305A}\x{306B}\x{3044}\x{308B}\x{3002}"
          LayoutText {#text} at (0,0) size 0x0
      LayoutBlockFlow (anonymous) at (516,0) size 0x584
        LayoutInline {SPAN} at (0,0) size 0x0
