layer at (0,0) size 800x600
  LayoutView at (0,0) size 800x600
layer at (0,0) size 800x600
  LayoutBlockFlow {HTML} at (0,0) size 800x600
    LayoutBlockFlow {BODY} at (8,8) size 784x584
      LayoutImage {IMG} at (643,10) size 121x84
      LayoutInline {A} at (0,0) size 358x19 [color=#0000EE]
        LayoutText {#text} at (0,0) size 358x19
          text run at (0,0) width 358: "http://www.apple.com/pr/library/2003/jan/02ical_isync.html"
      LayoutBR {BR} at (358,15) size 0x0
      LayoutInline {A} at (0,0) size 162x19 [color=#0000EE]
        LayoutText {#text} at (0,20) size 162x19
          text run at (0,20) width 162: "http://www.apple.com/ical/"
      LayoutBR {BR} at (162,35) size 0x0
      LayoutInline {A} at (0,0) size 172x19 [color=#0000EE]
        LayoutText {#text} at (0,40) size 172x19
          text run at (0,40) width 172: "http://www.apple.com/isync/"
