layer at (0,0) size 800x600
  LayoutView at (0,0) size 800x600
layer at (0,0) size 800x266
  LayoutBlockFlow {HTML} at (0,0) size 800x265.63
    LayoutBlockFlow {BODY} at (8,8) size 784x241.63
      LayoutBlockFlow (anonymous) at (0,0) size 784x54
        LayoutText {#text} at (0,0) size 766x54
          text run at (0,0) width 766: "This test checks that the decomposed unicode version of voiced japanese hiragana and katakana characters are rendered"
          text run at (0,18) width 763: "the same as the precomposed version. This test is a pixel-test, and passes when the text in the two heading elements are"
          text run at (0,36) width 60: "identical."
      LayoutBlockFlow {H2} at (0,73.91) size 784x36
        LayoutText {#text} at (0,5) size 168x28
          text run at (0,5) width 168: "\x{30CF}\x{3099}\x{30CA}\x{30CA}\x{3068}\x{30CF}\x{309A}\x{30CA}\x{30DE}"
      LayoutBlockFlow {P} at (0,129.81) size 784x18
        LayoutText {#text} at (0,0) size 166x18
          text run at (0,0) width 166: "The above is decomposed"
      LayoutBlockFlow {H2} at (0,167.72) size 784x36
        LayoutText {#text} at (0,5) size 168x28
          text run at (0,5) width 168: "\x{30D0}\x{30CA}\x{30CA}\x{3068}\x{30D1}\x{30CA}\x{30DE}"
      LayoutBlockFlow {P} at (0,223.63) size 784x18
        LayoutText {#text} at (0,0) size 172x18
          text run at (0,0) width 172: "The above is precomposed"
