layer at (0,0) size 800x600
  LayoutView at (0,0) size 800x600
layer at (0,0) size 800x201
  LayoutBlockFlow {HTML} at (0,0) size 800x201.44
    LayoutBlockFlow {BODY} at (8,18.72) size 784x174.72
      LayoutBlockFlow {H3} at (0,0) size 784x22
        LayoutText {#text} at (0,0) size 759x21
          text run at (0,0) width 759: "The glyph for JHA should look different for Nepali and Hindi, depending on the lang attribute."
      LayoutBlockFlow {P} at (0,40.72) size 784x25
        LayoutText {#text} at (0,4) size 88x21
          text run at (0,4) width 88: "Hindi:JHA \x{91D}"
      LayoutBlockFlow (anonymous) at (0,81.72) size 784x18
        LayoutBR {BR} at (0,0) size 0x17
      LayoutBlockFlow {P} at (0,115.72) size 784x25
        LayoutText {#text} at (0,4) size 97x21
          text run at (0,4) width 97: "Nepali:JHA \x{91D}"
      LayoutBlockFlow (anonymous) at (0,156.72) size 784x18
        LayoutBR {BR} at (0,0) size 0x17
