EDITING DELEGATE: webViewDidChangeSelection:WebViewDidChangeSelectionNotification
EDITING DELEGATE: webViewDidChangeSelection:WebViewDidChangeSelectionNotification
layer at (0,0) size 800x600
  LayoutView at (0,0) size 800x600
layer at (0,0) size 800x600
  LayoutBlockFlow {HTML} at (0,0) size 800x600
    LayoutBlockFlow {BODY} at (8,3) size 784x581 [bgcolor=#FFFFFF]
      LayoutBlockFlow {CENTER} at (0,0) size 784x252
        LayoutTable {TABLE} at (0,0) size 784x19
          LayoutTableSection {TBODY} at (0,0) size 784x19
            LayoutTableRow {TR} at (0,0) size 784x15
              LayoutTableCell {TD} at (0,0) size 784x15 [r=0 c=0 rs=1 cs=1]
                LayoutInline {FONT} at (0,0) size 102x15
                  LayoutInline {A} at (0,0) size 102x15 [color=#0000CC]
                    LayoutText {#text} at (682,0) size 102x15
                      text run at (682,0) width 102: "Personalized Home"
            LayoutTableRow {TR} at (0,15) size 784x4
              LayoutTableCell {TD} at (0,16) size 784x1 [r=1 c=0 rs=1 cs=1]
                LayoutImage {IMG} at (0,0) size 1x1
        LayoutBlockFlow (anonymous) at (0,19) size 784x36
          LayoutBR {BR} at (392,0) size 0x18
          LayoutBR {BR} at (392,18) size 0x18
        LayoutBlockFlow {DIV} at (0,55) size 784x99 [border: (2px solid #AAAAFF)]
          LayoutTable {TABLE} at (214.50,2) size 355x23
            LayoutTableSection {TBODY} at (0,0) size 355x23
              LayoutTableRow {TR} at (0,0) size 355x23
                LayoutTableCell {TD} at (0,0) size 355x23 [r=0 c=0 rs=1 cs=1]
                  LayoutInline {FONT} at (0,0) size 347x15
                    LayoutInline {B} at (0,0) size 26x15
                      LayoutText {#text} at (4,4) size 26x15
                        text run at (4,4) width 26: "Web"
                    LayoutText {#text} at (30,4) size 13x15
                      text run at (30,4) width 13: "    "
                    LayoutInline {A} at (0,0) size 38x15 [color=#0000CC]
                      LayoutText {#text} at (43,4) size 38x15
                        text run at (43,4) width 38: "Images"
                    LayoutText {#text} at (80,4) size 14x15
                      text run at (80,4) width 14: "    "
                    LayoutInline {A} at (0,0) size 39x15 [color=#0000CC]
                      LayoutText {#text} at (93,4) size 39x15
                        text run at (93,4) width 39: "Groups"
                    LayoutText {#text} at (131,4) size 14x15
                      text run at (131,4) width 14: "    "
                    LayoutInline {A} at (0,0) size 31x15 [color=#0000CC]
                      LayoutText {#text} at (144,4) size 31x15
                        text run at (144,4) width 31: "News"
                    LayoutText {#text} at (174,4) size 14x15
                      text run at (174,4) width 14: "    "
                    LayoutInline {A} at (0,0) size 41x15 [color=#0000CC]
                      LayoutText {#text} at (187,4) size 41x15
                        text run at (187,4) width 41: "Froogle"
                    LayoutText {#text} at (227,4) size 14x15
                      text run at (227,4) width 14: "    "
                    LayoutInline {A} at (0,0) size 31x15 [color=#0000CC]
                      LayoutText {#text} at (240,4) size 31x15
                        text run at (240,4) width 31: "Local"
                      LayoutInline {SUP} at (0,0) size 1x13
                    LayoutInline {A} at (0,0) size 30x15
                      LayoutInline {FONT} at (0,0) size 30x15 [color=#FF0000]
                        LayoutText {#text} at (270,4) size 30x15
                          text run at (270,4) width 30: "New!"
                    LayoutText {#text} at (299,4) size 14x15
                      text run at (299,4) width 14: "    "
                    LayoutInline {B} at (0,0) size 39x15
                      LayoutInline {A} at (0,0) size 39x15 [color=#0000CC]
                        LayoutText {#text} at (312,4) size 39x15
                          text run at (312,4) width 39: "more \x{BB}"
          LayoutTable {TABLE} at (51,25) size 682x39
            LayoutTableSection {TBODY} at (0,0) size 682x39
              LayoutTableRow {TR} at (0,0) size 682x39
                LayoutTableCell {TD} at (0,10) size 170x18 [r=0 c=0 rs=1 cs=1]
                  LayoutText {#text} at (0,0) size 4x18
                    text run at (0,0) width 4: " "
                LayoutTableCell {TD} at (170,1) size 342x37 [r=0 c=1 rs=1 cs=1]
                  LayoutTextControl {INPUT} at (0.50,0) size 341x19 [bgcolor=#FFFFFF] [border: (2px inset #EEEEEE)]
                  LayoutBR {BR} at (341,14) size 1x0
                  LayoutButton {INPUT} at (69.41,19) size 94.45x18 [bgcolor=#C0C0C0]
                    LayoutBlockFlow (anonymous) at (8,2) size 78.45x13
                      LayoutText {#text} at (0,0) size 79x13
                        text run at (0,0) width 79: "Google Search"
                  LayoutButton {INPUT} at (163.86,19) size 108.73x18 [bgcolor=#C0C0C0]
                    LayoutBlockFlow (anonymous) at (8,2) size 92.73x13
                      LayoutText {#text} at (0,0) size 93x13
                        text run at (0,0) width 93: "I'm Feeling Lucky"
                LayoutTableCell {TD} at (512,0) size 170x39 [r=0 c=2 rs=1 cs=1]
                  LayoutInline {FONT} at (0,0) size 76x39
                    LayoutText {#text} at (0,0) size 5x13
                      text run at (0,0) width 5: "  "
                    LayoutInline {A} at (0,0) size 71x13 [color=#0000CC]
                      LayoutText {#text} at (5,0) size 71x13
                        text run at (5,0) width 71: "Advanced Search"
                    LayoutBR {BR} at (75,10) size 1x0
                    LayoutText {#text} at (0,13) size 5x13
                      text run at (0,13) width 5: "  "
                    LayoutInline {A} at (0,0) size 47x13 [color=#0000CC]
                      LayoutText {#text} at (5,13) size 47x13
                        text run at (5,13) width 47: "Preferences"
                    LayoutBR {BR} at (51,23) size 1x0
                    LayoutText {#text} at (0,26) size 5x13
                      text run at (0,26) width 5: "  "
                    LayoutInline {A} at (0,0) size 65x13 [color=#0000CC]
                      LayoutText {#text} at (5,26) size 65x13
                        text run at (5,26) width 65: "Language Tools"
          LayoutBlockFlow (anonymous) at (2,64) size 780x33
            LayoutBR {BR} at (390,0) size 0x18
            LayoutInline {FONT} at (0,0) size 146x15
              LayoutInline {FONT} at (0,0) size 30x15 [color=#FF0000]
                LayoutText {#text} at (317,18) size 30x15
                  text run at (317,18) width 30: "New!"
              LayoutText {#text} at (346,18) size 4x15
                text run at (346,18) width 4: " "
              LayoutInline {A} at (0,0) size 111x15 [color=#0000CC]
                LayoutText {#text} at (349,18) size 111x15
                  text run at (349,18) width 111: "Personalize this page"
              LayoutText {#text} at (459,18) size 4x15
                text run at (459,18) width 4: "."
            LayoutText {#text} at (0,0) size 0x0
        LayoutBlockFlow (anonymous) at (0,154) size 784x69
          LayoutBR {BR} at (392,0) size 0x18
          LayoutBR {BR} at (392,18) size 0x18
          LayoutBR {BR} at (392,36) size 0x18
          LayoutInline {FONT} at (0,0) size 310x15
            LayoutInline {A} at (0,0) size 116x15 [color=#0000CC]
              LayoutText {#text} at (237,54) size 116x15
                text run at (237,54) width 116: "Advertising Programs"
            LayoutText {#text} at (352,54) size 11x15
              text run at (352,54) width 11: " - "
            LayoutInline {A} at (0,0) size 100x15 [color=#0000CC]
              LayoutText {#text} at (362,54) size 100x15
                text run at (362,54) width 100: "Business Solutions"
            LayoutText {#text} at (461,54) size 12x15
              text run at (461,54) width 12: " - "
            LayoutInline {A} at (0,0) size 75x15 [color=#0000CC]
              LayoutText {#text} at (472,54) size 75x15
                text run at (472,54) width 75: "About Google"
        LayoutBlockFlow {P} at (0,239) size 784x13
          LayoutInline {FONT} at (0,0) size 60x13
            LayoutText {#text} at (362,0) size 60x13
              text run at (362,0) width 60: "\x{A9}2005 Google"
layer at (233,87) size 335x13
  LayoutBlockFlow {DIV} at (3,3) size 335x13
selection start: position 0 of child 1 {TABLE} of child 4 {DIV} of child 0 {CENTER} of body
selection end:   position 1 of child 3 {#text} of child 4 {FONT} of child 4 {DIV} of child 0 {CENTER} of body
