EDITING DELEGATE: webViewDidChangeSelection:WebViewDidChangeSelectionNotification
EDITING DELEGATE: webViewDidChangeSelection:WebViewDidChangeSelectionNotification
layer at (0,0) size 800x600
  LayoutView at (0,0) size 800x600
layer at (0,0) size 800x600
  LayoutBlockFlow {HTML} at (0,0) size 800x600
    LayoutBlockFlow {BODY} at (0,0) size 800x587
      LayoutBlockFlow {PRE} at (0,0) size 800x75
        LayoutText {#text} at (0,0) size 39x60
          text run at (0,0) width 39: "Test."
          text run at (39,0) width 0: " "
          text run at (0,15) width 39: "Test."
          text run at (39,15) width 0: " "
          text run at (0,30) width 0: " "
          text run at (0,45) width 0: " "
        LayoutText {#text} at (0,60) size 0x15
          text run at (0,60) width 0: " "
selection start: position 5 of child 0 {#text} of child 1 {PRE} of body
selection end:   position 6 of child 0 {#text} of child 1 {PRE} of body
