EDITING DELEGATE: webViewDidChangeSelection:WebViewDidChangeSelectionNotification
EDITING DELEGATE: webViewDidChangeSelection:WebViewDidChangeSelectionNotification
layer at (0,0) size 800x600 scrollWidth 812 scrollHeight 1044
  LayoutView at (0,0) size 800x600
layer at (0,0) size 800x1044 backgroundClip at (0,0) size 800x600 clip at (0,0) size 800x600 outlineClip at (0,0) size 800x600
  LayoutBlockFlow {HTML} at (0,0) size 800x1044
    LayoutBlockFlow {BODY} at (64,64) size 748x916 [border: (50px solid #FF0000)]
      LayoutBlockFlow (anonymous) at (74,74) size 600x768
        LayoutBR {BR} at (0,10) size 0x28
        LayoutBR {BR} at (0,58) size 0x28
        LayoutText {#text} at (0,106) size 598x604
          text run at (0,106) width 550: "Four score and seven years ago our fathers brought forth,"
          text run at (549,106) width 7: " "
          text run at (0,154) width 576: "upon this continent, a new nation, conceived in Liberty, and"
          text run at (575,154) width 7: " "
          text run at (0,202) width 562: "dedicated to the proposition that all men are created equal."
          text run at (561,202) width 7: " "
          text run at (0,250) width 590: "Now we are engaged in a great civil war, testing whether that"
          text run at (589,250) width 7: " "
          text run at (0,298) width 553: "nation, or any nation, so conceived, and so dedicated, can"
          text run at (552,298) width 7: " "
          text run at (0,346) width 556: "long endure. We are met here on a great battlefield of that"
          text run at (555,346) width 7: " "
          text run at (0,394) width 532: "war. We have come to dedicate a portion of it as a final"
          text run at (531,394) width 7: " "
          text run at (0,442) width 544: "resting place for those who here gave their lives that that"
          text run at (543,442) width 7: " "
          text run at (0,490) width 565: "nation might live. It is altogether fitting and proper that we"
          text run at (564,490) width 7: " "
          text run at (0,538) width 557: "should do this. Four score and seven years ago our fathers"
          text run at (556,538) width 7: " "
          text run at (0,586) width 592: "brought forth, upon this continent, a new nation, conceived in"
          text run at (591,586) width 7: " "
          text run at (0,634) width 546: "Liberty, and dedicated to the proposition that all men are"
          text run at (545,634) width 7: " "
          text run at (0,682) width 140: "created equal. "
        LayoutBR {BR} at (139,704) size 1x0
        LayoutBR {BR} at (0,730) size 0x28
      LayoutBlockFlow {DIV} at (74,842) size 600x0
selection start: position 0 of child 1 {BR} of body
selection end:   position 1 of child 5 {BR} of body
