layer at (0,0) size 800x600 clip at (0,0) size 785x600 scrollHeight 4619
  LayoutView at (0,0) size 800x600
layer at (0,0) size 785x4619 backgroundClip at (0,0) size 785x600 clip at (0,0) size 785x600 outlineClip at (0,0) size 785x600
  LayoutBlockFlow {HTML} at (0,0) size 785x4619
    LayoutBlockFlow {BODY} at (8,8) size 769x4603
      LayoutBlockFlow {DIV} at (0,0) size 769x4587
        LayoutBlockFlow (anonymous) at (0,0) size 769x18
          LayoutText {#text} at (0,0) size 4x18
            text run at (0,0) width 4: " "
        LayoutTable {TABLE} at (67.19,18) size 473x4521
          LayoutTableSection {TBODY} at (0,0) size 473x4521
            LayoutTableRow {TR} at (0,0) size 473x21
              LayoutTableCell {TD} at (0,0) size 473x21 [r=0 c=0 rs=1 cs=4]
                LayoutBlockFlow {P} at (7.19,0) size 459x0
                  LayoutInline {B} at (0,0) size 0x0
                    LayoutInline {SPAN} at (0,0) size 0x0
                      LayoutInline {O:P} at (0,0) size 0x0
                LayoutBlockFlow {P} at (7.19,0) size 459x21
                  LayoutInline {B} at (0,0) size 399x15
                    LayoutInline {SPAN} at (0,0) size 399x15
                      LayoutInline {FONT} at (0,0) size 399x20 [color=#008080]
                        LayoutText {#text} at (30,0) size 399x20
                          text run at (30,0) width 188: "Radio Channel usage at "
                          text run at (217,0) width 212: "Bayside.    Rev date 6-25-01"
                LayoutBlockFlow {P} at (7.19,21) size 459x0
                  LayoutInline {B} at (0,0) size 0x0
                    LayoutInline {SPAN} at (0,0) size 0x0
                      LayoutInline {O:P} at (0,0) size 0x0
            LayoutTableRow {TR} at (0,21) size 473x34
              LayoutTableCell {TD} at (0,21) size 98x34 [r=1 c=0 rs=1 cs=1]
                LayoutInline {B} at (0,0) size 54x35
                  LayoutInline {SPAN} at (0,0) size 54x34
                    LayoutText {#text} at (22,0) size 54x34
                      text run at (22,0) width 54: "Channel"
                      text run at (24,17) width 50: "number"
                LayoutText {#text} at (0,0) size 0x0
              LayoutTableCell {TD} at (98,21) size 170x17 [r=1 c=1 rs=1 cs=1]
                LayoutInline {B} at (0,0) size 92x18
                  LayoutInline {SPAN} at (0,0) size 92x17
                    LayoutText {#text} at (39,0) size 92x17
                      text run at (39,0) width 92: "Member name"
                LayoutText {#text} at (0,0) size 0x0
              LayoutTableCell {TD} at (268,21) size 99x34 [r=1 c=2 rs=1 cs=1]
                LayoutBlockFlow {P} at (7.19,0) size 85x17
                  LayoutInline {B} at (0,0) size 45x15
                    LayoutInline {SPAN} at (0,0) size 45x16
                      LayoutText {#text} at (20,0) size 45x16
                        text run at (20,0) width 45: "Proper"
                      LayoutInline {SPAN} at (0,0) size 1x16
                        LayoutInline {O:P} at (0,0) size 1x16
                LayoutBlockFlow {P} at (7.19,17) size 85x17
                  LayoutInline {B} at (0,0) size 36x15
                    LayoutInline {SPAN} at (0,0) size 36x16
                      LayoutText {#text} at (24,0) size 36x16
                        text run at (24,0) width 36: "Plane"
              LayoutTableCell {TD} at (367,21) size 106x34 [r=1 c=3 rs=1 cs=1]
                LayoutBlockFlow {P} at (7.19,0) size 92x17
                  LayoutInline {B} at (0,0) size 66x15
                    LayoutInline {SPAN} at (0,0) size 66x16
                      LayoutText {#text} at (13,0) size 66x16
                        text run at (13,0) width 66: "Helicopter"
                      LayoutInline {SPAN} at (0,0) size 1x16
                        LayoutInline {O:P} at (0,0) size 1x16
                LayoutBlockFlow {P} at (7.19,17) size 92x17
                  LayoutInline {B} at (0,0) size 50x15
                    LayoutInline {SPAN} at (0,0) size 50x16
                      LayoutText {#text} at (21,0) size 50x16
                        text run at (21,0) width 50: "thingy.-"
            LayoutTableRow {TR} at (0,55) size 473x32
              LayoutTableCell {TD} at (0,55) size 98x16 [r=2 c=0 rs=1 cs=1]
                LayoutBlockFlow {P} at (7.19,0) size 84x16
                  LayoutText {#text} at (35,0) size 14x15
                    text run at (35,0) width 14: "00"
                  LayoutInline {SPAN} at (0,0) size 1x15
                    LayoutInline {O:P} at (0,0) size 1x15
              LayoutTableCell {TD} at (98,55) size 170x32 [r=2 c=1 rs=1 cs=1]
                LayoutBlockFlow {P} at (7.19,0) size 156x16
                  LayoutText {#text} at (0,0) size 55x15
                    text run at (0,0) width 55: "Paul Scott"
                LayoutBlockFlow {P} at (7.19,16) size 156x16
                  LayoutText {#text} at (0,0) size 92x15
                    text run at (0,0) width 92: "Donald Carvalho"
                  LayoutInline {SPAN} at (0,0) size 1x15
                    LayoutInline {O:P} at (0,0) size 1x15
              LayoutTableCell {TD} at (268,55) size 99x16 [r=2 c=2 rs=1 cs=1]
                LayoutBlockFlow {P} at (7.19,0) size 85x16
                  LayoutText {#text} at (34,0) size 17x15
                    text run at (34,0) width 17: "No"
                  LayoutInline {SPAN} at (0,0) size 1x15
                    LayoutInline {O:P} at (0,0) size 1x15
              LayoutTableCell {TD} at (367,55) size 106x16 [r=2 c=3 rs=1 cs=1]
                LayoutBlockFlow {P} at (7.19,0) size 92x16
                  LayoutText {#text} at (35,0) size 22x15
                    text run at (35,0) width 22: "Yes"
                  LayoutInline {SPAN} at (0,0) size 1x15
                    LayoutInline {O:P} at (0,0) size 1x15
            LayoutTableRow {TR} at (0,87) size 473x16
              LayoutTableCell {TD} at (0,87) size 98x16 [r=3 c=0 rs=1 cs=1]
                LayoutBlockFlow {P} at (7.19,0) size 84x16
                  LayoutText {#text} at (35,0) size 14x15
                    text run at (35,0) width 14: "01"
                  LayoutInline {SPAN} at (0,0) size 1x15
                    LayoutInline {O:P} at (0,0) size 1x15
              LayoutTableCell {TD} at (98,87) size 170x16 [r=3 c=1 rs=1 cs=1]
                LayoutBlockFlow {P} at (7.19,0) size 156x16
                  LayoutText {#text} at (0,0) size 55x15
                    text run at (0,0) width 55: "Paul Scott"
                  LayoutInline {SPAN} at (0,0) size 1x15
                    LayoutInline {O:P} at (0,0) size 1x15
              LayoutTableCell {TD} at (268,87) size 99x16 [r=3 c=2 rs=1 cs=1]
                LayoutBlockFlow {P} at (7.19,0) size 85x16
                  LayoutText {#text} at (34,0) size 17x15
                    text run at (34,0) width 17: "No"
                  LayoutInline {SPAN} at (0,0) size 1x15
                    LayoutInline {O:P} at (0,0) size 1x15
              LayoutTableCell {TD} at (367,87) size 106x16 [r=3 c=3 rs=1 cs=1]
                LayoutBlockFlow {P} at (7.19,0) size 92x16
                  LayoutText {#text} at (35,0) size 22x15
                    text run at (35,0) width 22: "Yes"
                  LayoutInline {SPAN} at (0,0) size 1x15
                    LayoutInline {O:P} at (0,0) size 1x15
            LayoutTableRow {TR} at (0,103) size 473x18
              LayoutTableCell {TD} at (0,103) size 98x16 [r=4 c=0 rs=1 cs=1]
                LayoutBlockFlow {P} at (7.19,0) size 84x16
                  LayoutInline {FONT} at (0,0) size 14x15
                    LayoutText {#text} at (35,0) size 14x15
                      text run at (35,0) width 14: "02"
                  LayoutText {#text} at (0,0) size 0x0
              LayoutTableCell {TD} at (98,103) size 170x16 [r=4 c=1 rs=1 cs=1]
                LayoutInline {FONT} at (0,0) size 54x15
                  LayoutText {#text} at (7,0) size 54x15
                    text run at (7,0) width 54: "Don Coon"
                LayoutText {#text} at (0,0) size 0x0
              LayoutTableCell {TD} at (268,103) size 99x18 [r=4 c=2 rs=1 cs=1]
                LayoutText {#text} at (7,0) size 4x18
                  text run at (7,0) width 4: " "
              LayoutTableCell {TD} at (367,103) size 106x18 [r=4 c=3 rs=1 cs=1]
                LayoutText {#text} at (7,0) size 4x18
                  text run at (7,0) width 4: " "
            LayoutTableRow {TR} at (0,121) size 473x32
              LayoutTableCell {TD} at (0,121) size 98x16 [r=5 c=0 rs=1 cs=1]
                LayoutInline {FONT} at (0,0) size 14x15
                  LayoutText {#text} at (42,0) size 14x15
                    text run at (42,0) width 14: "05"
                LayoutText {#text} at (0,0) size 0x0
              LayoutTableCell {TD} at (98,121) size 170x32 [r=5 c=1 rs=1 cs=1]
                LayoutBlockFlow {P} at (7.19,0) size 156x16
                  LayoutInline {FONT} at (0,0) size 54x15
                    LayoutText {#text} at (0,0) size 54x15
                      text run at (0,0) width 54: "Paul Scott"
                LayoutBlockFlow {P} at (7.19,16) size 156x16
                  LayoutInline {FONT} at (0,0) size 49x15
                    LayoutText {#text} at (0,0) size 49x15
                      text run at (0,0) width 49: "Bill Hunt"
                    LayoutInline {SPAN} at (0,0) size 1x15
                      LayoutInline {O:P} at (0,0) size 1x15
              LayoutTableCell {TD} at (268,121) size 99x16 [r=5 c=2 rs=1 cs=1]
                LayoutBlockFlow {P} at (7.19,0) size 85x16
                  LayoutInline {FONT} at (0,0) size 17x15
                    LayoutText {#text} at (34,0) size 17x15
                      text run at (34,0) width 17: "No"
                    LayoutInline {SPAN} at (0,0) size 1x15
                      LayoutInline {O:P} at (0,0) size 1x15
              LayoutTableCell {TD} at (367,121) size 106x16 [r=5 c=3 rs=1 cs=1]
                LayoutBlockFlow {P} at (7.19,0) size 92x16
                  LayoutInline {FONT} at (0,0) size 22x15
                    LayoutText {#text} at (35,0) size 22x15
                      text run at (35,0) width 22: "Yes"
                    LayoutInline {SPAN} at (0,0) size 1x15
                      LayoutInline {O:P} at (0,0) size 1x15
            LayoutTableRow {TR} at (0,153) size 473x32
              LayoutTableCell {TD} at (0,153) size 98x16 [r=6 c=0 rs=1 cs=1]
                LayoutInline {FONT} at (0,0) size 14x15
                  LayoutText {#text} at (42,0) size 14x15
                    text run at (42,0) width 14: "06"
                LayoutText {#text} at (0,0) size 0x0
              LayoutTableCell {TD} at (98,153) size 170x32 [r=6 c=1 rs=1 cs=1]
                LayoutInline {FONT} at (0,0) size 135x31
                  LayoutText {#text} at (7,0) size 135x31
                    text run at (7,0) width 135: "Gene Pheiffer                   "
                    text run at (7,16) width 80: "Alberto Lanzas"
                LayoutText {#text} at (0,0) size 0x0
              LayoutTableCell {TD} at (268,153) size 99x32 [r=6 c=2 rs=1 cs=1]
                LayoutBlockFlow {P} at (7.19,0) size 85x16
                  LayoutText {#text} at (32,0) size 21x15
                    text run at (32,0) width 21: "Yes"
                LayoutBlockFlow {P} at (7.19,16) size 85x16
                  LayoutText {#text} at (32,0) size 21x15
                    text run at (32,0) width 21: "Yes"
              LayoutTableCell {TD} at (367,153) size 106x32 [r=6 c=3 rs=1 cs=1]
                LayoutBlockFlow (anonymous) at (7.19,0) size 92x16
                  LayoutInline {SPAN} at (0,0) size 16x18
                    LayoutInline {FONT} at (0,0) size 16x15
                      LayoutText {#text} at (38,0) size 16x15
                        text run at (38,0) width 16: "No"
                  LayoutText {#text} at (0,0) size 0x0
                LayoutBlockFlow {P} at (7.19,16) size 92x16
                  LayoutText {#text} at (35,0) size 22x15
                    text run at (35,0) width 22: "Yes"
            LayoutTableRow {TR} at (0,185) size 473x16
              LayoutTableCell {TD} at (0,185) size 98x16 [r=7 c=0 rs=1 cs=1]
                LayoutBlockFlow {P} at (7.19,0) size 84x16
                  LayoutInline {FONT} at (0,0) size 14x15
                    LayoutText {#text} at (35,0) size 14x15
                      text run at (35,0) width 14: "07"
                  LayoutText {#text} at (0,0) size 0x0
              LayoutTableCell {TD} at (98,185) size 170x16 [r=7 c=1 rs=1 cs=1]
                LayoutInline {FONT} at (0,0) size 49x15
                  LayoutText {#text} at (7,0) size 49x15
                    text run at (7,0) width 49: "Phil Cole"
                LayoutText {#text} at (0,0) size 0x0
              LayoutTableCell {TD} at (268,185) size 99x16 [r=7 c=2 rs=1 cs=1]
                LayoutBlockFlow {P} at (7.19,0) size 85x16
                  LayoutInline {FONT} at (0,0) size 21x15
                    LayoutText {#text} at (32,0) size 21x15
                      text run at (32,0) width 21: "Yes"
                  LayoutText {#text} at (0,0) size 0x0
              LayoutTableCell {TD} at (367,185) size 106x16 [r=7 c=3 rs=1 cs=1]
                LayoutBlockFlow {P} at (7.19,0) size 92x16
                  LayoutInline {FONT} at (0,0) size 22x15
                    LayoutText {#text} at (35,0) size 22x15
                      text run at (35,0) width 22: "Yes"
                  LayoutText {#text} at (0,0) size 0x0
            LayoutTableRow {TR} at (0,201) size 473x32
              LayoutTableCell {TD} at (0,201) size 98x16 [r=8 c=0 rs=1 cs=1]
                LayoutBlockFlow {P} at (7.19,0) size 84x16
                  LayoutText {#text} at (35,0) size 14x15
                    text run at (35,0) width 14: "08"
                  LayoutInline {SPAN} at (0,0) size 1x15
                    LayoutInline {O:P} at (0,0) size 1x15
              LayoutTableCell {TD} at (98,201) size 170x32 [r=8 c=1 rs=1 cs=1]
                LayoutBlockFlow {P} at (7.19,0) size 156x16
                  LayoutText {#text} at (0,0) size 55x15
                    text run at (0,0) width 55: "Paul Scott"
                LayoutBlockFlow {P} at (7.19,16) size 156x16
                  LayoutText {#text} at (0,0) size 75x15
                    text run at (0,0) width 75: "Gene Pheiffer"
                  LayoutInline {SPAN} at (0,0) size 1x15
                    LayoutInline {O:P} at (0,0) size 1x15
              LayoutTableCell {TD} at (268,201) size 99x32 [r=8 c=2 rs=1 cs=1]
                LayoutBlockFlow {P} at (7.19,0) size 85x16
                  LayoutText {#text} at (34,0) size 17x15
                    text run at (34,0) width 17: "No"
                LayoutBlockFlow {P} at (7.19,16) size 85x16
                  LayoutText {#text} at (32,0) size 21x15
                    text run at (32,0) width 21: "Yes"
                  LayoutInline {SPAN} at (0,0) size 1x15
                    LayoutInline {O:P} at (0,0) size 1x15
              LayoutTableCell {TD} at (367,201) size 106x32 [r=8 c=3 rs=1 cs=1]
                LayoutBlockFlow {P} at (7.19,0) size 92x16
                  LayoutText {#text} at (35,0) size 22x15
                    text run at (35,0) width 22: "Yes"
                LayoutBlockFlow {P} at (7.19,16) size 92x16
                  LayoutText {#text} at (37,0) size 18x15
                    text run at (37,0) width 18: "No"
                  LayoutInline {SPAN} at (0,0) size 1x15
                    LayoutInline {O:P} at (0,0) size 1x15
            LayoutTableRow {TR} at (0,233) size 473x48
              LayoutTableCell {TD} at (0,233) size 98x16 [r=9 c=0 rs=1 cs=1]
                LayoutBlockFlow {P} at (7.19,0) size 84x16
                  LayoutText {#text} at (2,0) size 80x15
                    text run at (2,0) width 80: "Programmable"
                  LayoutInline {SPAN} at (0,0) size 1x15
                    LayoutInline {O:P} at (0,0) size 1x15
              LayoutTableCell {TD} at (98,233) size 170x48 [r=9 c=1 rs=1 cs=1]
                LayoutBlockFlow {P} at (7.19,0) size 156x16
                  LayoutText {#text} at (0,0) size 103x15
                    text run at (0,0) width 103: "Richard Pevehouse"
                  LayoutInline {SPAN} at (0,0) size 1x15
                    LayoutInline {O:P} at (0,0) size 1x15
                LayoutBlockFlow {P} at (7.19,16) size 156x16
                  LayoutText {#text} at (0,0) size 62x15
                    text run at (0,0) width 62: "Gary Heath"
                LayoutBlockFlow {P} at (7.19,32) size 156x16
                  LayoutText {#text} at (0,0) size 63x15
                    text run at (0,0) width 63: "Scott Hersh"
                  LayoutInline {SPAN} at (0,0) size 1x15
                    LayoutInline {O:P} at (0,0) size 1x15
              LayoutTableCell {TD} at (268,233) size 99x32 [r=9 c=2 rs=1 cs=1]
                LayoutBlockFlow {P} at (7.19,0) size 85x16
                  LayoutText {#text} at (32,0) size 21x15
                    text run at (32,0) width 21: "Yes"
                  LayoutInline {SPAN} at (0,0) size 1x15
                    LayoutInline {O:P} at (0,0) size 1x15
                LayoutBlockFlow {P} at (7.19,16) size 85x16
                  LayoutText {#text} at (34,0) size 17x15
                    text run at (34,0) width 17: "No"
                  LayoutInline {SPAN} at (0,0) size 1x15
                    LayoutInline {O:P} at (0,0) size 1x15
              LayoutTableCell {TD} at (367,233) size 106x32 [r=9 c=3 rs=1 cs=1]
                LayoutBlockFlow {P} at (7.19,0) size 92x16
                  LayoutText {#text} at (37,0) size 18x15
                    text run at (37,0) width 18: "No"
                  LayoutInline {SPAN} at (0,0) size 1x15
                    LayoutInline {O:P} at (0,0) size 1x15
                LayoutBlockFlow {P} at (7.19,16) size 92x16
                  LayoutText {#text} at (35,0) size 22x15
                    text run at (35,0) width 22: "Yes"
                  LayoutInline {SPAN} at (0,0) size 1x15
                    LayoutInline {O:P} at (0,0) size 1x15
            LayoutTableRow {TR} at (0,281) size 473x112
              LayoutTableCell {TD} at (0,281) size 98x16 [r=10 c=0 rs=1 cs=1]
                LayoutBlockFlow {P} at (7.19,0) size 84x16
                  LayoutText {#text} at (35,0) size 14x15
                    text run at (35,0) width 14: "11"
                  LayoutInline {SPAN} at (0,0) size 1x15
                    LayoutInline {O:P} at (0,0) size 1x15
              LayoutTableCell {TD} at (98,281) size 170x112 [r=10 c=1 rs=1 cs=1]
                LayoutBlockFlow {P} at (7.19,0) size 156x16
                  LayoutText {#text} at (0,0) size 81x15
                    text run at (0,0) width 81: "George Cowan"
                  LayoutInline {SPAN} at (0,0) size 1x15
                    LayoutInline {O:P} at (0,0) size 1x15
                LayoutBlockFlow {P} at (7.19,16) size 156x16
                  LayoutText {#text} at (0,0) size 75x15
                    text run at (0,0) width 75: "Rick Klement"
                  LayoutInline {SPAN} at (0,0) size 1x15
                    LayoutInline {O:P} at (0,0) size 1x15
                LayoutBlockFlow {P} at (7.19,32) size 156x16
                  LayoutText {#text} at (0,0) size 78x15
                    text run at (0,0) width 78: "John Mathews"
                LayoutBlockFlow {P} at (7.19,48) size 156x16
                  LayoutText {#text} at (0,0) size 55x15
                    text run at (0,0) width 55: "Ed Cypret"
                LayoutBlockFlow {P} at (7.19,64) size 156x16
                  LayoutText {#text} at (0,0) size 83x15
                    text run at (0,0) width 83: "John Chamorro"
                LayoutBlockFlow {P} at (7.19,80) size 156x16
                  LayoutText {#text} at (0,0) size 85x15
                    text run at (0,0) width 85: "John Yearwood"
                LayoutBlockFlow {P} at (7.19,96) size 156x16
                  LayoutText {#text} at (0,0) size 85x15
                    text run at (0,0) width 85: "Jason Anderson"
                  LayoutInline {SPAN} at (0,0) size 1x15
                    LayoutInline {O:P} at (0,0) size 1x15
              LayoutTableCell {TD} at (268,281) size 99x112 [r=10 c=2 rs=1 cs=1]
                LayoutBlockFlow {P} at (7.19,0) size 85x16
                  LayoutText {#text} at (32,0) size 21x15
                    text run at (32,0) width 21: "Yes"
                  LayoutInline {SPAN} at (0,0) size 1x15
                    LayoutInline {O:P} at (0,0) size 1x15
                LayoutBlockFlow {P} at (7.19,16) size 85x16
                  LayoutText {#text} at (32,0) size 21x15
                    text run at (32,0) width 21: "Yes"
                  LayoutInline {SPAN} at (0,0) size 1x15
                    LayoutInline {O:P} at (0,0) size 1x15
                LayoutBlockFlow {P} at (7.19,32) size 85x16
                  LayoutText {#text} at (32,0) size 21x15
                    text run at (32,0) width 21: "Yes"
                LayoutBlockFlow {P} at (7.19,48) size 85x16
                  LayoutText {#text} at (40,0) size 5x15
                    text run at (40,0) width 5: " "
                LayoutBlockFlow {P} at (7.19,64) size 85x16
                  LayoutText {#text} at (40,0) size 5x15
                    text run at (40,0) width 5: " "
                LayoutBlockFlow {P} at (7.19,80) size 85x16
                  LayoutText {#text} at (32,0) size 21x15
                    text run at (32,0) width 21: "Yes"
                LayoutBlockFlow {P} at (7.19,96) size 85x16
                  LayoutText {#text} at (32,0) size 21x15
                    text run at (32,0) width 21: "Yes"
                  LayoutInline {SPAN} at (0,0) size 1x15
                    LayoutInline {O:P} at (0,0) size 1x15
              LayoutTableCell {TD} at (367,281) size 106x112 [r=10 c=3 rs=1 cs=1]
                LayoutBlockFlow {P} at (7.19,0) size 92x16
                  LayoutText {#text} at (37,0) size 18x15
                    text run at (37,0) width 18: "No"
                  LayoutInline {SPAN} at (0,0) size 1x15
                    LayoutInline {O:P} at (0,0) size 1x15
                LayoutBlockFlow {P} at (7.19,16) size 92x16
                  LayoutText {#text} at (35,0) size 22x15
                    text run at (35,0) width 22: "Yes"
                  LayoutInline {SPAN} at (0,0) size 1x15
                    LayoutInline {O:P} at (0,0) size 1x15
                LayoutBlockFlow {P} at (7.19,32) size 92x16
                  LayoutText {#text} at (37,0) size 18x15
                    text run at (37,0) width 18: "No"
                LayoutBlockFlow {P} at (7.19,48) size 92x16
                  LayoutText {#text} at (44,0) size 4x15
                    text run at (44,0) width 4: " "
                LayoutBlockFlow {P} at (7.19,64) size 92x16
                  LayoutText {#text} at (44,0) size 4x15
                    text run at (44,0) width 4: " "
                LayoutBlockFlow {P} at (7.19,80) size 92x16
                  LayoutText {#text} at (37,0) size 18x15
                    text run at (37,0) width 18: "No"
                LayoutBlockFlow {P} at (7.19,96) size 92x16
                  LayoutText {#text} at (37,0) size 18x15
                    text run at (37,0) width 18: "No"
                  LayoutInline {SPAN} at (0,0) size 1x15
                    LayoutInline {O:P} at (0,0) size 1x15
            LayoutTableRow {TR} at (0,393) size 473x80
              LayoutTableCell {TD} at (0,393) size 98x16 [r=11 c=0 rs=1 cs=1]
                LayoutBlockFlow {P} at (7.19,0) size 84x16
                  LayoutText {#text} at (35,0) size 14x15
                    text run at (35,0) width 14: "12"
                  LayoutInline {SPAN} at (0,0) size 1x15
                    LayoutInline {O:P} at (0,0) size 1x15
              LayoutTableCell {TD} at (98,393) size 170x80 [r=11 c=1 rs=1 cs=1]
                LayoutBlockFlow {P} at (7.19,0) size 156x16
                  LayoutText {#text} at (0,0) size 75x15
                    text run at (0,0) width 75: "Rick Klement"
                LayoutBlockFlow {P} at (7.19,16) size 156x16
                  LayoutText {#text} at (0,0) size 85x15
                    text run at (0,0) width 85: "George Coward"
                LayoutBlockFlow {P} at (7.19,32) size 156x16
                  LayoutText {#text} at (0,0) size 86x15
                    text run at (0,0) width 86: "Gerald Cardinal"
                LayoutBlockFlow {P} at (7.19,48) size 156x16
                  LayoutText {#text} at (0,0) size 73x15
                    text run at (0,0) width 73: "Brock Brown"
                LayoutBlockFlow {P} at (7.19,64) size 156x16
                  LayoutText {#text} at (0,0) size 99x15
                    text run at (0,0) width 99: "Ellsworth Crowell"
              LayoutTableCell {TD} at (268,393) size 99x80 [r=11 c=2 rs=1 cs=1]
                LayoutBlockFlow {P} at (7.19,0) size 85x16
                  LayoutText {#text} at (32,0) size 21x15
                    text run at (32,0) width 21: "Yes"
                LayoutBlockFlow {P} at (7.19,16) size 85x16
                  LayoutText {#text} at (32,0) size 21x15
                    text run at (32,0) width 21: "Yes"
                LayoutBlockFlow {P} at (7.19,32) size 85x16
                  LayoutText {#text} at (40,0) size 5x15
                    text run at (40,0) width 5: " "
                LayoutBlockFlow {P} at (7.19,48) size 85x16
                  LayoutText {#text} at (32,0) size 21x15
                    text run at (32,0) width 21: "Yes"
                LayoutBlockFlow {P} at (7.19,64) size 85x16
                  LayoutText {#text} at (32,0) size 21x15
                    text run at (32,0) width 21: "Yes"
                  LayoutInline {SPAN} at (0,0) size 1x15
                    LayoutInline {O:P} at (0,0) size 1x15
              LayoutTableCell {TD} at (367,393) size 106x80 [r=11 c=3 rs=1 cs=1]
                LayoutBlockFlow {P} at (7.19,0) size 92x16
                  LayoutText {#text} at (35,0) size 22x15
                    text run at (35,0) width 22: "Yes"
                LayoutBlockFlow {P} at (7.19,16) size 92x16
                  LayoutText {#text} at (37,0) size 18x15
                    text run at (37,0) width 18: "No"
                LayoutBlockFlow {P} at (7.19,32) size 92x16
                  LayoutText {#text} at (44,0) size 4x15
                    text run at (44,0) width 4: " "
                LayoutBlockFlow {P} at (7.19,48) size 92x16
                  LayoutText {#text} at (37,0) size 18x15
                    text run at (37,0) width 18: "No"
                LayoutBlockFlow {P} at (7.19,64) size 92x16
                  LayoutText {#text} at (37,0) size 18x15
                    text run at (37,0) width 18: "No"
                  LayoutInline {SPAN} at (0,0) size 1x15
                    LayoutInline {O:P} at (0,0) size 1x15
            LayoutTableRow {TR} at (0,473) size 473x64
              LayoutTableCell {TD} at (0,473) size 98x16 [r=12 c=0 rs=1 cs=1]
                LayoutBlockFlow {P} at (7.19,0) size 84x16
                  LayoutText {#text} at (35,0) size 14x15
                    text run at (35,0) width 14: "13"
                  LayoutInline {SPAN} at (0,0) size 1x15
                    LayoutInline {O:P} at (0,0) size 1x15
              LayoutTableCell {TD} at (98,473) size 170x64 [r=12 c=1 rs=1 cs=1]
                LayoutBlockFlow {P} at (7.19,0) size 156x16
                  LayoutText {#text} at (0,0) size 66x15
                    text run at (0,0) width 66: " Oliver Baer"
                LayoutBlockFlow {P} at (7.19,16) size 156x16
                  LayoutText {#text} at (0,0) size 59x15
                    text run at (0,0) width 59: "Joe Araujo"
                LayoutBlockFlow {P} at (7.19,32) size 156x16
                  LayoutText {#text} at (0,0) size 75x15
                    text run at (0,0) width 75: "Jim Mirowski"
                LayoutBlockFlow {P} at (7.19,48) size 156x16
                  LayoutText {#text} at (0,0) size 63x15
                    text run at (0,0) width 63: "Scott Hersh"
                  LayoutInline {SPAN} at (0,0) size 1x15
                    LayoutInline {O:P} at (0,0) size 1x15
              LayoutTableCell {TD} at (268,473) size 99x64 [r=12 c=2 rs=1 cs=1]
                LayoutBlockFlow {P} at (7.19,0) size 85x16
                  LayoutText {#text} at (30,0) size 25x15
                    text run at (30,0) width 25: " Yes"
                LayoutBlockFlow {P} at (7.19,16) size 85x16
                  LayoutText {#text} at (40,0) size 5x15
                    text run at (40,0) width 5: " "
                LayoutBlockFlow {P} at (7.19,32) size 85x16
                  LayoutText {#text} at (40,0) size 5x15
                    text run at (40,0) width 5: " "
                LayoutBlockFlow {P} at (7.19,48) size 85x16
                  LayoutText {#text} at (32,0) size 21x15
                    text run at (32,0) width 21: "Yes"
                  LayoutInline {SPAN} at (0,0) size 1x15
                    LayoutInline {O:P} at (0,0) size 1x15
              LayoutTableCell {TD} at (367,473) size 106x64 [r=12 c=3 rs=1 cs=1]
                LayoutBlockFlow {P} at (7.19,0) size 92x16
                  LayoutText {#text} at (36,0) size 20x15
                    text run at (36,0) width 20: " No"
                LayoutBlockFlow {P} at (7.19,16) size 92x16
                  LayoutText {#text} at (44,0) size 4x15
                    text run at (44,0) width 4: " "
                LayoutBlockFlow {P} at (7.19,32) size 92x16
                  LayoutText {#text} at (44,0) size 4x15
                    text run at (44,0) width 4: " "
                LayoutBlockFlow {P} at (7.19,48) size 92x16
                  LayoutText {#text} at (37,0) size 18x15
                    text run at (37,0) width 18: "No"
                  LayoutInline {SPAN} at (0,0) size 1x15
                    LayoutInline {O:P} at (0,0) size 1x15
            LayoutTableRow {TR} at (0,537) size 473x48
              LayoutTableCell {TD} at (0,537) size 98x16 [r=13 c=0 rs=1 cs=1]
                LayoutBlockFlow {P} at (7.19,0) size 84x16
                  LayoutText {#text} at (35,0) size 14x15
                    text run at (35,0) width 14: "14"
                  LayoutInline {SPAN} at (0,0) size 1x15
                    LayoutInline {O:P} at (0,0) size 1x15
              LayoutTableCell {TD} at (98,537) size 170x48 [r=13 c=1 rs=1 cs=1]
                LayoutBlockFlow {P} at (7.19,0) size 156x16
                  LayoutText {#text} at (0,0) size 62x15
                    text run at (0,0) width 62: " Joe Araujo"
                LayoutBlockFlow {P} at (7.19,16) size 156x16
                  LayoutText {#text} at (0,0) size 71x15
                    text run at (0,0) width 71: "Steve Gilbert"
                LayoutBlockFlow {P} at (7.19,32) size 156x16
                  LayoutText {#text} at (0,0) size 79x15
                    text run at (0,0) width 79: "Gary Williams"
                  LayoutInline {SPAN} at (0,0) size 1x15
                    LayoutInline {O:P} at (0,0) size 1x15
              LayoutTableCell {TD} at (268,537) size 99x32 [r=13 c=2 rs=1 cs=1]
                LayoutBlockFlow {P} at (7.19,0) size 85x16
                  LayoutText {#text} at (40,0) size 5x15
                    text run at (40,0) width 5: " "
                LayoutBlockFlow {P} at (7.19,16) size 85x16
                  LayoutText {#text} at (32,0) size 21x15
                    text run at (32,0) width 21: "Yes"
                  LayoutInline {SPAN} at (0,0) size 1x15
                    LayoutInline {O:P} at (0,0) size 1x15
              LayoutTableCell {TD} at (367,537) size 106x32 [r=13 c=3 rs=1 cs=1]
                LayoutBlockFlow {P} at (7.19,0) size 92x16
                  LayoutText {#text} at (44,0) size 4x15
                    text run at (44,0) width 4: " "
                LayoutBlockFlow {P} at (7.19,16) size 92x16
                  LayoutText {#text} at (37,0) size 18x15
                    text run at (37,0) width 18: "No"
                  LayoutInline {SPAN} at (0,0) size 1x15
                    LayoutInline {O:P} at (0,0) size 1x15
            LayoutTableRow {TR} at (0,585) size 473x80
              LayoutTableCell {TD} at (0,585) size 98x16 [r=14 c=0 rs=1 cs=1]
                LayoutBlockFlow {P} at (7.19,0) size 84x16
                  LayoutText {#text} at (35,0) size 14x15
                    text run at (35,0) width 14: "15"
                  LayoutInline {SPAN} at (0,0) size 1x15
                    LayoutInline {O:P} at (0,0) size 1x15
              LayoutTableCell {TD} at (98,585) size 170x80 [r=14 c=1 rs=1 cs=1]
                LayoutBlockFlow {P} at (7.19,0) size 156x16
                  LayoutText {#text} at (0,0) size 66x15
                    text run at (0,0) width 66: " Oliver Baer"
                LayoutBlockFlow {P} at (7.19,16) size 156x16
                  LayoutText {#text} at (0,0) size 53x15
                    text run at (0,0) width 53: "Joe Smith"
                LayoutBlockFlow {P} at (7.19,32) size 156x16
                  LayoutText {#text} at (0,0) size 55x15
                    text run at (0,0) width 55: "John Paye"
                LayoutBlockFlow {P} at (7.19,48) size 156x16
                  LayoutText {#text} at (0,0) size 85x15
                    text run at (0,0) width 85: "John Yearwood"
                LayoutBlockFlow {P} at (7.19,64) size 156x16
                  LayoutText {#text} at (0,0) size 70x15
                    text run at (0,0) width 70: "Harald Close"
                  LayoutInline {SPAN} at (0,0) size 1x15
                    LayoutInline {O:P} at (0,0) size 1x15
              LayoutTableCell {TD} at (268,585) size 99x80 [r=14 c=2 rs=1 cs=1]
                LayoutBlockFlow {P} at (7.19,0) size 85x16
                  LayoutText {#text} at (30,0) size 25x15
                    text run at (30,0) width 25: " Yes"
                LayoutBlockFlow {P} at (7.19,16) size 85x16
                  LayoutText {#text} at (40,0) size 5x15
                    text run at (40,0) width 5: " "
                LayoutBlockFlow {P} at (7.19,32) size 85x16
                  LayoutText {#text} at (40,0) size 5x15
                    text run at (40,0) width 5: " "
                LayoutBlockFlow {P} at (7.19,48) size 85x16
                  LayoutText {#text} at (32,0) size 21x15
                    text run at (32,0) width 21: "Yes"
                LayoutBlockFlow {P} at (7.19,64) size 85x16
                  LayoutText {#text} at (32,0) size 21x15
                    text run at (32,0) width 21: "Yes"
                  LayoutInline {SPAN} at (0,0) size 1x15
                    LayoutInline {O:P} at (0,0) size 1x15
              LayoutTableCell {TD} at (367,585) size 106x80 [r=14 c=3 rs=1 cs=1]
                LayoutBlockFlow {P} at (7.19,0) size 92x16
                  LayoutText {#text} at (36,0) size 20x15
                    text run at (36,0) width 20: " No"
                LayoutBlockFlow {P} at (7.19,16) size 92x16
                  LayoutText {#text} at (44,0) size 4x15
                    text run at (44,0) width 4: " "
                LayoutBlockFlow {P} at (7.19,32) size 92x16
                  LayoutText {#text} at (44,0) size 4x15
                    text run at (44,0) width 4: " "
                LayoutBlockFlow {P} at (7.19,48) size 92x16
                  LayoutText {#text} at (37,0) size 18x15
                    text run at (37,0) width 18: "No"
                LayoutBlockFlow {P} at (7.19,64) size 92x16
                  LayoutText {#text} at (37,0) size 18x15
                    text run at (37,0) width 18: "No"
                  LayoutInline {SPAN} at (0,0) size 1x15
                    LayoutInline {O:P} at (0,0) size 1x15
            LayoutTableRow {TR} at (0,665) size 473x32
              LayoutTableCell {TD} at (0,665) size 98x16 [r=15 c=0 rs=1 cs=1]
                LayoutBlockFlow {P} at (7.19,0) size 84x16
                  LayoutText {#text} at (35,0) size 14x15
                    text run at (35,0) width 14: "16"
                  LayoutInline {SPAN} at (0,0) size 1x15
                    LayoutInline {O:P} at (0,0) size 1x15
              LayoutTableCell {TD} at (98,665) size 170x32 [r=15 c=1 rs=1 cs=1]
                LayoutBlockFlow {P} at (7.19,0) size 156x16
                  LayoutText {#text} at (0,0) size 83x15
                    text run at (0,0) width 83: " James Haladus"
                LayoutBlockFlow {P} at (7.19,16) size 156x16
                  LayoutText {#text} at (0,0) size 53x15
                    text run at (0,0) width 53: "Joe Smith"
                  LayoutInline {SPAN} at (0,0) size 1x15
                    LayoutInline {O:P} at (0,0) size 1x15
              LayoutTableCell {TD} at (268,665) size 99x16 [r=15 c=2 rs=1 cs=1]
                LayoutBlockFlow {P} at (7.19,0) size 85x16
                  LayoutText {#text} at (30,0) size 25x15
                    text run at (30,0) width 25: " Yes"
                  LayoutInline {SPAN} at (0,0) size 1x15
                    LayoutInline {O:P} at (0,0) size 1x15
              LayoutTableCell {TD} at (367,665) size 106x16 [r=15 c=3 rs=1 cs=1]
                LayoutBlockFlow {P} at (7.19,0) size 92x16
                  LayoutText {#text} at (36,0) size 20x15
                    text run at (36,0) width 20: " No"
                  LayoutInline {SPAN} at (0,0) size 1x15
                    LayoutInline {O:P} at (0,0) size 1x15
            LayoutTableRow {TR} at (0,697) size 473x80
              LayoutTableCell {TD} at (0,697) size 98x16 [r=16 c=0 rs=1 cs=1]
                LayoutBlockFlow {P} at (7.19,0) size 84x16
                  LayoutText {#text} at (35,0) size 14x15
                    text run at (35,0) width 14: "17"
                  LayoutInline {SPAN} at (0,0) size 1x15
                    LayoutInline {O:P} at (0,0) size 1x15
              LayoutTableCell {TD} at (98,697) size 170x80 [r=16 c=1 rs=1 cs=1]
                LayoutBlockFlow {P} at (7.19,0) size 156x16
                  LayoutText {#text} at (0,0) size 61x15
                    text run at (0,0) width 61: "Doug Field"
                  LayoutInline {SPAN} at (0,0) size 1x15
                    LayoutInline {O:P} at (0,0) size 1x15
                LayoutBlockFlow {P} at (7.19,16) size 156x16
                  LayoutText {#text} at (0,0) size 65x15
                    text run at (0,0) width 65: "Dave Neves"
                LayoutBlockFlow {P} at (7.19,32) size 156x16
                  LayoutText {#text} at (0,0) size 63x15
                    text run at (0,0) width 63: "Oliver Baer"
                LayoutBlockFlow {P} at (7.19,48) size 156x16
                  LayoutText {#text} at (0,0) size 57x15
                    text run at (0,0) width 57: "John Todd"
                LayoutBlockFlow {P} at (7.19,64) size 156x16
                  LayoutText {#text} at (0,0) size 99x15
                    text run at (0,0) width 99: "Dave Christiansen"
                  LayoutInline {SPAN} at (0,0) size 1x15
                    LayoutInline {O:P} at (0,0) size 1x15
              LayoutTableCell {TD} at (268,697) size 99x80 [r=16 c=2 rs=1 cs=1]
                LayoutBlockFlow {P} at (7.19,0) size 85x16
                  LayoutText {#text} at (32,0) size 21x15
                    text run at (32,0) width 21: "Yes"
                  LayoutInline {SPAN} at (0,0) size 1x15
                    LayoutInline {O:P} at (0,0) size 1x15
                LayoutBlockFlow {P} at (7.19,16) size 85x16
                  LayoutText {#text} at (32,0) size 21x15
                    text run at (32,0) width 21: "Yes"
                LayoutBlockFlow {P} at (7.19,32) size 85x16
                  LayoutText {#text} at (32,0) size 21x15
                    text run at (32,0) width 21: "Yes"
                LayoutBlockFlow {P} at (7.19,48) size 85x16
                  LayoutText {#text} at (40,0) size 5x15
                    text run at (40,0) width 5: " "
                LayoutBlockFlow {P} at (7.19,64) size 85x16
                  LayoutText {#text} at (32,0) size 21x15
                    text run at (32,0) width 21: "Yes"
                  LayoutInline {SPAN} at (0,0) size 1x15
                    LayoutInline {O:P} at (0,0) size 1x15
              LayoutTableCell {TD} at (367,697) size 106x80 [r=16 c=3 rs=1 cs=1]
                LayoutBlockFlow {P} at (7.19,0) size 92x16
                  LayoutText {#text} at (37,0) size 18x15
                    text run at (37,0) width 18: "No"
                  LayoutInline {SPAN} at (0,0) size 1x15
                    LayoutInline {O:P} at (0,0) size 1x15
                LayoutBlockFlow {P} at (7.19,16) size 92x16
                  LayoutText {#text} at (35,0) size 22x15
                    text run at (35,0) width 22: "Yes"
                LayoutBlockFlow {P} at (7.19,32) size 92x16
                  LayoutText {#text} at (37,0) size 18x15
                    text run at (37,0) width 18: "No"
                LayoutBlockFlow {P} at (7.19,48) size 92x16
                  LayoutText {#text} at (44,0) size 4x15
                    text run at (44,0) width 4: " "
                LayoutBlockFlow {P} at (7.19,64) size 92x16
                  LayoutText {#text} at (37,0) size 18x15
                    text run at (37,0) width 18: "No"
                  LayoutInline {SPAN} at (0,0) size 1x15
                    LayoutInline {O:P} at (0,0) size 1x15
            LayoutTableRow {TR} at (0,777) size 473x112
              LayoutTableCell {TD} at (0,777) size 98x16 [r=17 c=0 rs=1 cs=1]
                LayoutBlockFlow {P} at (7.19,0) size 84x16
                  LayoutText {#text} at (35,0) size 14x15
                    text run at (35,0) width 14: "18"
                  LayoutInline {SPAN} at (0,0) size 1x15
                    LayoutInline {O:P} at (0,0) size 1x15
              LayoutTableCell {TD} at (98,777) size 170x112 [r=17 c=1 rs=1 cs=1]
                LayoutBlockFlow {P} at (7.19,0) size 156x16
                  LayoutText {#text} at (0,0) size 79x15
                    text run at (0,0) width 79: "Robert Barnett"
                LayoutBlockFlow {P} at (7.19,16) size 156x16
                  LayoutText {#text} at (0,0) size 73x15
                    text run at (0,0) width 73: "Jim Mahoney"
                LayoutBlockFlow {P} at (7.19,32) size 156x16
                  LayoutText {#text} at (0,0) size 79x15
                    text run at (0,0) width 79: "Dave Marshall"
                LayoutBlockFlow {P} at (7.19,48) size 156x16
                  LayoutText {#text} at (0,0) size 86x15
                    text run at (0,0) width 86: "Gerald Cardinal"
                LayoutBlockFlow {P} at (7.19,64) size 156x16
                  LayoutText {#text} at (0,0) size 105x15
                    text run at (0,0) width 105: "Dan & Will Sievert"
                LayoutBlockFlow {P} at (7.19,80) size 156x16
                  LayoutText {#text} at (0,0) size 99x15
                    text run at (0,0) width 99: "Ellsworth Crowell"
                LayoutBlockFlow {P} at (7.19,96) size 156x16
                  LayoutText {#text} at (0,0) size 59x15
                    text run at (0,0) width 59: "Jim Colvin"
                  LayoutInline {SPAN} at (0,0) size 1x15
                    LayoutInline {O:P} at (0,0) size 1x15
              LayoutTableCell {TD} at (268,777) size 99x96 [r=17 c=2 rs=1 cs=1]
                LayoutBlockFlow {P} at (7.19,0) size 85x16
                  LayoutText {#text} at (32,0) size 21x15
                    text run at (32,0) width 21: "Yes"
                LayoutBlockFlow {P} at (7.19,16) size 85x16
                  LayoutText {#text} at (32,0) size 21x15
                    text run at (32,0) width 21: "Yes"
                LayoutBlockFlow {P} at (7.19,32) size 85x16
                  LayoutText {#text} at (32,0) size 21x15
                    text run at (32,0) width 21: "Yes"
                LayoutBlockFlow {P} at (7.19,48) size 85x16
                  LayoutText {#text} at (40,0) size 5x15
                    text run at (40,0) width 5: " "
                LayoutBlockFlow {P} at (7.19,64) size 85x16
                  LayoutText {#text} at (32,0) size 21x15
                    text run at (32,0) width 21: "Yes"
                LayoutBlockFlow {P} at (7.19,80) size 85x16
                  LayoutText {#text} at (32,0) size 21x15
                    text run at (32,0) width 21: "Yes"
                  LayoutInline {SPAN} at (0,0) size 1x15
                    LayoutInline {O:P} at (0,0) size 1x15
              LayoutTableCell {TD} at (367,777) size 106x96 [r=17 c=3 rs=1 cs=1]
                LayoutBlockFlow {P} at (7.19,0) size 92x16
                  LayoutText {#text} at (37,0) size 18x15
                    text run at (37,0) width 18: "No"
                LayoutBlockFlow {P} at (7.19,16) size 92x16
                  LayoutText {#text} at (35,0) size 22x15
                    text run at (35,0) width 22: "Yes"
                LayoutBlockFlow {P} at (7.19,32) size 92x16
                  LayoutText {#text} at (37,0) size 18x15
                    text run at (37,0) width 18: "No"
                LayoutBlockFlow {P} at (7.19,48) size 92x16
                  LayoutText {#text} at (44,0) size 4x15
                    text run at (44,0) width 4: " "
                LayoutBlockFlow {P} at (7.19,64) size 92x16
                  LayoutText {#text} at (37,0) size 18x15
                    text run at (37,0) width 18: "No"
                LayoutBlockFlow {P} at (7.19,80) size 92x16
                  LayoutText {#text} at (37,0) size 18x15
                    text run at (37,0) width 18: "No"
                  LayoutInline {SPAN} at (0,0) size 1x15
                    LayoutInline {O:P} at (0,0) size 1x15
            LayoutTableRow {TR} at (0,889) size 473x64
              LayoutTableCell {TD} at (0,889) size 98x16 [r=18 c=0 rs=1 cs=1]
                LayoutBlockFlow {P} at (7.19,0) size 84x16
                  LayoutText {#text} at (35,0) size 14x15
                    text run at (35,0) width 14: "19"
                  LayoutInline {SPAN} at (0,0) size 1x15
                    LayoutInline {O:P} at (0,0) size 1x15
              LayoutTableCell {TD} at (98,889) size 170x64 [r=18 c=1 rs=1 cs=1]
                LayoutBlockFlow {P} at (7.19,0) size 156x16
                  LayoutInline {SPAN} at (0,0) size 67x15
                    LayoutText {#text} at (0,0) size 67x15
                      text run at (0,0) width 41: "Noriya "
                      text run at (40,0) width 27: "Kato"
                LayoutBlockFlow {P} at (7.19,16) size 156x16
                  LayoutText {#text} at (0,0) size 57x15
                    text run at (0,0) width 57: "John Todd"
                LayoutBlockFlow {P} at (7.19,32) size 156x16
                  LayoutText {#text} at (0,0) size 73x15
                    text run at (0,0) width 73: "James Brown"
                LayoutBlockFlow {P} at (7.19,48) size 156x16
                  LayoutText {#text} at (0,0) size 84x15
                    text run at (0,0) width 84: "Mike Anderson"
                  LayoutInline {SPAN} at (0,0) size 1x15
                    LayoutInline {O:P} at (0,0) size 1x15
              LayoutTableCell {TD} at (268,889) size 99x64 [r=18 c=2 rs=1 cs=1]
                LayoutBlockFlow {P} at (7.19,0) size 85x16
                  LayoutInline {SPAN} at (0,0) size 21x15
                    LayoutText {#text} at (32,0) size 21x15
                      text run at (32,0) width 21: "Yes"
                LayoutBlockFlow {P} at (7.19,16) size 85x16
                  LayoutText {#text} at (40,0) size 5x15
                    text run at (40,0) width 5: " "
                LayoutBlockFlow {P} at (7.19,32) size 85x16
                  LayoutInline {SPAN} at (0,0) size 21x15
                    LayoutText {#text} at (32,0) size 21x15
                      text run at (32,0) width 21: "Yes"
                LayoutBlockFlow {P} at (7.19,48) size 85x16
                  LayoutInline {SPAN} at (0,0) size 21x15
                    LayoutText {#text} at (32,0) size 21x15
                      text run at (32,0) width 21: "Yes"
                  LayoutInline {SPAN} at (0,0) size 1x15
                    LayoutInline {O:P} at (0,0) size 1x15
              LayoutTableCell {TD} at (367,889) size 106x64 [r=18 c=3 rs=1 cs=1]
                LayoutBlockFlow {P} at (7.19,0) size 92x16
                  LayoutInline {SPAN} at (0,0) size 18x15
                    LayoutText {#text} at (37,0) size 18x15
                      text run at (37,0) width 18: "No"
                LayoutBlockFlow {P} at (7.19,16) size 92x16
                  LayoutText {#text} at (44,0) size 4x15
                    text run at (44,0) width 4: " "
                LayoutBlockFlow {P} at (7.19,32) size 92x16
                  LayoutInline {SPAN} at (0,0) size 18x15
                    LayoutText {#text} at (37,0) size 18x15
                      text run at (37,0) width 18: "No"
                LayoutBlockFlow {P} at (7.19,48) size 92x16
                  LayoutInline {SPAN} at (0,0) size 18x15
                    LayoutText {#text} at (37,0) size 18x15
                      text run at (37,0) width 18: "No"
                  LayoutInline {SPAN} at (0,0) size 1x15
                    LayoutInline {O:P} at (0,0) size 1x15
            LayoutTableRow {TR} at (0,953) size 473x48
              LayoutTableCell {TD} at (0,953) size 98x16 [r=19 c=0 rs=1 cs=1]
                LayoutBlockFlow {P} at (7.19,0) size 84x16
                  LayoutText {#text} at (35,0) size 14x15
                    text run at (35,0) width 14: "20"
                  LayoutInline {SPAN} at (0,0) size 1x15
                    LayoutInline {O:P} at (0,0) size 1x15
              LayoutTableCell {TD} at (98,953) size 170x48 [r=19 c=1 rs=1 cs=1]
                LayoutBlockFlow {P} at (7.19,0) size 156x16
                  LayoutText {#text} at (0,0) size 68x15
                    text run at (0,0) width 68: "Bill Johnson"
                LayoutBlockFlow {P} at (7.19,16) size 156x16
                  LayoutText {#text} at (0,0) size 88x15
                    text run at (0,0) width 88: "Dominic Bayani"
                LayoutBlockFlow {P} at (7.19,32) size 156x16
                  LayoutText {#text} at (0,0) size 70x15
                    text run at (0,0) width 70: "Rick Latham"
                  LayoutInline {SPAN} at (0,0) size 1x15
                    LayoutInline {O:P} at (0,0) size 1x15
              LayoutTableCell {TD} at (268,953) size 99x48 [r=19 c=2 rs=1 cs=1]
                LayoutBlockFlow {P} at (7.19,0) size 85x16
                  LayoutText {#text} at (32,0) size 21x15
                    text run at (32,0) width 21: "Yes"
                LayoutBlockFlow {P} at (7.19,16) size 85x16
                  LayoutText {#text} at (40,0) size 5x15
                    text run at (40,0) width 5: " "
                LayoutBlockFlow {P} at (7.19,32) size 85x16
                  LayoutText {#text} at (32,0) size 21x15
                    text run at (32,0) width 21: "Yes"
                  LayoutInline {SPAN} at (0,0) size 1x15
                    LayoutInline {O:P} at (0,0) size 1x15
              LayoutTableCell {TD} at (367,953) size 106x48 [r=19 c=3 rs=1 cs=1]
                LayoutBlockFlow {P} at (7.19,0) size 92x16
                  LayoutText {#text} at (37,0) size 18x15
                    text run at (37,0) width 18: "No"
                LayoutBlockFlow {P} at (7.19,16) size 92x16
                  LayoutText {#text} at (44,0) size 4x15
                    text run at (44,0) width 4: " "
                LayoutBlockFlow {P} at (7.19,32) size 92x16
                  LayoutText {#text} at (37,0) size 18x15
                    text run at (37,0) width 18: "No"
                  LayoutInline {SPAN} at (0,0) size 1x15
                    LayoutInline {O:P} at (0,0) size 1x15
            LayoutTableRow {TR} at (0,1001) size 473x16
              LayoutTableCell {TD} at (0,1001) size 98x16 [r=20 c=0 rs=1 cs=1]
                LayoutBlockFlow {P} at (7.19,0) size 84x16
                  LayoutText {#text} at (35,0) size 14x15
                    text run at (35,0) width 14: "21"
                  LayoutInline {SPAN} at (0,0) size 1x15
                    LayoutInline {O:P} at (0,0) size 1x15
              LayoutTableCell {TD} at (98,1001) size 170x16 [r=20 c=1 rs=1 cs=1]
                LayoutBlockFlow {P} at (7.19,0) size 156x16
                  LayoutText {#text} at (0,0) size 66x15
                    text run at (0,0) width 66: " Simon Tam"
                  LayoutInline {SPAN} at (0,0) size 1x15
                    LayoutInline {O:P} at (0,0) size 1x15
              LayoutTableCell {TD} at (268,1001) size 99x16 [r=20 c=2 rs=1 cs=1]
                LayoutBlockFlow {P} at (7.19,0) size 85x16
                  LayoutText {#text} at (40,0) size 5x15
                    text run at (40,0) width 5: " "
                  LayoutInline {SPAN} at (0,0) size 1x15
                    LayoutInline {O:P} at (0,0) size 1x15
              LayoutTableCell {TD} at (367,1001) size 106x16 [r=20 c=3 rs=1 cs=1]
                LayoutBlockFlow {P} at (7.19,0) size 92x16
                  LayoutText {#text} at (44,0) size 4x15
                    text run at (44,0) width 4: " "
                  LayoutInline {SPAN} at (0,0) size 1x15
                    LayoutInline {O:P} at (0,0) size 1x15
            LayoutTableRow {TR} at (0,1017) size 473x80
              LayoutTableCell {TD} at (0,1017) size 98x16 [r=21 c=0 rs=1 cs=1]
                LayoutBlockFlow {P} at (7.19,0) size 84x16
                  LayoutText {#text} at (35,0) size 14x15
                    text run at (35,0) width 14: "22"
                  LayoutInline {SPAN} at (0,0) size 1x15
                    LayoutInline {O:P} at (0,0) size 1x15
              LayoutTableCell {TD} at (98,1017) size 170x80 [r=21 c=1 rs=1 cs=1]
                LayoutBlockFlow {P} at (7.19,0) size 156x16
                  LayoutText {#text} at (0,0) size 65x15
                    text run at (0,0) width 65: "Dave Neves"
                  LayoutInline {SPAN} at (0,0) size 1x15
                    LayoutInline {O:P} at (0,0) size 1x15
                LayoutBlockFlow {P} at (7.19,16) size 156x16
                  LayoutText {#text} at (0,0) size 90x15
                    text run at (0,0) width 90: "Grant Sanderson"
                  LayoutInline {SPAN} at (0,0) size 1x15
                    LayoutInline {O:P} at (0,0) size 1x15
                LayoutBlockFlow {P} at (7.19,32) size 156x16
                  LayoutText {#text} at (0,0) size 85x15
                    text run at (0,0) width 85: "Maurice Burton"
                LayoutBlockFlow {P} at (7.19,48) size 156x16
                  LayoutText {#text} at (0,0) size 117x15
                    text run at (0,0) width 117: "Mike Gilmartin ?????"
                LayoutBlockFlow {P} at (7.19,64) size 156x16
                  LayoutText {#text} at (0,0) size 67x15
                    text run at (0,0) width 67: "Chris Walsh"
                  LayoutInline {SPAN} at (0,0) size 1x15
                    LayoutInline {O:P} at (0,0) size 1x15
              LayoutTableCell {TD} at (268,1017) size 99x80 [r=21 c=2 rs=1 cs=1]
                LayoutBlockFlow {P} at (7.19,0) size 85x16
                  LayoutText {#text} at (32,0) size 21x15
                    text run at (32,0) width 21: "Yes"
                  LayoutInline {SPAN} at (0,0) size 1x15
                    LayoutInline {O:P} at (0,0) size 1x15
                LayoutBlockFlow {P} at (7.19,16) size 85x16
                  LayoutText {#text} at (32,0) size 21x15
                    text run at (32,0) width 21: "Yes"
                  LayoutInline {SPAN} at (0,0) size 1x15
                    LayoutInline {O:P} at (0,0) size 1x15
                LayoutBlockFlow {P} at (7.19,32) size 85x16
                  LayoutText {#text} at (32,0) size 21x15
                    text run at (32,0) width 21: "Yes"
                LayoutBlockFlow {P} at (7.19,48) size 85x16
                  LayoutText {#text} at (32,0) size 21x15
                    text run at (32,0) width 21: "Yes"
                LayoutBlockFlow {P} at (7.19,64) size 85x16
                  LayoutText {#text} at (32,0) size 21x15
                    text run at (32,0) width 21: "Yes"
                  LayoutInline {SPAN} at (0,0) size 1x15
                    LayoutInline {O:P} at (0,0) size 1x15
              LayoutTableCell {TD} at (367,1017) size 106x80 [r=21 c=3 rs=1 cs=1]
                LayoutBlockFlow {P} at (7.19,0) size 92x16
                  LayoutText {#text} at (35,0) size 22x15
                    text run at (35,0) width 22: "Yes"
                  LayoutInline {SPAN} at (0,0) size 1x15
                    LayoutInline {O:P} at (0,0) size 1x15
                LayoutBlockFlow {P} at (7.19,16) size 92x16
                  LayoutText {#text} at (37,0) size 18x15
                    text run at (37,0) width 18: "No"
                  LayoutInline {SPAN} at (0,0) size 1x15
                    LayoutInline {O:P} at (0,0) size 1x15
                LayoutBlockFlow {P} at (7.19,32) size 92x16
                  LayoutText {#text} at (37,0) size 18x15
                    text run at (37,0) width 18: "No"
                LayoutBlockFlow {P} at (7.19,48) size 92x16
                  LayoutText {#text} at (35,0) size 22x15
                    text run at (35,0) width 22: "Yes"
                LayoutBlockFlow {P} at (7.19,64) size 92x16
                  LayoutText {#text} at (37,0) size 18x15
                    text run at (37,0) width 18: "No"
                  LayoutInline {SPAN} at (0,0) size 1x15
                    LayoutInline {O:P} at (0,0) size 1x15
            LayoutTableRow {TR} at (0,1097) size 473x80
              LayoutTableCell {TD} at (0,1097) size 98x16 [r=22 c=0 rs=1 cs=1]
                LayoutBlockFlow {P} at (7.19,0) size 84x16
                  LayoutText {#text} at (35,0) size 14x15
                    text run at (35,0) width 14: "23"
                  LayoutInline {SPAN} at (0,0) size 1x15
                    LayoutInline {O:P} at (0,0) size 1x15
              LayoutTableCell {TD} at (98,1097) size 170x80 [r=22 c=1 rs=1 cs=1]
                LayoutBlockFlow {P} at (7.19,0) size 156x16
                  LayoutText {#text} at (0,0) size 65x15
                    text run at (0,0) width 65: "Dave Neves"
                  LayoutInline {SPAN} at (0,0) size 1x15
                    LayoutInline {O:P} at (0,0) size 1x15
                LayoutBlockFlow {P} at (7.19,16) size 156x16
                  LayoutText {#text} at (0,0) size 85x15
                    text run at (0,0) width 85: "Maurice Burton"
                LayoutBlockFlow {P} at (7.19,32) size 156x16
                  LayoutText {#text} at (0,0) size 63x15
                    text run at (0,0) width 63: "Oliver Baer"
                LayoutBlockFlow {P} at (7.19,48) size 156x16
                  LayoutText {#text} at (0,0) size 57x15
                    text run at (0,0) width 57: "John Todd"
                LayoutBlockFlow {P} at (7.19,64) size 156x16
                  LayoutText {#text} at (0,0) size 66x15
                    text run at (0,0) width 66: "Rich Saunef"
                  LayoutInline {SPAN} at (0,0) size 1x15
                    LayoutInline {O:P} at (0,0) size 1x15
              LayoutTableCell {TD} at (268,1097) size 99x80 [r=22 c=2 rs=1 cs=1]
                LayoutBlockFlow {P} at (7.19,0) size 85x16
                  LayoutText {#text} at (32,0) size 21x15
                    text run at (32,0) width 21: "Yes"
                  LayoutInline {SPAN} at (0,0) size 1x15
                    LayoutInline {O:P} at (0,0) size 1x15
                LayoutBlockFlow {P} at (7.19,16) size 85x16
                  LayoutText {#text} at (32,0) size 21x15
                    text run at (32,0) width 21: "Yes"
                LayoutBlockFlow {P} at (7.19,32) size 85x16
                  LayoutText {#text} at (32,0) size 21x15
                    text run at (32,0) width 21: "Yes"
                LayoutBlockFlow {P} at (7.19,48) size 85x16
                  LayoutText {#text} at (40,0) size 5x15
                    text run at (40,0) width 5: " "
                LayoutBlockFlow {P} at (7.19,64) size 85x16
                  LayoutText {#text} at (32,0) size 21x15
                    text run at (32,0) width 21: "Yes"
                  LayoutInline {SPAN} at (0,0) size 1x15
                    LayoutInline {O:P} at (0,0) size 1x15
              LayoutTableCell {TD} at (367,1097) size 106x80 [r=22 c=3 rs=1 cs=1]
                LayoutBlockFlow {P} at (7.19,0) size 92x16
                  LayoutText {#text} at (35,0) size 22x15
                    text run at (35,0) width 22: "Yes"
                  LayoutInline {SPAN} at (0,0) size 1x15
                    LayoutInline {O:P} at (0,0) size 1x15
                LayoutBlockFlow {P} at (7.19,16) size 92x16
                  LayoutText {#text} at (37,0) size 18x15
                    text run at (37,0) width 18: "No"
                LayoutBlockFlow {P} at (7.19,32) size 92x16
                  LayoutText {#text} at (37,0) size 18x15
                    text run at (37,0) width 18: "No"
                LayoutBlockFlow {P} at (7.19,48) size 92x16
                  LayoutText {#text} at (44,0) size 4x15
                    text run at (44,0) width 4: " "
                LayoutBlockFlow {P} at (7.19,64) size 92x16
                  LayoutText {#text} at (37,0) size 18x15
                    text run at (37,0) width 18: "No"
                  LayoutInline {SPAN} at (0,0) size 1x15
                    LayoutInline {O:P} at (0,0) size 1x15
            LayoutTableRow {TR} at (0,1177) size 473x80
              LayoutTableCell {TD} at (0,1177) size 98x16 [r=23 c=0 rs=1 cs=1]
                LayoutBlockFlow {P} at (7.19,0) size 84x16
                  LayoutText {#text} at (35,0) size 14x15
                    text run at (35,0) width 14: "24"
                  LayoutInline {SPAN} at (0,0) size 1x15
                    LayoutInline {O:P} at (0,0) size 1x15
              LayoutTableCell {TD} at (98,1177) size 170x80 [r=23 c=1 rs=1 cs=1]
                LayoutBlockFlow {P} at (7.19,0) size 156x16
                  LayoutText {#text} at (0,0) size 67x15
                    text run at (0,0) width 67: " Dan Sievert"
                LayoutBlockFlow {P} at (7.19,16) size 156x16
                  LayoutText {#text} at (0,0) size 62x15
                    text run at (0,0) width 62: "Jerry Davis"
                LayoutBlockFlow {P} at (7.19,32) size 156x16
                  LayoutText {#text} at (0,0) size 63x15
                    text run at (0,0) width 63: "Scott Hersh"
                LayoutBlockFlow {P} at (7.19,48) size 156x16
                  LayoutText {#text} at (0,0) size 51x15
                    text run at (0,0) width 51: "Rick Bell"
                LayoutBlockFlow {P} at (7.19,64) size 156x16
                  LayoutText {#text} at (0,0) size 57x15
                    text run at (0,0) width 57: "Eric Shum"
                  LayoutInline {SPAN} at (0,0) size 1x15
                    LayoutInline {O:P} at (0,0) size 1x15
              LayoutTableCell {TD} at (268,1177) size 99x80 [r=23 c=2 rs=1 cs=1]
                LayoutBlockFlow {P} at (7.19,0) size 85x16
                  LayoutText {#text} at (30,0) size 25x15
                    text run at (30,0) width 25: " Yes"
                LayoutBlockFlow {P} at (7.19,16) size 85x16
                  LayoutText {#text} at (32,0) size 21x15
                    text run at (32,0) width 21: "Yes"
                LayoutBlockFlow {P} at (7.19,32) size 85x16
                  LayoutText {#text} at (32,0) size 21x15
                    text run at (32,0) width 21: "Yes"
                LayoutBlockFlow {P} at (7.19,48) size 85x16
                  LayoutText {#text} at (32,0) size 21x15
                    text run at (32,0) width 21: "Yes"
                LayoutBlockFlow {P} at (7.19,64) size 85x16
                  LayoutText {#text} at (32,0) size 21x15
                    text run at (32,0) width 21: "Yes"
                  LayoutInline {SPAN} at (0,0) size 1x15
                    LayoutInline {O:P} at (0,0) size 1x15
              LayoutTableCell {TD} at (367,1177) size 106x80 [r=23 c=3 rs=1 cs=1]
                LayoutBlockFlow {P} at (7.19,0) size 92x16
                  LayoutText {#text} at (36,0) size 20x15
                    text run at (36,0) width 20: " No"
                LayoutBlockFlow {P} at (7.19,16) size 92x16
                  LayoutText {#text} at (37,0) size 18x15
                    text run at (37,0) width 18: "No"
                LayoutBlockFlow {P} at (7.19,32) size 92x16
                  LayoutText {#text} at (37,0) size 18x15
                    text run at (37,0) width 18: "No"
                LayoutBlockFlow {P} at (7.19,48) size 92x16
                  LayoutText {#text} at (37,0) size 18x15
                    text run at (37,0) width 18: "No"
                LayoutBlockFlow {P} at (7.19,64) size 92x16
                  LayoutText {#text} at (37,0) size 18x15
                    text run at (37,0) width 18: "No"
                  LayoutInline {SPAN} at (0,0) size 1x15
                    LayoutInline {O:P} at (0,0) size 1x15
            LayoutTableRow {TR} at (0,1257) size 473x32
              LayoutTableCell {TD} at (0,1257) size 98x16 [r=24 c=0 rs=1 cs=1]
                LayoutBlockFlow {P} at (7.19,0) size 84x16
                  LayoutText {#text} at (35,0) size 14x15
                    text run at (35,0) width 14: "25"
                  LayoutInline {SPAN} at (0,0) size 1x15
                    LayoutInline {O:P} at (0,0) size 1x15
              LayoutTableCell {TD} at (98,1257) size 170x32 [r=24 c=1 rs=1 cs=1]
                LayoutBlockFlow {P} at (7.19,0) size 156x16
                  LayoutText {#text} at (0,0) size 71x15
                    text run at (0,0) width 71: "James Davey"
                LayoutBlockFlow {P} at (7.19,16) size 156x16
                  LayoutText {#text} at (0,0) size 93x15
                    text run at (0,0) width 93: "Ruenjoe (Joe) Lu"
                  LayoutInline {SPAN} at (0,0) size 1x15
                    LayoutInline {O:P} at (0,0) size 1x15
              LayoutTableCell {TD} at (268,1257) size 99x16 [r=24 c=2 rs=1 cs=1]
                LayoutBlockFlow {P} at (7.19,0) size 85x16
                  LayoutText {#text} at (32,0) size 21x15
                    text run at (32,0) width 21: "Yes"
                  LayoutInline {SPAN} at (0,0) size 1x15
                    LayoutInline {O:P} at (0,0) size 1x15
              LayoutTableCell {TD} at (367,1257) size 106x16 [r=24 c=3 rs=1 cs=1]
                LayoutBlockFlow {P} at (7.19,0) size 92x16
                  LayoutText {#text} at (35,0) size 22x15
                    text run at (35,0) width 22: "Yes"
                  LayoutInline {SPAN} at (0,0) size 1x15
                    LayoutInline {O:P} at (0,0) size 1x15
            LayoutTableRow {TR} at (0,1289) size 473x160
              LayoutTableCell {TD} at (0,1289) size 98x16 [r=25 c=0 rs=1 cs=1]
                LayoutBlockFlow {P} at (7.19,0) size 84x16
                  LayoutText {#text} at (35,0) size 14x15
                    text run at (35,0) width 14: "26"
                  LayoutInline {SPAN} at (0,0) size 1x15
                    LayoutInline {O:P} at (0,0) size 1x15
              LayoutTableCell {TD} at (98,1289) size 170x160 [r=25 c=1 rs=1 cs=1]
                LayoutBlockFlow {P} at (7.19,0) size 156x16
                  LayoutText {#text} at (0,0) size 88x15
                    text run at (0,0) width 88: "Alan Littlewood"
                  LayoutInline {SPAN} at (0,0) size 1x15
                    LayoutInline {O:P} at (0,0) size 1x15
                LayoutBlockFlow {P} at (7.19,16) size 156x16
                  LayoutText {#text} at (0,0) size 73x15
                    text run at (0,0) width 73: "Darren Braun"
                  LayoutInline {SPAN} at (0,0) size 1x15
                    LayoutInline {O:P} at (0,0) size 1x15
                LayoutBlockFlow {P} at (7.19,32) size 156x16
                  LayoutText {#text} at (0,0) size 63x15
                    text run at (0,0) width 63: "Simon Tam"
                LayoutBlockFlow {P} at (7.19,48) size 156x16
                  LayoutText {#text} at (0,0) size 77x15
                    text run at (0,0) width 77: "Chuck Pringle"
                LayoutBlockFlow {P} at (7.19,64) size 156x16
                  LayoutText {#text} at (0,0) size 90x15
                    text run at (0,0) width 90: "Gary Pendergras"
                LayoutBlockFlow {P} at (7.19,80) size 156x16
                  LayoutText {#text} at (0,0) size 79x15
                    text run at (0,0) width 79: "Peter Mazanec"
                LayoutBlockFlow {P} at (7.19,96) size 156x16
                  LayoutText {#text} at (0,0) size 83x15
                    text run at (0,0) width 83: "Harry Imamura"
                LayoutBlockFlow {P} at (7.19,112) size 156x16
                  LayoutText {#text} at (0,0) size 59x15
                    text run at (0,0) width 59: "Joe Araujo"
                LayoutBlockFlow {P} at (7.19,128) size 156x16
                  LayoutText {#text} at (0,0) size 79x15
                    text run at (0,0) width 79: "Gary Williams"
                LayoutBlockFlow {P} at (7.19,144) size 156x16
                  LayoutText {#text} at (0,0) size 89x15
                    text run at (0,0) width 89: "Jack Goodfriend"
                  LayoutInline {SPAN} at (0,0) size 1x15
                    LayoutInline {O:P} at (0,0) size 1x15
              LayoutTableCell {TD} at (268,1289) size 99x112 [r=25 c=2 rs=1 cs=1]
                LayoutBlockFlow {P} at (7.19,0) size 85x16
                  LayoutText {#text} at (32,0) size 21x15
                    text run at (32,0) width 21: "Yes"
                  LayoutInline {SPAN} at (0,0) size 1x15
                    LayoutInline {O:P} at (0,0) size 1x15
                LayoutBlockFlow {P} at (7.19,16) size 85x16
                  LayoutText {#text} at (32,0) size 21x15
                    text run at (32,0) width 21: "Yes"
                  LayoutInline {SPAN} at (0,0) size 1x15
                    LayoutInline {O:P} at (0,0) size 1x15
                LayoutBlockFlow {P} at (7.19,32) size 85x16
                  LayoutText {#text} at (32,0) size 21x15
                    text run at (32,0) width 21: "Yes"
                LayoutBlockFlow {P} at (7.19,48) size 85x16
                  LayoutText {#text} at (32,0) size 21x15
                    text run at (32,0) width 21: "Yes"
                LayoutBlockFlow {P} at (7.19,64) size 85x16
                  LayoutText {#text} at (32,0) size 21x15
                    text run at (32,0) width 21: "Yes"
                LayoutBlockFlow {P} at (7.19,80) size 85x16
                  LayoutText {#text} at (32,0) size 21x15
                    text run at (32,0) width 21: "Yes"
                LayoutBlockFlow {P} at (7.19,96) size 85x16
                  LayoutText {#text} at (34,0) size 17x15
                    text run at (34,0) width 17: "No"
                  LayoutInline {SPAN} at (0,0) size 1x15
                    LayoutInline {O:P} at (0,0) size 1x15
              LayoutTableCell {TD} at (367,1289) size 106x112 [r=25 c=3 rs=1 cs=1]
                LayoutBlockFlow {P} at (7.19,0) size 92x16
                  LayoutText {#text} at (37,0) size 18x15
                    text run at (37,0) width 18: "No"
                  LayoutInline {SPAN} at (0,0) size 1x15
                    LayoutInline {O:P} at (0,0) size 1x15
                LayoutBlockFlow {P} at (7.19,16) size 92x16
                  LayoutText {#text} at (37,0) size 18x15
                    text run at (37,0) width 18: "No"
                  LayoutInline {SPAN} at (0,0) size 1x15
                    LayoutInline {O:P} at (0,0) size 1x15
                LayoutBlockFlow {P} at (7.19,32) size 92x16
                  LayoutText {#text} at (37,0) size 18x15
                    text run at (37,0) width 18: "No"
                LayoutBlockFlow {P} at (7.19,48) size 92x16
                  LayoutText {#text} at (37,0) size 18x15
                    text run at (37,0) width 18: "No"
                LayoutBlockFlow {P} at (7.19,64) size 92x16
                  LayoutText {#text} at (37,0) size 18x15
                    text run at (37,0) width 18: "No"
                LayoutBlockFlow {P} at (7.19,80) size 92x16
                  LayoutText {#text} at (37,0) size 18x15
                    text run at (37,0) width 18: "No"
                LayoutBlockFlow {P} at (7.19,96) size 92x16
                  LayoutText {#text} at (35,0) size 22x15
                    text run at (35,0) width 22: "Yes"
                  LayoutInline {SPAN} at (0,0) size 1x15
                    LayoutInline {O:P} at (0,0) size 1x15
            LayoutTableRow {TR} at (0,1449) size 473x96
              LayoutTableCell {TD} at (0,1449) size 98x16 [r=26 c=0 rs=1 cs=1]
                LayoutBlockFlow {P} at (7.19,0) size 84x16
                  LayoutText {#text} at (35,0) size 14x15
                    text run at (35,0) width 14: "27"
                  LayoutInline {SPAN} at (0,0) size 1x15
                    LayoutInline {O:P} at (0,0) size 1x15
              LayoutTableCell {TD} at (98,1449) size 170x96 [r=26 c=1 rs=1 cs=1]
                LayoutBlockFlow {P} at (7.19,0) size 156x16
                  LayoutText {#text} at (0,0) size 73x15
                    text run at (0,0) width 73: "Darren Braun"
                  LayoutInline {SPAN} at (0,0) size 1x15
                    LayoutInline {O:P} at (0,0) size 1x15
                LayoutBlockFlow {P} at (7.19,16) size 156x16
                  LayoutText {#text} at (0,0) size 94x15
                    text run at (0,0) width 94: "Ian + Brad Carter"
                  LayoutInline {SPAN} at (0,0) size 1x15
                    LayoutInline {O:P} at (0,0) size 1x15
                LayoutBlockFlow {P} at (7.19,32) size 156x16
                  LayoutText {#text} at (0,0) size 73x15
                    text run at (0,0) width 73: "Pete Peterson"
                LayoutBlockFlow {P} at (7.19,48) size 156x16
                  LayoutText {#text} at (0,0) size 83x15
                    text run at (0,0) width 83: "John Chamorro"
                LayoutBlockFlow {P} at (7.19,64) size 156x16
                  LayoutText {#text} at (0,0) size 69x15
                    text run at (0,0) width 69: "Ali Erdengiz"
                LayoutBlockFlow {P} at (7.19,80) size 156x16
                  LayoutText {#text} at (0,0) size 57x15
                    text run at (0,0) width 57: "Saibal Sen"
                  LayoutInline {SPAN} at (0,0) size 1x15
                    LayoutInline {O:P} at (0,0) size 1x15
              LayoutTableCell {TD} at (268,1449) size 99x96 [r=26 c=2 rs=1 cs=1]
                LayoutBlockFlow {P} at (7.19,0) size 85x16
                  LayoutText {#text} at (32,0) size 21x15
                    text run at (32,0) width 21: "Yes"
                  LayoutInline {SPAN} at (0,0) size 1x15
                    LayoutInline {O:P} at (0,0) size 1x15
                LayoutBlockFlow {P} at (7.19,16) size 85x16
                  LayoutText {#text} at (32,0) size 21x15
                    text run at (32,0) width 21: "Yes"
                  LayoutInline {SPAN} at (0,0) size 1x15
                    LayoutInline {O:P} at (0,0) size 1x15
                LayoutBlockFlow {P} at (7.19,32) size 85x16
                  LayoutText {#text} at (32,0) size 21x15
                    text run at (32,0) width 21: "Yes"
                LayoutBlockFlow {P} at (7.19,48) size 85x16
                  LayoutText {#text} at (40,0) size 5x15
                    text run at (40,0) width 5: " "
                LayoutBlockFlow {P} at (7.19,64) size 85x16
                  LayoutText {#text} at (40,0) size 5x15
                    text run at (40,0) width 5: " "
                LayoutBlockFlow {P} at (7.19,80) size 85x16
                  LayoutText {#text} at (32,0) size 21x15
                    text run at (32,0) width 21: "Yes"
                  LayoutInline {SPAN} at (0,0) size 1x15
                    LayoutInline {O:P} at (0,0) size 1x15
              LayoutTableCell {TD} at (367,1449) size 106x96 [r=26 c=3 rs=1 cs=1]
                LayoutBlockFlow {P} at (7.19,0) size 92x16
                  LayoutText {#text} at (37,0) size 18x15
                    text run at (37,0) width 18: "No"
                  LayoutInline {SPAN} at (0,0) size 1x15
                    LayoutInline {O:P} at (0,0) size 1x15
                LayoutBlockFlow {P} at (7.19,16) size 92x16
                  LayoutText {#text} at (37,0) size 18x15
                    text run at (37,0) width 18: "No"
                  LayoutInline {SPAN} at (0,0) size 1x15
                    LayoutInline {O:P} at (0,0) size 1x15
                LayoutBlockFlow {P} at (7.19,32) size 92x16
                  LayoutText {#text} at (37,0) size 18x15
                    text run at (37,0) width 18: "No"
                LayoutBlockFlow {P} at (7.19,48) size 92x16
                  LayoutText {#text} at (44,0) size 4x15
                    text run at (44,0) width 4: " "
                LayoutBlockFlow {P} at (7.19,64) size 92x16
                  LayoutText {#text} at (44,0) size 4x15
                    text run at (44,0) width 4: " "
                LayoutBlockFlow {P} at (7.19,80) size 92x16
                  LayoutText {#text} at (37,0) size 18x15
                    text run at (37,0) width 18: "No"
                  LayoutInline {SPAN} at (0,0) size 1x15
                    LayoutInline {O:P} at (0,0) size 1x15
            LayoutTableRow {TR} at (0,1545) size 473x144
              LayoutTableCell {TD} at (0,1545) size 98x16 [r=27 c=0 rs=1 cs=1]
                LayoutBlockFlow {P} at (7.19,0) size 84x16
                  LayoutText {#text} at (35,0) size 14x15
                    text run at (35,0) width 14: "28"
                  LayoutInline {SPAN} at (0,0) size 1x15
                    LayoutInline {O:P} at (0,0) size 1x15
              LayoutTableCell {TD} at (98,1545) size 170x144 [r=27 c=1 rs=1 cs=1]
                LayoutBlockFlow {P} at (7.19,0) size 156x16
                  LayoutText {#text} at (0,0) size 94x15
                    text run at (0,0) width 94: "Zak + Mike West"
                  LayoutInline {SPAN} at (0,0) size 1x15
                    LayoutInline {O:P} at (0,0) size 1x15
                LayoutBlockFlow {P} at (7.19,16) size 156x16
                  LayoutText {#text} at (0,0) size 65x15
                    text run at (0,0) width 65: "Dave Neves"
                  LayoutInline {SPAN} at (0,0) size 1x15
                    LayoutInline {O:P} at (0,0) size 1x15
                LayoutBlockFlow {P} at (7.19,32) size 156x16
                  LayoutText {#text} at (0,0) size 79x15
                    text run at (0,0) width 79: "Richard Green"
                  LayoutInline {SPAN} at (0,0) size 1x15
                    LayoutInline {O:P} at (0,0) size 1x15
                LayoutBlockFlow {P} at (7.19,48) size 156x16
                  LayoutText {#text} at (0,0) size 69x15
                    text run at (0,0) width 69: "Javier Flores"
                LayoutBlockFlow {P} at (7.19,64) size 156x16
                  LayoutText {#text} at (0,0) size 86x15
                    text run at (0,0) width 86: "Gerald Cardinal"
                LayoutBlockFlow {P} at (7.19,80) size 156x16
                  LayoutText {#text} at (0,0) size 64x15
                    text run at (0,0) width 64: "Dan Sievert"
                LayoutBlockFlow {P} at (7.19,96) size 156x16
                  LayoutText {#text} at (0,0) size 69x15
                    text run at (0,0) width 69: "Ali Erdengiz"
                LayoutBlockFlow {P} at (7.19,112) size 156x16
                  LayoutText {#text} at (0,0) size 64x15
                    text run at (0,0) width 64: "Paul Walter"
                LayoutBlockFlow {P} at (7.19,128) size 156x16
                  LayoutText {#text} at (0,0) size 62x15
                    text run at (0,0) width 62: "Jerry Davis"
                  LayoutInline {SPAN} at (0,0) size 1x15
                    LayoutInline {O:P} at (0,0) size 1x15
              LayoutTableCell {TD} at (268,1545) size 99x144 [r=27 c=2 rs=1 cs=1]
                LayoutBlockFlow {P} at (7.19,0) size 85x16
                  LayoutText {#text} at (32,0) size 21x15
                    text run at (32,0) width 21: "Yes"
                  LayoutInline {SPAN} at (0,0) size 1x15
                    LayoutInline {O:P} at (0,0) size 1x15
                LayoutBlockFlow {P} at (7.19,16) size 85x16
                  LayoutText {#text} at (32,0) size 21x15
                    text run at (32,0) width 21: "Yes"
                  LayoutInline {SPAN} at (0,0) size 1x15
                    LayoutInline {O:P} at (0,0) size 1x15
                LayoutBlockFlow {P} at (7.19,32) size 85x16
                  LayoutText {#text} at (32,0) size 21x15
                    text run at (32,0) width 21: "Yes"
                  LayoutInline {SPAN} at (0,0) size 1x15
                    LayoutInline {O:P} at (0,0) size 1x15
                LayoutBlockFlow {P} at (7.19,48) size 85x16
                  LayoutText {#text} at (32,0) size 21x15
                    text run at (32,0) width 21: "Yes"
                LayoutBlockFlow {P} at (7.19,64) size 85x16
                  LayoutText {#text} at (40,0) size 5x15
                    text run at (40,0) width 5: " "
                LayoutBlockFlow {P} at (7.19,80) size 85x16
                  LayoutText {#text} at (32,0) size 21x15
                    text run at (32,0) width 21: "Yes"
                LayoutBlockFlow {P} at (7.19,96) size 85x16
                  LayoutText {#text} at (40,0) size 5x15
                    text run at (40,0) width 5: " "
                LayoutBlockFlow {P} at (7.19,112) size 85x16
                  LayoutText {#text} at (40,0) size 5x15
                    text run at (40,0) width 5: " "
                LayoutBlockFlow {P} at (7.19,128) size 85x16
                  LayoutText {#text} at (32,0) size 21x15
                    text run at (32,0) width 21: "Yes"
                  LayoutInline {SPAN} at (0,0) size 1x15
                    LayoutInline {O:P} at (0,0) size 1x15
              LayoutTableCell {TD} at (367,1545) size 106x144 [r=27 c=3 rs=1 cs=1]
                LayoutBlockFlow {P} at (7.19,0) size 92x16
                  LayoutText {#text} at (35,0) size 22x15
                    text run at (35,0) width 22: "Yes"
                  LayoutInline {SPAN} at (0,0) size 1x15
                    LayoutInline {O:P} at (0,0) size 1x15
                LayoutBlockFlow {P} at (7.19,16) size 92x16
                  LayoutText {#text} at (35,0) size 22x15
                    text run at (35,0) width 22: "Yes"
                  LayoutInline {SPAN} at (0,0) size 1x15
                    LayoutInline {O:P} at (0,0) size 1x15
                LayoutBlockFlow {P} at (7.19,32) size 92x16
                  LayoutText {#text} at (37,0) size 18x15
                    text run at (37,0) width 18: "No"
                  LayoutInline {SPAN} at (0,0) size 1x15
                    LayoutInline {O:P} at (0,0) size 1x15
                LayoutBlockFlow {P} at (7.19,48) size 92x16
                  LayoutText {#text} at (37,0) size 18x15
                    text run at (37,0) width 18: "No"
                LayoutBlockFlow {P} at (7.19,64) size 92x16
                  LayoutText {#text} at (44,0) size 4x15
                    text run at (44,0) width 4: " "
                LayoutBlockFlow {P} at (7.19,80) size 92x16
                  LayoutText {#text} at (37,0) size 18x15
                    text run at (37,0) width 18: "No"
                LayoutBlockFlow {P} at (7.19,96) size 92x16
                  LayoutText {#text} at (44,0) size 4x15
                    text run at (44,0) width 4: " "
                LayoutBlockFlow {P} at (7.19,112) size 92x16
                  LayoutText {#text} at (44,0) size 4x15
                    text run at (44,0) width 4: " "
                LayoutBlockFlow {P} at (7.19,128) size 92x16
                  LayoutText {#text} at (37,0) size 18x15
                    text run at (37,0) width 18: "No"
                  LayoutInline {SPAN} at (0,0) size 1x15
                    LayoutInline {O:P} at (0,0) size 1x15
            LayoutTableRow {TR} at (0,1689) size 473x48
              LayoutTableCell {TD} at (0,1689) size 98x16 [r=28 c=0 rs=1 cs=1]
                LayoutBlockFlow {P} at (7.19,0) size 84x16
                  LayoutText {#text} at (35,0) size 14x15
                    text run at (35,0) width 14: "29"
                  LayoutInline {SPAN} at (0,0) size 1x15
                    LayoutInline {O:P} at (0,0) size 1x15
              LayoutTableCell {TD} at (98,1689) size 170x48 [r=28 c=1 rs=1 cs=1]
                LayoutBlockFlow {P} at (7.19,0) size 156x16
                  LayoutText {#text} at (0,0) size 69x15
                    text run at (0,0) width 69: "Javier Flores"
                  LayoutInline {SPAN} at (0,0) size 1x15
                    LayoutInline {O:P} at (0,0) size 1x15
                LayoutBlockFlow {P} at (7.19,16) size 156x16
                  LayoutText {#text} at (0,0) size 68x15
                    text run at (0,0) width 68: "Bill Johnson"
                LayoutBlockFlow {P} at (7.19,32) size 156x16
                  LayoutText {#text} at (0,0) size 57x15
                    text run at (0,0) width 57: "John Todd"
                  LayoutInline {SPAN} at (0,0) size 1x15
                    LayoutInline {O:P} at (0,0) size 1x15
              LayoutTableCell {TD} at (268,1689) size 99x32 [r=28 c=2 rs=1 cs=1]
                LayoutBlockFlow {P} at (7.19,0) size 85x16
                  LayoutText {#text} at (32,0) size 21x15
                    text run at (32,0) width 21: "Yes"
                  LayoutInline {SPAN} at (0,0) size 1x15
                    LayoutInline {O:P} at (0,0) size 1x15
                LayoutBlockFlow {P} at (7.19,16) size 85x16
                  LayoutText {#text} at (32,0) size 21x15
                    text run at (32,0) width 21: "Yes"
                  LayoutInline {SPAN} at (0,0) size 1x15
                    LayoutInline {O:P} at (0,0) size 1x15
              LayoutTableCell {TD} at (367,1689) size 106x32 [r=28 c=3 rs=1 cs=1]
                LayoutBlockFlow {P} at (7.19,0) size 92x16
                  LayoutText {#text} at (37,0) size 18x15
                    text run at (37,0) width 18: "No"
                  LayoutInline {SPAN} at (0,0) size 1x15
                    LayoutInline {O:P} at (0,0) size 1x15
                LayoutBlockFlow {P} at (7.19,16) size 92x16
                  LayoutText {#text} at (37,0) size 18x15
                    text run at (37,0) width 18: "No"
                  LayoutInline {SPAN} at (0,0) size 1x15
                    LayoutInline {O:P} at (0,0) size 1x15
            LayoutTableRow {TR} at (0,1737) size 473x112
              LayoutTableCell {TD} at (0,1737) size 98x16 [r=29 c=0 rs=1 cs=1]
                LayoutBlockFlow {P} at (7.19,0) size 84x16
                  LayoutText {#text} at (35,0) size 14x15
                    text run at (35,0) width 14: "30"
                  LayoutInline {SPAN} at (0,0) size 1x15
                    LayoutInline {O:P} at (0,0) size 1x15
              LayoutTableCell {TD} at (98,1737) size 170x112 [r=29 c=1 rs=1 cs=1]
                LayoutBlockFlow {P} at (7.19,0) size 156x16
                  LayoutText {#text} at (0,0) size 88x15
                    text run at (0,0) width 88: "Alan Littlewood"
                  LayoutInline {SPAN} at (0,0) size 1x15
                    LayoutInline {O:P} at (0,0) size 1x15
                LayoutBlockFlow {P} at (7.19,16) size 156x16
                  LayoutText {#text} at (0,0) size 85x15
                    text run at (0,0) width 85: "George Coward"
                  LayoutInline {SPAN} at (0,0) size 1x15
                    LayoutInline {O:P} at (0,0) size 1x15
                LayoutBlockFlow {P} at (7.19,32) size 156x16
                  LayoutText {#text} at (0,0) size 85x15
                    text run at (0,0) width 85: "Maurice Burton"
                LayoutBlockFlow {P} at (7.19,48) size 156x16
                  LayoutText {#text} at (0,0) size 64x15
                    text run at (0,0) width 64: "Dan Sievert"
                LayoutBlockFlow {P} at (7.19,64) size 156x16
                  LayoutText {#text} at (0,0) size 113x15
                    text run at (0,0) width 113: "Michael DeGiovanni"
                LayoutBlockFlow {P} at (7.19,80) size 156x16
                  LayoutText {#text} at (0,0) size 89x15
                    text run at (0,0) width 89: "Jack Goodfriend"
                LayoutBlockFlow {P} at (7.19,96) size 156x16
                  LayoutText {#text} at (0,0) size 90x15
                    text run at (0,0) width 90: "Richard Sanchez"
                  LayoutInline {SPAN} at (0,0) size 1x15
                    LayoutInline {O:P} at (0,0) size 1x15
              LayoutTableCell {TD} at (268,1737) size 99x112 [r=29 c=2 rs=1 cs=1]
                LayoutBlockFlow {P} at (7.19,0) size 85x16
                  LayoutText {#text} at (32,0) size 21x15
                    text run at (32,0) width 21: "Yes"
                  LayoutInline {SPAN} at (0,0) size 1x15
                    LayoutInline {O:P} at (0,0) size 1x15
                LayoutBlockFlow {P} at (7.19,16) size 85x16
                  LayoutText {#text} at (32,0) size 21x15
                    text run at (32,0) width 21: "Yes"
                  LayoutInline {SPAN} at (0,0) size 1x15
                    LayoutInline {O:P} at (0,0) size 1x15
                LayoutBlockFlow {P} at (7.19,32) size 85x16
                  LayoutText {#text} at (32,0) size 21x15
                    text run at (32,0) width 21: "Yes"
                LayoutBlockFlow {P} at (7.19,48) size 85x16
                  LayoutText {#text} at (32,0) size 21x15
                    text run at (32,0) width 21: "Yes"
                LayoutBlockFlow {P} at (7.19,64) size 85x16
                  LayoutText {#text} at (40,0) size 5x15
                    text run at (40,0) width 5: " "
                LayoutBlockFlow {P} at (7.19,80) size 85x16
                  LayoutText {#text} at (40,0) size 5x15
                    text run at (40,0) width 5: " "
                LayoutBlockFlow {P} at (7.19,96) size 85x16
                  LayoutText {#text} at (34,0) size 17x15
                    text run at (34,0) width 17: "No"
                  LayoutInline {SPAN} at (0,0) size 1x15
                    LayoutInline {O:P} at (0,0) size 1x15
              LayoutTableCell {TD} at (367,1737) size 106x112 [r=29 c=3 rs=1 cs=1]
                LayoutBlockFlow {P} at (7.19,0) size 92x16
                  LayoutText {#text} at (37,0) size 18x15
                    text run at (37,0) width 18: "No"
                  LayoutInline {SPAN} at (0,0) size 1x15
                    LayoutInline {O:P} at (0,0) size 1x15
                LayoutBlockFlow {P} at (7.19,16) size 92x16
                  LayoutText {#text} at (37,0) size 18x15
                    text run at (37,0) width 18: "No"
                  LayoutInline {SPAN} at (0,0) size 1x15
                    LayoutInline {O:P} at (0,0) size 1x15
                LayoutBlockFlow {P} at (7.19,32) size 92x16
                  LayoutText {#text} at (37,0) size 18x15
                    text run at (37,0) width 18: "No"
                LayoutBlockFlow {P} at (7.19,48) size 92x16
                  LayoutText {#text} at (37,0) size 18x15
                    text run at (37,0) width 18: "No"
                LayoutBlockFlow {P} at (7.19,64) size 92x16
                  LayoutText {#text} at (44,0) size 4x15
                    text run at (44,0) width 4: " "
                LayoutBlockFlow {P} at (7.19,80) size 92x16
                  LayoutText {#text} at (44,0) size 4x15
                    text run at (44,0) width 4: " "
                LayoutBlockFlow {P} at (7.19,96) size 92x16
                  LayoutText {#text} at (35,0) size 22x15
                    text run at (35,0) width 22: "Yes"
                  LayoutInline {SPAN} at (0,0) size 1x15
                    LayoutInline {O:P} at (0,0) size 1x15
            LayoutTableRow {TR} at (0,1849) size 473x48
              LayoutTableCell {TD} at (0,1849) size 98x16 [r=30 c=0 rs=1 cs=1]
                LayoutBlockFlow {P} at (7.19,0) size 84x16
                  LayoutText {#text} at (35,0) size 14x15
                    text run at (35,0) width 14: "31"
                  LayoutInline {SPAN} at (0,0) size 1x15
                    LayoutInline {O:P} at (0,0) size 1x15
              LayoutTableCell {TD} at (98,1849) size 170x48 [r=30 c=1 rs=1 cs=1]
                LayoutBlockFlow {P} at (7.19,0) size 156x16
                  LayoutText {#text} at (0,0) size 65x15
                    text run at (0,0) width 65: "Dave Neves"
                LayoutBlockFlow {P} at (7.19,16) size 156x16
                  LayoutText {#text} at (0,0) size 80x15
                    text run at (0,0) width 80: "James Haladus"
                LayoutBlockFlow {P} at (7.19,32) size 156x16
                  LayoutText {#text} at (0,0) size 64x15
                    text run at (0,0) width 64: "Randy Reid"
                  LayoutInline {SPAN} at (0,0) size 1x15
                    LayoutInline {O:P} at (0,0) size 1x15
              LayoutTableCell {TD} at (268,1849) size 99x32 [r=30 c=2 rs=1 cs=1]
                LayoutBlockFlow {P} at (7.19,0) size 85x16
                  LayoutText {#text} at (32,0) size 21x15
                    text run at (32,0) width 21: "Yes"
                LayoutBlockFlow {P} at (7.19,16) size 85x16
                  LayoutText {#text} at (32,0) size 21x15
                    text run at (32,0) width 21: "Yes"
                  LayoutInline {SPAN} at (0,0) size 1x15
                    LayoutInline {O:P} at (0,0) size 1x15
              LayoutTableCell {TD} at (367,1849) size 106x32 [r=30 c=3 rs=1 cs=1]
                LayoutBlockFlow {P} at (7.19,0) size 92x16
                  LayoutText {#text} at (35,0) size 22x15
                    text run at (35,0) width 22: "Yes"
                LayoutBlockFlow {P} at (7.19,16) size 92x16
                  LayoutText {#text} at (37,0) size 18x15
                    text run at (37,0) width 18: "No"
                  LayoutInline {SPAN} at (0,0) size 1x15
                    LayoutInline {O:P} at (0,0) size 1x15
            LayoutTableRow {TR} at (0,1897) size 473x64
              LayoutTableCell {TD} at (0,1897) size 98x16 [r=31 c=0 rs=1 cs=1]
                LayoutBlockFlow {P} at (7.19,0) size 84x16
                  LayoutText {#text} at (35,0) size 14x15
                    text run at (35,0) width 14: "32"
                  LayoutInline {SPAN} at (0,0) size 1x15
                    LayoutInline {O:P} at (0,0) size 1x15
              LayoutTableCell {TD} at (98,1897) size 170x64 [r=31 c=1 rs=1 cs=1]
                LayoutBlockFlow {P} at (7.19,0) size 156x16
                  LayoutText {#text} at (0,0) size 66x15
                    text run at (0,0) width 66: " Oliver Baer"
                LayoutBlockFlow {P} at (7.19,16) size 156x16
                  LayoutText {#text} at (0,0) size 68x15
                    text run at (0,0) width 68: "Dale Barnett"
                LayoutBlockFlow {P} at (7.19,32) size 156x16
                  LayoutText {#text} at (0,0) size 57x15
                    text run at (0,0) width 57: "John Todd"
                LayoutBlockFlow {P} at (7.19,48) size 156x16
                  LayoutText {#text} at (0,0) size 88x15
                    text run at (0,0) width 88: "Dominic Bayani"
                  LayoutInline {SPAN} at (0,0) size 1x15
                    LayoutInline {O:P} at (0,0) size 1x15
              LayoutTableCell {TD} at (268,1897) size 99x32 [r=31 c=2 rs=1 cs=1]
                LayoutBlockFlow {P} at (7.19,0) size 85x16
                  LayoutText {#text} at (30,0) size 25x15
                    text run at (30,0) width 25: " Yes"
                LayoutBlockFlow {P} at (7.19,16) size 85x16
                  LayoutText {#text} at (32,0) size 21x15
                    text run at (32,0) width 21: "Yes"
                  LayoutInline {SPAN} at (0,0) size 1x15
                    LayoutInline {O:P} at (0,0) size 1x15
              LayoutTableCell {TD} at (367,1897) size 106x32 [r=31 c=3 rs=1 cs=1]
                LayoutBlockFlow {P} at (7.19,0) size 92x16
                  LayoutText {#text} at (36,0) size 20x15
                    text run at (36,0) width 20: " No"
                LayoutBlockFlow {P} at (7.19,16) size 92x16
                  LayoutText {#text} at (37,0) size 18x15
                    text run at (37,0) width 18: "No"
                  LayoutInline {SPAN} at (0,0) size 1x15
                    LayoutInline {O:P} at (0,0) size 1x15
            LayoutTableRow {TR} at (0,1961) size 473x144
              LayoutTableCell {TD} at (0,1961) size 98x16 [r=32 c=0 rs=1 cs=1]
                LayoutBlockFlow {P} at (7.19,0) size 84x16
                  LayoutText {#text} at (35,0) size 14x15
                    text run at (35,0) width 14: "33"
                  LayoutInline {SPAN} at (0,0) size 1x15
                    LayoutInline {O:P} at (0,0) size 1x15
              LayoutTableCell {TD} at (98,1961) size 170x144 [r=32 c=1 rs=1 cs=1]
                LayoutBlockFlow {P} at (7.19,0) size 156x16
                  LayoutText {#text} at (0,0) size 71x15
                    text run at (0,0) width 71: "Tom Wagner"
                  LayoutInline {SPAN} at (0,0) size 1x15
                    LayoutInline {O:P} at (0,0) size 1x15
                LayoutBlockFlow {P} at (7.19,16) size 156x16
                  LayoutText {#text} at (0,0) size 76x15
                    text run at (0,0) width 76: "Gene Langley"
                LayoutBlockFlow {P} at (7.19,32) size 156x16
                  LayoutText {#text} at (0,0) size 80x15
                    text run at (0,0) width 80: "James Haladus"
                LayoutBlockFlow {P} at (7.19,48) size 156x16
                  LayoutText {#text} at (0,0) size 84x15
                    text run at (0,0) width 84: "Daniel Buckley"
                LayoutBlockFlow {P} at (7.19,64) size 156x16
                  LayoutText {#text} at (0,0) size 69x15
                    text run at (0,0) width 69: "Chris Larsen"
                LayoutBlockFlow {P} at (7.19,80) size 156x16
                  LayoutText {#text} at (0,0) size 72x15
                    text run at (0,0) width 72: "Mike Chansu"
                LayoutBlockFlow {P} at (7.19,96) size 156x16
                  LayoutText {#text} at (0,0) size 73x15
                    text run at (0,0) width 73: "James Brown"
                LayoutBlockFlow {P} at (7.19,112) size 156x16
                  LayoutText {#text} at (0,0) size 65x15
                    text run at (0,0) width 65: "Will Sievert"
                LayoutBlockFlow {P} at (7.19,128) size 156x16
                  LayoutText {#text} at (0,0) size 69x15
                    text run at (0,0) width 69: "Terry Chong"
                  LayoutInline {SPAN} at (0,0) size 1x15
                    LayoutInline {O:P} at (0,0) size 1x15
              LayoutTableCell {TD} at (268,1961) size 99x144 [r=32 c=2 rs=1 cs=1]
                LayoutBlockFlow {P} at (7.19,0) size 85x16
                  LayoutText {#text} at (32,0) size 21x15
                    text run at (32,0) width 21: "Yes"
                  LayoutInline {SPAN} at (0,0) size 1x15
                    LayoutInline {O:P} at (0,0) size 1x15
                LayoutBlockFlow {P} at (7.19,16) size 85x16
                  LayoutText {#text} at (32,0) size 21x15
                    text run at (32,0) width 21: "Yes"
                LayoutBlockFlow {P} at (7.19,32) size 85x16
                  LayoutText {#text} at (32,0) size 21x15
                    text run at (32,0) width 21: "Yes"
                LayoutBlockFlow {P} at (7.19,48) size 85x16
                  LayoutText {#text} at (32,0) size 21x15
                    text run at (32,0) width 21: "Yes"
                LayoutBlockFlow {P} at (7.19,64) size 85x16
                  LayoutText {#text} at (40,0) size 5x15
                    text run at (40,0) width 5: " "
                LayoutBlockFlow {P} at (7.19,80) size 85x16
                  LayoutText {#text} at (32,0) size 21x15
                    text run at (32,0) width 21: "Yes"
                LayoutBlockFlow {P} at (7.19,96) size 85x16
                  LayoutText {#text} at (32,0) size 21x15
                    text run at (32,0) width 21: "Yes"
                LayoutBlockFlow {P} at (7.19,112) size 85x16
                  LayoutText {#text} at (32,0) size 21x15
                    text run at (32,0) width 21: "Yes"
                LayoutBlockFlow {P} at (7.19,128) size 85x16
                  LayoutText {#text} at (32,0) size 21x15
                    text run at (32,0) width 21: "Yes"
                  LayoutInline {SPAN} at (0,0) size 1x15
                    LayoutInline {O:P} at (0,0) size 1x15
              LayoutTableCell {TD} at (367,1961) size 106x144 [r=32 c=3 rs=1 cs=1]
                LayoutBlockFlow {P} at (7.19,0) size 92x16
                  LayoutText {#text} at (37,0) size 18x15
                    text run at (37,0) width 18: "No"
                  LayoutInline {SPAN} at (0,0) size 1x15
                    LayoutInline {O:P} at (0,0) size 1x15
                LayoutBlockFlow {P} at (7.19,16) size 92x16
                  LayoutText {#text} at (6,0) size 80x15
                    text run at (6,0) width 80: "Gyro wannabe"
                LayoutBlockFlow {P} at (7.19,32) size 92x16
                  LayoutText {#text} at (37,0) size 18x15
                    text run at (37,0) width 18: "No"
                LayoutBlockFlow {P} at (7.19,48) size 92x16
                  LayoutText {#text} at (37,0) size 18x15
                    text run at (37,0) width 18: "No"
                LayoutBlockFlow {P} at (7.19,64) size 92x16
                  LayoutText {#text} at (44,0) size 4x15
                    text run at (44,0) width 4: " "
                LayoutBlockFlow {P} at (7.19,80) size 92x16
                  LayoutText {#text} at (37,0) size 18x15
                    text run at (37,0) width 18: "No"
                LayoutBlockFlow {P} at (7.19,96) size 92x16
                  LayoutText {#text} at (37,0) size 18x15
                    text run at (37,0) width 18: "No"
                LayoutBlockFlow {P} at (7.19,112) size 92x16
                  LayoutText {#text} at (37,0) size 18x15
                    text run at (37,0) width 18: "No"
                LayoutBlockFlow {P} at (7.19,128) size 92x16
                  LayoutText {#text} at (37,0) size 18x15
                    text run at (37,0) width 18: "No"
                  LayoutInline {SPAN} at (0,0) size 1x15
                    LayoutInline {O:P} at (0,0) size 1x15
            LayoutTableRow {TR} at (0,2105) size 473x128
              LayoutTableCell {TD} at (0,2105) size 98x16 [r=33 c=0 rs=1 cs=1]
                LayoutBlockFlow {P} at (7.19,0) size 84x16
                  LayoutText {#text} at (35,0) size 14x15
                    text run at (35,0) width 14: "34"
                  LayoutInline {SPAN} at (0,0) size 1x15
                    LayoutInline {O:P} at (0,0) size 1x15
              LayoutTableCell {TD} at (98,2105) size 170x128 [r=33 c=1 rs=1 cs=1]
                LayoutBlockFlow {P} at (7.19,0) size 156x16
                  LayoutText {#text} at (0,0) size 57x15
                    text run at (0,0) width 57: "Jay Ribera"
                LayoutBlockFlow {P} at (7.19,16) size 156x16
                  LayoutText {#text} at (0,0) size 86x15
                    text run at (0,0) width 86: "Gerald Cardinal"
                LayoutBlockFlow {P} at (7.19,32) size 156x16
                  LayoutText {#text} at (0,0) size 68x15
                    text run at (0,0) width 68: "Dale Barnett"
                LayoutBlockFlow {P} at (7.19,48) size 156x16
                  LayoutText {#text} at (0,0) size 64x15
                    text run at (0,0) width 64: "Paul Walter"
                LayoutBlockFlow {P} at (7.19,64) size 156x16
                  LayoutText {#text} at (0,0) size 88x15
                    text run at (0,0) width 88: "Dominic Bayani"
                LayoutBlockFlow {P} at (7.19,80) size 156x16
                  LayoutText {#text} at (0,0) size 92x15
                    text run at (0,0) width 92: "Donald Carvalho"
                LayoutBlockFlow {P} at (7.19,96) size 156x16
                  LayoutText {#text} at (0,0) size 73x15
                    text run at (0,0) width 73: "Jack Peterson"
                LayoutBlockFlow {P} at (7.19,112) size 156x16
                  LayoutText {#text} at (0,0) size 63x15
                    text run at (0,0) width 63: "Scott Hersh"
                  LayoutInline {SPAN} at (0,0) size 1x15
                    LayoutInline {O:P} at (0,0) size 1x15
              LayoutTableCell {TD} at (268,2105) size 99x128 [r=33 c=2 rs=1 cs=1]
                LayoutBlockFlow {P} at (7.19,0) size 85x16
                  LayoutText {#text} at (32,0) size 21x15
                    text run at (32,0) width 21: "Yes"
                LayoutBlockFlow {P} at (7.19,16) size 85x16
                  LayoutText {#text} at (40,0) size 5x15
                    text run at (40,0) width 5: " "
                LayoutBlockFlow {P} at (7.19,32) size 85x16
                  LayoutText {#text} at (32,0) size 21x15
                    text run at (32,0) width 21: "Yes"
                LayoutBlockFlow {P} at (7.19,48) size 85x16
                  LayoutText {#text} at (40,0) size 5x15
                    text run at (40,0) width 5: " "
                LayoutBlockFlow {P} at (7.19,64) size 85x16
                  LayoutText {#text} at (40,0) size 5x15
                    text run at (40,0) width 5: " "
                LayoutBlockFlow {P} at (7.19,80) size 85x16
                  LayoutText {#text} at (40,0) size 5x15
                    text run at (40,0) width 5: " "
                LayoutBlockFlow {P} at (7.19,96) size 85x16
                  LayoutText {#text} at (40,0) size 5x15
                    text run at (40,0) width 5: " "
                LayoutBlockFlow {P} at (7.19,112) size 85x16
                  LayoutText {#text} at (32,0) size 21x15
                    text run at (32,0) width 21: "Yes"
                  LayoutInline {SPAN} at (0,0) size 1x15
                    LayoutInline {O:P} at (0,0) size 1x15
              LayoutTableCell {TD} at (367,2105) size 106x128 [r=33 c=3 rs=1 cs=1]
                LayoutBlockFlow {P} at (7.19,0) size 92x16
                  LayoutText {#text} at (37,0) size 18x15
                    text run at (37,0) width 18: "No"
                LayoutBlockFlow {P} at (7.19,16) size 92x16
                  LayoutText {#text} at (44,0) size 4x15
                    text run at (44,0) width 4: " "
                LayoutBlockFlow {P} at (7.19,32) size 92x16
                  LayoutText {#text} at (37,0) size 18x15
                    text run at (37,0) width 18: "No"
                LayoutBlockFlow {P} at (7.19,48) size 92x16
                  LayoutText {#text} at (44,0) size 4x15
                    text run at (44,0) width 4: " "
                LayoutBlockFlow {P} at (7.19,64) size 92x16
                  LayoutText {#text} at (44,0) size 4x15
                    text run at (44,0) width 4: " "
                LayoutBlockFlow {P} at (7.19,80) size 92x16
                  LayoutText {#text} at (44,0) size 4x15
                    text run at (44,0) width 4: " "
                LayoutBlockFlow {P} at (7.19,96) size 92x16
                  LayoutText {#text} at (44,0) size 4x15
                    text run at (44,0) width 4: " "
                LayoutBlockFlow {P} at (7.19,112) size 92x16
                  LayoutText {#text} at (37,0) size 18x15
                    text run at (37,0) width 18: "No"
                  LayoutInline {SPAN} at (0,0) size 1x15
                    LayoutInline {O:P} at (0,0) size 1x15
            LayoutTableRow {TR} at (0,2233) size 473x80
              LayoutTableCell {TD} at (0,2233) size 98x16 [r=34 c=0 rs=1 cs=1]
                LayoutBlockFlow {P} at (7.19,0) size 84x16
                  LayoutText {#text} at (35,0) size 14x15
                    text run at (35,0) width 14: "35"
                  LayoutInline {SPAN} at (0,0) size 1x15
                    LayoutInline {O:P} at (0,0) size 1x15
              LayoutTableCell {TD} at (98,2233) size 170x80 [r=34 c=1 rs=1 cs=1]
                LayoutBlockFlow {P} at (7.19,0) size 156x16
                  LayoutText {#text} at (0,0) size 82x15
                    text run at (0,0) width 82: " Richard Green"
                LayoutBlockFlow {P} at (7.19,16) size 156x16
                  LayoutText {#text} at (0,0) size 66x15
                    text run at (0,0) width 66: "David Allen"
                LayoutBlockFlow {P} at (7.19,32) size 156x16
                  LayoutText {#text} at (0,0) size 59x15
                    text run at (0,0) width 59: "Jim Colvin"
                LayoutBlockFlow {P} at (7.19,48) size 156x16
                  LayoutText {#text} at (0,0) size 70x15
                    text run at (0,0) width 70: "Harald Close"
                LayoutBlockFlow {P} at (7.19,64) size 156x16
                  LayoutText {#text} at (0,0) size 63x15
                    text run at (0,0) width 63: "Oliver Baer"
                  LayoutInline {SPAN} at (0,0) size 1x15
                    LayoutInline {O:P} at (0,0) size 1x15
              LayoutTableCell {TD} at (268,2233) size 99x80 [r=34 c=2 rs=1 cs=1]
                LayoutBlockFlow {P} at (7.19,0) size 85x16
                  LayoutText {#text} at (40,0) size 5x15
                    text run at (40,0) width 5: " "
                LayoutBlockFlow {P} at (7.19,16) size 85x16
                  LayoutText {#text} at (40,0) size 5x15
                    text run at (40,0) width 5: " "
                LayoutBlockFlow {P} at (7.19,32) size 85x16
                  LayoutText {#text} at (40,0) size 5x15
                    text run at (40,0) width 5: " "
                LayoutBlockFlow {P} at (7.19,48) size 85x16
                  LayoutText {#text} at (32,0) size 21x15
                    text run at (32,0) width 21: "Yes"
                LayoutBlockFlow {P} at (7.19,64) size 85x16
                  LayoutText {#text} at (32,0) size 21x15
                    text run at (32,0) width 21: "Yes"
                  LayoutInline {SPAN} at (0,0) size 1x15
                    LayoutInline {O:P} at (0,0) size 1x15
              LayoutTableCell {TD} at (367,2233) size 106x80 [r=34 c=3 rs=1 cs=1]
                LayoutBlockFlow {P} at (7.19,0) size 92x16
                  LayoutText {#text} at (44,0) size 4x15
                    text run at (44,0) width 4: " "
                LayoutBlockFlow {P} at (7.19,16) size 92x16
                  LayoutText {#text} at (44,0) size 4x15
                    text run at (44,0) width 4: " "
                LayoutBlockFlow {P} at (7.19,32) size 92x16
                  LayoutText {#text} at (44,0) size 4x15
                    text run at (44,0) width 4: " "
                LayoutBlockFlow {P} at (7.19,48) size 92x16
                  LayoutText {#text} at (35,0) size 22x15
                    text run at (35,0) width 22: "Yes"
                LayoutBlockFlow {P} at (7.19,64) size 92x16
                  LayoutText {#text} at (37,0) size 18x15
                    text run at (37,0) width 18: "No"
                  LayoutInline {SPAN} at (0,0) size 1x15
                    LayoutInline {O:P} at (0,0) size 1x15
            LayoutTableRow {TR} at (0,2313) size 473x80
              LayoutTableCell {TD} at (0,2313) size 98x16 [r=35 c=0 rs=1 cs=1]
                LayoutBlockFlow {P} at (7.19,0) size 84x16
                  LayoutText {#text} at (35,0) size 14x15
                    text run at (35,0) width 14: "36"
                  LayoutInline {SPAN} at (0,0) size 1x15
                    LayoutInline {O:P} at (0,0) size 1x15
              LayoutTableCell {TD} at (98,2313) size 170x80 [r=35 c=1 rs=1 cs=1]
                LayoutBlockFlow {P} at (7.19,0) size 156x16
                  LayoutText {#text} at (0,0) size 71x15
                    text run at (0,0) width 71: "Jason Beehm"
                LayoutBlockFlow {P} at (7.19,16) size 156x16
                  LayoutText {#text} at (0,0) size 94x15
                    text run at (0,0) width 94: "Darrell Carpenter"
                LayoutBlockFlow {P} at (7.19,32) size 156x16
                  LayoutText {#text} at (0,0) size 82x15
                    text run at (0,0) width 82: "Stefan Kiritzov"
                LayoutBlockFlow {P} at (7.19,48) size 156x16
                  LayoutText {#text} at (0,0) size 68x15
                    text run at (0,0) width 68: "Dale Barnett"
                LayoutBlockFlow {P} at (7.19,64) size 156x16
                  LayoutText {#text} at (0,0) size 64x15
                    text run at (0,0) width 64: "Dan Sievert"
                  LayoutInline {SPAN} at (0,0) size 1x15
                    LayoutInline {O:P} at (0,0) size 1x15
              LayoutTableCell {TD} at (268,2313) size 99x80 [r=35 c=2 rs=1 cs=1]
                LayoutBlockFlow {P} at (7.19,0) size 85x16
                  LayoutText {#text} at (32,0) size 21x15
                    text run at (32,0) width 21: "Yes"
                LayoutBlockFlow {P} at (7.19,16) size 85x16
                  LayoutText {#text} at (32,0) size 21x15
                    text run at (32,0) width 21: "Yes"
                LayoutBlockFlow {P} at (7.19,32) size 85x16
                  LayoutText {#text} at (32,0) size 21x15
                    text run at (32,0) width 21: "Yes"
                LayoutBlockFlow {P} at (7.19,48) size 85x16
                  LayoutText {#text} at (32,0) size 21x15
                    text run at (32,0) width 21: "Yes"
                LayoutBlockFlow {P} at (7.19,64) size 85x16
                  LayoutText {#text} at (32,0) size 21x15
                    text run at (32,0) width 21: "Yes"
                  LayoutInline {SPAN} at (0,0) size 1x15
                    LayoutInline {O:P} at (0,0) size 1x15
              LayoutTableCell {TD} at (367,2313) size 106x80 [r=35 c=3 rs=1 cs=1]
                LayoutBlockFlow {P} at (7.19,0) size 92x16
                  LayoutText {#text} at (37,0) size 18x15
                    text run at (37,0) width 18: "No"
                LayoutBlockFlow {P} at (7.19,16) size 92x16
                  LayoutText {#text} at (37,0) size 18x15
                    text run at (37,0) width 18: "No"
                LayoutBlockFlow {P} at (7.19,32) size 92x16
                  LayoutText {#text} at (35,0) size 22x15
                    text run at (35,0) width 22: "Yes"
                LayoutBlockFlow {P} at (7.19,48) size 92x16
                  LayoutText {#text} at (37,0) size 18x15
                    text run at (37,0) width 18: "No"
                LayoutBlockFlow {P} at (7.19,64) size 92x16
                  LayoutText {#text} at (37,0) size 18x15
                    text run at (37,0) width 18: "No"
                  LayoutInline {SPAN} at (0,0) size 1x15
                    LayoutInline {O:P} at (0,0) size 1x15
            LayoutTableRow {TR} at (0,2393) size 473x64
              LayoutTableCell {TD} at (0,2393) size 98x16 [r=36 c=0 rs=1 cs=1]
                LayoutBlockFlow {P} at (7.19,0) size 84x16
                  LayoutText {#text} at (35,0) size 14x15
                    text run at (35,0) width 14: "37"
                  LayoutInline {SPAN} at (0,0) size 1x15
                    LayoutInline {O:P} at (0,0) size 1x15
              LayoutTableCell {TD} at (98,2393) size 170x64 [r=36 c=1 rs=1 cs=1]
                LayoutBlockFlow {P} at (7.19,0) size 156x16
                  LayoutText {#text} at (0,0) size 94x15
                    text run at (0,0) width 94: "Dominic Civiletti"
                LayoutBlockFlow {P} at (7.19,16) size 156x16
                  LayoutText {#text} at (0,0) size 83x15
                    text run at (0,0) width 83: "John Chamorro"
                LayoutBlockFlow {P} at (7.19,32) size 156x16
                  LayoutText {#text} at (0,0) size 75x15
                    text run at (0,0) width 75: "Jim Mirowski"
                LayoutBlockFlow {P} at (7.19,48) size 156x16
                  LayoutText {#text} at (0,0) size 78x15
                    text run at (0,0) width 78: "Soohong  Kim"
                  LayoutInline {SPAN} at (0,0) size 1x15
                    LayoutInline {O:P} at (0,0) size 1x15
              LayoutTableCell {TD} at (268,2393) size 99x64 [r=36 c=2 rs=1 cs=1]
                LayoutBlockFlow {P} at (7.19,0) size 85x16
                  LayoutText {#text} at (32,0) size 21x15
                    text run at (32,0) width 21: "Yes"
                LayoutBlockFlow {P} at (7.19,16) size 85x16
                  LayoutText {#text} at (40,0) size 5x15
                    text run at (40,0) width 5: " "
                LayoutBlockFlow {P} at (7.19,32) size 85x16
                  LayoutText {#text} at (40,0) size 5x15
                    text run at (40,0) width 5: " "
                LayoutBlockFlow {P} at (7.19,48) size 85x16
                  LayoutText {#text} at (32,0) size 21x15
                    text run at (32,0) width 21: "Yes"
                  LayoutInline {SPAN} at (0,0) size 1x15
                    LayoutInline {O:P} at (0,0) size 1x15
              LayoutTableCell {TD} at (367,2393) size 106x64 [r=36 c=3 rs=1 cs=1]
                LayoutBlockFlow {P} at (7.19,0) size 92x16
                  LayoutText {#text} at (37,0) size 18x15
                    text run at (37,0) width 18: "No"
                LayoutBlockFlow {P} at (7.19,16) size 92x16
                  LayoutText {#text} at (44,0) size 4x15
                    text run at (44,0) width 4: " "
                LayoutBlockFlow {P} at (7.19,32) size 92x16
                  LayoutText {#text} at (44,0) size 4x15
                    text run at (44,0) width 4: " "
                LayoutBlockFlow {P} at (7.19,48) size 92x16
                  LayoutText {#text} at (37,0) size 18x15
                    text run at (37,0) width 18: "No"
                  LayoutInline {SPAN} at (0,0) size 1x15
                    LayoutInline {O:P} at (0,0) size 1x15
            LayoutTableRow {TR} at (0,2457) size 473x96
              LayoutTableCell {TD} at (0,2457) size 98x16 [r=37 c=0 rs=1 cs=1]
                LayoutBlockFlow {P} at (7.19,0) size 84x16
                  LayoutText {#text} at (35,0) size 14x15
                    text run at (35,0) width 14: "38"
                  LayoutInline {SPAN} at (0,0) size 1x15
                    LayoutInline {O:P} at (0,0) size 1x15
              LayoutTableCell {TD} at (98,2457) size 170x96 [r=37 c=1 rs=1 cs=1]
                LayoutBlockFlow {P} at (7.19,0) size 156x16
                  LayoutText {#text} at (0,0) size 102x15
                    text run at (0,0) width 102: "Karl Allmendinger"
                  LayoutInline {SPAN} at (0,0) size 1x15
                    LayoutInline {O:P} at (0,0) size 1x15
                LayoutBlockFlow {P} at (7.19,16) size 156x16
                  LayoutText {#text} at (0,0) size 65x15
                    text run at (0,0) width 65: "John Bernal"
                  LayoutInline {SPAN} at (0,0) size 1x15
                    LayoutInline {O:P} at (0,0) size 1x15
                LayoutBlockFlow {P} at (7.19,32) size 156x16
                  LayoutText {#text} at (0,0) size 76x15
                    text run at (0,0) width 76: "Gene Langley"
                LayoutBlockFlow {P} at (7.19,48) size 156x16
                  LayoutText {#text} at (0,0) size 77x15
                    text run at (0,0) width 77: "Chuck Pringle"
                LayoutBlockFlow {P} at (7.19,64) size 156x16
                  LayoutText {#text} at (0,0) size 58x15
                    text run at (0,0) width 58: "Jimmy Lei"
                LayoutBlockFlow {P} at (7.19,80) size 156x16
                  LayoutText {#text} at (0,0) size 93x15
                    text run at (0,0) width 93: "Ruenjoe (Joe) Lu"
                  LayoutInline {SPAN} at (0,0) size 1x15
                    LayoutInline {O:P} at (0,0) size 1x15
              LayoutTableCell {TD} at (268,2457) size 99x64 [r=37 c=2 rs=1 cs=1]
                LayoutBlockFlow {P} at (7.19,0) size 85x16
                  LayoutText {#text} at (32,0) size 21x15
                    text run at (32,0) width 21: "Yes"
                  LayoutInline {SPAN} at (0,0) size 1x15
                    LayoutInline {O:P} at (0,0) size 1x15
                LayoutBlockFlow {P} at (7.19,16) size 85x16
                  LayoutText {#text} at (32,0) size 21x15
                    text run at (32,0) width 21: "Yes"
                  LayoutInline {SPAN} at (0,0) size 1x15
                    LayoutInline {O:P} at (0,0) size 1x15
                LayoutBlockFlow {P} at (7.19,32) size 85x16
                  LayoutText {#text} at (32,0) size 21x15
                    text run at (32,0) width 21: "Yes"
                LayoutBlockFlow {P} at (7.19,48) size 85x16
                  LayoutText {#text} at (32,0) size 21x15
                    text run at (32,0) width 21: "Yes"
                  LayoutInline {SPAN} at (0,0) size 1x15
                    LayoutInline {O:P} at (0,0) size 1x15
              LayoutTableCell {TD} at (367,2457) size 106x64 [r=37 c=3 rs=1 cs=1]
                LayoutBlockFlow {P} at (7.19,0) size 92x16
                  LayoutText {#text} at (37,0) size 18x15
                    text run at (37,0) width 18: "No"
                  LayoutInline {SPAN} at (0,0) size 1x15
                    LayoutInline {O:P} at (0,0) size 1x15
                LayoutBlockFlow {P} at (7.19,16) size 92x16
                  LayoutText {#text} at (37,0) size 18x15
                    text run at (37,0) width 18: "No"
                  LayoutInline {SPAN} at (0,0) size 1x15
                    LayoutInline {O:P} at (0,0) size 1x15
                LayoutBlockFlow {P} at (7.19,32) size 92x16
                  LayoutText {#text} at (6,0) size 80x15
                    text run at (6,0) width 80: "Gyro wannabe"
                LayoutBlockFlow {P} at (7.19,48) size 92x16
                  LayoutText {#text} at (37,0) size 18x15
                    text run at (37,0) width 18: "No"
                  LayoutInline {SPAN} at (0,0) size 1x15
                    LayoutInline {O:P} at (0,0) size 1x15
            LayoutTableRow {TR} at (0,2553) size 473x48
              LayoutTableCell {TD} at (0,2553) size 98x16 [r=38 c=0 rs=1 cs=1]
                LayoutBlockFlow {P} at (7.19,0) size 84x16
                  LayoutText {#text} at (35,0) size 14x15
                    text run at (35,0) width 14: "39"
                  LayoutInline {SPAN} at (0,0) size 1x15
                    LayoutInline {O:P} at (0,0) size 1x15
              LayoutTableCell {TD} at (98,2553) size 170x48 [r=38 c=1 rs=1 cs=1]
                LayoutBlockFlow {P} at (7.19,0) size 156x16
                  LayoutText {#text} at (0,0) size 71x15
                    text run at (0,0) width 71: "Tom Wagner"
                LayoutBlockFlow {P} at (7.19,16) size 156x16
                  LayoutText {#text} at (0,0) size 63x15
                    text run at (0,0) width 63: "Oliver Baer"
                LayoutBlockFlow {P} at (7.19,32) size 156x16
                  LayoutText {#text} at (0,0) size 65x15
                    text run at (0,0) width 65: "Will Sievert"
                  LayoutInline {SPAN} at (0,0) size 1x15
                    LayoutInline {O:P} at (0,0) size 1x15
              LayoutTableCell {TD} at (268,2553) size 99x48 [r=38 c=2 rs=1 cs=1]
                LayoutBlockFlow {P} at (7.19,0) size 85x16
                  LayoutText {#text} at (32,0) size 21x15
                    text run at (32,0) width 21: "Yes"
                LayoutBlockFlow {P} at (7.19,16) size 85x16
                  LayoutText {#text} at (32,0) size 21x15
                    text run at (32,0) width 21: "Yes"
                LayoutBlockFlow {P} at (7.19,32) size 85x16
                  LayoutText {#text} at (32,0) size 21x15
                    text run at (32,0) width 21: "Yes"
                  LayoutInline {SPAN} at (0,0) size 1x15
                    LayoutInline {O:P} at (0,0) size 1x15
              LayoutTableCell {TD} at (367,2553) size 106x48 [r=38 c=3 rs=1 cs=1]
                LayoutBlockFlow {P} at (7.19,0) size 92x16
                  LayoutText {#text} at (37,0) size 18x15
                    text run at (37,0) width 18: "No"
                LayoutBlockFlow {P} at (7.19,16) size 92x16
                  LayoutText {#text} at (37,0) size 18x15
                    text run at (37,0) width 18: "No"
                LayoutBlockFlow {P} at (7.19,32) size 92x16
                  LayoutText {#text} at (37,0) size 18x15
                    text run at (37,0) width 18: "No"
                  LayoutInline {SPAN} at (0,0) size 1x15
                    LayoutInline {O:P} at (0,0) size 1x15
            LayoutTableRow {TR} at (0,2601) size 473x128
              LayoutTableCell {TD} at (0,2601) size 98x16 [r=39 c=0 rs=1 cs=1]
                LayoutBlockFlow {P} at (7.19,0) size 84x16
                  LayoutText {#text} at (35,0) size 14x15
                    text run at (35,0) width 14: "40"
                  LayoutInline {SPAN} at (0,0) size 1x15
                    LayoutInline {O:P} at (0,0) size 1x15
              LayoutTableCell {TD} at (98,2601) size 170x128 [r=39 c=1 rs=1 cs=1]
                LayoutBlockFlow {P} at (7.19,0) size 156x16
                  LayoutText {#text} at (0,0) size 82x15
                    text run at (0,0) width 82: "Alberto Lanzas"
                  LayoutInline {SPAN} at (0,0) size 1x15
                    LayoutInline {O:P} at (0,0) size 1x15
                LayoutBlockFlow {P} at (7.19,16) size 156x16
                  LayoutText {#text} at (0,0) size 94x15
                    text run at (0,0) width 94: "Zak + Mike West"
                  LayoutInline {SPAN} at (0,0) size 1x15
                    LayoutInline {O:P} at (0,0) size 1x15
                LayoutBlockFlow {P} at (7.19,32) size 156x16
                  LayoutText {#text} at (0,0) size 69x15
                    text run at (0,0) width 69: "Javier Flores"
                  LayoutInline {SPAN} at (0,0) size 1x15
                    LayoutInline {O:P} at (0,0) size 1x15
                LayoutBlockFlow {P} at (7.19,48) size 156x16
                  LayoutText {#text} at (0,0) size 68x15
                    text run at (0,0) width 68: "Bill Johnson"
                  LayoutInline {SPAN} at (0,0) size 1x15
                    LayoutInline {O:P} at (0,0) size 1x15
                LayoutBlockFlow {P} at (7.19,64) size 156x16
                  LayoutText {#text} at (0,0) size 76x15
                    text run at (0,0) width 76: "Gene Langley"
                LayoutBlockFlow {P} at (7.19,80) size 156x16
                  LayoutText {#text} at (0,0) size 69x15
                    text run at (0,0) width 69: "Rich Burnett"
                LayoutBlockFlow {P} at (7.19,96) size 156x16
                  LayoutText {#text} at (0,0) size 89x15
                    text run at (0,0) width 89: "Jack Goodfriend"
                LayoutBlockFlow {P} at (7.19,112) size 156x16
                  LayoutText {#text} at (0,0) size 70x15
                    text run at (0,0) width 70: "Harald Close"
                  LayoutInline {SPAN} at (0,0) size 1x15
                    LayoutInline {O:P} at (0,0) size 1x15
              LayoutTableCell {TD} at (268,2601) size 99x128 [r=39 c=2 rs=1 cs=1]
                LayoutBlockFlow {P} at (7.19,0) size 85x16
                  LayoutText {#text} at (32,0) size 21x15
                    text run at (32,0) width 21: "Yes"
                  LayoutInline {SPAN} at (0,0) size 1x15
                    LayoutInline {O:P} at (0,0) size 1x15
                LayoutBlockFlow {P} at (7.19,16) size 85x16
                  LayoutText {#text} at (32,0) size 21x15
                    text run at (32,0) width 21: "Yes"
                  LayoutInline {SPAN} at (0,0) size 1x15
                    LayoutInline {O:P} at (0,0) size 1x15
                LayoutBlockFlow {P} at (7.19,32) size 85x16
                  LayoutText {#text} at (32,0) size 21x15
                    text run at (32,0) width 21: "Yes"
                  LayoutInline {SPAN} at (0,0) size 1x15
                    LayoutInline {O:P} at (0,0) size 1x15
                LayoutBlockFlow {P} at (7.19,48) size 85x16
                  LayoutText {#text} at (32,0) size 21x15
                    text run at (32,0) width 21: "Yes"
                  LayoutInline {SPAN} at (0,0) size 1x15
                    LayoutInline {O:P} at (0,0) size 1x15
                LayoutBlockFlow {P} at (7.19,64) size 85x16
                  LayoutText {#text} at (32,0) size 21x15
                    text run at (32,0) width 21: "Yes"
                LayoutBlockFlow {P} at (7.19,80) size 85x16
                  LayoutText {#text} at (40,0) size 5x15
                    text run at (40,0) width 5: " "
                LayoutBlockFlow {P} at (7.19,96) size 85x16
                  LayoutText {#text} at (40,0) size 5x15
                    text run at (40,0) width 5: " "
                LayoutBlockFlow {P} at (7.19,112) size 85x16
                  LayoutText {#text} at (32,0) size 21x15
                    text run at (32,0) width 21: "Yes"
                  LayoutInline {SPAN} at (0,0) size 1x15
                    LayoutInline {O:P} at (0,0) size 1x15
              LayoutTableCell {TD} at (367,2601) size 106x128 [r=39 c=3 rs=1 cs=1]
                LayoutBlockFlow {P} at (7.19,0) size 92x16
                  LayoutText {#text} at (35,0) size 22x15
                    text run at (35,0) width 22: "Yes"
                  LayoutInline {SPAN} at (0,0) size 1x15
                    LayoutInline {O:P} at (0,0) size 1x15
                LayoutBlockFlow {P} at (7.19,16) size 92x16
                  LayoutText {#text} at (35,0) size 22x15
                    text run at (35,0) width 22: "Yes"
                  LayoutInline {SPAN} at (0,0) size 1x15
                    LayoutInline {O:P} at (0,0) size 1x15
                LayoutBlockFlow {P} at (7.19,32) size 92x16
                  LayoutText {#text} at (37,0) size 18x15
                    text run at (37,0) width 18: "No"
                  LayoutInline {SPAN} at (0,0) size 1x15
                    LayoutInline {O:P} at (0,0) size 1x15
                LayoutBlockFlow {P} at (7.19,48) size 92x16
                  LayoutText {#text} at (37,0) size 18x15
                    text run at (37,0) width 18: "No"
                  LayoutInline {SPAN} at (0,0) size 1x15
                    LayoutInline {O:P} at (0,0) size 1x15
                LayoutBlockFlow {P} at (7.19,64) size 92x16
                  LayoutText {#text} at (28,0) size 36x15
                    text run at (28,0) width 36: "Glider"
                LayoutBlockFlow {P} at (7.19,80) size 92x16
                  LayoutText {#text} at (44,0) size 4x15
                    text run at (44,0) width 4: " "
                LayoutBlockFlow {P} at (7.19,96) size 92x16
                  LayoutText {#text} at (44,0) size 4x15
                    text run at (44,0) width 4: " "
                LayoutBlockFlow {P} at (7.19,112) size 92x16
                  LayoutText {#text} at (37,0) size 18x15
                    text run at (37,0) width 18: "No"
                  LayoutInline {SPAN} at (0,0) size 1x15
                    LayoutInline {O:P} at (0,0) size 1x15
            LayoutTableRow {TR} at (0,2729) size 473x128
              LayoutTableCell {TD} at (0,2729) size 98x16 [r=40 c=0 rs=1 cs=1]
                LayoutBlockFlow {P} at (7.19,0) size 84x16
                  LayoutText {#text} at (35,0) size 14x15
                    text run at (35,0) width 14: "41"
                  LayoutInline {SPAN} at (0,0) size 1x15
                    LayoutInline {O:P} at (0,0) size 1x15
              LayoutTableCell {TD} at (98,2729) size 170x128 [r=40 c=1 rs=1 cs=1]
                LayoutBlockFlow {P} at (7.19,0) size 156x16
                  LayoutText {#text} at (0,0) size 94x15
                    text run at (0,0) width 94: "Dominic Civiletti"
                  LayoutInline {SPAN} at (0,0) size 1x15
                    LayoutInline {O:P} at (0,0) size 1x15
                LayoutBlockFlow {P} at (7.19,16) size 156x16
                  LayoutText {#text} at (0,0) size 104x15
                    text run at (0,0) width 104: "Corbin Christensen"
                  LayoutInline {SPAN} at (0,0) size 1x15
                    LayoutInline {O:P} at (0,0) size 1x15
                LayoutBlockFlow {P} at (7.19,32) size 156x16
                  LayoutText {#text} at (0,0) size 59x15
                    text run at (0,0) width 59: "Hal Hirsch"
                  LayoutInline {SPAN} at (0,0) size 1x15
                    LayoutInline {O:P} at (0,0) size 1x15
                LayoutBlockFlow {P} at (7.19,48) size 156x16
                  LayoutText {#text} at (0,0) size 90x15
                    text run at (0,0) width 90: "Richard Sanchez"
                LayoutBlockFlow {P} at (7.19,64) size 156x16
                  LayoutText {#text} at (0,0) size 65x15
                    text run at (0,0) width 65: "John Bernal"
                LayoutBlockFlow {P} at (7.19,80) size 156x16
                  LayoutText {#text} at (0,0) size 69x15
                    text run at (0,0) width 69: "Rich Burnett"
                LayoutBlockFlow {P} at (7.19,96) size 156x16
                  LayoutText {#text} at (0,0) size 73x15
                    text run at (0,0) width 73: "Brock Brown"
                LayoutBlockFlow {P} at (7.19,112) size 156x16
                  LayoutText {#text} at (0,0) size 55x15
                    text run at (0,0) width 55: "John Paye"
                  LayoutInline {SPAN} at (0,0) size 1x15
                    LayoutInline {O:P} at (0,0) size 1x15
              LayoutTableCell {TD} at (268,2729) size 99x112 [r=40 c=2 rs=1 cs=1]
                LayoutBlockFlow {P} at (7.19,0) size 85x16
                  LayoutText {#text} at (32,0) size 21x15
                    text run at (32,0) width 21: "Yes"
                  LayoutInline {SPAN} at (0,0) size 1x15
                    LayoutInline {O:P} at (0,0) size 1x15
                LayoutBlockFlow {P} at (7.19,16) size 85x16
                  LayoutText {#text} at (32,0) size 21x15
                    text run at (32,0) width 21: "Yes"
                  LayoutInline {SPAN} at (0,0) size 1x15
                    LayoutInline {O:P} at (0,0) size 1x15
                LayoutBlockFlow {P} at (7.19,32) size 85x16
                  LayoutText {#text} at (32,0) size 21x15
                    text run at (32,0) width 21: "Yes"
                  LayoutInline {SPAN} at (0,0) size 1x15
                    LayoutInline {O:P} at (0,0) size 1x15
                LayoutBlockFlow {P} at (7.19,48) size 85x16
                  LayoutText {#text} at (34,0) size 17x15
                    text run at (34,0) width 17: "No"
                LayoutBlockFlow {P} at (7.19,64) size 85x16
                  LayoutText {#text} at (32,0) size 21x15
                    text run at (32,0) width 21: "Yes"
                LayoutBlockFlow {P} at (7.19,80) size 85x16
                  LayoutText {#text} at (40,0) size 5x15
                    text run at (40,0) width 5: " "
                LayoutBlockFlow {P} at (7.19,96) size 85x16
                  LayoutText {#text} at (32,0) size 21x15
                    text run at (32,0) width 21: "Yes"
                  LayoutInline {SPAN} at (0,0) size 1x15
                    LayoutInline {O:P} at (0,0) size 1x15
              LayoutTableCell {TD} at (367,2729) size 106x112 [r=40 c=3 rs=1 cs=1]
                LayoutBlockFlow {P} at (7.19,0) size 92x16
                  LayoutText {#text} at (37,0) size 18x15
                    text run at (37,0) width 18: "No"
                  LayoutInline {SPAN} at (0,0) size 1x15
                    LayoutInline {O:P} at (0,0) size 1x15
                LayoutBlockFlow {P} at (7.19,16) size 92x16
                  LayoutText {#text} at (37,0) size 18x15
                    text run at (37,0) width 18: "No"
                  LayoutInline {SPAN} at (0,0) size 1x15
                    LayoutInline {O:P} at (0,0) size 1x15
                LayoutBlockFlow {P} at (7.19,32) size 92x16
                  LayoutText {#text} at (37,0) size 18x15
                    text run at (37,0) width 18: "No"
                  LayoutInline {SPAN} at (0,0) size 1x15
                    LayoutInline {O:P} at (0,0) size 1x15
                LayoutBlockFlow {P} at (7.19,48) size 92x16
                  LayoutText {#text} at (35,0) size 22x15
                    text run at (35,0) width 22: "Yes"
                LayoutBlockFlow {P} at (7.19,64) size 92x16
                  LayoutText {#text} at (37,0) size 18x15
                    text run at (37,0) width 18: "No"
                LayoutBlockFlow {P} at (7.19,80) size 92x16
                  LayoutText {#text} at (44,0) size 4x15
                    text run at (44,0) width 4: " "
                LayoutBlockFlow {P} at (7.19,96) size 92x16
                  LayoutText {#text} at (37,0) size 18x15
                    text run at (37,0) width 18: "No"
                  LayoutInline {SPAN} at (0,0) size 1x15
                    LayoutInline {O:P} at (0,0) size 1x15
            LayoutTableRow {TR} at (0,2857) size 473x128
              LayoutTableCell {TD} at (0,2857) size 98x16 [r=41 c=0 rs=1 cs=1]
                LayoutBlockFlow {P} at (7.19,0) size 84x16
                  LayoutText {#text} at (35,0) size 14x15
                    text run at (35,0) width 14: "42"
                  LayoutInline {SPAN} at (0,0) size 1x15
                    LayoutInline {O:P} at (0,0) size 1x15
              LayoutTableCell {TD} at (98,2857) size 170x128 [r=41 c=1 rs=1 cs=1]
                LayoutBlockFlow {P} at (7.19,0) size 156x16
                  LayoutText {#text} at (0,0) size 48x15
                    text run at (0,0) width 48: "Tony Yu"
                  LayoutInline {SPAN} at (0,0) size 1x15
                    LayoutInline {O:P} at (0,0) size 1x15
                LayoutBlockFlow {P} at (7.19,16) size 156x16
                  LayoutText {#text} at (0,0) size 67x15
                    text run at (0,0) width 67: "Jason Miller"
                  LayoutInline {SPAN} at (0,0) size 1x15
                    LayoutInline {O:P} at (0,0) size 1x15
                LayoutBlockFlow {P} at (7.19,32) size 156x16
                  LayoutText {#text} at (0,0) size 85x15
                    text run at (0,0) width 85: "Maurice Burton"
                LayoutBlockFlow {P} at (7.19,48) size 156x16
                  LayoutText {#text} at (0,0) size 64x15
                    text run at (0,0) width 64: "Dan Sievert"
                LayoutBlockFlow {P} at (7.19,64) size 156x16
                  LayoutText {#text} at (0,0) size 62x15
                    text run at (0,0) width 62: "Jerry Davis"
                LayoutBlockFlow {P} at (7.19,80) size 156x16
                  LayoutText {#text} at (0,0) size 55x15
                    text run at (0,0) width 55: "John Paye"
                LayoutBlockFlow {P} at (7.19,96) size 156x16
                  LayoutText {#text} at (0,0) size 72x15
                    text run at (0,0) width 72: "Gordon Frost"
                LayoutBlockFlow {P} at (7.19,112) size 156x16
                  LayoutText {#text} at (0,0) size 67x15
                    text run at (0,0) width 67: "Chris Walsh"
                  LayoutInline {SPAN} at (0,0) size 1x15
                    LayoutInline {O:P} at (0,0) size 1x15
              LayoutTableCell {TD} at (268,2857) size 99x80 [r=41 c=2 rs=1 cs=1]
                LayoutBlockFlow {P} at (7.19,0) size 85x16
                  LayoutText {#text} at (32,0) size 21x15
                    text run at (32,0) width 21: "Yes"
                  LayoutInline {SPAN} at (0,0) size 1x15
                    LayoutInline {O:P} at (0,0) size 1x15
                LayoutBlockFlow {P} at (7.19,16) size 85x16
                  LayoutText {#text} at (32,0) size 21x15
                    text run at (32,0) width 21: "Yes"
                  LayoutInline {SPAN} at (0,0) size 1x15
                    LayoutInline {O:P} at (0,0) size 1x15
                LayoutBlockFlow {P} at (7.19,32) size 85x16
                  LayoutText {#text} at (32,0) size 21x15
                    text run at (32,0) width 21: "Yes"
                LayoutBlockFlow {P} at (7.19,48) size 85x16
                  LayoutText {#text} at (32,0) size 21x15
                    text run at (32,0) width 21: "Yes"
                LayoutBlockFlow {P} at (7.19,64) size 85x16
                  LayoutText {#text} at (32,0) size 21x15
                    text run at (32,0) width 21: "Yes"
                  LayoutInline {SPAN} at (0,0) size 1x15
                    LayoutInline {O:P} at (0,0) size 1x15
              LayoutTableCell {TD} at (367,2857) size 106x80 [r=41 c=3 rs=1 cs=1]
                LayoutBlockFlow {P} at (7.19,0) size 92x16
                  LayoutText {#text} at (37,0) size 18x15
                    text run at (37,0) width 18: "No"
                  LayoutInline {SPAN} at (0,0) size 1x15
                    LayoutInline {O:P} at (0,0) size 1x15
                LayoutBlockFlow {P} at (7.19,16) size 92x16
                  LayoutText {#text} at (37,0) size 18x15
                    text run at (37,0) width 18: "No"
                  LayoutInline {SPAN} at (0,0) size 1x15
                    LayoutInline {O:P} at (0,0) size 1x15
                LayoutBlockFlow {P} at (7.19,32) size 92x16
                  LayoutText {#text} at (37,0) size 18x15
                    text run at (37,0) width 18: "No"
                LayoutBlockFlow {P} at (7.19,48) size 92x16
                  LayoutText {#text} at (37,0) size 18x15
                    text run at (37,0) width 18: "No"
                LayoutBlockFlow {P} at (7.19,64) size 92x16
                  LayoutText {#text} at (37,0) size 18x15
                    text run at (37,0) width 18: "No"
                  LayoutInline {SPAN} at (0,0) size 1x15
                    LayoutInline {O:P} at (0,0) size 1x15
            LayoutTableRow {TR} at (0,2985) size 473x112
              LayoutTableCell {TD} at (0,2985) size 98x16 [r=42 c=0 rs=1 cs=1]
                LayoutBlockFlow {P} at (7.19,0) size 84x16
                  LayoutText {#text} at (35,0) size 14x15
                    text run at (35,0) width 14: "43"
                  LayoutInline {SPAN} at (0,0) size 1x15
                    LayoutInline {O:P} at (0,0) size 1x15
              LayoutTableCell {TD} at (98,2985) size 170x112 [r=42 c=1 rs=1 cs=1]
                LayoutBlockFlow {P} at (7.19,0) size 156x16
                  LayoutText {#text} at (0,0) size 94x15
                    text run at (0,0) width 94: "Dominic Civiletti"
                  LayoutInline {SPAN} at (0,0) size 1x15
                    LayoutInline {O:P} at (0,0) size 1x15
                LayoutBlockFlow {P} at (7.19,16) size 156x16
                  LayoutText {#text} at (0,0) size 67x15
                    text run at (0,0) width 67: "Ken Gullion"
                  LayoutInline {SPAN} at (0,0) size 1x15
                    LayoutInline {O:P} at (0,0) size 1x15
                LayoutBlockFlow {P} at (7.19,32) size 156x16
                  LayoutText {#text} at (0,0) size 65x15
                    text run at (0,0) width 65: "Will Sievert"
                LayoutBlockFlow {P} at (7.19,48) size 156x16
                  LayoutText {#text} at (0,0) size 73x15
                    text run at (0,0) width 73: "Jim Mahoney"
                LayoutBlockFlow {P} at (7.19,64) size 156x16
                  LayoutText {#text} at (0,0) size 67x15
                    text run at (0,0) width 67: "Ken Manuel"
                LayoutBlockFlow {P} at (7.19,80) size 156x16
                  LayoutText {#text} at (0,0) size 57x15
                    text run at (0,0) width 57: "John Todd"
                LayoutBlockFlow {P} at (7.19,96) size 156x16
                  LayoutText {#text} at (0,0) size 89x15
                    text run at (0,0) width 89: "Rick Rasmussen"
                  LayoutInline {SPAN} at (0,0) size 1x15
                    LayoutInline {O:P} at (0,0) size 1x15
              LayoutTableCell {TD} at (268,2985) size 99x80 [r=42 c=2 rs=1 cs=1]
                LayoutBlockFlow {P} at (7.19,0) size 85x16
                  LayoutText {#text} at (32,0) size 21x15
                    text run at (32,0) width 21: "Yes"
                  LayoutInline {SPAN} at (0,0) size 1x15
                    LayoutInline {O:P} at (0,0) size 1x15
                LayoutBlockFlow {P} at (7.19,16) size 85x16
                  LayoutText {#text} at (32,0) size 21x15
                    text run at (32,0) width 21: "Yes"
                  LayoutInline {SPAN} at (0,0) size 1x15
                    LayoutInline {O:P} at (0,0) size 1x15
                LayoutBlockFlow {P} at (7.19,32) size 85x16
                  LayoutText {#text} at (32,0) size 21x15
                    text run at (32,0) width 21: "Yes"
                LayoutBlockFlow {P} at (7.19,48) size 85x16
                  LayoutText {#text} at (32,0) size 21x15
                    text run at (32,0) width 21: "Yes"
                LayoutBlockFlow {P} at (7.19,64) size 85x16
                  LayoutText {#text} at (32,0) size 21x15
                    text run at (32,0) width 21: "Yes"
                  LayoutInline {SPAN} at (0,0) size 1x15
                    LayoutInline {O:P} at (0,0) size 1x15
              LayoutTableCell {TD} at (367,2985) size 106x80 [r=42 c=3 rs=1 cs=1]
                LayoutBlockFlow {P} at (7.19,0) size 92x16
                  LayoutText {#text} at (37,0) size 18x15
                    text run at (37,0) width 18: "No"
                  LayoutInline {SPAN} at (0,0) size 1x15
                    LayoutInline {O:P} at (0,0) size 1x15
                LayoutBlockFlow {P} at (7.19,16) size 92x16
                  LayoutText {#text} at (37,0) size 18x15
                    text run at (37,0) width 18: "No"
                  LayoutInline {SPAN} at (0,0) size 1x15
                    LayoutInline {O:P} at (0,0) size 1x15
                LayoutBlockFlow {P} at (7.19,32) size 92x16
                  LayoutText {#text} at (21,0) size 50x15
                    text run at (21,0) width 50: "Someday"
                LayoutBlockFlow {P} at (7.19,48) size 92x16
                  LayoutText {#text} at (35,0) size 22x15
                    text run at (35,0) width 22: "Yes"
                LayoutBlockFlow {P} at (7.19,64) size 92x16
                  LayoutText {#text} at (37,0) size 18x15
                    text run at (37,0) width 18: "No"
                  LayoutInline {SPAN} at (0,0) size 1x15
                    LayoutInline {O:P} at (0,0) size 1x15
            LayoutTableRow {TR} at (0,3097) size 473x64
              LayoutTableCell {TD} at (0,3097) size 98x16 [r=43 c=0 rs=1 cs=1]
                LayoutBlockFlow {P} at (7.19,0) size 84x16
                  LayoutText {#text} at (35,0) size 14x15
                    text run at (35,0) width 14: "44"
                  LayoutInline {SPAN} at (0,0) size 1x15
                    LayoutInline {O:P} at (0,0) size 1x15
              LayoutTableCell {TD} at (98,3097) size 170x64 [r=43 c=1 rs=1 cs=1]
                LayoutBlockFlow {P} at (7.19,0) size 156x16
                  LayoutText {#text} at (0,0) size 62x15
                    text run at (0,0) width 62: "Gary Heath"
                  LayoutInline {SPAN} at (0,0) size 1x15
                    LayoutInline {O:P} at (0,0) size 1x15
                LayoutBlockFlow {P} at (7.19,16) size 156x16
                  LayoutText {#text} at (0,0) size 79x15
                    text run at (0,0) width 79: "Quinn Chuong"
                LayoutBlockFlow {P} at (7.19,32) size 156x16
                  LayoutText {#text} at (0,0) size 64x15
                    text run at (0,0) width 64: "Dan Sievert"
                LayoutBlockFlow {P} at (7.19,48) size 156x16
                  LayoutText {#text} at (0,0) size 86x15
                    text run at (0,0) width 86: "Alexander Wert"
                  LayoutInline {SPAN} at (0,0) size 1x15
                    LayoutInline {O:P} at (0,0) size 1x15
              LayoutTableCell {TD} at (268,3097) size 99x64 [r=43 c=2 rs=1 cs=1]
                LayoutBlockFlow {P} at (7.19,0) size 85x16
                  LayoutText {#text} at (34,0) size 17x15
                    text run at (34,0) width 17: "No"
                  LayoutInline {SPAN} at (0,0) size 1x15
                    LayoutInline {O:P} at (0,0) size 1x15
                LayoutBlockFlow {P} at (7.19,16) size 85x16
                  LayoutText {#text} at (32,0) size 21x15
                    text run at (32,0) width 21: "Yes"
                LayoutBlockFlow {P} at (7.19,32) size 85x16
                  LayoutText {#text} at (32,0) size 21x15
                    text run at (32,0) width 21: "Yes"
                LayoutBlockFlow {P} at (7.19,48) size 85x16
                  LayoutText {#text} at (34,0) size 17x15
                    text run at (34,0) width 17: "No"
                  LayoutInline {SPAN} at (0,0) size 1x15
                    LayoutInline {O:P} at (0,0) size 1x15
              LayoutTableCell {TD} at (367,3097) size 106x64 [r=43 c=3 rs=1 cs=1]
                LayoutBlockFlow {P} at (7.19,0) size 92x16
                  LayoutText {#text} at (35,0) size 22x15
                    text run at (35,0) width 22: "Yes"
                  LayoutInline {SPAN} at (0,0) size 1x15
                    LayoutInline {O:P} at (0,0) size 1x15
                LayoutBlockFlow {P} at (7.19,16) size 92x16
                  LayoutText {#text} at (35,0) size 22x15
                    text run at (35,0) width 22: "Yes"
                LayoutBlockFlow {P} at (7.19,32) size 92x16
                  LayoutText {#text} at (37,0) size 18x15
                    text run at (37,0) width 18: "No"
                LayoutBlockFlow {P} at (7.19,48) size 92x16
                  LayoutText {#text} at (35,0) size 22x15
                    text run at (35,0) width 22: "Yes"
                  LayoutInline {SPAN} at (0,0) size 1x15
                    LayoutInline {O:P} at (0,0) size 1x15
            LayoutTableRow {TR} at (0,3161) size 473x48
              LayoutTableCell {TD} at (0,3161) size 98x16 [r=44 c=0 rs=1 cs=1]
                LayoutBlockFlow {P} at (7.19,0) size 84x16
                  LayoutText {#text} at (35,0) size 14x15
                    text run at (35,0) width 14: "45"
                  LayoutInline {SPAN} at (0,0) size 1x15
                    LayoutInline {O:P} at (0,0) size 1x15
              LayoutTableCell {TD} at (98,3161) size 170x48 [r=44 c=1 rs=1 cs=1]
                LayoutBlockFlow {P} at (7.19,0) size 156x16
                  LayoutText {#text} at (0,0) size 82x15
                    text run at (0,0) width 82: "James Holaduz"
                LayoutBlockFlow {P} at (7.19,16) size 156x16
                  LayoutInline {FONT} at (0,0) size 54x15
                    LayoutText {#text} at (0,0) size 54x15
                      text run at (0,0) width 54: "Don Coon"
                LayoutBlockFlow {P} at (7.19,32) size 156x16
                  LayoutText {#text} at (0,0) size 85x15
                    text run at (0,0) width 85: "John Yearwood"
                  LayoutInline {SPAN} at (0,0) size 1x15
                    LayoutInline {O:P} at (0,0) size 1x15
              LayoutTableCell {TD} at (268,3161) size 99x48 [r=44 c=2 rs=1 cs=1]
                LayoutBlockFlow {P} at (7.19,0) size 85x16
                  LayoutText {#text} at (32,0) size 21x15
                    text run at (32,0) width 21: "Yes"
                LayoutBlockFlow {P} at (7.19,16) size 85x16
                  LayoutText {#text} at (40,0) size 5x15
                    text run at (40,0) width 5: " "
                LayoutBlockFlow {P} at (7.19,32) size 85x16
                  LayoutText {#text} at (32,0) size 21x15
                    text run at (32,0) width 21: "Yes"
                  LayoutInline {SPAN} at (0,0) size 1x15
                    LayoutInline {O:P} at (0,0) size 1x15
              LayoutTableCell {TD} at (367,3161) size 106x48 [r=44 c=3 rs=1 cs=1]
                LayoutBlockFlow {P} at (7.19,0) size 92x16
                  LayoutText {#text} at (37,0) size 18x15
                    text run at (37,0) width 18: "No"
                LayoutBlockFlow {P} at (7.19,16) size 92x16
                  LayoutText {#text} at (44,0) size 4x15
                    text run at (44,0) width 4: " "
                LayoutBlockFlow {P} at (7.19,32) size 92x16
                  LayoutText {#text} at (37,0) size 18x15
                    text run at (37,0) width 18: "No"
                  LayoutInline {SPAN} at (0,0) size 1x15
                    LayoutInline {O:P} at (0,0) size 1x15
            LayoutTableRow {TR} at (0,3209) size 473x128
              LayoutTableCell {TD} at (0,3209) size 98x16 [r=45 c=0 rs=1 cs=1]
                LayoutBlockFlow {P} at (7.19,0) size 84x16
                  LayoutText {#text} at (35,0) size 14x15
                    text run at (35,0) width 14: "46"
                  LayoutInline {SPAN} at (0,0) size 1x15
                    LayoutInline {O:P} at (0,0) size 1x15
              LayoutTableCell {TD} at (98,3209) size 170x128 [r=45 c=1 rs=1 cs=1]
                LayoutBlockFlow {P} at (7.19,0) size 156x16
                  LayoutText {#text} at (0,0) size 52x15
                    text run at (0,0) width 52: "Zak West"
                  LayoutInline {SPAN} at (0,0) size 1x15
                    LayoutInline {O:P} at (0,0) size 1x15
                LayoutBlockFlow {P} at (7.19,16) size 156x16
                  LayoutText {#text} at (0,0) size 102x15
                    text run at (0,0) width 102: "Karl Allmendinger"
                LayoutBlockFlow {P} at (7.19,32) size 156x16
                  LayoutText {#text} at (0,0) size 83x15
                    text run at (0,0) width 83: "John Espectzde"
                LayoutBlockFlow {P} at (7.19,48) size 156x16
                  LayoutText {#text} at (0,0) size 75x15
                    text run at (0,0) width 75: "Gene Pheiffer"
                LayoutBlockFlow {P} at (7.19,64) size 156x16
                  LayoutText {#text} at (0,0) size 69x15
                    text run at (0,0) width 69: "Harold Todd"
                LayoutBlockFlow {P} at (7.19,80) size 156x16
                  LayoutText {#text} at (0,0) size 86x15
                    text run at (0,0) width 86: "Gerald Cardinal"
                LayoutBlockFlow {P} at (7.19,96) size 156x16
                  LayoutText {#text} at (0,0) size 69x15
                    text run at (0,0) width 69: "Ali Erdengiz"
                LayoutBlockFlow {P} at (7.19,112) size 156x16
                  LayoutText {#text} at (0,0) size 85x15
                    text run at (0,0) width 85: "Jason Anderson"
                  LayoutInline {SPAN} at (0,0) size 1x15
                    LayoutInline {O:P} at (0,0) size 1x15
              LayoutTableCell {TD} at (268,3209) size 99x128 [r=45 c=2 rs=1 cs=1]
                LayoutBlockFlow {P} at (7.19,0) size 85x16
                  LayoutText {#text} at (32,0) size 21x15
                    text run at (32,0) width 21: "Yes"
                  LayoutInline {SPAN} at (0,0) size 1x15
                    LayoutInline {O:P} at (0,0) size 1x15
                LayoutBlockFlow {P} at (7.19,16) size 85x16
                  LayoutText {#text} at (32,0) size 21x15
                    text run at (32,0) width 21: "Yes"
                LayoutBlockFlow {P} at (7.19,32) size 85x16
                  LayoutText {#text} at (40,0) size 5x15
                    text run at (40,0) width 5: " "
                LayoutBlockFlow {P} at (7.19,48) size 85x16
                  LayoutText {#text} at (32,0) size 21x15
                    text run at (32,0) width 21: "Yes"
                LayoutBlockFlow {P} at (7.19,64) size 85x16
                  LayoutText {#text} at (40,0) size 5x15
                    text run at (40,0) width 5: " "
                LayoutBlockFlow {P} at (7.19,80) size 85x16
                  LayoutText {#text} at (40,0) size 5x15
                    text run at (40,0) width 5: " "
                LayoutBlockFlow {P} at (7.19,96) size 85x16
                  LayoutText {#text} at (40,0) size 5x15
                    text run at (40,0) width 5: " "
                LayoutBlockFlow {P} at (7.19,112) size 85x16
                  LayoutText {#text} at (32,0) size 21x15
                    text run at (32,0) width 21: "Yes"
                  LayoutInline {SPAN} at (0,0) size 1x15
                    LayoutInline {O:P} at (0,0) size 1x15
              LayoutTableCell {TD} at (367,3209) size 106x128 [r=45 c=3 rs=1 cs=1]
                LayoutBlockFlow {P} at (7.19,0) size 92x16
                  LayoutText {#text} at (35,0) size 22x15
                    text run at (35,0) width 22: "Yes"
                  LayoutInline {SPAN} at (0,0) size 1x15
                    LayoutInline {O:P} at (0,0) size 1x15
                LayoutBlockFlow {P} at (7.19,16) size 92x16
                  LayoutText {#text} at (37,0) size 18x15
                    text run at (37,0) width 18: "No"
                LayoutBlockFlow {P} at (7.19,32) size 92x16
                  LayoutText {#text} at (44,0) size 4x15
                    text run at (44,0) width 4: " "
                LayoutBlockFlow {P} at (7.19,48) size 92x16
                  LayoutText {#text} at (37,0) size 18x15
                    text run at (37,0) width 18: "No"
                LayoutBlockFlow {P} at (7.19,64) size 92x16
                  LayoutText {#text} at (44,0) size 4x15
                    text run at (44,0) width 4: " "
                LayoutBlockFlow {P} at (7.19,80) size 92x16
                  LayoutText {#text} at (44,0) size 4x15
                    text run at (44,0) width 4: " "
                LayoutBlockFlow {P} at (7.19,96) size 92x16
                  LayoutText {#text} at (44,0) size 4x15
                    text run at (44,0) width 4: " "
                LayoutBlockFlow {P} at (7.19,112) size 92x16
                  LayoutText {#text} at (37,0) size 18x15
                    text run at (37,0) width 18: "No"
                  LayoutInline {SPAN} at (0,0) size 1x15
                    LayoutInline {O:P} at (0,0) size 1x15
            LayoutTableRow {TR} at (0,3337) size 473x176
              LayoutTableCell {TD} at (0,3337) size 98x16 [r=46 c=0 rs=1 cs=1]
                LayoutBlockFlow {P} at (7.19,0) size 84x16
                  LayoutText {#text} at (35,0) size 14x15
                    text run at (35,0) width 14: "47"
                  LayoutInline {SPAN} at (0,0) size 1x15
                    LayoutInline {O:P} at (0,0) size 1x15
              LayoutTableCell {TD} at (98,3337) size 170x176 [r=46 c=1 rs=1 cs=1]
                LayoutBlockFlow {P} at (7.19,0) size 156x16
                  LayoutText {#text} at (0,0) size 82x15
                    text run at (0,0) width 82: "James Holaduz"
                  LayoutInline {SPAN} at (0,0) size 1x15
                    LayoutInline {O:P} at (0,0) size 1x15
                LayoutBlockFlow {P} at (7.19,16) size 156x16
                  LayoutText {#text} at (0,0) size 48x15
                    text run at (0,0) width 48: "Tony Yu"
                  LayoutInline {SPAN} at (0,0) size 1x15
                    LayoutInline {O:P} at (0,0) size 1x15
                LayoutBlockFlow {P} at (7.19,32) size 156x16
                  LayoutText {#text} at (0,0) size 82x15
                    text run at (0,0) width 82: "Quang Nguyen"
                  LayoutInline {SPAN} at (0,0) size 1x15
                    LayoutInline {O:P} at (0,0) size 1x15
                LayoutBlockFlow {P} at (7.19,48) size 156x16
                  LayoutText {#text} at (0,0) size 75x15
                    text run at (0,0) width 75: "Rick Klement"
                  LayoutInline {SPAN} at (0,0) size 1x15
                    LayoutInline {O:P} at (0,0) size 1x15
                LayoutBlockFlow {P} at (7.19,64) size 156x16
                  LayoutText {#text} at (0,0) size 82x15
                    text run at (0,0) width 82: "Mark Glanville"
                  LayoutInline {SPAN} at (0,0) size 1x15
                    LayoutInline {O:P} at (0,0) size 1x15
                LayoutBlockFlow {P} at (7.19,80) size 156x16
                  LayoutText {#text} at (0,0) size 87x15
                    text run at (0,0) width 87: "Michael Chansu"
                LayoutBlockFlow {P} at (7.19,96) size 156x16
                  LayoutText {#text} at (0,0) size 69x15
                    text run at (0,0) width 69: "Harold Todd"
                LayoutBlockFlow {P} at (7.19,112) size 156x16
                  LayoutInline {FONT} at (0,0) size 54x15
                    LayoutText {#text} at (0,0) size 54x15
                      text run at (0,0) width 54: "Don Coon"
                LayoutBlockFlow {P} at (7.19,128) size 156x16
                  LayoutText {#text} at (0,0) size 55x15
                    text run at (0,0) width 55: "John Paye"
                LayoutBlockFlow {P} at (7.19,144) size 156x16
                  LayoutText {#text} at (0,0) size 66x15
                    text run at (0,0) width 66: "David Allen"
                LayoutBlockFlow {P} at (7.19,160) size 156x16
                  LayoutText {#text} at (0,0) size 107x15
                    text run at (0,0) width 107: "Raymund Leonardo"
                  LayoutInline {SPAN} at (0,0) size 1x15
                    LayoutInline {O:P} at (0,0) size 1x15
              LayoutTableCell {TD} at (268,3337) size 99x176 [r=46 c=2 rs=1 cs=1]
                LayoutBlockFlow {P} at (7.19,0) size 85x16
                  LayoutText {#text} at (32,0) size 21x15
                    text run at (32,0) width 21: "Yes"
                  LayoutInline {SPAN} at (0,0) size 1x15
                    LayoutInline {O:P} at (0,0) size 1x15
                LayoutBlockFlow {P} at (7.19,16) size 85x16
                  LayoutText {#text} at (32,0) size 21x15
                    text run at (32,0) width 21: "Yes"
                  LayoutInline {SPAN} at (0,0) size 1x15
                    LayoutInline {O:P} at (0,0) size 1x15
                LayoutBlockFlow {P} at (7.19,32) size 85x16
                  LayoutText {#text} at (32,0) size 21x15
                    text run at (32,0) width 21: "Yes"
                  LayoutInline {SPAN} at (0,0) size 1x15
                    LayoutInline {O:P} at (0,0) size 1x15
                LayoutBlockFlow {P} at (7.19,48) size 85x16
                  LayoutText {#text} at (32,0) size 21x15
                    text run at (32,0) width 21: "Yes"
                  LayoutInline {SPAN} at (0,0) size 1x15
                    LayoutInline {O:P} at (0,0) size 1x15
                LayoutBlockFlow {P} at (7.19,64) size 85x16
                  LayoutText {#text} at (32,0) size 21x15
                    text run at (32,0) width 21: "Yes"
                  LayoutInline {SPAN} at (0,0) size 1x15
                    LayoutInline {O:P} at (0,0) size 1x15
                LayoutBlockFlow {P} at (7.19,80) size 85x16
                  LayoutText {#text} at (32,0) size 21x15
                    text run at (32,0) width 21: "Yes"
                LayoutBlockFlow {P} at (7.19,96) size 85x16
                  LayoutText {#text} at (40,0) size 5x15
                    text run at (40,0) width 5: " "
                LayoutBlockFlow {P} at (7.19,112) size 85x16
                  LayoutText {#text} at (40,0) size 5x15
                    text run at (40,0) width 5: " "
                LayoutBlockFlow {P} at (7.19,128) size 85x16
                  LayoutText {#text} at (40,0) size 5x15
                    text run at (40,0) width 5: " "
                LayoutBlockFlow {P} at (7.19,144) size 85x16
                  LayoutText {#text} at (40,0) size 5x15
                    text run at (40,0) width 5: " "
                LayoutBlockFlow {P} at (7.19,160) size 85x16
                  LayoutText {#text} at (34,0) size 17x15
                    text run at (34,0) width 17: "No"
                  LayoutInline {SPAN} at (0,0) size 1x15
                    LayoutInline {O:P} at (0,0) size 1x15
              LayoutTableCell {TD} at (367,3337) size 106x176 [r=46 c=3 rs=1 cs=1]
                LayoutBlockFlow {P} at (7.19,0) size 92x16
                  LayoutText {#text} at (37,0) size 18x15
                    text run at (37,0) width 18: "No"
                  LayoutInline {SPAN} at (0,0) size 1x15
                    LayoutInline {O:P} at (0,0) size 1x15
                LayoutBlockFlow {P} at (7.19,16) size 92x16
                  LayoutText {#text} at (37,0) size 18x15
                    text run at (37,0) width 18: "No"
                  LayoutInline {SPAN} at (0,0) size 1x15
                    LayoutInline {O:P} at (0,0) size 1x15
                LayoutBlockFlow {P} at (7.19,32) size 92x16
                  LayoutText {#text} at (37,0) size 18x15
                    text run at (37,0) width 18: "No"
                  LayoutInline {SPAN} at (0,0) size 1x15
                    LayoutInline {O:P} at (0,0) size 1x15
                LayoutBlockFlow {P} at (7.19,48) size 92x16
                  LayoutText {#text} at (35,0) size 22x15
                    text run at (35,0) width 22: "Yes"
                  LayoutInline {SPAN} at (0,0) size 1x15
                    LayoutInline {O:P} at (0,0) size 1x15
                LayoutBlockFlow {P} at (7.19,64) size 92x16
                  LayoutText {#text} at (37,0) size 18x15
                    text run at (37,0) width 18: "No"
                  LayoutInline {SPAN} at (0,0) size 1x15
                    LayoutInline {O:P} at (0,0) size 1x15
                LayoutBlockFlow {P} at (7.19,80) size 92x16
                  LayoutText {#text} at (37,0) size 18x15
                    text run at (37,0) width 18: "No"
                LayoutBlockFlow {P} at (7.19,96) size 92x16
                  LayoutText {#text} at (44,0) size 4x15
                    text run at (44,0) width 4: " "
                LayoutBlockFlow {P} at (7.19,112) size 92x16
                  LayoutText {#text} at (44,0) size 4x15
                    text run at (44,0) width 4: " "
                LayoutBlockFlow {P} at (7.19,128) size 92x16
                  LayoutText {#text} at (44,0) size 4x15
                    text run at (44,0) width 4: " "
                LayoutBlockFlow {P} at (7.19,144) size 92x16
                  LayoutText {#text} at (44,0) size 4x15
                    text run at (44,0) width 4: " "
                LayoutBlockFlow {P} at (7.19,160) size 92x16
                  LayoutText {#text} at (35,0) size 22x15
                    text run at (35,0) width 22: "Yes"
                  LayoutInline {SPAN} at (0,0) size 1x15
                    LayoutInline {O:P} at (0,0) size 1x15
            LayoutTableRow {TR} at (0,3513) size 473x144
              LayoutTableCell {TD} at (0,3513) size 98x16 [r=47 c=0 rs=1 cs=1]
                LayoutBlockFlow {P} at (7.19,0) size 84x16
                  LayoutText {#text} at (35,0) size 14x15
                    text run at (35,0) width 14: "48"
                  LayoutInline {SPAN} at (0,0) size 1x15
                    LayoutInline {O:P} at (0,0) size 1x15
              LayoutTableCell {TD} at (98,3513) size 170x144 [r=47 c=1 rs=1 cs=1]
                LayoutBlockFlow {P} at (7.19,0) size 156x16
                  LayoutText {#text} at (0,0) size 82x15
                    text run at (0,0) width 82: "Mark Glanville"
                  LayoutInline {SPAN} at (0,0) size 1x15
                    LayoutInline {O:P} at (0,0) size 1x15
                LayoutBlockFlow {P} at (7.19,16) size 156x16
                  LayoutText {#text} at (0,0) size 94x15
                    text run at (0,0) width 94: "Ian + Brad Carter"
                LayoutBlockFlow {P} at (7.19,32) size 156x16
                  LayoutText {#text} at (0,0) size 82x15
                    text run at (0,0) width 82: "Stefan Kiritzov"
                LayoutBlockFlow {P} at (7.19,48) size 156x16
                  LayoutText {#text} at (0,0) size 59x15
                    text run at (0,0) width 59: "Joe Araujo"
                LayoutBlockFlow {P} at (7.19,64) size 156x16
                  LayoutText {#text} at (0,0) size 69x15
                    text run at (0,0) width 69: "Harold Todd"
                LayoutBlockFlow {P} at (7.19,80) size 156x16
                  LayoutText {#text} at (0,0) size 71x15
                    text run at (0,0) width 71: "Steve Gilbert"
                LayoutBlockFlow {P} at (7.19,96) size 156x16
                  LayoutText {#text} at (0,0) size 56x15
                    text run at (0,0) width 56: "Mark Diel"
                LayoutBlockFlow {P} at (7.19,112) size 156x16
                  LayoutText {#text} at (0,0) size 89x15
                    text run at (0,0) width 89: "Jack Goodfriend"
                LayoutBlockFlow {P} at (7.19,128) size 156x16
                  LayoutText {#text} at (0,0) size 93x15
                    text run at (0,0) width 93: "Ruenjoe (Joe) Lu"
                  LayoutInline {SPAN} at (0,0) size 1x15
                    LayoutInline {O:P} at (0,0) size 1x15
              LayoutTableCell {TD} at (268,3513) size 99x96 [r=47 c=2 rs=1 cs=1]
                LayoutBlockFlow {P} at (7.19,0) size 85x16
                  LayoutText {#text} at (32,0) size 21x15
                    text run at (32,0) width 21: "Yes"
                  LayoutInline {SPAN} at (0,0) size 1x15
                    LayoutInline {O:P} at (0,0) size 1x15
                LayoutBlockFlow {P} at (7.19,16) size 85x16
                  LayoutText {#text} at (32,0) size 21x15
                    text run at (32,0) width 21: "Yes"
                LayoutBlockFlow {P} at (7.19,32) size 85x16
                  LayoutText {#text} at (32,0) size 21x15
                    text run at (32,0) width 21: "Yes"
                LayoutBlockFlow {P} at (7.19,48) size 85x16
                  LayoutText {#text} at (40,0) size 5x15
                    text run at (40,0) width 5: " "
                LayoutBlockFlow {P} at (7.19,64) size 85x16
                  LayoutText {#text} at (40,0) size 5x15
                    text run at (40,0) width 5: " "
                LayoutBlockFlow {P} at (7.19,80) size 85x16
                  LayoutText {#text} at (32,0) size 21x15
                    text run at (32,0) width 21: "Yes"
                  LayoutInline {SPAN} at (0,0) size 1x15
                    LayoutInline {O:P} at (0,0) size 1x15
              LayoutTableCell {TD} at (367,3513) size 106x96 [r=47 c=3 rs=1 cs=1]
                LayoutBlockFlow {P} at (7.19,0) size 92x16
                  LayoutText {#text} at (37,0) size 18x15
                    text run at (37,0) width 18: "No"
                  LayoutInline {SPAN} at (0,0) size 1x15
                    LayoutInline {O:P} at (0,0) size 1x15
                LayoutBlockFlow {P} at (7.19,16) size 92x16
                  LayoutText {#text} at (37,0) size 18x15
                    text run at (37,0) width 18: "No"
                LayoutBlockFlow {P} at (7.19,32) size 92x16
                  LayoutText {#text} at (35,0) size 22x15
                    text run at (35,0) width 22: "Yes"
                LayoutBlockFlow {P} at (7.19,48) size 92x16
                  LayoutText {#text} at (44,0) size 4x15
                    text run at (44,0) width 4: " "
                LayoutBlockFlow {P} at (7.19,64) size 92x16
                  LayoutText {#text} at (44,0) size 4x15
                    text run at (44,0) width 4: " "
                LayoutBlockFlow {P} at (7.19,80) size 92x16
                  LayoutText {#text} at (37,0) size 18x15
                    text run at (37,0) width 18: "No"
                  LayoutInline {SPAN} at (0,0) size 1x15
                    LayoutInline {O:P} at (0,0) size 1x15
            LayoutTableRow {TR} at (0,3657) size 473x64
              LayoutTableCell {TD} at (0,3657) size 98x16 [r=48 c=0 rs=1 cs=1]
                LayoutBlockFlow {P} at (7.19,0) size 84x16
                  LayoutText {#text} at (35,0) size 14x15
                    text run at (35,0) width 14: "49"
                  LayoutInline {SPAN} at (0,0) size 1x15
                    LayoutInline {O:P} at (0,0) size 1x15
              LayoutTableCell {TD} at (98,3657) size 170x64 [r=48 c=1 rs=1 cs=1]
                LayoutBlockFlow {P} at (7.19,0) size 156x16
                  LayoutText {#text} at (0,0) size 69x15
                    text run at (0,0) width 69: "Ali Erdengiz"
                LayoutBlockFlow {P} at (7.19,16) size 156x16
                  LayoutText {#text} at (0,0) size 66x15
                    text run at (0,0) width 66: "David Allen"
                LayoutBlockFlow {P} at (7.19,32) size 156x16
                  LayoutInline {SPAN} at (0,0) size 74x15
                    LayoutInline {O:P} at (0,0) size 0x0
                    LayoutText {#text} at (0,0) size 74x15
                      text run at (0,0) width 74: "Narayen Raju"
                LayoutBlockFlow {P} at (7.19,48) size 156x16
                  LayoutInline {SPAN} at (0,0) size 85x15
                    LayoutText {#text} at (0,0) size 85x15
                      text run at (0,0) width 33: "Jason "
                      text run at (32,0) width 53: "Anderson"
              LayoutTableCell {TD} at (268,3657) size 99x64 [r=48 c=2 rs=1 cs=1]
                LayoutBlockFlow {P} at (7.19,0) size 85x16
                  LayoutText {#text} at (40,0) size 5x15
                    text run at (40,0) width 5: " "
                LayoutBlockFlow {P} at (7.19,16) size 85x16
                  LayoutText {#text} at (40,0) size 5x15
                    text run at (40,0) width 5: " "
                LayoutBlockFlow {P} at (7.19,32) size 85x16
                  LayoutText {#text} at (40,0) size 5x15
                    text run at (40,0) width 5: " "
                LayoutBlockFlow {P} at (7.19,48) size 85x16
                  LayoutText {#text} at (32,0) size 21x15
                    text run at (32,0) width 21: "Yes"
                  LayoutInline {SPAN} at (0,0) size 1x15
                    LayoutInline {O:P} at (0,0) size 1x15
              LayoutTableCell {TD} at (367,3657) size 106x64 [r=48 c=3 rs=1 cs=1]
                LayoutBlockFlow {P} at (7.19,0) size 92x16
                  LayoutText {#text} at (44,0) size 4x15
                    text run at (44,0) width 4: " "
                LayoutBlockFlow {P} at (7.19,16) size 92x16
                  LayoutText {#text} at (44,0) size 4x15
                    text run at (44,0) width 4: " "
                LayoutBlockFlow {P} at (7.19,32) size 92x16
                  LayoutText {#text} at (44,0) size 4x15
                    text run at (44,0) width 4: " "
                LayoutBlockFlow {P} at (7.19,48) size 92x16
                  LayoutText {#text} at (37,0) size 18x15
                    text run at (37,0) width 18: "No"
                  LayoutInline {SPAN} at (0,0) size 1x15
                    LayoutInline {O:P} at (0,0) size 1x15
            LayoutTableRow {TR} at (0,3721) size 473x144
              LayoutTableCell {TD} at (0,3721) size 98x16 [r=49 c=0 rs=1 cs=1]
                LayoutBlockFlow {P} at (7.19,0) size 84x16
                  LayoutText {#text} at (35,0) size 14x15
                    text run at (35,0) width 14: "50"
                  LayoutInline {SPAN} at (0,0) size 1x15
                    LayoutInline {O:P} at (0,0) size 1x15
              LayoutTableCell {TD} at (98,3721) size 170x144 [r=49 c=1 rs=1 cs=1]
                LayoutBlockFlow {P} at (7.19,0) size 156x16
                  LayoutText {#text} at (0,0) size 52x15
                    text run at (0,0) width 52: "Zak West"
                  LayoutInline {SPAN} at (0,0) size 1x15
                    LayoutInline {O:P} at (0,0) size 1x15
                LayoutBlockFlow {P} at (7.19,16) size 156x16
                  LayoutText {#text} at (0,0) size 75x15
                    text run at (0,0) width 75: "Rick Klement"
                  LayoutInline {SPAN} at (0,0) size 1x15
                    LayoutInline {O:P} at (0,0) size 1x15
                LayoutBlockFlow {P} at (7.19,32) size 156x16
                  LayoutText {#text} at (0,0) size 59x15
                    text run at (0,0) width 59: "Jim Bernal"
                LayoutBlockFlow {P} at (7.19,48) size 156x16
                  LayoutText {#text} at (0,0) size 88x15
                    text run at (0,0) width 88: "Alan Littlewood"
                LayoutBlockFlow {P} at (7.19,64) size 156x16
                  LayoutText {#text} at (0,0) size 62x15
                    text run at (0,0) width 62: "Jerry Davis"
                LayoutBlockFlow {P} at (7.19,80) size 156x16
                  LayoutText {#text} at (0,0) size 85x15
                    text run at (0,0) width 85: "Lauren Bussard"
                LayoutBlockFlow {P} at (7.19,96) size 156x16
                  LayoutText {#text} at (0,0) size 85x15
                    text run at (0,0) width 85: "John Yearwood"
                LayoutBlockFlow {P} at (7.19,112) size 156x16
                  LayoutText {#text} at (0,0) size 74x15
                    text run at (0,0) width 74: "Narayan Raju"
                LayoutBlockFlow {P} at (7.19,128) size 156x16
                  LayoutText {#text} at (0,0) size 67x15
                    text run at (0,0) width 67: "Ken Manuel"
                  LayoutInline {SPAN} at (0,0) size 1x15
                    LayoutInline {O:P} at (0,0) size 1x15
              LayoutTableCell {TD} at (268,3721) size 99x112 [r=49 c=2 rs=1 cs=1]
                LayoutBlockFlow {P} at (7.19,0) size 85x16
                  LayoutText {#text} at (32,0) size 21x15
                    text run at (32,0) width 21: "Yes"
                  LayoutInline {SPAN} at (0,0) size 1x15
                    LayoutInline {O:P} at (0,0) size 1x15
                LayoutBlockFlow {P} at (7.19,16) size 85x16
                  LayoutText {#text} at (32,0) size 21x15
                    text run at (32,0) width 21: "Yes"
                  LayoutInline {SPAN} at (0,0) size 1x15
                    LayoutInline {O:P} at (0,0) size 1x15
                LayoutBlockFlow {P} at (7.19,32) size 85x16
                  LayoutText {#text} at (32,0) size 21x15
                    text run at (32,0) width 21: "Yes"
                LayoutBlockFlow {P} at (7.19,48) size 85x16
                  LayoutText {#text} at (32,0) size 21x15
                    text run at (32,0) width 21: "Yes"
                LayoutBlockFlow {P} at (7.19,64) size 85x16
                  LayoutText {#text} at (32,0) size 21x15
                    text run at (32,0) width 21: "Yes"
                LayoutBlockFlow {P} at (7.19,80) size 85x16
                  LayoutText {#text} at (40,0) size 5x15
                    text run at (40,0) width 5: " "
                LayoutBlockFlow {P} at (7.19,96) size 85x16
                  LayoutText {#text} at (32,0) size 21x15
                    text run at (32,0) width 21: "Yes"
                  LayoutInline {SPAN} at (0,0) size 1x15
                    LayoutInline {O:P} at (0,0) size 1x15
              LayoutTableCell {TD} at (367,3721) size 106x112 [r=49 c=3 rs=1 cs=1]
                LayoutBlockFlow {P} at (7.19,0) size 92x16
                  LayoutText {#text} at (35,0) size 22x15
                    text run at (35,0) width 22: "Yes"
                  LayoutInline {SPAN} at (0,0) size 1x15
                    LayoutInline {O:P} at (0,0) size 1x15
                LayoutBlockFlow {P} at (7.19,16) size 92x16
                  LayoutText {#text} at (35,0) size 22x15
                    text run at (35,0) width 22: "Yes"
                  LayoutInline {SPAN} at (0,0) size 1x15
                    LayoutInline {O:P} at (0,0) size 1x15
                LayoutBlockFlow {P} at (7.19,32) size 92x16
                  LayoutText {#text} at (37,0) size 18x15
                    text run at (37,0) width 18: "No"
                LayoutBlockFlow {P} at (7.19,48) size 92x16
                  LayoutText {#text} at (37,0) size 18x15
                    text run at (37,0) width 18: "No"
                LayoutBlockFlow {P} at (7.19,64) size 92x16
                  LayoutText {#text} at (35,0) size 22x15
                    text run at (35,0) width 22: "Yes"
                LayoutBlockFlow {P} at (7.19,80) size 92x16
                  LayoutText {#text} at (44,0) size 4x15
                    text run at (44,0) width 4: " "
                LayoutBlockFlow {P} at (7.19,96) size 92x16
                  LayoutText {#text} at (37,0) size 18x15
                    text run at (37,0) width 18: "No"
                  LayoutInline {SPAN} at (0,0) size 1x15
                    LayoutInline {O:P} at (0,0) size 1x15
            LayoutTableRow {TR} at (0,3865) size 473x48
              LayoutTableCell {TD} at (0,3865) size 98x16 [r=50 c=0 rs=1 cs=1]
                LayoutBlockFlow {P} at (7.19,0) size 84x16
                  LayoutText {#text} at (35,0) size 14x15
                    text run at (35,0) width 14: "51"
                  LayoutInline {SPAN} at (0,0) size 1x15
                    LayoutInline {O:P} at (0,0) size 1x15
              LayoutTableCell {TD} at (98,3865) size 170x48 [r=50 c=1 rs=1 cs=1]
                LayoutBlockFlow {P} at (7.19,0) size 156x16
                  LayoutText {#text} at (0,0) size 79x15
                    text run at (0,0) width 79: "Robert Barnett"
                LayoutBlockFlow {P} at (7.19,16) size 156x16
                  LayoutText {#text} at (0,0) size 73x15
                    text run at (0,0) width 73: "Jim Mahoney"
                LayoutBlockFlow {P} at (7.19,32) size 156x16
                  LayoutText {#text} at (0,0) size 85x15
                    text run at (0,0) width 85: "Jason Anderson"
                  LayoutInline {SPAN} at (0,0) size 1x15
                    LayoutInline {O:P} at (0,0) size 1x15
              LayoutTableCell {TD} at (268,3865) size 99x48 [r=50 c=2 rs=1 cs=1]
                LayoutBlockFlow {P} at (7.19,0) size 85x16
                  LayoutText {#text} at (32,0) size 21x15
                    text run at (32,0) width 21: "Yes"
                LayoutBlockFlow {P} at (7.19,16) size 85x16
                  LayoutText {#text} at (32,0) size 21x15
                    text run at (32,0) width 21: "Yes"
                LayoutBlockFlow {P} at (7.19,32) size 85x16
                  LayoutText {#text} at (32,0) size 21x15
                    text run at (32,0) width 21: "Yes"
                  LayoutInline {SPAN} at (0,0) size 1x15
                    LayoutInline {O:P} at (0,0) size 1x15
              LayoutTableCell {TD} at (367,3865) size 106x48 [r=50 c=3 rs=1 cs=1]
                LayoutBlockFlow {P} at (7.19,0) size 92x16
                  LayoutInline {SPAN} at (0,0) size 18x15
                    LayoutText {#text} at (37,0) size 18x15
                      text run at (37,0) width 18: "No"
                    LayoutInline {O:P} at (0,0) size 1x15
                LayoutBlockFlow {P} at (7.19,16) size 92x16
                  LayoutInline {SPAN} at (0,0) size 22x15
                    LayoutText {#text} at (35,0) size 22x15
                      text run at (35,0) width 22: "Yes"
                LayoutBlockFlow {P} at (7.19,32) size 92x16
                  LayoutInline {SPAN} at (0,0) size 18x15
                    LayoutText {#text} at (37,0) size 18x15
                      text run at (37,0) width 18: "No"
                  LayoutInline {SPAN} at (0,0) size 1x15
                    LayoutInline {O:P} at (0,0) size 1x15
            LayoutTableRow {TR} at (0,3913) size 473x80
              LayoutTableCell {TD} at (0,3913) size 98x16 [r=51 c=0 rs=1 cs=1]
                LayoutBlockFlow {P} at (7.19,0) size 84x16
                  LayoutText {#text} at (35,0) size 14x15
                    text run at (35,0) width 14: "52"
                  LayoutInline {SPAN} at (0,0) size 1x15
                    LayoutInline {O:P} at (0,0) size 1x15
              LayoutTableCell {TD} at (98,3913) size 170x80 [r=51 c=1 rs=1 cs=1]
                LayoutBlockFlow {P} at (7.19,0) size 156x16
                  LayoutText {#text} at (0,0) size 59x15
                    text run at (0,0) width 59: "Mike West"
                  LayoutInline {SPAN} at (0,0) size 1x15
                    LayoutInline {O:P} at (0,0) size 1x15
                LayoutBlockFlow {P} at (7.19,16) size 156x16
                  LayoutText {#text} at (0,0) size 82x15
                    text run at (0,0) width 82: "Robert Frogner"
                LayoutBlockFlow {P} at (7.19,32) size 156x16
                  LayoutText {#text} at (0,0) size 90x15
                    text run at (0,0) width 90: "Chris McDowell"
                LayoutBlockFlow {P} at (7.19,48) size 156x16
                  LayoutText {#text} at (0,0) size 55x15
                    text run at (0,0) width 55: "Ed Cypret"
                LayoutBlockFlow {P} at (7.19,64) size 156x16
                  LayoutText {#text} at (0,0) size 68x15
                    text run at (0,0) width 68: "Dale Barnett"
                  LayoutInline {SPAN} at (0,0) size 1x15
                    LayoutInline {O:P} at (0,0) size 1x15
              LayoutTableCell {TD} at (268,3913) size 99x80 [r=51 c=2 rs=1 cs=1]
                LayoutBlockFlow {P} at (7.19,0) size 85x16
                  LayoutText {#text} at (32,0) size 21x15
                    text run at (32,0) width 21: "Yes"
                  LayoutInline {SPAN} at (0,0) size 1x15
                    LayoutInline {O:P} at (0,0) size 1x15
                LayoutBlockFlow {P} at (7.19,16) size 85x16
                  LayoutText {#text} at (32,0) size 21x15
                    text run at (32,0) width 21: "Yes"
                LayoutBlockFlow {P} at (7.19,32) size 85x16
                  LayoutText {#text} at (32,0) size 21x15
                    text run at (32,0) width 21: "Yes"
                LayoutBlockFlow {P} at (7.19,48) size 85x16
                  LayoutText {#text} at (40,0) size 5x15
                    text run at (40,0) width 5: " "
                LayoutBlockFlow {P} at (7.19,64) size 85x16
                  LayoutText {#text} at (32,0) size 21x15
                    text run at (32,0) width 21: "Yes"
                  LayoutInline {SPAN} at (0,0) size 1x15
                    LayoutInline {O:P} at (0,0) size 1x15
              LayoutTableCell {TD} at (367,3913) size 106x80 [r=51 c=3 rs=1 cs=1]
                LayoutBlockFlow {P} at (7.19,0) size 92x16
                  LayoutText {#text} at (35,0) size 22x15
                    text run at (35,0) width 22: "Yes"
                  LayoutInline {SPAN} at (0,0) size 1x15
                    LayoutInline {O:P} at (0,0) size 1x15
                LayoutBlockFlow {P} at (7.19,16) size 92x16
                  LayoutText {#text} at (37,0) size 18x15
                    text run at (37,0) width 18: "No"
                LayoutBlockFlow {P} at (7.19,32) size 92x16
                  LayoutText {#text} at (37,0) size 18x15
                    text run at (37,0) width 18: "No"
                LayoutBlockFlow {P} at (7.19,48) size 92x16
                  LayoutText {#text} at (44,0) size 4x15
                    text run at (44,0) width 4: " "
                LayoutBlockFlow {P} at (7.19,64) size 92x16
                  LayoutText {#text} at (37,0) size 18x15
                    text run at (37,0) width 18: "No"
                  LayoutInline {SPAN} at (0,0) size 1x15
                    LayoutInline {O:P} at (0,0) size 1x15
            LayoutTableRow {TR} at (0,3993) size 473x80
              LayoutTableCell {TD} at (0,3993) size 98x16 [r=52 c=0 rs=1 cs=1]
                LayoutBlockFlow {P} at (7.19,0) size 84x16
                  LayoutText {#text} at (35,0) size 14x15
                    text run at (35,0) width 14: "53"
                  LayoutInline {SPAN} at (0,0) size 1x15
                    LayoutInline {O:P} at (0,0) size 1x15
              LayoutTableCell {TD} at (98,3993) size 170x80 [r=52 c=1 rs=1 cs=1]
                LayoutBlockFlow {P} at (7.19,0) size 156x16
                  LayoutText {#text} at (0,0) size 82x15
                    text run at (0,0) width 82: "Alberto Lanzas"
                  LayoutInline {SPAN} at (0,0) size 1x15
                    LayoutInline {O:P} at (0,0) size 1x15
                LayoutBlockFlow {P} at (7.19,16) size 156x16
                  LayoutText {#text} at (0,0) size 68x15
                    text run at (0,0) width 68: "Bill Johnson"
                LayoutBlockFlow {P} at (7.19,32) size 156x16
                  LayoutText {#text} at (0,0) size 44x15
                    text run at (0,0) width 44: "Al Wert"
                LayoutBlockFlow {P} at (7.19,48) size 156x16
                  LayoutText {#text} at (0,0) size 68x15
                    text run at (0,0) width 68: "Dale Barnett"
                LayoutBlockFlow {P} at (7.19,64) size 156x16
                  LayoutText {#text} at (0,0) size 102x15
                    text run at (0,0) width 102: "Ramin Khoshnevis"
                  LayoutInline {SPAN} at (0,0) size 1x15
                    LayoutInline {O:P} at (0,0) size 1x15
              LayoutTableCell {TD} at (268,3993) size 99x80 [r=52 c=2 rs=1 cs=1]
                LayoutBlockFlow {P} at (7.19,0) size 85x16
                  LayoutText {#text} at (32,0) size 21x15
                    text run at (32,0) width 21: "Yes"
                  LayoutInline {SPAN} at (0,0) size 1x15
                    LayoutInline {O:P} at (0,0) size 1x15
                LayoutBlockFlow {P} at (7.19,16) size 85x16
                  LayoutText {#text} at (32,0) size 21x15
                    text run at (32,0) width 21: "Yes"
                LayoutBlockFlow {P} at (7.19,32) size 85x16
                  LayoutText {#text} at (34,0) size 17x15
                    text run at (34,0) width 17: "No"
                LayoutBlockFlow {P} at (7.19,48) size 85x16
                  LayoutText {#text} at (32,0) size 21x15
                    text run at (32,0) width 21: "Yes"
                LayoutBlockFlow {P} at (7.19,64) size 85x16
                  LayoutText {#text} at (32,0) size 21x15
                    text run at (32,0) width 21: "Yes"
                  LayoutInline {SPAN} at (0,0) size 1x15
                    LayoutInline {O:P} at (0,0) size 1x15
              LayoutTableCell {TD} at (367,3993) size 106x80 [r=52 c=3 rs=1 cs=1]
                LayoutBlockFlow {P} at (7.19,0) size 92x16
                  LayoutText {#text} at (35,0) size 22x15
                    text run at (35,0) width 22: "Yes"
                  LayoutInline {SPAN} at (0,0) size 1x15
                    LayoutInline {O:P} at (0,0) size 1x15
                LayoutBlockFlow {P} at (7.19,16) size 92x16
                  LayoutText {#text} at (37,0) size 18x15
                    text run at (37,0) width 18: "No"
                LayoutBlockFlow {P} at (7.19,32) size 92x16
                  LayoutText {#text} at (35,0) size 22x15
                    text run at (35,0) width 22: "Yes"
                LayoutBlockFlow {P} at (7.19,48) size 92x16
                  LayoutText {#text} at (37,0) size 18x15
                    text run at (37,0) width 18: "No"
                LayoutBlockFlow {P} at (7.19,64) size 92x16
                  LayoutText {#text} at (37,0) size 18x15
                    text run at (37,0) width 18: "No"
                  LayoutInline {SPAN} at (0,0) size 1x15
                    LayoutInline {O:P} at (0,0) size 1x15
            LayoutTableRow {TR} at (0,4073) size 473x112
              LayoutTableCell {TD} at (0,4073) size 98x16 [r=53 c=0 rs=1 cs=1]
                LayoutBlockFlow {P} at (7.19,0) size 84x16
                  LayoutText {#text} at (35,0) size 14x15
                    text run at (35,0) width 14: "54"
                  LayoutInline {SPAN} at (0,0) size 1x15
                    LayoutInline {O:P} at (0,0) size 1x15
              LayoutTableCell {TD} at (98,4073) size 170x112 [r=53 c=1 rs=1 cs=1]
                LayoutBlockFlow {P} at (7.19,0) size 156x16
                  LayoutText {#text} at (0,0) size 76x15
                    text run at (0,0) width 76: "Gene Langley"
                LayoutBlockFlow {P} at (7.19,16) size 156x16
                  LayoutText {#text} at (0,0) size 68x15
                    text run at (0,0) width 68: "Bill Johnson"
                LayoutBlockFlow {P} at (7.19,32) size 156x16
                  LayoutText {#text} at (0,0) size 56x15
                    text run at (0,0) width 56: "Mark Diel"
                LayoutBlockFlow {P} at (7.19,48) size 156x16
                  LayoutText {#text} at (0,0) size 62x15
                    text run at (0,0) width 62: "Jerry Davis"
                LayoutBlockFlow {P} at (7.19,64) size 156x16
                  LayoutText {#text} at (0,0) size 57x15
                    text run at (0,0) width 57: "Peter Starr"
                LayoutBlockFlow {P} at (7.19,80) size 156x16
                  LayoutText {#text} at (0,0) size 85x15
                    text run at (0,0) width 85: "John Yearwood"
                LayoutBlockFlow {P} at (7.19,96) size 156x16
                  LayoutText {#text} at (0,0) size 63x15
                    text run at (0,0) width 63: "Scott Hersh"
                  LayoutInline {SPAN} at (0,0) size 1x15
                    LayoutInline {O:P} at (0,0) size 1x15
              LayoutTableCell {TD} at (268,4073) size 99x112 [r=53 c=2 rs=1 cs=1]
                LayoutBlockFlow {P} at (7.19,0) size 85x16
                  LayoutText {#text} at (32,0) size 21x15
                    text run at (32,0) width 21: "Yes"
                LayoutBlockFlow {P} at (7.19,16) size 85x16
                  LayoutText {#text} at (32,0) size 21x15
                    text run at (32,0) width 21: "Yes"
                LayoutBlockFlow {P} at (7.19,32) size 85x16
                  LayoutText {#text} at (40,0) size 5x15
                    text run at (40,0) width 5: " "
                LayoutBlockFlow {P} at (7.19,48) size 85x16
                  LayoutText {#text} at (32,0) size 21x15
                    text run at (32,0) width 21: "Yes"
                LayoutBlockFlow {P} at (7.19,64) size 85x16
                  LayoutText {#text} at (40,0) size 5x15
                    text run at (40,0) width 5: " "
                LayoutBlockFlow {P} at (7.19,80) size 85x16
                  LayoutText {#text} at (32,0) size 21x15
                    text run at (32,0) width 21: "Yes"
                LayoutBlockFlow {P} at (7.19,96) size 85x16
                  LayoutText {#text} at (32,0) size 21x15
                    text run at (32,0) width 21: "Yes"
                  LayoutInline {SPAN} at (0,0) size 1x15
                    LayoutInline {O:P} at (0,0) size 1x15
              LayoutTableCell {TD} at (367,4073) size 106x112 [r=53 c=3 rs=1 cs=1]
                LayoutBlockFlow {P} at (7.19,0) size 92x16
                  LayoutText {#text} at (6,0) size 80x15
                    text run at (6,0) width 80: "Gyro wannabe"
                LayoutBlockFlow {P} at (7.19,16) size 92x16
                  LayoutText {#text} at (37,0) size 18x15
                    text run at (37,0) width 18: "No"
                LayoutBlockFlow {P} at (7.19,32) size 92x16
                  LayoutText {#text} at (44,0) size 4x15
                    text run at (44,0) width 4: " "
                LayoutBlockFlow {P} at (7.19,48) size 92x16
                  LayoutText {#text} at (37,0) size 18x15
                    text run at (37,0) width 18: "No"
                LayoutBlockFlow {P} at (7.19,64) size 92x16
                  LayoutText {#text} at (44,0) size 4x15
                    text run at (44,0) width 4: " "
                LayoutBlockFlow {P} at (7.19,80) size 92x16
                  LayoutText {#text} at (37,0) size 18x15
                    text run at (37,0) width 18: "No"
                LayoutBlockFlow {P} at (7.19,96) size 92x16
                  LayoutText {#text} at (37,0) size 18x15
                    text run at (37,0) width 18: "No"
                  LayoutInline {SPAN} at (0,0) size 1x15
                    LayoutInline {O:P} at (0,0) size 1x15
            LayoutTableRow {TR} at (0,4185) size 473x48
              LayoutTableCell {TD} at (0,4185) size 98x16 [r=54 c=0 rs=1 cs=1]
                LayoutBlockFlow {P} at (7.19,0) size 84x16
                  LayoutText {#text} at (35,0) size 14x15
                    text run at (35,0) width 14: "55"
                  LayoutInline {SPAN} at (0,0) size 1x15
                    LayoutInline {O:P} at (0,0) size 1x15
              LayoutTableCell {TD} at (98,4185) size 170x48 [r=54 c=1 rs=1 cs=1]
                LayoutBlockFlow {P} at (7.19,0) size 156x16
                  LayoutText {#text} at (0,0) size 82x15
                    text run at (0,0) width 82: "Alberto Lanzas"
                  LayoutInline {SPAN} at (0,0) size 1x15
                    LayoutInline {O:P} at (0,0) size 1x15
                LayoutBlockFlow {P} at (7.19,16) size 156x16
                  LayoutText {#text} at (0,0) size 59x15
                    text run at (0,0) width 59: "Bob Roger"
                LayoutBlockFlow {P} at (7.19,32) size 156x16
                  LayoutText {#text} at (0,0) size 76x15
                    text run at (0,0) width 76: "Randy StClair"
                  LayoutInline {SPAN} at (0,0) size 1x15
                    LayoutInline {O:P} at (0,0) size 1x15
              LayoutTableCell {TD} at (268,4185) size 99x48 [r=54 c=2 rs=1 cs=1]
                LayoutBlockFlow {P} at (7.19,0) size 85x16
                  LayoutText {#text} at (32,0) size 21x15
                    text run at (32,0) width 21: "Yes"
                  LayoutInline {SPAN} at (0,0) size 1x15
                    LayoutInline {O:P} at (0,0) size 1x15
                LayoutBlockFlow {P} at (7.19,16) size 85x16
                  LayoutText {#text} at (32,0) size 21x15
                    text run at (32,0) width 21: "Yes"
                LayoutBlockFlow {P} at (7.19,32) size 85x16
                  LayoutText {#text} at (32,0) size 21x15
                    text run at (32,0) width 21: "Yes"
                  LayoutInline {SPAN} at (0,0) size 1x15
                    LayoutInline {O:P} at (0,0) size 1x15
              LayoutTableCell {TD} at (367,4185) size 106x48 [r=54 c=3 rs=1 cs=1]
                LayoutBlockFlow {P} at (7.19,0) size 92x16
                  LayoutText {#text} at (35,0) size 22x15
                    text run at (35,0) width 22: "Yes"
                  LayoutInline {SPAN} at (0,0) size 1x15
                    LayoutInline {O:P} at (0,0) size 1x15
                LayoutBlockFlow {P} at (7.19,16) size 92x16
                  LayoutText {#text} at (37,0) size 18x15
                    text run at (37,0) width 18: "No"
                LayoutBlockFlow {P} at (7.19,32) size 92x16
                  LayoutText {#text} at (37,0) size 18x15
                    text run at (37,0) width 18: "No"
                  LayoutInline {SPAN} at (0,0) size 1x15
                    LayoutInline {O:P} at (0,0) size 1x15
            LayoutTableRow {TR} at (0,4233) size 473x80
              LayoutTableCell {TD} at (0,4233) size 98x16 [r=55 c=0 rs=1 cs=1]
                LayoutBlockFlow {P} at (7.19,0) size 84x16
                  LayoutText {#text} at (35,0) size 14x15
                    text run at (35,0) width 14: "56"
                  LayoutInline {SPAN} at (0,0) size 1x15
                    LayoutInline {O:P} at (0,0) size 1x15
              LayoutTableCell {TD} at (98,4233) size 170x80 [r=55 c=1 rs=1 cs=1]
                LayoutBlockFlow {P} at (7.19,0) size 156x16
                  LayoutText {#text} at (0,0) size 82x15
                    text run at (0,0) width 82: "Mark Glanville"
                LayoutBlockFlow {P} at (7.19,16) size 156x16
                  LayoutText {#text} at (0,0) size 71x15
                    text run at (0,0) width 71: "Steve Gilbert"
                LayoutBlockFlow {P} at (7.19,32) size 156x16
                  LayoutText {#text} at (0,0) size 62x15
                    text run at (0,0) width 62: "Jerry Davis"
                LayoutBlockFlow {P} at (7.19,48) size 156x16
                  LayoutText {#text} at (0,0) size 66x15
                    text run at (0,0) width 66: "Rich Saunef"
                LayoutBlockFlow {P} at (7.19,64) size 156x16
                  LayoutText {#text} at (0,0) size 70x15
                    text run at (0,0) width 70: "Harald Close"
                  LayoutInline {SPAN} at (0,0) size 1x15
                    LayoutInline {O:P} at (0,0) size 1x15
              LayoutTableCell {TD} at (268,4233) size 99x80 [r=55 c=2 rs=1 cs=1]
                LayoutBlockFlow {P} at (7.19,0) size 85x16
                  LayoutText {#text} at (32,0) size 21x15
                    text run at (32,0) width 21: "Yes"
                LayoutBlockFlow {P} at (7.19,16) size 85x16
                  LayoutText {#text} at (32,0) size 21x15
                    text run at (32,0) width 21: "Yes"
                LayoutBlockFlow {P} at (7.19,32) size 85x16
                  LayoutText {#text} at (32,0) size 21x15
                    text run at (32,0) width 21: "Yes"
                LayoutBlockFlow {P} at (7.19,48) size 85x16
                  LayoutText {#text} at (32,0) size 21x15
                    text run at (32,0) width 21: "Yes"
                LayoutBlockFlow {P} at (7.19,64) size 85x16
                  LayoutText {#text} at (32,0) size 21x15
                    text run at (32,0) width 21: "Yes"
                  LayoutInline {SPAN} at (0,0) size 1x15
                    LayoutInline {O:P} at (0,0) size 1x15
              LayoutTableCell {TD} at (367,4233) size 106x80 [r=55 c=3 rs=1 cs=1]
                LayoutBlockFlow {P} at (7.19,0) size 92x16
                  LayoutText {#text} at (37,0) size 18x15
                    text run at (37,0) width 18: "No"
                LayoutBlockFlow {P} at (7.19,16) size 92x16
                  LayoutText {#text} at (37,0) size 18x15
                    text run at (37,0) width 18: "No"
                LayoutBlockFlow {P} at (7.19,32) size 92x16
                  LayoutText {#text} at (37,0) size 18x15
                    text run at (37,0) width 18: "No"
                LayoutBlockFlow {P} at (7.19,48) size 92x16
                  LayoutText {#text} at (37,0) size 18x15
                    text run at (37,0) width 18: "No"
                LayoutBlockFlow {P} at (7.19,64) size 92x16
                  LayoutText {#text} at (37,0) size 18x15
                    text run at (37,0) width 18: "No"
                  LayoutInline {SPAN} at (0,0) size 1x15
                    LayoutInline {O:P} at (0,0) size 1x15
            LayoutTableRow {TR} at (0,4313) size 473x48
              LayoutTableCell {TD} at (0,4313) size 98x16 [r=56 c=0 rs=1 cs=1]
                LayoutBlockFlow {P} at (7.19,0) size 84x16
                  LayoutText {#text} at (35,0) size 14x15
                    text run at (35,0) width 14: "57"
                  LayoutInline {SPAN} at (0,0) size 1x15
                    LayoutInline {O:P} at (0,0) size 1x15
              LayoutTableCell {TD} at (98,4313) size 170x48 [r=56 c=1 rs=1 cs=1]
                LayoutBlockFlow {P} at (7.19,0) size 156x16
                  LayoutText {#text} at (0,0) size 59x15
                    text run at (0,0) width 59: "Bob Roger"
                LayoutBlockFlow {P} at (7.19,16) size 156x16
                  LayoutText {#text} at (0,0) size 69x15
                    text run at (0,0) width 69: "Rich Burnett"
                LayoutBlockFlow {P} at (7.19,32) size 156x16
                  LayoutText {#text} at (0,0) size 66x15
                    text run at (0,0) width 66: "David Dunn"
                  LayoutInline {SPAN} at (0,0) size 1x15
                    LayoutInline {O:P} at (0,0) size 1x15
              LayoutTableCell {TD} at (268,4313) size 99x16 [r=56 c=2 rs=1 cs=1]
                LayoutBlockFlow {P} at (7.19,0) size 85x16
                  LayoutText {#text} at (32,0) size 21x15
                    text run at (32,0) width 21: "Yes"
                  LayoutInline {SPAN} at (0,0) size 1x15
                    LayoutInline {O:P} at (0,0) size 1x15
              LayoutTableCell {TD} at (367,4313) size 106x16 [r=56 c=3 rs=1 cs=1]
                LayoutBlockFlow {P} at (7.19,0) size 92x16
                  LayoutText {#text} at (37,0) size 18x15
                    text run at (37,0) width 18: "No"
                  LayoutInline {SPAN} at (0,0) size 1x15
                    LayoutInline {O:P} at (0,0) size 1x15
            LayoutTableRow {TR} at (0,4361) size 473x64
              LayoutTableCell {TD} at (0,4361) size 98x16 [r=57 c=0 rs=1 cs=1]
                LayoutBlockFlow {P} at (7.19,0) size 84x16
                  LayoutText {#text} at (35,0) size 14x15
                    text run at (35,0) width 14: "58"
                  LayoutInline {SPAN} at (0,0) size 1x15
                    LayoutInline {O:P} at (0,0) size 1x15
              LayoutTableCell {TD} at (98,4361) size 170x64 [r=57 c=1 rs=1 cs=1]
                LayoutBlockFlow {P} at (7.19,0) size 156x16
                  LayoutText {#text} at (0,0) size 94x15
                    text run at (0,0) width 94: "Ian + Brad Carter"
                  LayoutInline {SPAN} at (0,0) size 1x15
                    LayoutInline {O:P} at (0,0) size 1x15
                LayoutBlockFlow {P} at (7.19,16) size 156x16
                  LayoutText {#text} at (0,0) size 68x15
                    text run at (0,0) width 68: "Bill Johnson"
                LayoutBlockFlow {P} at (7.19,32) size 156x16
                  LayoutText {#text} at (0,0) size 77x15
                    text run at (0,0) width 77: "Chuck Pringle"
                LayoutBlockFlow {P} at (7.19,48) size 156x16
                  LayoutText {#text} at (0,0) size 66x15
                    text run at (0,0) width 66: "David Dunn"
                  LayoutInline {SPAN} at (0,0) size 1x15
                    LayoutInline {O:P} at (0,0) size 1x15
              LayoutTableCell {TD} at (268,4361) size 99x48 [r=57 c=2 rs=1 cs=1]
                LayoutBlockFlow {P} at (7.19,0) size 85x16
                  LayoutText {#text} at (32,0) size 21x15
                    text run at (32,0) width 21: "Yes"
                  LayoutInline {SPAN} at (0,0) size 1x15
                    LayoutInline {O:P} at (0,0) size 1x15
                LayoutBlockFlow {P} at (7.19,16) size 85x16
                  LayoutText {#text} at (32,0) size 21x15
                    text run at (32,0) width 21: "Yes"
                LayoutBlockFlow {P} at (7.19,32) size 85x16
                  LayoutText {#text} at (32,0) size 21x15
                    text run at (32,0) width 21: "Yes"
                  LayoutInline {SPAN} at (0,0) size 1x15
                    LayoutInline {O:P} at (0,0) size 1x15
              LayoutTableCell {TD} at (367,4361) size 106x48 [r=57 c=3 rs=1 cs=1]
                LayoutBlockFlow {P} at (7.19,0) size 92x16
                  LayoutText {#text} at (37,0) size 18x15
                    text run at (37,0) width 18: "No"
                  LayoutInline {SPAN} at (0,0) size 1x15
                    LayoutInline {O:P} at (0,0) size 1x15
                LayoutBlockFlow {P} at (7.19,16) size 92x16
                  LayoutText {#text} at (37,0) size 18x15
                    text run at (37,0) width 18: "No"
                LayoutBlockFlow {P} at (7.19,32) size 92x16
                  LayoutText {#text} at (37,0) size 18x15
                    text run at (37,0) width 18: "No"
                  LayoutInline {SPAN} at (0,0) size 1x15
                    LayoutInline {O:P} at (0,0) size 1x15
            LayoutTableRow {TR} at (0,4425) size 473x32
              LayoutTableCell {TD} at (0,4425) size 98x16 [r=58 c=0 rs=1 cs=1]
                LayoutBlockFlow {P} at (7.19,0) size 84x16
                  LayoutText {#text} at (35,0) size 14x15
                    text run at (35,0) width 14: "59"
                  LayoutInline {SPAN} at (0,0) size 1x15
                    LayoutInline {O:P} at (0,0) size 1x15
              LayoutTableCell {TD} at (98,4425) size 170x32 [r=58 c=1 rs=1 cs=1]
                LayoutBlockFlow {P} at (7.19,0) size 156x16
                  LayoutText {#text} at (0,0) size 59x15
                    text run at (0,0) width 59: "Bob Roger"
                LayoutBlockFlow {P} at (7.19,16) size 156x16
                  LayoutText {#text} at (0,0) size 69x15
                    text run at (0,0) width 69: "Rich Burnett"
                  LayoutInline {SPAN} at (0,0) size 1x15
                    LayoutInline {O:P} at (0,0) size 1x15
              LayoutTableCell {TD} at (268,4425) size 99x16 [r=58 c=2 rs=1 cs=1]
                LayoutBlockFlow {P} at (7.19,0) size 85x16
                  LayoutText {#text} at (32,0) size 21x15
                    text run at (32,0) width 21: "Yes"
                  LayoutInline {SPAN} at (0,0) size 1x15
                    LayoutInline {O:P} at (0,0) size 1x15
              LayoutTableCell {TD} at (367,4425) size 106x16 [r=58 c=3 rs=1 cs=1]
                LayoutBlockFlow {P} at (7.19,0) size 92x16
                  LayoutText {#text} at (37,0) size 18x15
                    text run at (37,0) width 18: "No"
                  LayoutInline {SPAN} at (0,0) size 1x15
                    LayoutInline {O:P} at (0,0) size 1x15
            LayoutTableRow {TR} at (0,4457) size 473x64
              LayoutTableCell {TD} at (0,4457) size 98x16 [r=59 c=0 rs=1 cs=1]
                LayoutBlockFlow {P} at (7.19,0) size 84x16
                  LayoutText {#text} at (35,0) size 14x15
                    text run at (35,0) width 14: "60"
                  LayoutInline {SPAN} at (0,0) size 1x15
                    LayoutInline {O:P} at (0,0) size 1x15
              LayoutTableCell {TD} at (98,4457) size 170x64 [r=59 c=1 rs=1 cs=1]
                LayoutBlockFlow {P} at (7.19,0) size 156x16
                  LayoutText {#text} at (0,0) size 68x15
                    text run at (0,0) width 68: "Bill Johnson"
                LayoutBlockFlow {P} at (7.19,16) size 156x16
                  LayoutText {#text} at (0,0) size 96x15
                    text run at (0,0) width 96: "Vladimir Dvorkin"
                LayoutBlockFlow {P} at (7.19,32) size 156x16
                  LayoutText {#text} at (0,0) size 53x15
                    text run at (0,0) width 53: "Ken Price"
                LayoutBlockFlow {P} at (7.19,48) size 156x16
                  LayoutText {#text} at (0,0) size 89x15
                    text run at (0,0) width 89: "Rick Rasmussen"
                  LayoutInline {SPAN} at (0,0) size 1x15
                    LayoutInline {O:P} at (0,0) size 1x15
              LayoutTableCell {TD} at (268,4457) size 99x32 [r=59 c=2 rs=1 cs=1]
                LayoutBlockFlow {P} at (7.19,0) size 85x16
                  LayoutText {#text} at (32,0) size 21x15
                    text run at (32,0) width 21: "Yes"
                LayoutBlockFlow {P} at (7.19,16) size 85x16
                  LayoutText {#text} at (34,0) size 17x15
                    text run at (34,0) width 17: "No"
                  LayoutInline {SPAN} at (0,0) size 1x15
                    LayoutInline {O:P} at (0,0) size 1x15
              LayoutTableCell {TD} at (367,4457) size 106x32 [r=59 c=3 rs=1 cs=1]
                LayoutBlockFlow {P} at (7.19,0) size 92x16
                  LayoutText {#text} at (37,0) size 18x15
                    text run at (37,0) width 18: "No"
                LayoutBlockFlow {P} at (7.19,16) size 92x16
                  LayoutText {#text} at (35,0) size 22x15
                    text run at (35,0) width 22: "Yes"
                  LayoutInline {SPAN} at (0,0) size 1x15
                    LayoutInline {O:P} at (0,0) size 1x15
        LayoutBlockFlow {P} at (0,4539) size 769x16
          LayoutInline {SPAN} at (0,0) size 4x15
            LayoutText {#text} at (0,0) size 4x15
              text run at (0,0) width 4: " "
        LayoutBlockFlow {P} at (0,4555) size 769x16
          LayoutText {#text} at (0,0) size 4x15
            text run at (0,0) width 4: " "
        LayoutBlockFlow {P} at (0,4571) size 769x16
          LayoutText {#text} at (0,0) size 4x15
            text run at (0,0) width 4: " "
      LayoutBlockFlow {P} at (0,4587) size 769x16
        LayoutText {#text} at (382,0) size 5x15
          text run at (382,0) width 5: " "
