layer at (0,0) size 800x600
  LayoutView at (0,0) size 800x600
layer at (0,0) size 800x50
  LayoutBlockFlow {HTML} at (0,0) size 800x50
    LayoutBlockFlow {BODY} at (8,16) size 784x18
      LayoutBlockFlow {P} at (0,0) size 784x18
        LayoutText {#text} at (0,0) size 530x18
          text run at (0,0) width 530: "Should not see the applet below (it has display:none). Java must be on for this test."
