layer at (0,0) size 800x600
  LayoutView at (0,0) size 800x600
layer at (0,0) size 800x600
  LayoutBlockFlow {HTML} at (0,0) size 800x600
    LayoutBlockFlow {BODY} at (8,8) size 784x584
      LayoutBlockFlow {P} at (0,0) size 784x18
        LayoutText {#text} at (0,0) size 55x18
          text run at (0,0) width 55: "Test for "
        LayoutInline {I} at (0,0) size 536x18
          LayoutInline {A} at (0,0) size 298x18 [color=#0000EE]
            LayoutText {#text} at (54,0) size 298x18
              text run at (54,0) width 298: "http://bugs.webkit.org/show_bug.cgi?id=9276"
          LayoutText {#text} at (351,0) size 239x18
            text run at (351,0) width 5: " "
            text run at (355,0) width 235: "Quirksmode: Image swap resize bug"
        LayoutText {#text} at (589,0) size 5x18
          text run at (589,0) width 5: "."
      LayoutBlockFlow {P} at (0,34) size 784x18
        LayoutText {#text} at (0,0) size 290x18
          text run at (0,0) width 290: "This should be a blue 100\x{D7}100 pixels square."
      LayoutBlockFlow (anonymous) at (0,68) size 784x100
        LayoutImage {IMG} at (0,0) size 100x100
        LayoutText {#text} at (0,0) size 0x0
