layer at (0,0) size 800x600
  LayoutView at (0,0) size 800x600
layer at (0,0) size 800x600
  LayoutBlockFlow {HTML} at (0,0) size 800x600
    LayoutBlockFlow {BODY} at (8,8) size 784x584
      LayoutBlockFlow {DIV} at (0,0) size 32x472 [border: (1px solid #FF0000)]
        LayoutTextControl {INPUT} at (1,1) size 131x19 [bgcolor=#FFFFFF] [border: (2px inset #EEEEEE)]
        LayoutTextControl {INPUT} at (1,20) size 131x19 [bgcolor=#FFFFFF] [border: (2px inset #EEEEEE)]
        LayoutText {#text} at (0,0) size 0x0
        LayoutImage {IMG} at (1,39) size 27x27 [border: (1px solid #000000)]
        LayoutImage {IMG} at (1,66) size 27x27 [border: (1px solid #000000)]
        LayoutText {#text} at (0,0) size 0x0
        LayoutButton {INPUT} at (1,93) size 42.58x18 [bgcolor=#C0C0C0]
          LayoutBlockFlow (anonymous) at (8,2) size 26.58x13
            LayoutText {#text} at (0,0) size 27x13
              text run at (0,0) width 27: "input"
        LayoutButton {INPUT} at (1,111) size 42.58x18 [bgcolor=#C0C0C0]
          LayoutBlockFlow (anonymous) at (8,2) size 26.58x13
            LayoutText {#text} at (0,0) size 27x13
              text run at (0,0) width 27: "input"
        LayoutText {#text} at (0,0) size 0x0
        LayoutButton {BUTTON} at (1,129) size 50.34x18 [bgcolor=#C0C0C0] [border: none (2px outset #C0C0C0) none (2px outset #C0C0C0)]
          LayoutBlockFlow (anonymous) at (8,2) size 34.34x13
            LayoutText {#text} at (0,0) size 35x13
              text run at (0,0) width 35: "button"
        LayoutButton {BUTTON} at (1,147) size 50.34x18 [bgcolor=#C0C0C0] [border: none (2px outset #C0C0C0) none (2px outset #C0C0C0)]
          LayoutBlockFlow (anonymous) at (8,2) size 34.34x13
            LayoutText {#text} at (0,0) size 35x13
              text run at (0,0) width 35: "button"
        LayoutText {#text} at (0,0) size 0x0
        LayoutMenuList {SELECT} at (1,165) size 63x18 [bgcolor=#F8F8F8]
          LayoutBlockFlow (anonymous) at (0,0) size 63x18
            LayoutText (anonymous) at (8,2) size 32x13
              text run at (8,2) width 32: "select"
        LayoutMenuList {SELECT} at (1,183) size 63x18 [bgcolor=#F8F8F8]
          LayoutBlockFlow (anonymous) at (0,0) size 63x18
            LayoutText (anonymous) at (8,2) size 32x13
              text run at (8,2) width 32: "select"
        LayoutText {#text} at (0,0) size 0x0
        LayoutText {#text} at (0,0) size 0x0
        LayoutBlockFlow {INPUT} at (3.88,292) size 12x12
        LayoutBlockFlow {INPUT} at (3.88,310) size 12x12
        LayoutText {#text} at (0,0) size 0x0
        LayoutBlockFlow {INPUT} at (3.88,328) size 12x13
        LayoutBlockFlow {INPUT} at (3.88,347) size 12x13
        LayoutText {#text} at (0,0) size 0x0
        LayoutText {#text} at (0,0) size 0x0
        LayoutText {#text} at (0,0) size 0x0
layer at (12,12) size 125x13
  LayoutBlockFlow {DIV} at (3,3) size 125x13
layer at (12,31) size 125x13
  LayoutBlockFlow {DIV} at (3,3) size 125x13
layer at (9,209) size 48x45 clip at (10,210) size 35x43 scrollHeight 42
  LayoutListBox {SELECT} at (1,201.44) size 48.42x44.56 [bgcolor=#FFFFFF] [border: (1px solid #999999)]
    LayoutBlockFlow {OPTION} at (1,1) size 35.42x14.19
      LayoutText {#text} at (2,0) size 32x13
        text run at (2,0) width 32: "select"
layer at (9,253) size 48x45 clip at (10,254) size 35x43 scrollHeight 42
  LayoutListBox {SELECT} at (1,245.44) size 48.42x44.56 [bgcolor=#FFFFFF] [border: (1px solid #999999)]
    LayoutBlockFlow {OPTION} at (1,1) size 35.42x14.19
      LayoutText {#text} at (2,0) size 32x13
        text run at (2,0) width 32: "select"
layer at (9,371) size 27x27
  LayoutIFrame {IFRAME} at (1,363) size 27x27 [border: (1px solid #000000)]
    layer at (0,0) size 25x25
      LayoutView at (0,0) size 25x25
    layer at (0,0) size 25x25
      LayoutBlockFlow {HTML} at (0,0) size 25x25
        LayoutBlockFlow {BODY} at (8,8) size 9x9
layer at (9,398) size 27x27
  LayoutIFrame {IFRAME} at (1,390) size 27x27 [border: (1px solid #000000)]
    layer at (0,0) size 25x25
      LayoutView at (0,0) size 25x25
    layer at (0,0) size 25x25
      LayoutBlockFlow {HTML} at (0,0) size 25x25
        LayoutBlockFlow {BODY} at (8,8) size 9x9
layer at (9,425) size 27x27
  LayoutEmbeddedObject {EMBED} at (1,417) size 27x27 [border: (1px solid #000000)]
layer at (9,452) size 27x27
  LayoutEmbeddedObject {EMBED} at (1,444) size 27x27 [border: (1px solid #000000)]
