layer at (0,0) size 800x600
  LayoutView at (0,0) size 800x600
layer at (0,0) size 800x600
  LayoutBlockFlow {HTML} at (0,0) size 800x600
    LayoutBlockFlow {BODY} at (8,8) size 784x584
      LayoutBlockFlow {P} at (0,0) size 784x36
        LayoutText {#text} at (0,0) size 55x18
          text run at (0,0) width 55: "Test for "
        LayoutInline {I} at (0,0) size 767x36
          LayoutInline {A} at (0,0) size 306x18 [color=#0000EE]
            LayoutText {#text} at (54,0) size 306x18
              text run at (54,0) width 306: "http://bugs.webkit.org/show_bug.cgi?id=13194"
          LayoutText {#text} at (359,0) size 767x36
            text run at (359,0) width 5: " "
            text run at (363,0) width 404: "REGRESSION: Selection rects are wrong for images in search"
            text run at (0,18) width 205: "results from images.google.com"
        LayoutText {#text} at (204,18) size 5x18
          text run at (204,18) width 5: "."
      LayoutBlockFlow {P} at (0,52) size 784x18
        LayoutText {#text} at (0,0) size 732x18
          text run at (0,0) width 732: "Tests highlighting of replaced objects in table cells with extra height. You should see a dark green box and no red."
      LayoutTable {TABLE} at (0,86) size 56x104
        LayoutTableSection {TBODY} at (0,0) size 56x104
          LayoutTableRow {TR} at (0,2) size 56x100
            LayoutTableCell {TD} at (2,26) size 52x52 [r=0 c=0 rs=1 cs=1]
              LayoutImage {IMG} at (1,1) size 50x50 [bgcolor=#FF0000]
selection start: position 0 of child 0 {IMG} of child 1 {TD} of child 0 {TR} of child 1 {TBODY} of child 5 {TABLE} of body
selection end:   position 1 of child 0 {IMG} of child 1 {TD} of child 0 {TR} of child 1 {TBODY} of child 5 {TABLE} of body
