layer at (0,0) size 800x600
  LayoutView at (0,0) size 800x600
layer at (0,0) size 800x274
  LayoutBlockFlow {HTML} at (0,0) size 800x274
    LayoutBlockFlow {BODY} at (8,8) size 784x250
      LayoutBlockFlow (anonymous) at (0,0) size 784x20
        LayoutText {#text} at (0,0) size 609x19
          text run at (0,0) width 248: "You should see a green rectangle below. "
          text run at (248,0) width 361: "If you see any red other than anti-aliasing, the test has failed."
      LayoutBlockFlow {P} at (0,228) size 784x22 [border: (1px solid #000000)]
        LayoutText {#text} at (1,1) size 172x19
          text run at (1,1) width 172: "This line should look normal."
layer at (8,28) size 384x192
  LayoutBlockFlow {DIV} at (0,20) size 384x192 [bgcolor=#FF0000]
    LayoutInline {SPAN} at (0,0) size 320x65 [color=#008000] [border: (1px solid #008000) none]
      LayoutText {#text} at (0,0) size 320x64
        text run at (0,0) width 320: "xxxxx"
    LayoutInline {SPAN} at (0,0) size 64x128 [bgcolor=#008000]
    LayoutBR {BR} at (384,0) size 0x64
    LayoutInline {SPAN} at (0,0) size 320x128 [color=#008000]
      LayoutText {#text} at (0,64) size 320x128
        text run at (0,64) width 320: "xxxxx"
    LayoutBlockFlow {DIV} at (320,64) size 64x128 [bgcolor=#008000]
    LayoutText {#text} at (0,0) size 0x0
