layer at (0,0) size 800x600
  LayoutView at (0,0) size 800x600
layer at (0,0) size 800x228
  LayoutBlockFlow {HTML} at (0,0) size 800x228
    LayoutBlockFlow {BODY} at (8,8) size 784x212
      LayoutBlockFlow (anonymous) at (0,0) size 784x20
        LayoutText {#text} at (0,0) size 471x19
          text run at (0,0) width 248: "You should see a green rectangle below. "
          text run at (248,0) width 223: "If you see any red, the test has failed."
      LayoutBlockFlow {DIV} at (0,20) size 384x192 [bgcolor=#FF0000]
        LayoutInline {SPAN} at (0,0) size 384x96 [bgcolor=#008000]
        LayoutBR {BR} at (384,32) size 0x64
        LayoutBlockFlow {DIV} at (0,64) size 384x128 [bgcolor=#008000]
