layer at (0,0) size 800x600
  LayoutView at (0,0) size 800x600
layer at (0,0) size 800x164
  LayoutBlockFlow {HTML} at (0,0) size 800x164
    LayoutBlockFlow {BODY} at (8,8) size 784x148
      LayoutBlockFlow (anonymous) at (0,0) size 784x20
        LayoutText {#text} at (0,0) size 471x19
          text run at (0,0) width 248: "You should see a green rectangle below. "
          text run at (248,0) width 223: "If you see any red, the test has failed."
      LayoutBlockFlow {DIV} at (0,20) size 320x128 [bgcolor=#FF0000]
        LayoutBlockFlow {DIV} at (0,0) size 320x128 [bgcolor=#008000]
        LayoutText {#text} at (0,0) size 0x0
