layer at (0,0) size 800x600
  LayoutView at (0,0) size 800x600
layer at (0,0) size 800x600
  LayoutBlockFlow {HTML} at (0,0) size 800x600
    LayoutBlockFlow {BODY} at (8,8) size 784x576
      LayoutBlockFlow {P} at (0,0) size 784x36
        LayoutText {#text} at (0,0) size 55x18
          text run at (0,0) width 55: "Test for "
        LayoutInline {I} at (0,0) size 712x36
          LayoutInline {A} at (0,0) size 160x18 [color=#0000EE]
            LayoutText {#text} at (54,0) size 160x18
              text run at (54,0) width 160: "http://crbug.com/373389"
          LayoutText {#text} at (213,0) size 712x36
            text run at (213,0) width 5: " "
            text run at (217,0) width 495: "When a webfont is missing a glyph, synthesization from the fallback font isn't"
            text run at (0,18) width 68: "happening"
        LayoutText {#text} at (67,18) size 5x18
          text run at (67,18) width 5: "."
      LayoutBlockFlow {P} at (0,52) size 784x38
        LayoutText {#text} at (0,17) size 192x18
          text run at (0,17) width 192: "A synthesized oblique bullet: "
        LayoutInline {SPAN} at (0,0) size 19x32
          LayoutText {#text} at (191,5) size 19x32
            text run at (191,5) width 19: "\x{25CF}"
        LayoutText {#text} at (0,0) size 0x0
