layer at (0,0) size 800x600
  LayoutView at (0,0) size 800x600
layer at (0,0) size 800x600
  LayoutBlockFlow {HTML} at (0,0) size 800x600
    LayoutBlockFlow {BODY} at (8,8) size 784x572
      LayoutBlockFlow (anonymous) at (0,0) size 784x18
        LayoutText {#text} at (0,0) size 403x18
          text run at (0,0) width 403: "You should not see an empty rectangle above the black square."
      LayoutBlockFlow {DIV} at (20,38) size 744x21
        LayoutText {#text} at (0,3) size 16x16
          text run at (0,3) width 16: "o\x{309}"
