layer at (0,0) size 800x600
  LayoutView at (0,0) size 800x600
layer at (0,0) size 800x600
  LayoutBlockFlow {HTML} at (0,0) size 800x600
    LayoutBlockFlow {BODY} at (8,8) size 784x576
      LayoutBlockFlow {P} at (0,0) size 784x36
        LayoutText {#text} at (0,0) size 328x18
          text run at (0,0) width 328: "Test for monospace width cache bug mentioned in "
        LayoutInline {A} at (0,0) size 69x18 [color=#0000EE]
          LayoutText {#text} at (327,0) size 69x18
            text run at (327,0) width 69: "bug 11197"
        LayoutText {#text} at (395,0) size 5x18
          text run at (395,0) width 5: " "
        LayoutInline {I} at (0,0) size 751x36
          LayoutText {#text} at (399,0) size 751x36
            text run at (399,0) width 352: "REGRESSION: Specifying a counter for a CODE tag's"
            text run at (0,18) width 356: "content style property on before or after causes a crash"
        LayoutText {#text} at (355,18) size 5x18
          text run at (355,18) width 5: "."
      LayoutBlockFlow {P} at (0,52) size 784x18
        LayoutText {#text} at (0,0) size 376x18
          text run at (0,0) width 376: "The blue line and the black line should be the same length."
      LayoutBlockFlow {P} at (0,86) size 784x18
        LayoutInline {SPAN} at (0,0) size 192x19 [border: none (1px solid #0000FF) none]
          LayoutText {#text} at (0,0) size 192x18
            text run at (0,0) width 192: "\x{2500}\x{2500}\x{2500}\x{2500}\x{2500}\x{2500}\x{2500}\x{2500}\x{2500}\x{2500}\x{2500}\x{2500}"
