layer at (0,0) size 800x600
  LayoutView at (0,0) size 800x600
layer at (0,0) size 800x600
  LayoutBlockFlow {HTML} at (0,0) size 800x600
    LayoutBlockFlow {BODY} at (8,8) size 784x584
      LayoutBlockFlow {P} at (0,0) size 784x18
        LayoutText {#text} at (0,0) size 61x18
          text run at (0,0) width 61: "Tests for "
        LayoutInline {I} at (0,0) size 716x18
          LayoutInline {A} at (0,0) size 306x18 [color=#0000EE]
            LayoutText {#text} at (60,0) size 306x18
              text run at (60,0) width 306: "http://bugs.webkit.org/show_bug.cgi?id=13438"
          LayoutText {#text} at (365,0) size 411x18
            text run at (365,0) width 5: " "
            text run at (369,0) width 407: "Run rounding makes word-break:break-all/word not functional"
        LayoutText {#text} at (775,0) size 5x18
          text run at (775,0) width 5: "."
      LayoutBlockFlow {P} at (0,34) size 784x18
        LayoutText {#text} at (0,0) size 316x18
          text run at (0,0) width 316: "Test that the preferred (maximum) width is right:"
      LayoutBlockFlow (floating) {DIV} at (0,68) size 732.52x24 [border: (3px solid #000000)]
        LayoutText {#text} at (3,3) size 727x18
          text run at (3,3) width 727: "The black border should fit tightly around this one line of text with no space after the period."
      LayoutBlockFlow (anonymous) at (0,68) size 784x24
        LayoutBR {BR} at (732,0) size 1x18
      LayoutBlockFlow {P} at (0,108) size 784x18
        LayoutText {#text} at (0,0) size 389x18
          text run at (0,0) width 389: "Test that text does not wrap too early due to rounding errors:"
      LayoutBlockFlow {DIV} at (0,142) size 431x24 [border: (3px solid #000000)]
        LayoutText {#text} at (3,3) size 422x18
          text run at (3,3) width 422: "This text fits nicely on a single line of the given width."
      LayoutBlockFlow {P} at (0,182) size 784x18
        LayoutText {#text} at (0,0) size 234x18
          text run at (0,0) width 234: "Test that text does not wrap too late:"
      LayoutBlockFlow {DIV} at (0,216) size 597x42 [border: (3px solid #000000)]
        LayoutText {#text} at (3,3) size 584x36
          text run at (3,3) width 485: "J u s t a b u n c h o f l e t t e r s h e r e , n o t h i n g t o s e e . "
          text run at (487,3) width 100: "Thisisonebig"
          text run at (3,21) width 169: "wordwhichisverylong."
