layer at (0,0) size 800x600
  LayoutView at (0,0) size 800x600
layer at (0,0) size 800x200
  LayoutBlockFlow {HTML} at (0,0) size 800x200
    LayoutBlockFlow {BODY} at (8,16) size 784x171
      LayoutBlockFlow {P} at (0,0) size 784x20
        LayoutText {#text} at (0,0) size 365x19
          text run at (0,0) width 365: "This tests horizontal caret movement in vertical writing mode."
      LayoutBlockFlow {DIV} at (0,36) size 104x135
        LayoutBlockFlow {P} at (20,0) size 22x135
          LayoutText {#text} at (0,27) size 22x108
            text run at (0,27) width 108 RTL: "\x{5D0}\x{5E0}\x{5D9} \x{5D7}\x{5EA}\x{5D5}\x{5DC}."
        LayoutBlockFlow {P} at (62,0) size 22x135
          LayoutText {#text} at (0,15) size 22x120
            text run at (0,15) width 120 RTL: "\x{5D0}\x{5D9}\x{5DF} \x{5DC}\x{5D9} \x{5E9}\x{5DD}."
      LayoutBlockFlow {PRE} at (0,184) size 784x0
selection start: position 5 of child 0 {#text} of child 1 {P} of child 3 {DIV} of body
selection end:   position 5 of child 0 {#text} of child 2 {P} of child 3 {DIV} of body
