layer at (0,0) size 800x600
  LayoutView at (0,0) size 800x600
layer at (0,431) size 800x169
  LayoutBlockFlow {HTML} at (0,0) size 800x169
    LayoutBlockFlow {BODY} at (8,8) size 784x153
      LayoutText {#text} at (0,1) size 383x41
        text run at (0,1) width 383: "This is the first line of text."
      LayoutBR {BR} at (383,1) size 0x41
      LayoutImage {IMG} at (0,52) size 20x50 [bgcolor=#008000]
      LayoutText {#text} at (20,43) size 370x41
        text run at (20,43) width 370: " This is the second line of "
      LayoutImage {IMG} at (390,52) size 20x100 [bgcolor=#800080]
      LayoutText {#text} at (410,43) size 72x41
        text run at (410,43) width 72: " text."
selection start: position 1 of child 0 {#text} of body
selection end:   position 1 of child 3 {IMG} of body
