layer at (0,0) size 800x600 scrollX 3676.00 scrollWidth 4476
  LayoutView at (0,0) size 800x600
layer at (-3676,0) size 4476x600 backgroundClip at (0,0) size 800x600 clip at (0,0) size 800x600 outlineClip at (0,0) size 800x600
  LayoutBlockFlow {HTML} at (0,0) size 4476.34x600
    LayoutBlockFlow {BODY} at (60,48) size 4356.34x504
      LayoutBlockFlow {H1} at (0,0) size 48x504
        LayoutText {#text} at (6,0) size 36x64
          text run at (6,0) width 64: "\x{8349}\x{6795}"
      LayoutBlockFlow {H2} at (69.44,0) size 36x504
        LayoutText {#text} at (5,0) size 26x96
          text run at (5,0) width 96: "\x{590F}\x{76EE}\x{6F31}\x{77F3}"
      LayoutBlockFlow {DIV} at (125.34,0) size 4231x504
        LayoutBlockFlow (anonymous) at (0,0) size 2384x504
          LayoutBR {BR} at (0,0) size 19x0
          LayoutBR {BR} at (20,0) size 19x0
          LayoutBR {BR} at (40,0) size 19x0
          LayoutText {#text} at (60,0) size 19x144
            text run at (60,0) width 144: "\x{3000}\x{3000}\x{3000}\x{3000}\x{3000}\x{3000}\x{3000}\x{3000}\x{4E00}"
          LayoutBR {BR} at (60,144) size 19x0
          LayoutBR {BR} at (80,0) size 19x0
          LayoutText {#text} at (111,0) size 19x16
            text run at (111,0) width 16: "\x{3000}"
          LayoutRuby (inline) {RUBY} at (0,0) size 19x35
            LayoutRubyRun (anonymous) at (111,16) size 20x34.25
              LayoutRubyText {RT} at (-12,0) size 12x34.25
                LayoutText {#text} at (0,0) size 12x35
                  text run at (0,0) width 35: "\x{3084}\x{307E}\x{307F}\x{3061}"
              LayoutRubyBase (anonymous) at (0,0) size 20x34.25
                LayoutInline {RB} at (0,0) size 19x34
                  LayoutText {#text} at (0,0) size 19x34
                    text run at (0,0) width 33: "\x{5C71}\x{8DEF}"
          LayoutText {#text} at (111,50) size 19x205
            text run at (111,50) width 204: "\x{3092}\x{767B}\x{308A}\x{306A}\x{304C}\x{3089}\x{3001}\x{3053}\x{3046}\x{8003}\x{3048}\x{305F}\x{3002}"
          LayoutBR {BR} at (111,254) size 19x1
          LayoutText {#text} at (142,0) size 19x16
            text run at (142,0) width 16: "\x{3000}"
          LayoutRuby (inline) {RUBY} at (0,0) size 19x16
            LayoutRubyRun (anonymous) at (142,16) size 20x16
              LayoutRubyText {RT} at (-12,0) size 12x16
                LayoutText {#text} at (0,4) size 12x9
                  text run at (0,4) width 9: "\x{3061}"
              LayoutRubyBase (anonymous) at (0,0) size 20x16
                LayoutInline {RB} at (0,0) size 19x16
                  LayoutText {#text} at (0,0) size 19x16
                    text run at (0,0) width 16: "\x{667A}"
          LayoutText {#text} at (142,32) size 19x61
            text run at (142,32) width 61: "\x{306B}\x{50CD}\x{3051}\x{3070}"
          LayoutRuby (inline) {RUBY} at (0,0) size 19x18
            LayoutRubyRun (anonymous) at (142,92.50) size 20x17.02
              LayoutRubyText {RT} at (-12,0) size 12x17.02
                LayoutText {#text} at (0,0) size 12x18
                  text run at (0,0) width 18: "\x{304B}\x{3069}"
              LayoutRubyBase (anonymous) at (0,0) size 20x17.02
                LayoutInline {RB} at (0,0) size 19x17
                  LayoutText {#text} at (0,0) size 19x17
                    text run at (0,0) width 16: "\x{89D2}"
          LayoutText {#text} at (142,109) size 19x61
            text run at (142,109) width 60: "\x{304C}\x{7ACB}\x{3064}\x{3002}"
          LayoutRuby (inline) {RUBY} at (0,0) size 19x18
            LayoutRubyRun (anonymous) at (142,165.27) size 20x24.44
              LayoutRubyText {RT} at (-12,0) size 12x24.44
                LayoutText {#text} at (0,0) size 12x25
                  text run at (0,0) width 25: "\x{3058}\x{3087}\x{3046}"
              LayoutRubyBase (anonymous) at (0,0) size 20x24.44
                LayoutInline {RB} at (0,0) size 19x17
                  LayoutText {#text} at (0,4) size 19x17
                    text run at (0,4) width 16: "\x{60C5}"
          LayoutText {#text} at (142,186) size 19x15
            text run at (142,186) width 15: "\x{306B}"
          LayoutRuby (inline) {RUBY} at (0,0) size 19x19
            LayoutRubyRun (anonymous) at (142,200.83) size 20x17.83
              LayoutRubyText {RT} at (-12,0) size 12x17.83
                LayoutText {#text} at (0,0) size 12x19
                  text run at (0,0) width 18: "\x{3055}\x{304A}"
              LayoutRubyBase (anonymous) at (0,0) size 20x17.83
                LayoutInline {RB} at (0,0) size 19x17
                  LayoutText {#text} at (0,0) size 19x17
                    text run at (0,0) width 16: "\x{68F9}"
          LayoutText {#text} at (142,218) size 19x176
            text run at (142,218) width 175: "\x{3055}\x{305B}\x{3070}\x{6D41}\x{3055}\x{308C}\x{308B}\x{3002}\x{610F}\x{5730}\x{3092}"
          LayoutRuby (inline) {RUBY} at (0,0) size 19x18
            LayoutRubyRun (anonymous) at (142,393.53) size 20x17.23
              LayoutRubyText {RT} at (-12,0) size 12x17.23
                LayoutText {#text} at (0,0) size 12x18
                  text run at (0,0) width 18: "\x{3068}\x{304A}"
              LayoutRubyBase (anonymous) at (0,0) size 20x17.23
                LayoutInline {RB} at (0,0) size 19x17
                  LayoutText {#text} at (0,0) size 19x17
                    text run at (0,0) width 16: "\x{901A}"
          LayoutText {#text} at (142,410) size 19x32
            text run at (142,410) width 31: "\x{305B}\x{3070}"
          LayoutRuby (inline) {RUBY} at (0,0) size 19x40
            LayoutRubyRun (anonymous) at (142,439.64) size 20x41.25
              LayoutRubyText {RT} at (-12,0) size 12x41.25
                LayoutText {#text} at (0,0) size 12x42
                  text run at (0,0) width 42: "\x{304D}\x{3085}\x{3046}\x{304F}\x{3064}"
              LayoutRubyBase (anonymous) at (0,0) size 20x41.25
                LayoutInline {RB} at (0,0) size 19x37
                  LayoutText {#text} at (0,2) size 19x37
                    text run at (0,2) width 36: "\x{7AAE}\x{5C48}"
          LayoutText {#text} at (162,0) size 19x243
            text run at (162,0) width 243: "\x{3060}\x{3002}\x{3068}\x{304B}\x{304F}\x{306B}\x{4EBA}\x{306E}\x{4E16}\x{306F}\x{4F4F}\x{307F}\x{306B}\x{304F}\x{3044}\x{3002}"
          LayoutBR {BR} at (162,242) size 19x1
          LayoutText {#text} at (193,0) size 19x108
            text run at (193,0) width 108: "\x{3000}\x{4F4F}\x{307F}\x{306B}\x{304F}\x{3055}\x{304C}"
          LayoutRuby (inline) {RUBY} at (0,0) size 19x18
            LayoutRubyRun (anonymous) at (193,107.50) size 20x16.81
              LayoutRubyText {RT} at (-12,0) size 12x16.81
                LayoutText {#text} at (0,0) size 12x17
                  text run at (0,0) width 17: "\x{3053}\x{3046}"
              LayoutRubyBase (anonymous) at (0,0) size 20x16.81
                LayoutInline {RB} at (0,0) size 19x17
                  LayoutText {#text} at (0,0) size 19x17
                    text run at (0,0) width 16: "\x{9AD8}"
          LayoutText {#text} at (193,124) size 50x500
            text run at (193,124) width 376: "\x{3058}\x{308B}\x{3068}\x{3001}\x{5B89}\x{3044}\x{6240}\x{3078}\x{5F15}\x{304D}\x{8D8A}\x{3057}\x{305F}\x{304F}\x{306A}\x{308B}\x{3002}\x{3069}\x{3053}\x{3078}\x{8D8A}\x{3057}\x{3066}\x{3082}\x{4F4F}"
            text run at (224,0) width 73: "\x{307F}\x{306B}\x{304F}\x{3044}\x{3068}"
          LayoutRuby (inline) {RUBY} at (0,0) size 19x18
            LayoutRubyRun (anonymous) at (224,72.38) size 20x17.41
              LayoutRubyText {RT} at (-12,0) size 12x17.41
                LayoutText {#text} at (0,0) size 12x18
                  text run at (0,0) width 18: "\x{3055}\x{3068}"
              LayoutRubyBase (anonymous) at (0,0) size 20x17.41
                LayoutInline {RB} at (0,0) size 19x17
                  LayoutText {#text} at (0,0) size 19x17
                    text run at (0,0) width 16: "\x{609F}"
          LayoutText {#text} at (224,89) size 19x153
            text run at (224,89) width 153: "\x{3063}\x{305F}\x{6642}\x{3001}\x{8A69}\x{304C}\x{751F}\x{308C}\x{3066}\x{3001}"
          LayoutRuby (inline) {RUBY} at (0,0) size 19x17
            LayoutRubyRun (anonymous) at (224,241.97) size 20x16
              LayoutRubyText {RT} at (-12,0) size 12x16
                LayoutText {#text} at (0,4) size 12x9
                  text run at (0,4) width 9: "\x{3048}"
              LayoutRubyBase (anonymous) at (0,0) size 20x16
                LayoutInline {RB} at (0,0) size 19x16
                  LayoutText {#text} at (0,0) size 19x16
                    text run at (0,0) width 16: "\x{753B}"
          LayoutText {#text} at (224,257) size 19x81
            text run at (224,257) width 80: "\x{304C}\x{51FA}\x{6765}\x{308B}\x{3002}"
          LayoutBR {BR} at (224,337) size 19x1
          LayoutText {#text} at (244,0) size 19x16
            text run at (244,0) width 16: "\x{3000}"
          LayoutInline {STRONG} at (0,0) size 19x47
            LayoutText {#text} at (244,16) size 19x47
              text run at (244,16) width 47: "\x{4EBA}\x{306E}\x{4E16}"
          LayoutText {#text} at (244,62) size 19x416
            text run at (244,62) width 415: "\x{3092}\x{4F5C}\x{3063}\x{305F}\x{3082}\x{306E}\x{306F}\x{795E}\x{3067}\x{3082}\x{306A}\x{3051}\x{308C}\x{3070}\x{9B3C}\x{3067}\x{3082}\x{306A}\x{3044}\x{3002}\x{3084}\x{306F}\x{308A}\x{5411}\x{3046}\x{4E09}\x{8ED2}"
          LayoutRuby (inline) {RUBY} at (0,0) size 19x41
            LayoutRubyRun (anonymous) at (275,0) size 20x42.61
              LayoutRubyText {RT} at (-12,0) size 12x42.61
                LayoutText {#text} at (0,0) size 12x43
                  text run at (0,0) width 43: "\x{308A}\x{3087}\x{3046}\x{3069}\x{306A}"
              LayoutRubyBase (anonymous) at (0,0) size 20x42.61
                LayoutInline {RB} at (0,0) size 19x38
                  LayoutText {#text} at (0,2) size 19x38
                    text run at (0,2) width 37: "\x{4E21}\x{96A3}"
          LayoutText {#text} at (275,40) size 19x371
            text run at (275,40) width 370: "\x{308A}\x{306B}\x{3061}\x{3089}\x{3061}\x{3089}\x{3059}\x{308B}\x{305F}\x{3060}\x{306E}\x{4EBA}\x{3067}\x{3042}\x{308B}\x{3002}\x{305F}\x{3060}\x{306E}\x{4EBA}\x{304C}\x{4F5C}\x{3063}\x{305F}"
          LayoutInline {STRONG} at (0,0) size 19x47
            LayoutText {#text} at (275,410) size 19x47
              text run at (275,410) width 47: "\x{4EBA}\x{306E}\x{4E16}"
          LayoutText {#text} at (275,456) size 39x503
            text run at (275,456) width 46: "\x{304C}\x{4F4F}\x{307F}"
            text run at (295,0) width 307: "\x{306B}\x{304F}\x{3044}\x{304B}\x{3089}\x{3068}\x{3066}\x{3001}\x{8D8A}\x{3059}\x{56FD}\x{306F}\x{3042}\x{308B}\x{307E}\x{3044}\x{3002}\x{3042}\x{308C}\x{3070}"
          LayoutInline {STRONG} at (0,0) size 19x62
            LayoutText {#text} at (295,306) size 19x62
              text run at (295,306) width 62: "\x{4EBA}\x{3067}\x{306A}\x{3057}"
          LayoutText {#text} at (295,367) size 39x486
            text run at (295,367) width 119: "\x{306E}\x{56FD}\x{3078}\x{884C}\x{304F}\x{3070}\x{304B}\x{308A}"
            text run at (315,0) width 32: "\x{3060}\x{3002}"
          LayoutInline {STRONG} at (0,0) size 19x62
            LayoutText {#text} at (315,31) size 19x62
              text run at (315,31) width 62: "\x{4EBA}\x{3067}\x{306A}\x{3057}"
          LayoutText {#text} at (315,92) size 19x47
            text run at (315,92) width 46: "\x{306E}\x{56FD}\x{306F}"
          LayoutInline {STRONG} at (0,0) size 19x47
            LayoutText {#text} at (315,138) size 19x47
              text run at (315,138) width 47: "\x{4EBA}\x{306E}\x{4E16}"
          LayoutText {#text} at (315,184) size 19x203
            text run at (315,184) width 202: "\x{3088}\x{308A}\x{3082}\x{306A}\x{304A}\x{4F4F}\x{307F}\x{306B}\x{304F}\x{304B}\x{308D}\x{3046}\x{3002}"
          LayoutBR {BR} at (315,386) size 19x1
          LayoutText {#text} at (335,0) size 19x477
            text run at (335,0) width 477: "\x{3000}\x{8D8A}\x{3059}\x{4E8B}\x{306E}\x{306A}\x{3089}\x{306C}\x{4E16}\x{304C}\x{4F4F}\x{307F}\x{306B}\x{304F}\x{3051}\x{308C}\x{3070}\x{3001}\x{4F4F}\x{307F}\x{306B}\x{304F}\x{3044}\x{6240}\x{3092}\x{3069}\x{308C}\x{307B}\x{3069}\x{304B}\x{3001}"
          LayoutRuby (inline) {RUBY} at (0,0) size 19x34
            LayoutRubyRun (anonymous) at (366,0) size 20x33.30
              LayoutRubyText {RT} at (-12,0) size 12x33.30
                LayoutText {#text} at (0,0) size 12x34
                  text run at (0,0) width 34: "\x{304F}\x{3064}\x{308D}\x{3052}"
              LayoutRubyBase (anonymous) at (0,0) size 20x33.30
                LayoutInline {RB} at (0,0) size 19x33
                  LayoutText {#text} at (0,0) size 19x33
                    text run at (0,0) width 32: "\x{5BDB}\x{5BB9}"
          LayoutText {#text} at (366,33) size 19x31
            text run at (366,33) width 30: "\x{3066}\x{3001}"
          LayoutRuby (inline) {RUBY} at (0,0) size 19x17
            LayoutRubyRun (anonymous) at (366,63.11) size 20x16
              LayoutRubyText {RT} at (-12,0) size 12x16
                LayoutText {#text} at (0,0) size 12x16
                  text run at (0,0) width 16: "\x{3064}\x{304B}"
              LayoutRubyBase (anonymous) at (0,0) size 20x16
                LayoutInline {RB} at (0,0) size 19x16
                  LayoutText {#text} at (0,0) size 19x16
                    text run at (0,0) width 16: "\x{675F}"
          LayoutText {#text} at (366,79) size 19x15
            text run at (366,79) width 15: "\x{306E}"
          LayoutRuby (inline) {RUBY} at (0,0) size 19x17
            LayoutRubyRun (anonymous) at (366,93.55) size 20x16
              LayoutRubyText {RT} at (-12,0) size 12x16
                LayoutText {#text} at (0,4) size 12x9
                  text run at (0,4) width 9: "\x{307E}"
              LayoutRubyBase (anonymous) at (0,0) size 20x16
                LayoutInline {RB} at (0,0) size 19x16
                  LayoutText {#text} at (0,0) size 19x16
                    text run at (0,0) width 16: "\x{9593}"
          LayoutText {#text} at (366,109) size 50x494
            text run at (366,109) width 385: "\x{306E}\x{547D}\x{3092}\x{3001}\x{675F}\x{306E}\x{9593}\x{3067}\x{3082}\x{4F4F}\x{307F}\x{3088}\x{304F}\x{305B}\x{306D}\x{3070}\x{306A}\x{3089}\x{306C}\x{3002}\x{3053}\x{3053}\x{306B}\x{8A69}\x{4EBA}"
            text run at (397,0) width 319: "\x{3068}\x{3044}\x{3046}\x{5929}\x{8077}\x{304C}\x{51FA}\x{6765}\x{3066}\x{3001}\x{3053}\x{3053}\x{306B}\x{753B}\x{5BB6}\x{3068}\x{3044}\x{3046}\x{4F7F}\x{547D}\x{304C}"
          LayoutRuby (inline) {RUBY} at (0,0) size 19x18
            LayoutRubyRun (anonymous) at (397,318.19) size 20x17.52
              LayoutRubyText {RT} at (-12,0) size 12x17.52
                LayoutText {#text} at (0,0) size 12x18
                  text run at (0,0) width 18: "\x{304F}\x{3060}"
              LayoutRubyBase (anonymous) at (0,0) size 20x17.52
                LayoutInline {RB} at (0,0) size 19x17
                  LayoutText {#text} at (0,0) size 19x17
                    text run at (0,0) width 16: "\x{964D}"
          LayoutText {#text} at (397,335) size 50x495
            text run at (397,335) width 159: "\x{308B}\x{3002}\x{3042}\x{3089}\x{3086}\x{308B}\x{82B8}\x{8853}\x{306E}\x{58EB}"
            text run at (428,0) width 78: "\x{306F}\x{4EBA}\x{306E}\x{4E16}\x{3092}"
          LayoutRuby (inline) {RUBY} at (0,0) size 19x33
            LayoutRubyRun (anonymous) at (428,77.63) size 20x32
              LayoutRubyText {RT} at (-12,0) size 12x32
                LayoutText {#text} at (0,1) size 12x30
                  text run at (0,1) width 30: "\x{306E}\x{3069}\x{304B}"
              LayoutRubyBase (anonymous) at (0,0) size 20x32
                LayoutInline {RB} at (0,0) size 19x32
                  LayoutText {#text} at (0,0) size 19x32
                    text run at (0,0) width 32: "\x{9577}\x{9591}"
          LayoutText {#text} at (428,109) size 19x201
            text run at (428,109) width 200: "\x{306B}\x{3057}\x{3001}\x{4EBA}\x{306E}\x{5FC3}\x{3092}\x{8C4A}\x{304B}\x{306B}\x{3059}\x{308B}\x{304C}"
          LayoutRuby (inline) {RUBY} at (0,0) size 19x18
            LayoutRubyRun (anonymous) at (428,309.13) size 20x17.66
              LayoutRubyText {RT} at (-12,0) size 12x17.66
                LayoutText {#text} at (0,0) size 12x18
                  text run at (0,0) width 18: "\x{3086}\x{3048}"
              LayoutRubyBase (anonymous) at (0,0) size 20x17.66
                LayoutInline {RB} at (0,0) size 19x17
                  LayoutText {#text} at (0,0) size 19x17
                    text run at (0,0) width 16: "\x{6545}"
          LayoutText {#text} at (428,326) size 19x15
            text run at (428,326) width 15: "\x{306B}"
          LayoutRuby (inline) {RUBY} at (0,0) size 19x17
            LayoutRubyRun (anonymous) at (428,340.91) size 20x16
              LayoutRubyText {RT} at (-12,0) size 12x16
                LayoutText {#text} at (0,0) size 12x16
                  text run at (0,0) width 16: "\x{305F}\x{3063}"
              LayoutRubyBase (anonymous) at (0,0) size 20x16
                LayoutInline {RB} at (0,0) size 19x16
                  LayoutText {#text} at (0,0) size 19x16
                    text run at (0,0) width 16: "\x{5C0A}"
          LayoutText {#text} at (428,356) size 19x45
            text run at (428,356) width 45: "\x{3068}\x{3044}\x{3002}"
          LayoutBR {BR} at (428,400) size 19x1
          LayoutText {#text} at (459,0) size 19x232
            text run at (459,0) width 232: "\x{3000}\x{4F4F}\x{307F}\x{306B}\x{304F}\x{304D}\x{4E16}\x{304B}\x{3089}\x{3001}\x{4F4F}\x{307F}\x{306B}\x{304F}\x{304D}"
          LayoutRuby (inline) {RUBY} at (0,0) size 19x20
            LayoutRubyRun (anonymous) at (459,227.50) size 20x27
              LayoutRubyText {RT} at (-12,0) size 12x27
                LayoutText {#text} at (0,0) size 12x27
                  text run at (0,0) width 27: "\x{308F}\x{305A}\x{3089}"
              LayoutRubyBase (anonymous) at (0,0) size 20x27
                LayoutInline {RB} at (0,0) size 19x17
                  LayoutText {#text} at (0,5) size 19x17
                    text run at (0,5) width 16: "\x{7169}"
          LayoutText {#text} at (459,250) size 50x495
            text run at (459,250) width 244: "\x{3044}\x{3092}\x{5F15}\x{304D}\x{629C}\x{3044}\x{3066}\x{3001}\x{3042}\x{308A}\x{304C}\x{305F}\x{3044}\x{4E16}\x{754C}\x{3092}"
            text run at (490,0) width 232: "\x{307E}\x{306E}\x{3042}\x{305F}\x{308A}\x{306B}\x{5199}\x{3059}\x{306E}\x{304C}\x{8A69}\x{3067}\x{3042}\x{308B}\x{3001}"
          LayoutRuby (inline) {RUBY} at (0,0) size 19x17
            LayoutRubyRun (anonymous) at (490,231.69) size 20x16
              LayoutRubyText {RT} at (-12,0) size 12x16
                LayoutText {#text} at (0,4) size 12x9
                  text run at (0,4) width 9: "\x{3048}"
              LayoutRubyBase (anonymous) at (0,0) size 20x16
                LayoutInline {RB} at (0,0) size 19x16
                  LayoutText {#text} at (0,0) size 19x16
                    text run at (0,0) width 16: "\x{753B}"
          LayoutText {#text} at (490,247) size 50x499
            text run at (490,247) width 251: "\x{3067}\x{3042}\x{308B}\x{3002}\x{3042}\x{308B}\x{306F}\x{97F3}\x{697D}\x{3068}\x{5F6B}\x{523B}\x{3067}\x{3042}\x{308B}\x{3002}"
            text run at (521,0) width 59: "\x{3053}\x{307E}\x{304B}\x{306B}"
          LayoutRuby (inline) {RUBY} at (0,0) size 19x17
            LayoutRubyRun (anonymous) at (521,58.56) size 20x16
              LayoutRubyText {RT} at (-12,0) size 12x16
                LayoutText {#text} at (0,4) size 12x8
                  text run at (0,4) width 8: "\x{3044}"
              LayoutRubyBase (anonymous) at (0,0) size 20x16
                LayoutInline {RB} at (0,0) size 19x16
                  LayoutText {#text} at (0,0) size 19x16
                    text run at (0,0) width 16: "\x{4E91}"
          LayoutText {#text} at (521,74) size 50x504
            text run at (521,74) width 430: "\x{3048}\x{3070}\x{5199}\x{3055}\x{306A}\x{3044}\x{3067}\x{3082}\x{3088}\x{3044}\x{3002}\x{305F}\x{3060}\x{307E}\x{306E}\x{3042}\x{305F}\x{308A}\x{306B}\x{898B}\x{308C}\x{3070}\x{3001}\x{305D}\x{3053}\x{306B}\x{8A69}\x{3082}"
            text run at (552,0) width 80: "\x{751F}\x{304D}\x{3001}\x{6B4C}\x{3082}"
          LayoutRuby (inline) {RUBY} at (0,0) size 19x16
            LayoutRubyRun (anonymous) at (552,80) size 20x16
              LayoutRubyText {RT} at (-12,0) size 12x16
                LayoutText {#text} at (0,3) size 12x10
                  text run at (0,3) width 9: "\x{308F}"
              LayoutRubyBase (anonymous) at (0,0) size 20x16
                LayoutInline {RB} at (0,0) size 19x16
                  LayoutText {#text} at (0,0) size 19x16
                    text run at (0,0) width 16: "\x{6E67}"
          LayoutText {#text} at (552,96) size 19x188
            text run at (552,96) width 188: "\x{304F}\x{3002}\x{7740}\x{60F3}\x{3092}\x{7D19}\x{306B}\x{843D}\x{3055}\x{306C}\x{3068}\x{3082}"
          LayoutRuby (inline) {RUBY} at (0,0) size 19x40
            LayoutRubyRun (anonymous) at (552,281.56) size 20x42.97
              LayoutRubyText {RT} at (-12,0) size 12x42.97
                LayoutText {#text} at (0,0) size 12x44
                  text run at (0,0) width 43: "\x{304D}\x{3085}\x{3046}\x{305D}\x{3046}"
              LayoutRubyBase (anonymous) at (0,0) size 20x42.97
                LayoutInline {RB} at (0,0) size 19x38
                  LayoutText {#text} at (0,2) size 19x22
                    text run at (0,2) width 21: "\x{7486}"
                  LayoutText {#text} at (0,23) size 19x17
                    text run at (0,23) width 16: "\x{93D8}"
          LayoutText {#text} at (552,322) size 19x15
            text run at (552,322) width 15: "\x{306E}"
          LayoutRuby (inline) {RUBY} at (0,0) size 19x19
            LayoutRubyRun (anonymous) at (552,336.97) size 20x17.30
              LayoutRubyText {RT} at (-12,0) size 12x17.30
                LayoutText {#text} at (0,0) size 12x18
                  text run at (0,0) width 18: "\x{304A}\x{3093}"
              LayoutRubyBase (anonymous) at (0,0) size 20x17.30
                LayoutInline {RB} at (0,0) size 19x17
                  LayoutText {#text} at (0,0) size 19x17
                    text run at (0,0) width 16: "\x{97F3}"
          LayoutText {#text} at (552,354) size 19x16
            text run at (552,354) width 16: "\x{306F}"
          LayoutRuby (inline) {RUBY} at (0,0) size 19x35
            LayoutRubyRun (anonymous) at (552,369.45) size 20x33.97
              LayoutRubyText {RT} at (-12,0) size 12x33.97
                LayoutText {#text} at (0,0) size 12x35
                  text run at (0,0) width 34: "\x{304D}\x{3087}\x{3046}\x{308A}"
              LayoutRubyBase (anonymous) at (0,0) size 20x33.97
                LayoutInline {RB} at (0,0) size 19x33
                  LayoutText {#text} at (0,0) size 19x33
                    text run at (0,0) width 32: "\x{80F8}\x{88CF}"
          LayoutText {#text} at (552,403) size 19x15
            text run at (552,403) width 15: "\x{306B}"
          LayoutRuby (inline) {RUBY} at (0,0) size 19x18
            LayoutRubyRun (anonymous) at (552,417.55) size 20x16.64
              LayoutRubyText {RT} at (-12,0) size 12x16.64
                LayoutText {#text} at (0,0) size 12x17
                  text run at (0,0) width 17: "\x{304A}\x{3053}"
              LayoutRubyBase (anonymous) at (0,0) size 20x16.64
                LayoutInline {RB} at (0,0) size 19x17
                  LayoutText {#text} at (0,0) size 19x17
                    text run at (0,0) width 16: "\x{8D77}"
          LayoutText {#text} at (552,434) size 19x33
            text run at (552,434) width 32: "\x{308B}\x{3002}"
          LayoutRuby (inline) {RUBY} at (0,0) size 19x34
            LayoutRubyRun (anonymous) at (552,466.19) size 20x33.16
              LayoutRubyText {RT} at (-12,0) size 12x33.16
                LayoutText {#text} at (0,0) size 12x34
                  text run at (0,0) width 34: "\x{305F}\x{3093}\x{305B}\x{3044}"
              LayoutRubyBase (anonymous) at (0,0) size 20x33.16
                LayoutInline {RB} at (0,0) size 19x33
                  LayoutText {#text} at (0,0) size 19x33
                    text run at (0,0) width 32: "\x{4E39}\x{9752}"
          LayoutText {#text} at (583,0) size 19x16
            text run at (583,0) width 16: "\x{306F}"
          LayoutRuby (inline) {RUBY} at (0,0) size 19x33
            LayoutRubyRun (anonymous) at (583,15.19) size 20x32
              LayoutRubyText {RT} at (-12,0) size 12x32
                LayoutText {#text} at (0,4) size 12x24
                  text run at (0,4) width 24: "\x{304C}\x{304B}"
              LayoutRubyBase (anonymous) at (0,0) size 20x32
                LayoutInline {RB} at (0,0) size 19x32
                  LayoutText {#text} at (0,0) size 19x32
                    text run at (0,0) width 32: "\x{753B}\x{67B6}"
          LayoutText {#text} at (583,47) size 19x56
            text run at (583,47) width 56: "\x{306B}\x{5411}\x{3063}\x{3066}"
          LayoutRuby (inline) {RUBY} at (0,0) size 19x33
            LayoutRubyRun (anonymous) at (583,102.63) size 20x32
              LayoutRubyText {RT} at (-12,0) size 12x32
                LayoutText {#text} at (0,1) size 12x30
                  text run at (0,1) width 30: "\x{3068}\x{307E}\x{3064}"
              LayoutRubyBase (anonymous) at (0,0) size 20x32
                LayoutInline {RB} at (0,0) size 19x32
                  LayoutText {#text} at (0,0) size 19x32
                    text run at (0,0) width 32: "\x{5857}\x{62B9}"
          LayoutText {#text} at (583,134) size 19x62
            text run at (583,134) width 61: "\x{305B}\x{3093}\x{3067}\x{3082}"
          LayoutRuby (inline) {RUBY} at (0,0) size 19x33
            LayoutRubyRun (anonymous) at (583,195.19) size 20x32
              LayoutRubyText {RT} at (-12,0) size 12x32
                LayoutText {#text} at (0,1) size 12x30
                  text run at (0,1) width 30: "\x{3054}\x{3055}\x{3044}"
              LayoutRubyBase (anonymous) at (0,0) size 20x32
                LayoutInline {RB} at (0,0) size 19x32
                  LayoutText {#text} at (0,0) size 19x32
                    text run at (0,0) width 32: "\x{4E94}\x{5F69}"
          LayoutText {#text} at (583,227) size 19x15
            text run at (583,227) width 15: "\x{306E}"
          LayoutRuby (inline) {RUBY} at (0,0) size 19x35
            LayoutRubyRun (anonymous) at (583,241.63) size 20x34.14
              LayoutRubyText {RT} at (-12,0) size 12x34.14
                LayoutText {#text} at (0,0) size 12x35
                  text run at (0,0) width 35: "\x{3051}\x{3093}\x{3089}\x{3093}"
              LayoutRubyBase (anonymous) at (0,0) size 20x34.14
                LayoutInline {RB} at (0,0) size 19x34
                  LayoutText {#text} at (0,0) size 19x34
                    text run at (0,0) width 33: "\x{7D62}\x{721B}"
          LayoutText {#text} at (583,275) size 19x16
            text run at (583,275) width 16: "\x{306F}"
          LayoutRuby (inline) {RUBY} at (0,0) size 19x19
            LayoutRubyRun (anonymous) at (583,286.95) size 20x25.95
              LayoutRubyText {RT} at (-12,0) size 12x25.95
                LayoutText {#text} at (0,0) size 12x27
                  text run at (0,0) width 26: "\x{304A}\x{306E}\x{305A}"
              LayoutRubyBase (anonymous) at (0,0) size 20x25.95
                LayoutInline {RB} at (0,0) size 19x17
                  LayoutText {#text} at (0,4) size 19x17
                    text run at (0,4) width 16: "\x{81EA}"
          LayoutText {#text} at (583,308) size 19x32
            text run at (583,308) width 31: "\x{304B}\x{3089}"
          LayoutRuby (inline) {RUBY} at (0,0) size 19x35
            LayoutRubyRun (anonymous) at (583,339.78) size 20x33.80
              LayoutRubyText {RT} at (-12,0) size 12x33.80
                LayoutText {#text} at (0,0) size 12x34
                  text run at (0,0) width 34: "\x{3057}\x{3093}\x{304C}\x{3093}"
              LayoutRubyBase (anonymous) at (0,0) size 20x33.80
                LayoutInline {RB} at (0,0) size 19x33
                  LayoutText {#text} at (0,0) size 19x33
                    text run at (0,0) width 32: "\x{5FC3}\x{773C}"
          LayoutText {#text} at (583,373) size 50x498
            text run at (583,373) width 124: "\x{306B}\x{6620}\x{308B}\x{3002}\x{305F}\x{3060}\x{304A}\x{306E}"
            text run at (614,0) width 126: "\x{304C}\x{4F4F}\x{3080}\x{4E16}\x{3092}\x{3001}\x{304B}\x{304F}"
          LayoutRuby (inline) {RUBY} at (0,0) size 19x18
            LayoutRubyRun (anonymous) at (614,125.19) size 20x16.84
              LayoutRubyText {RT} at (-12,0) size 12x16.84
                LayoutText {#text} at (0,0) size 12x18
                  text run at (0,0) width 17: "\x{304B}\x{3093}"
              LayoutRubyBase (anonymous) at (0,0) size 20x16.84
                LayoutInline {RB} at (0,0) size 19x17
                  LayoutText {#text} at (0,0) size 19x17
                    text run at (0,0) width 16: "\x{89B3}"
          LayoutText {#text} at (614,142) size 19x61
            text run at (614,142) width 61: "\x{3058}\x{5F97}\x{3066}\x{3001}"
          LayoutRuby (inline) {RUBY} at (0,0) size 19x68
            LayoutRubyRun (anonymous) at (614,202.59) size 20x67.19
              LayoutRubyText {RT} at (-12,0) size 12x67.19
                LayoutText {#text} at (0,0) size 12x68
                  text run at (0,0) width 68: "\x{308C}\x{3044}\x{3060}\x{3044}\x{307B}\x{3046}\x{3059}\x{3093}"
              LayoutRubyBase (anonymous) at (0,0) size 20x67.19
                LayoutInline {RB} at (0,0) size 19x67
                  LayoutText {#text} at (0,0) size 19x67
                    text run at (0,0) width 66: "\x{970A}\x{53F0}\x{65B9}\x{5BF8}"
          LayoutText {#text} at (614,269) size 19x74
            text run at (614,269) width 73: "\x{306E}\x{30AB}\x{30E1}\x{30E9}\x{306B}"
          LayoutRuby (inline) {RUBY} at (0,0) size 19x69
            LayoutRubyRun (anonymous) at (614,342.47) size 20x67.92
              LayoutRubyText {RT} at (-12,0) size 12x67.92
                LayoutText {#text} at (0,0) size 12x68
                  text run at (0,0) width 68: "\x{304E}\x{3087}\x{3046}\x{304D}\x{3053}\x{3093}\x{3060}\x{304F}"
              LayoutRubyBase (anonymous) at (0,0) size 20x67.92
                LayoutInline {RB} at (0,0) size 19x67
                  LayoutText {#text} at (0,0) size 19x67
                    text run at (0,0) width 66: "\x{6F86}\x{5B63}\x{6EB7}\x{6FC1}"
          LayoutText {#text} at (614,410) size 50x489
            text run at (614,410) width 79: "\x{306E}\x{4FD7}\x{754C}\x{3092}\x{6E05}"
            text run at (645,0) width 124: "\x{304F}\x{3046}\x{3089}\x{3089}\x{304B}\x{306B}\x{53CE}\x{3081}"
          LayoutRuby (inline) {RUBY} at (0,0) size 19x17
            LayoutRubyRun (anonymous) at (645,123.50) size 20x16
              LayoutRubyText {RT} at (-12,0) size 12x16
                LayoutText {#text} at (0,3) size 12x10
                  text run at (0,3) width 9: "\x{3046}"
              LayoutRubyBase (anonymous) at (0,0) size 20x16
                LayoutInline {RB} at (0,0) size 19x16
                  LayoutText {#text} at (0,0) size 19x16
                    text run at (0,0) width 16: "\x{5F97}"
          LayoutText {#text} at (645,139) size 19x33
            text run at (645,139) width 32: "\x{308C}\x{3070}"
          LayoutRuby (inline) {RUBY} at (0,0) size 19x17
            LayoutRubyRun (anonymous) at (645,171.31) size 20x16
              LayoutRubyText {RT} at (-12,0) size 12x16
                LayoutText {#text} at (0,4) size 12x9
                  text run at (0,4) width 9: "\x{305F}"
              LayoutRubyBase (anonymous) at (0,0) size 20x16
                LayoutInline {RB} at (0,0) size 19x16
                  LayoutText {#text} at (0,0) size 19x16
                    text run at (0,0) width 16: "\x{8DB3}"
          LayoutText {#text} at (645,187) size 19x91
            text run at (645,187) width 91: "\x{308B}\x{3002}\x{3053}\x{306E}\x{6545}\x{306B}"
          LayoutRuby (inline) {RUBY} at (0,0) size 19x33
            LayoutRubyRun (anonymous) at (645,277.75) size 20x32
              LayoutRubyText {RT} at (-12,0) size 12x32
                LayoutText {#text} at (0,1) size 12x29
                  text run at (0,1) width 29: "\x{3080}\x{305B}\x{3044}"
              LayoutRubyBase (anonymous) at (0,0) size 20x32
                LayoutInline {RB} at (0,0) size 19x32
                  LayoutText {#text} at (0,0) size 19x32
                    text run at (0,0) width 32: "\x{7121}\x{58F0}"
          LayoutText {#text} at (645,309) size 19x156
            text run at (645,309) width 156: "\x{306E}\x{8A69}\x{4EBA}\x{306B}\x{306F}\x{4E00}\x{53E5}\x{306A}\x{304F}\x{3001}"
          LayoutRuby (inline) {RUBY} at (0,0) size 19x34
            LayoutRubyRun (anonymous) at (645,464.94) size 20x32.95
              LayoutRubyText {RT} at (-12,0) size 12x32.95
                LayoutText {#text} at (0,0) size 12x34
                  text run at (0,0) width 33: "\x{3080}\x{3057}\x{3087}\x{304F}"
              LayoutRubyBase (anonymous) at (0,0) size 20x32.95
                LayoutInline {RB} at (0,0) size 19x33
                  LayoutText {#text} at (0,0) size 19x33
                    text run at (0,0) width 32: "\x{7121}\x{8272}"
          LayoutText {#text} at (676,0) size 19x76
            text run at (676,0) width 76: "\x{306E}\x{753B}\x{5BB6}\x{306B}\x{306F}"
          LayoutRuby (inline) {RUBY} at (0,0) size 19x33
            LayoutRubyRun (anonymous) at (676,75.75) size 20x32
              LayoutRubyText {RT} at (-12,0) size 12x32
                LayoutText {#text} at (0,0) size 12x32
                  text run at (0,0) width 32: "\x{305B}\x{3063}\x{3051}\x{3093}"
              LayoutRubyBase (anonymous) at (0,0) size 20x32
                LayoutInline {RB} at (0,0) size 19x32
                  LayoutText {#text} at (0,0) size 19x32
                    text run at (0,0) width 32: "\x{5C3A}\x{7E11}"
          LayoutText {#text} at (676,107) size 19x96
            text run at (676,107) width 95: "\x{306A}\x{304D}\x{3082}\x{3001}\x{304B}\x{304F}"
          LayoutRuby (inline) {RUBY} at (0,0) size 19x33
            LayoutRubyRun (anonymous) at (676,202.06) size 20x32.63
              LayoutRubyText {RT} at (-12,0) size 12x32.63
                LayoutText {#text} at (0,0) size 12x33
                  text run at (0,0) width 33: "\x{3058}\x{3093}\x{305B}\x{3044}"
              LayoutRubyBase (anonymous) at (0,0) size 20x32.63
                LayoutInline {RB} at (0,0) size 19x33
                  LayoutText {#text} at (0,0) size 19x33
                    text run at (0,0) width 32: "\x{4EBA}\x{4E16}"
          LayoutText {#text} at (676,234) size 19x213
            text run at (676,234) width 213: "\x{3092}\x{89B3}\x{3058}\x{5F97}\x{308B}\x{306E}\x{70B9}\x{306B}\x{304A}\x{3044}\x{3066}\x{3001}\x{304B}\x{304F}"
          LayoutRuby (inline) {RUBY} at (0,0) size 19x36
            LayoutRubyRun (anonymous) at (676,446.94) size 20x34.25
              LayoutRubyText {RT} at (-12,0) size 12x34.25
                LayoutText {#text} at (0,0) size 12x35
                  text run at (0,0) width 35: "\x{307C}\x{3093}\x{306E}\x{3046}"
              LayoutRubyBase (anonymous) at (0,0) size 20x34.25
                LayoutInline {RB} at (0,0) size 19x34
                  LayoutText {#text} at (0,0) size 19x34
                    text run at (0,0) width 33: "\x{7169}\x{60A9}"
          LayoutText {#text} at (676,481) size 19x17
            text run at (676,481) width 16: "\x{3092}"
          LayoutRuby (inline) {RUBY} at (0,0) size 19x32
            LayoutRubyRun (anonymous) at (707,0) size 20x32
              LayoutRubyText {RT} at (-12,0) size 12x32
                LayoutText {#text} at (0,1) size 12x30
                  text run at (0,1) width 29: "\x{3052}\x{3060}\x{3064}"
              LayoutRubyBase (anonymous) at (0,0) size 20x32
                LayoutInline {RB} at (0,0) size 19x32
                  LayoutText {#text} at (0,0) size 19x32
                    text run at (0,0) width 32: "\x{89E3}\x{8131}"
          LayoutText {#text} at (707,32) size 19x166
            text run at (707,32) width 166: "\x{3059}\x{308B}\x{306E}\x{70B9}\x{306B}\x{304A}\x{3044}\x{3066}\x{3001}\x{304B}\x{304F}"
          LayoutRuby (inline) {RUBY} at (0,0) size 19x62
            LayoutRubyRun (anonymous) at (707,195.50) size 20x64.63
              LayoutRubyText {RT} at (-12,0) size 12x64.63
                LayoutText {#text} at (0,0) size 12x65
                  text run at (0,0) width 65: "\x{3057}\x{3087}\x{3046}\x{3058}\x{3087}\x{3046}\x{304B}\x{3044}"
              LayoutRubyBase (anonymous) at (0,0) size 20x64.63
                LayoutInline {RB} at (0,0) size 19x60
                  LayoutText {#text} at (0,2) size 19x60
                    text run at (0,2) width 59: "\x{6E05}\x{6D44}\x{754C}"
          LayoutText {#text} at (707,258) size 19x15
            text run at (707,258) width 15: "\x{306B}"
          LayoutRuby (inline) {RUBY} at (0,0) size 19x41
            LayoutRubyRun (anonymous) at (707,269.25) size 20x47.30
              LayoutRubyText {RT} at (-12,0) size 12x47.30
                LayoutText {#text} at (0,0) size 12x48
                  text run at (0,0) width 48: "\x{3057}\x{3085}\x{3064}\x{306B}\x{3085}\x{3046}"
              LayoutRubyBase (anonymous) at (0,0) size 20x47.30
                LayoutInline {RB} at (0,0) size 19x40
                  LayoutText {#text} at (0,3) size 19x40
                    text run at (0,3) width 39: "\x{51FA}\x{5165}"
          LayoutText {#text} at (707,312) size 50x494
            text run at (707,312) width 182: "\x{3057}\x{5F97}\x{308B}\x{306E}\x{70B9}\x{306B}\x{304A}\x{3044}\x{3066}\x{3001}\x{307E}\x{305F}"
            text run at (738,0) width 29: "\x{3053}\x{306E}"
          LayoutRuby (inline) {RUBY} at (0,0) size 19x65
            LayoutRubyRun (anonymous) at (738,28.31) size 20x64
              LayoutRubyText {RT} at (-12,0) size 12x64
                LayoutText {#text} at (0,2) size 12x60
                  text run at (0,2) width 60: "\x{3075}\x{3069}\x{3046}\x{3075}\x{3058}"
              LayoutRubyBase (anonymous) at (0,0) size 20x64
                LayoutInline {RB} at (0,0) size 19x64
                  LayoutText {#text} at (0,0) size 19x64
                    text run at (0,0) width 64: "\x{4E0D}\x{540C}\x{4E0D}\x{4E8C}"
          LayoutText {#text} at (738,92) size 19x15
            text run at (738,92) width 15: "\x{306E}"
          LayoutRuby (inline) {RUBY} at (0,0) size 19x34
            LayoutRubyRun (anonymous) at (738,106.75) size 20x32.95
              LayoutRubyText {RT} at (-12,0) size 12x32.95
                LayoutText {#text} at (0,0) size 12x34
                  text run at (0,0) width 33: "\x{3051}\x{3093}\x{3053}\x{3093}"
              LayoutRubyBase (anonymous) at (0,0) size 20x32.95
                LayoutInline {RB} at (0,0) size 19x33
                  LayoutText {#text} at (0,0) size 19x33
                    text run at (0,0) width 32: "\x{4E7E}\x{5764}"
          LayoutText {#text} at (738,139) size 19x17
            text run at (738,139) width 16: "\x{3092}"
          LayoutRuby (inline) {RUBY} at (0,0) size 19x39
            LayoutRubyRun (anonymous) at (738,153.70) size 20x41.59
              LayoutRubyText {RT} at (-12,0) size 12x41.59
                LayoutText {#text} at (0,0) size 12x42
                  text run at (0,0) width 42: "\x{3053}\x{3093}\x{308A}\x{3085}\x{3046}"
              LayoutRubyBase (anonymous) at (0,0) size 20x41.59
                LayoutInline {RB} at (0,0) size 19x37
                  LayoutText {#text} at (0,2) size 19x37
                    text run at (0,2) width 36: "\x{5EFA}\x{7ACB}"
          LayoutText {#text} at (738,193) size 19x151
            text run at (738,193) width 150: "\x{3057}\x{5F97}\x{308B}\x{306E}\x{70B9}\x{306B}\x{304A}\x{3044}\x{3066}\x{3001}"
          LayoutRuby (inline) {RUBY} at (0,0) size 19x65
            LayoutRubyRun (anonymous) at (738,343.23) size 20x64
              LayoutRubyText {RT} at (-12,0) size 12x64
                LayoutText {#text} at (0,2) size 12x60
                  text run at (0,2) width 59: "\x{304C}\x{308A}\x{3057}\x{3088}\x{304F}"
              LayoutRubyBase (anonymous) at (0,0) size 20x64
                LayoutInline {RB} at (0,0) size 19x64
                  LayoutText {#text} at (0,0) size 19x64
                    text run at (0,0) width 64: "\x{6211}\x{5229}\x{79C1}\x{617E}"
          LayoutText {#text} at (738,407) size 19x15
            text run at (738,407) width 15: "\x{306E}"
          LayoutRuby (inline) {RUBY} at (0,0) size 19x33
            LayoutRubyRun (anonymous) at (738,421.67) size 20x32
              LayoutRubyText {RT} at (-12,0) size 12x32
                LayoutText {#text} at (0,1) size 12x30
                  text run at (0,1) width 30: "\x{304D}\x{306F}\x{3093}"
              LayoutRubyBase (anonymous) at (0,0) size 20x32
                LayoutInline {RB} at (0,0) size 19x32
                  LayoutText {#text} at (0,0) size 19x32
                    text run at (0,0) width 32: "\x{898A}\x{7D46}"
          LayoutText {#text} at (738,453) size 19x17
            text run at (738,453) width 16: "\x{3092}"
          LayoutRuby (inline) {RUBY} at (0,0) size 19x35
            LayoutRubyRun (anonymous) at (769,0) size 20x34.88
              LayoutRubyText {RT} at (-12,0) size 12x34.88
                LayoutText {#text} at (0,0) size 12x35
                  text run at (0,0) width 35: "\x{305D}\x{3046}\x{3068}\x{3046}"
              LayoutRubyBase (anonymous) at (0,0) size 20x34.88
                LayoutInline {RB} at (0,0) size 19x34
                  LayoutText {#text} at (0,0) size 19x34
                    text run at (0,0) width 33: "\x{6383}\x{8569}"
          LayoutText {#text} at (769,34) size 19x169
            text run at (769,34) width 168: "\x{3059}\x{308B}\x{306E}\x{70B9}\x{306B}\x{304A}\x{3044}\x{3066}\x{3001}\x{2015}\x{2015}"
          LayoutRuby (inline) {RUBY} at (0,0) size 19x35
            LayoutRubyRun (anonymous) at (769,202.06) size 20x34.42
              LayoutRubyText {RT} at (-12,0) size 12x34.42
                LayoutText {#text} at (0,0) size 12x35
                  text run at (0,0) width 35: "\x{305B}\x{3093}\x{304D}\x{3093}"
              LayoutRubyBase (anonymous) at (0,0) size 20x34.42
                LayoutInline {RB} at (0,0) size 19x34
                  LayoutText {#text} at (0,0) size 19x34
                    text run at (0,0) width 33: "\x{5343}\x{91D1}"
          LayoutText {#text} at (769,236) size 19x94
            text run at (769,236) width 94: "\x{306E}\x{5B50}\x{3088}\x{308A}\x{3082}\x{3001}"
          LayoutRuby (inline) {RUBY} at (0,0) size 19x39
            LayoutRubyRun (anonymous) at (769,327.98) size 20x41.81
              LayoutRubyText {RT} at (-12,0) size 12x41.81
                LayoutText {#text} at (0,0) size 12x42
                  text run at (0,0) width 42: "\x{3070}\x{3093}\x{3058}\x{3087}\x{3046}"
              LayoutRubyBase (anonymous) at (0,0) size 20x41.81
                LayoutInline {RB} at (0,0) size 19x37
                  LayoutText {#text} at (0,2) size 19x37
                    text run at (0,2) width 36: "\x{4E07}\x{4E57}"
          LayoutText {#text} at (769,367) size 50x494
            text run at (769,367) width 126: "\x{306E}\x{541B}\x{3088}\x{308A}\x{3082}\x{3001}\x{3042}\x{3089}"
            text run at (800,0) width 79: "\x{3086}\x{308B}\x{4FD7}\x{754C}\x{306E}"
          LayoutRuby (inline) {RUBY} at (0,0) size 19x34
            LayoutRubyRun (anonymous) at (800,78.44) size 20x33.27
              LayoutRubyText {RT} at (-12,0) size 12x33.27
                LayoutText {#text} at (0,0) size 12x34
                  text run at (0,0) width 34: "\x{3061}\x{3087}\x{3046}\x{3058}"
              LayoutRubyBase (anonymous) at (0,0) size 20x33.27
                LayoutInline {RB} at (0,0) size 19x33
                  LayoutText {#text} at (0,0) size 19x33
                    text run at (0,0) width 32: "\x{5BF5}\x{5150}"
          LayoutText {#text} at (800,111) size 19x143
            text run at (800,111) width 142: "\x{3088}\x{308A}\x{3082}\x{5E78}\x{798F}\x{3067}\x{3042}\x{308B}\x{3002}"
          LayoutBR {BR} at (800,253) size 19x1
          LayoutText {#text} at (831,0) size 19x260
            text run at (831,0) width 260: "\x{3000}\x{4E16}\x{306B}\x{4F4F}\x{3080}\x{3053}\x{3068}\x{4E8C}\x{5341}\x{5E74}\x{306B}\x{3057}\x{3066}\x{3001}\x{4F4F}\x{3080}\x{306B}"
          LayoutRuby (inline) {RUBY} at (0,0) size 19x33
            LayoutRubyRun (anonymous) at (831,259.13) size 20x32
              LayoutRubyText {RT} at (-12,0) size 12x32
                LayoutText {#text} at (0,4) size 12x23
                  text run at (0,4) width 23: "\x{304B}\x{3044}"
              LayoutRubyBase (anonymous) at (0,0) size 20x32
                LayoutInline {RB} at (0,0) size 19x32
                  LayoutText {#text} at (0,0) size 19x32
                    text run at (0,0) width 32: "\x{7532}\x{6590}"
          LayoutText {#text} at (831,291) size 50x492
            text run at (831,291) width 201: "\x{3042}\x{308B}\x{4E16}\x{3068}\x{77E5}\x{3063}\x{305F}\x{3002}\x{4E8C}\x{5341}\x{4E94}\x{5E74}\x{306B}"
            text run at (862,0) width 76: "\x{3057}\x{3066}\x{660E}\x{6697}\x{306F}"
          LayoutRuby (inline) {RUBY} at (0,0) size 19x34
            LayoutRubyRun (anonymous) at (862,75.75) size 20x33.09
              LayoutRubyText {RT} at (-12,0) size 12x33.09
                LayoutText {#text} at (0,0) size 12x34
                  text run at (0,0) width 34: "\x{3072}\x{3087}\x{3046}\x{308A}"
              LayoutRubyBase (anonymous) at (0,0) size 20x33.09
                LayoutInline {RB} at (0,0) size 19x33
                  LayoutText {#text} at (0,0) size 19x33
                    text run at (0,0) width 32: "\x{8868}\x{88CF}"
          LayoutText {#text} at (862,108) size 50x489
            text run at (862,108) width 380: "\x{306E}\x{3054}\x{3068}\x{304F}\x{3001}\x{65E5}\x{306E}\x{3042}\x{305F}\x{308B}\x{6240}\x{306B}\x{306F}\x{304D}\x{3063}\x{3068}\x{5F71}\x{304C}\x{3055}\x{3059}\x{3068}\x{609F}\x{3063}\x{305F}\x{3002}"
            text run at (893,0) width 47: "\x{4E09}\x{5341}\x{306E}"
          LayoutRuby (inline) {RUBY} at (0,0) size 19x34
            LayoutRubyRun (anonymous) at (893,46.44) size 20x33.05
              LayoutRubyText {RT} at (-12,0) size 12x33.05
                LayoutText {#text} at (0,0) size 12x34
                  text run at (0,0) width 34: "\x{3053}\x{3093}\x{306B}\x{3061}"
              LayoutRubyBase (anonymous) at (0,0) size 20x33.05
                LayoutInline {RB} at (0,0) size 19x33
                  LayoutText {#text} at (0,0) size 19x33
                    text run at (0,0) width 32: "\x{4ECA}\x{65E5}"
          LayoutText {#text} at (893,79) size 19x278
            text run at (893,79) width 278: "\x{306F}\x{3053}\x{3046}\x{601D}\x{3046}\x{3066}\x{3044}\x{308B}\x{3002}\x{2015}\x{2015}\x{559C}\x{3073}\x{306E}\x{6DF1}\x{304D}\x{3068}\x{304D}"
          LayoutRuby (inline) {RUBY} at (0,0) size 19x19
            LayoutRubyRun (anonymous) at (893,352.86) size 20x25.39
              LayoutRubyText {RT} at (-12,0) size 12x25.39
                LayoutText {#text} at (0,0) size 12x26
                  text run at (0,0) width 26: "\x{3046}\x{308C}\x{3044}"
              LayoutRubyBase (anonymous) at (0,0) size 20x25.39
                LayoutInline {RB} at (0,0) size 19x17
                  LayoutText {#text} at (0,4) size 19x17
                    text run at (0,4) width 16: "\x{6182}"
          LayoutText {#text} at (893,374) size 19x105
            text run at (893,374) width 105: "\x{3044}\x{3088}\x{3044}\x{3088}\x{6DF1}\x{304F}\x{3001}"
          LayoutRuby (inline) {RUBY} at (0,0) size 19x22
            LayoutRubyRun (anonymous) at (893,474.69) size 20x25.25
              LayoutRubyText {RT} at (-12,0) size 12x25.25
                LayoutText {#text} at (0,0) size 12x26
                  text run at (0,0) width 26: "\x{305F}\x{306E}\x{3057}"
              LayoutRubyBase (anonymous) at (0,0) size 20x25.25
                LayoutInline {RB} at (0,0) size 19x17
                  LayoutText {#text} at (0,4) size 19x17
                    text run at (0,4) width 16: "\x{697D}"
          LayoutText {#text} at (913,0) size 50x491
            text run at (913,0) width 491: "\x{307F}\x{306E}\x{5927}\x{3044}\x{306A}\x{308B}\x{307B}\x{3069}\x{82E6}\x{3057}\x{307F}\x{3082}\x{5927}\x{304D}\x{3044}\x{3002}\x{3053}\x{308C}\x{3092}\x{5207}\x{308A}\x{653E}\x{305D}\x{3046}\x{3068}\x{3059}\x{308B}\x{3068}\x{8EAB}\x{304C}\x{6301}\x{3066}"
            text run at (944,0) width 32: "\x{306C}\x{3002}"
          LayoutRuby (inline) {RUBY} at (0,0) size 19x18
            LayoutRubyRun (anonymous) at (944,31.06) size 20x17.20
              LayoutRubyText {RT} at (-12,0) size 12x17.20
                LayoutText {#text} at (0,0) size 12x18
                  text run at (0,0) width 18: "\x{304B}\x{305F}"
              LayoutRubyBase (anonymous) at (0,0) size 20x17.20
                LayoutInline {RB} at (0,0) size 19x17
                  LayoutText {#text} at (0,0) size 19x17
                    text run at (0,0) width 16: "\x{7247}"
          LayoutText {#text} at (944,48) size 19x407
            text run at (944,48) width 406: "\x{3065}\x{3051}\x{3088}\x{3046}\x{3068}\x{3059}\x{308C}\x{3070}\x{4E16}\x{304C}\x{7ACB}\x{305F}\x{306C}\x{3002}\x{91D1}\x{306F}\x{5927}\x{4E8B}\x{3060}\x{3001}\x{5927}\x{4E8B}\x{306A}\x{3082}\x{306E}\x{304C}"
          LayoutRuby (inline) {RUBY} at (0,0) size 19x17
            LayoutRubyRun (anonymous) at (944,454.14) size 20x16
              LayoutRubyText {RT} at (-12,0) size 12x16
                LayoutText {#text} at (0,4) size 12x9
                  text run at (0,4) width 9: "\x{3075}"
              LayoutRubyBase (anonymous) at (0,0) size 20x16
                LayoutInline {RB} at (0,0) size 19x16
                  LayoutText {#text} at (0,0) size 19x16
                    text run at (0,0) width 16: "\x{6B96}"
          LayoutText {#text} at (944,470) size 50x502
            text run at (944,470) width 32: "\x{3048}\x{308C}"
            text run at (975,0) width 16: "\x{3070}"
          LayoutRuby (inline) {RUBY} at (0,0) size 19x17
            LayoutRubyRun (anonymous) at (975,15.81) size 20x16
              LayoutRubyText {RT} at (-12,0) size 12x16
                LayoutText {#text} at (0,4) size 12x9
                  text run at (0,4) width 9: "\x{306D}"
              LayoutRubyBase (anonymous) at (0,0) size 20x16
                LayoutInline {RB} at (0,0) size 19x16
                  LayoutText {#text} at (0,0) size 19x16
                    text run at (0,0) width 16: "\x{5BDD}"
          LayoutText {#text} at (975,31) size 19x17
            text run at (975,31) width 16: "\x{308B}"
          LayoutRuby (inline) {RUBY} at (0,0) size 19x17
            LayoutRubyRun (anonymous) at (975,47.81) size 20x16
              LayoutRubyText {RT} at (-12,0) size 12x16
                LayoutText {#text} at (0,4) size 12x9
                  text run at (0,4) width 9: "\x{307E}"
              LayoutRubyBase (anonymous) at (0,0) size 20x16
                LayoutInline {RB} at (0,0) size 19x16
                  LayoutText {#text} at (0,0) size 19x16
                    text run at (0,0) width 16: "\x{9593}"
          LayoutText {#text} at (975,63) size 50x499
            text run at (975,63) width 436: "\x{3082}\x{5FC3}\x{914D}\x{3060}\x{308D}\x{3046}\x{3002}\x{604B}\x{306F}\x{3046}\x{308C}\x{3057}\x{3044}\x{3001}\x{5B09}\x{3057}\x{3044}\x{604B}\x{304C}\x{7A4D}\x{3082}\x{308C}\x{3070}\x{3001}\x{604B}\x{3092}\x{305B}\x{306C}"
            text run at (1006,0) width 352: "\x{6614}\x{304C}\x{304B}\x{3048}\x{3063}\x{3066}\x{604B}\x{3057}\x{304B}\x{308D}\x{3002}\x{95A3}\x{50DA}\x{306E}\x{80A9}\x{306F}\x{6570}\x{767E}\x{4E07}\x{4EBA}\x{306E}\x{8DB3}\x{3092}"
          LayoutRuby (inline) {RUBY} at (0,0) size 19x17
            LayoutRubyRun (anonymous) at (1006,350.81) size 20x18
              LayoutRubyText {RT} at (-12,0) size 12x18
                LayoutText {#text} at (0,0) size 12x18
                  text run at (0,0) width 18: "\x{3055}\x{3055}"
              LayoutRubyBase (anonymous) at (0,0) size 20x18
                LayoutInline {RB} at (0,0) size 19x16
                  LayoutText {#text} at (0,1) size 19x16
                    text run at (0,1) width 16: "\x{652F}"
          LayoutText {#text} at (1006,367) size 19x76
            text run at (1006,367) width 75: "\x{3048}\x{3066}\x{3044}\x{308B}\x{3002}"
          LayoutRuby (inline) {RUBY} at (0,0) size 19x33
            LayoutRubyRun (anonymous) at (1006,442.13) size 20x32
              LayoutRubyText {RT} at (-12,0) size 12x32
                LayoutText {#text} at (0,1) size 12x29
                  text run at (0,1) width 29: "\x{305B}\x{306A}\x{304B}"
              LayoutRubyBase (anonymous) at (0,0) size 20x32
                LayoutInline {RB} at (0,0) size 19x32
                  LayoutText {#text} at (0,0) size 19x32
                    text run at (0,0) width 32: "\x{80CC}\x{4E2D}"
          LayoutText {#text} at (1006,474) size 50x504
            text run at (1006,474) width 30: "\x{306B}\x{306F}"
            text run at (1037,0) width 472: "\x{91CD}\x{3044}\x{5929}\x{4E0B}\x{304C}\x{304A}\x{3076}\x{3055}\x{3063}\x{3066}\x{3044}\x{308B}\x{3002}\x{3046}\x{307E}\x{3044}\x{7269}\x{3082}\x{98DF}\x{308F}\x{306D}\x{3070}\x{60DC}\x{3057}\x{3044}\x{3002}\x{5C11}\x{3057}\x{98DF}\x{3048}\x{3070}"
          LayoutRuby (inline) {RUBY} at (0,0) size 19x17
            LayoutRubyRun (anonymous) at (1037,471.06) size 20x16
              LayoutRubyText {RT} at (-12,0) size 12x16
                LayoutText {#text} at (0,3) size 12x10
                  text run at (0,3) width 9: "\x{3042}"
              LayoutRubyBase (anonymous) at (0,0) size 20x16
                LayoutInline {RB} at (0,0) size 19x16
                  LayoutText {#text} at (0,0) size 19x16
                    text run at (0,0) width 16: "\x{98FD}"
          LayoutText {#text} at (1037,487) size 19x17
            text run at (1037,487) width 16: "\x{304D}"
          LayoutRuby (inline) {RUBY} at (0,0) size 19x16
            LayoutRubyRun (anonymous) at (1068,0) size 20x16
              LayoutRubyText {RT} at (-12,0) size 12x16
                LayoutText {#text} at (0,4) size 12x9
                  text run at (0,4) width 9: "\x{305F}"
              LayoutRubyBase (anonymous) at (0,0) size 20x16
                LayoutInline {RB} at (0,0) size 19x16
                  LayoutText {#text} at (0,0) size 19x16
                    text run at (0,0) width 16: "\x{8DB3}"
          LayoutText {#text} at (1068,16) size 19x285
            text run at (1068,16) width 285: "\x{3089}\x{306C}\x{3002}\x{5B58}\x{5206}\x{98DF}\x{3048}\x{3070}\x{3042}\x{3068}\x{304C}\x{4E0D}\x{6109}\x{5FEB}\x{3060}\x{3002}\x{2026}\x{2026}"
          LayoutBR {BR} at (1068,300) size 19x1
          LayoutText {#text} at (1099,0) size 19x16
            text run at (1099,0) width 16: "\x{3000}"
          LayoutRuby (inline) {RUBY} at (0,0) size 19x16
            LayoutRubyRun (anonymous) at (1099,16) size 20x16
              LayoutRubyText {RT} at (-12,0) size 12x16
                LayoutText {#text} at (0,4) size 12x9
                  text run at (0,4) width 9: "\x{3088}"
              LayoutRubyBase (anonymous) at (0,0) size 20x16
                LayoutInline {RB} at (0,0) size 19x16
                  LayoutText {#text} at (0,0) size 19x16
                    text run at (0,0) width 16: "\x{4F59}"
          LayoutText {#text} at (1099,32) size 19x15
            text run at (1099,32) width 15: "\x{306E}"
          LayoutRuby (inline) {RUBY} at (0,0) size 19x27
            LayoutRubyRun (anonymous) at (1099,42.44) size 20x34.03
              LayoutRubyText {RT} at (-12,0) size 12x34.03
                LayoutText {#text} at (0,0) size 12x35
                  text run at (0,0) width 35: "\x{304B}\x{3093}\x{304C}\x{3048}"
              LayoutRubyBase (anonymous) at (0,0) size 20x34.03
                LayoutInline {RB} at (0,0) size 19x17
                  LayoutText {#text} at (0,9) size 19x17
                    text run at (0,9) width 16: "\x{8003}"
          LayoutText {#text} at (1099,72) size 19x243
            text run at (1099,72) width 242: "\x{304C}\x{3053}\x{3053}\x{307E}\x{3067}\x{6F02}\x{6D41}\x{3057}\x{3066}\x{6765}\x{305F}\x{6642}\x{306B}\x{3001}\x{4F59}\x{306E}"
          LayoutRuby (inline) {RUBY} at (0,0) size 19x33
            LayoutRubyRun (anonymous) at (1099,314.34) size 20x32
              LayoutRubyText {RT} at (-12,0) size 12x32
                LayoutText {#text} at (0,1) size 12x30
                  text run at (0,1) width 30: "\x{3046}\x{305D}\x{304F}"
              LayoutRubyBase (anonymous) at (0,0) size 20x32
                LayoutInline {RB} at (0,0) size 19x32
                  LayoutText {#text} at (0,0) size 19x32
                    text run at (0,0) width 32: "\x{53F3}\x{8DB3}"
          LayoutText {#text} at (1099,346) size 19x48
            text run at (1099,346) width 48: "\x{306F}\x{7A81}\x{7136}"
          LayoutRuby (inline) {RUBY} at (0,0) size 19x17
            LayoutRubyRun (anonymous) at (1099,392.53) size 20x18
              LayoutRubyText {RT} at (-12,0) size 12x18
                LayoutText {#text} at (0,0) size 12x18
                  text run at (0,0) width 18: "\x{3059}\x{308F}"
              LayoutRubyBase (anonymous) at (0,0) size 20x18
                LayoutInline {RB} at (0,0) size 19x16
                  LayoutText {#text} at (0,1) size 19x16
                    text run at (0,1) width 16: "\x{5750}"
          LayoutText {#text} at (1099,409) size 19x76
            text run at (1099,409) width 76: "\x{308A}\x{306E}\x{308F}\x{308B}\x{3044}"
          LayoutRuby (inline) {RUBY} at (0,0) size 19x33
            LayoutRubyRun (anonymous) at (1130,0) size 20x32.73
              LayoutRubyText {RT} at (-12,0) size 12x32.73
                LayoutText {#text} at (0,0) size 12x33
                  text run at (0,0) width 33: "\x{304B}\x{304F}\x{3044}\x{3057}"
              LayoutRubyBase (anonymous) at (0,0) size 20x32.73
                LayoutInline {RB} at (0,0) size 19x33
                  LayoutText {#text} at (0,0) size 19x33
                    text run at (0,0) width 32: "\x{89D2}\x{77F3}"
          LayoutText {#text} at (1130,32) size 19x16
            text run at (1130,32) width 15: "\x{306E}"
          LayoutRuby (inline) {RUBY} at (0,0) size 19x18
            LayoutRubyRun (anonymous) at (1130,47.17) size 20x16.84
              LayoutRubyText {RT} at (-12,0) size 12x16.84
                LayoutText {#text} at (0,0) size 12x18
                  text run at (0,0) width 17: "\x{306F}\x{3057}"
              LayoutRubyBase (anonymous) at (0,0) size 20x16.84
                LayoutInline {RB} at (0,0) size 19x17
                  LayoutText {#text} at (0,0) size 19x17
                    text run at (0,0) width 16: "\x{7AEF}"
          LayoutText {#text} at (1130,64) size 19x47
            text run at (1130,64) width 47: "\x{3092}\x{8E0F}\x{307F}"
          LayoutRuby (inline) {RUBY} at (0,0) size 19x17
            LayoutRubyRun (anonymous) at (1130,110.77) size 20x16
              LayoutRubyText {RT} at (-12,0) size 12x16
                LayoutText {#text} at (0,4) size 12x9
                  text run at (0,4) width 9: "\x{305D}"
              LayoutRubyBase (anonymous) at (0,0) size 20x16
                LayoutInline {RB} at (0,0) size 19x16
                  LayoutText {#text} at (0,0) size 19x16
                    text run at (0,0) width 16: "\x{640D}"
          LayoutText {#text} at (1130,126) size 19x76
            text run at (1130,126) width 75: "\x{304F}\x{306A}\x{3063}\x{305F}\x{3002}"
          LayoutRuby (inline) {RUBY} at (0,0) size 19x33
            LayoutRubyRun (anonymous) at (1130,201.39) size 20x32
              LayoutRubyText {RT} at (-12,0) size 12x32
                LayoutText {#text} at (0,0) size 12x32
                  text run at (0,0) width 32: "\x{3078}\x{3044}\x{3053}\x{3046}"
              LayoutRubyBase (anonymous) at (0,0) size 20x32
                LayoutInline {RB} at (0,0) size 19x32
                  LayoutText {#text} at (0,0) size 19x32
                    text run at (0,0) width 32: "\x{5E73}\x{8861}"
          LayoutText {#text} at (1130,233) size 50x494
            text run at (1130,233) width 260: "\x{3092}\x{4FDD}\x{3064}\x{305F}\x{3081}\x{306B}\x{3001}\x{3059}\x{308F}\x{3084}\x{3068}\x{524D}\x{306B}\x{98DB}\x{3073}\x{51FA}\x{3057}"
            text run at (1161,0) width 16: "\x{305F}"
          LayoutRuby (inline) {RUBY} at (0,0) size 19x33
            LayoutRubyRun (anonymous) at (1161,15.69) size 20x32
              LayoutRubyText {RT} at (-12,0) size 12x32
                LayoutText {#text} at (0,1) size 12x30
                  text run at (0,1) width 30: "\x{3055}\x{305D}\x{304F}"
              LayoutRubyBase (anonymous) at (0,0) size 20x32
                LayoutInline {RB} at (0,0) size 19x32
                  LayoutText {#text} at (0,0) size 19x32
                    text run at (0,0) width 32: "\x{5DE6}\x{8DB3}"
          LayoutText {#text} at (1161,47) size 19x32
            text run at (1161,47) width 32: "\x{304C}\x{3001}"
          LayoutRuby (inline) {RUBY} at (0,0) size 19x33
            LayoutRubyRun (anonymous) at (1161,78.88) size 20x32
              LayoutRubyText {RT} at (-12,0) size 12x32
                LayoutText {#text} at (0,1) size 12x30
                  text run at (0,1) width 30: "\x{3057}\x{305D}\x{3093}"
              LayoutRubyBase (anonymous) at (0,0) size 20x32
                LayoutInline {RB} at (0,0) size 19x32
                  LayoutText {#text} at (0,0) size 19x32
                    text run at (0,0) width 32: "\x{4ED5}\x{640D}"
          LayoutText {#text} at (1161,110) size 19x31
            text run at (1161,110) width 30: "\x{3058}\x{306E}"
          LayoutRuby (inline) {RUBY} at (0,0) size 19x17
            LayoutRubyRun (anonymous) at (1161,140.06) size 20x16
              LayoutRubyText {RT} at (-12,0) size 12x16
                LayoutText {#text} at (0,3) size 12x10
                  text run at (0,3) width 9: "\x{3046}"
              LayoutRubyBase (anonymous) at (0,0) size 20x16
                LayoutInline {RB} at (0,0) size 19x16
                  LayoutText {#text} at (0,0) size 19x16
                    text run at (0,0) width 16: "\x{57CB}"
          LayoutText {#text} at (1161,156) size 19x16
            text run at (1161,156) width 16: "\x{3081}"
          LayoutRuby (inline) {RUBY} at (0,0) size 19x17
            LayoutRubyRun (anonymous) at (1161,170.13) size 20x18
              LayoutRubyText {RT} at (-12,0) size 12x18
                LayoutText {#text} at (0,0) size 12x18
                  text run at (0,0) width 18: "\x{3042}\x{308F}"
              LayoutRubyBase (anonymous) at (0,0) size 20x18
                LayoutInline {RB} at (0,0) size 19x16
                  LayoutText {#text} at (0,1) size 19x16
                    text run at (0,1) width 16: "\x{5408}"
          LayoutText {#text} at (1161,187) size 19x249
            text run at (1161,187) width 249: "\x{305B}\x{3092}\x{3059}\x{308B}\x{3068}\x{5171}\x{306B}\x{3001}\x{4F59}\x{306E}\x{8170}\x{306F}\x{5177}\x{5408}\x{3088}\x{304F}"
          LayoutRuby (inline) {RUBY} at (0,0) size 19x18
            LayoutRubyRun (anonymous) at (1161,435.69) size 20x17.13
              LayoutRubyText {RT} at (-12,0) size 12x17.13
                LayoutText {#text} at (0,0) size 12x18
                  text run at (0,0) width 18: "\x{307B}\x{3046}"
              LayoutRubyBase (anonymous) at (0,0) size 20x17.13
                LayoutInline {RB} at (0,0) size 19x17
                  LayoutText {#text} at (0,0) size 19x17
                    text run at (0,0) width 16: "\x{65B9}"
          LayoutText {#text} at (1161,452) size 50x500
            text run at (1161,452) width 47: "\x{4E09}\x{5C3A}\x{307B}"
            text run at (1192,0) width 92: "\x{3069}\x{306A}\x{5CA9}\x{306E}\x{4E0A}\x{306B}"
          LayoutRuby (inline) {RUBY} at (0,0) size 19x17
            LayoutRubyRun (anonymous) at (1192,91.94) size 20x16
              LayoutRubyText {RT} at (-12,0) size 12x16
                LayoutText {#text} at (0,4) size 12x9
                  text run at (0,4) width 9: "\x{304A}"
              LayoutRubyBase (anonymous) at (0,0) size 20x16
                LayoutInline {RB} at (0,0) size 19x16
                  LayoutText {#text} at (0,0) size 19x16
                    text run at (0,0) width 16: "\x{5378}"
          LayoutText {#text} at (1192,107) size 19x202
            text run at (1192,107) width 201: "\x{308A}\x{305F}\x{3002}\x{80A9}\x{306B}\x{304B}\x{3051}\x{305F}\x{7D75}\x{306E}\x{5177}\x{7BB1}\x{304C}"
          LayoutRuby (inline) {RUBY} at (0,0) size 19x17
            LayoutRubyRun (anonymous) at (1192,307.19) size 20x18
              LayoutRubyText {RT} at (-12,0) size 12x18
                LayoutText {#text} at (0,0) size 12x18
                  text run at (0,0) width 18: "\x{308F}\x{304D}"
              LayoutRubyBase (anonymous) at (0,0) size 20x18
                LayoutInline {RB} at (0,0) size 19x16
                  LayoutText {#text} at (0,1) size 19x16
                    text run at (0,1) width 16: "\x{814B}"
          LayoutText {#text} at (1192,324) size 19x62
            text run at (1192,324) width 62: "\x{306E}\x{4E0B}\x{304B}\x{3089}"
          LayoutRuby (inline) {RUBY} at (0,0) size 19x18
            LayoutRubyRun (anonymous) at (1192,385.50) size 20x17.48
              LayoutRubyText {RT} at (-12,0) size 12x17.48
                LayoutText {#text} at (0,0) size 12x18
                  text run at (0,0) width 18: "\x{304A}\x{3069}"
              LayoutRubyBase (anonymous) at (0,0) size 20x17.48
                LayoutInline {RB} at (0,0) size 19x17
                  LayoutText {#text} at (0,0) size 19x17
                    text run at (0,0) width 16: "\x{8E8D}"
          LayoutText {#text} at (1192,402) size 50x496
            text run at (1192,402) width 93: "\x{308A}\x{51FA}\x{3057}\x{305F}\x{3060}\x{3051}"
            text run at (1223,0) width 75: "\x{3067}\x{3001}\x{5E78}\x{3044}\x{3068}"
          LayoutRuby (inline) {RUBY} at (0,0) size 19x18
            LayoutRubyRun (anonymous) at (1223,74.50) size 20x17.48
              LayoutRubyText {RT} at (-12,0) size 12x17.48
                LayoutText {#text} at (0,0) size 12x18
                  text run at (0,0) width 18: "\x{306A}\x{3093}"
              LayoutRubyBase (anonymous) at (0,0) size 20x17.48
                LayoutInline {RB} at (0,0) size 19x17
                  LayoutText {#text} at (0,0) size 19x17
                    text run at (0,0) width 16: "\x{4F55}"
          LayoutText {#text} at (1223,91) size 19x122
            text run at (1223,91) width 121: "\x{306E}\x{4E8B}\x{3082}\x{306A}\x{304B}\x{3063}\x{305F}\x{3002}"
          LayoutBR {BR} at (1223,212) size 19x1
          LayoutText {#text} at (1254,0) size 19x236
            text run at (1254,0) width 236: "\x{3000}\x{7ACB}\x{3061}\x{4E0A}\x{304C}\x{308B}\x{6642}\x{306B}\x{5411}\x{3046}\x{3092}\x{898B}\x{308B}\x{3068}\x{3001}"
          LayoutRuby (inline) {RUBY} at (0,0) size 19x19
            LayoutRubyRun (anonymous) at (1254,235.94) size 20x17.13
              LayoutRubyText {RT} at (-12,0) size 12x17.13
                LayoutText {#text} at (0,0) size 12x18
                  text run at (0,0) width 18: "\x{307F}\x{3061}"
              LayoutRubyBase (anonymous) at (0,0) size 20x17.13
                LayoutInline {RB} at (0,0) size 19x17
                  LayoutText {#text} at (0,0) size 19x17
                    text run at (0,0) width 16: "\x{8DEF}"
          LayoutText {#text} at (1254,253) size 50x498
            text run at (1254,253) width 245: "\x{304B}\x{3089}\x{5DE6}\x{306E}\x{65B9}\x{306B}\x{30D0}\x{30B1}\x{30C4}\x{3092}\x{4F0F}\x{305B}\x{305F}\x{3088}\x{3046}\x{306A}"
            text run at (1285,0) width 32: "\x{5CF0}\x{304C}"
          LayoutRuby (inline) {RUBY} at (0,0) size 19x18
            LayoutRubyRun (anonymous) at (1285,31.19) size 20x17.48
              LayoutRubyText {RT} at (-12,0) size 12x17.48
                LayoutText {#text} at (0,0) size 12x18
                  text run at (0,0) width 18: "\x{305D}\x{3073}"
              LayoutRubyBase (anonymous) at (0,0) size 20x17.48
                LayoutInline {RB} at (0,0) size 19x17
                  LayoutText {#text} at (0,0) size 19x17
                    text run at (0,0) width 16: "\x{8073}"
          LayoutText {#text} at (1285,48) size 19x106
            text run at (1285,48) width 106: "\x{3048}\x{3066}\x{3044}\x{308B}\x{3002}\x{6749}\x{304B}"
          LayoutRuby (inline) {RUBY} at (0,0) size 19x19
            LayoutRubyRun (anonymous) at (1285,149.86) size 20x25.25
              LayoutRubyText {RT} at (-12,0) size 12x25.25
                LayoutText {#text} at (0,0) size 12x26
                  text run at (0,0) width 26: "\x{3072}\x{306E}\x{304D}"
              LayoutRubyBase (anonymous) at (0,0) size 20x25.25
                LayoutInline {RB} at (0,0) size 19x17
                  LayoutText {#text} at (0,4) size 19x17
                    text run at (0,4) width 16: "\x{6A9C}"
          LayoutText {#text} at (1285,171) size 19x107
            text run at (1285,171) width 107: "\x{304B}\x{5206}\x{304B}\x{3089}\x{306A}\x{3044}\x{304C}"
          LayoutRuby (inline) {RUBY} at (0,0) size 19x33
            LayoutRubyRun (anonymous) at (1285,277.17) size 20x32
              LayoutRubyText {RT} at (-12,0) size 12x32
                LayoutText {#text} at (0,1) size 12x30
                  text run at (0,1) width 30: "\x{306D}\x{3082}\x{3068}"
              LayoutRubyBase (anonymous) at (0,0) size 20x32
                LayoutInline {RB} at (0,0) size 19x32
                  LayoutText {#text} at (0,0) size 19x32
                    text run at (0,0) width 32: "\x{6839}\x{5143}"
          LayoutText {#text} at (1285,309) size 19x32
            text run at (1285,309) width 31: "\x{304B}\x{3089}"
          LayoutRuby (inline) {RUBY} at (0,0) size 19x18
            LayoutRubyRun (anonymous) at (1285,336.05) size 20x25.03
              LayoutRubyText {RT} at (-12,0) size 12x25.03
                LayoutText {#text} at (0,0) size 12x26
                  text run at (0,0) width 26: "\x{3044}\x{305F}\x{3060}"
              LayoutRubyBase (anonymous) at (0,0) size 20x25.03
                LayoutInline {RB} at (0,0) size 19x17
                  LayoutText {#text} at (0,4) size 19x17
                    text run at (0,4) width 16: "\x{9802}"
          LayoutText {#text} at (1285,357) size 19x121
            text run at (1285,357) width 121: "\x{304D}\x{307E}\x{3067}\x{3053}\x{3068}\x{3054}\x{3068}\x{304F}"
          LayoutRuby (inline) {RUBY} at (0,0) size 19x35
            LayoutRubyRun (anonymous) at (1316,0) size 20x35.02
              LayoutRubyText {RT} at (-12,0) size 12x35.02
                LayoutText {#text} at (0,0) size 12x36
                  text run at (0,0) width 36: "\x{3042}\x{304A}\x{3050}\x{308D}"
              LayoutRubyBase (anonymous) at (0,0) size 20x35.02
                LayoutInline {RB} at (0,0) size 19x34
                  LayoutText {#text} at (0,0) size 19x34
                    text run at (0,0) width 33: "\x{84BC}\x{9ED2}"
          LayoutText {#text} at (1316,34) size 19x231
            text run at (1316,34) width 231: "\x{3044}\x{4E2D}\x{306B}\x{3001}\x{5C71}\x{685C}\x{304C}\x{8584}\x{8D64}\x{304F}\x{3060}\x{3093}\x{3060}\x{3089}\x{306B}"
          LayoutRuby (inline) {RUBY} at (0,0) size 19x33
            LayoutRubyRun (anonymous) at (1316,264.45) size 20x32
              LayoutRubyText {RT} at (-12,0) size 12x32
                LayoutText {#text} at (0,1) size 12x30
                  text run at (0,1) width 30: "\x{305F}\x{306A}\x{3073}"
              LayoutRubyBase (anonymous) at (0,0) size 20x32
                LayoutInline {RB} at (0,0) size 19x32
                  LayoutText {#text} at (0,0) size 19x32
                    text run at (0,0) width 32: "\x{68DA}\x{5F15}"
          LayoutText {#text} at (1316,296) size 19x44
            text run at (1316,296) width 43: "\x{3044}\x{3066}\x{3001}"
          LayoutRuby (inline) {RUBY} at (0,0) size 19x17
            LayoutRubyRun (anonymous) at (1316,339.39) size 20x16
              LayoutRubyText {RT} at (-12,0) size 12x16
                LayoutText {#text} at (0,4) size 12x8
                  text run at (0,4) width 8: "\x{3064}"
              LayoutRubyBase (anonymous) at (0,0) size 20x16
                LayoutInline {RB} at (0,0) size 19x16
                  LayoutText {#text} at (0,0) size 19x16
                    text run at (0,0) width 16: "\x{7D9A}"
          LayoutText {#text} at (1316,355) size 19x17
            text run at (1316,355) width 16: "\x{304E}"
          LayoutRuby (inline) {RUBY} at (0,0) size 19x17
            LayoutRubyRun (anonymous) at (1316,371.39) size 20x16
              LayoutRubyText {RT} at (-12,0) size 12x16
                LayoutText {#text} at (0,4) size 12x9
                  text run at (0,4) width 9: "\x{3081}"
              LayoutRubyBase (anonymous) at (0,0) size 20x16
                LayoutInline {RB} at (0,0) size 19x16
                  LayoutText {#text} at (0,0) size 19x16
                    text run at (0,0) width 16: "\x{76EE}"
          LayoutText {#text} at (1316,387) size 19x16
            text run at (1316,387) width 16: "\x{304C}"
          LayoutRuby (inline) {RUBY} at (0,0) size 19x18
            LayoutRubyRun (anonymous) at (1316,402.58) size 20x16.67
              LayoutRubyText {RT} at (-12,0) size 12x16.67
                LayoutText {#text} at (0,0) size 12x17
                  text run at (0,0) width 17: "\x{3057}\x{304B}"
              LayoutRubyBase (anonymous) at (0,0) size 20x16.67
                LayoutInline {RB} at (0,0) size 19x17
                  LayoutText {#text} at (0,0) size 19x17
                    text run at (0,0) width 16: "\x{78BA}"
          LayoutText {#text} at (1316,419) size 50x497
            text run at (1316,419) width 77: "\x{3068}\x{898B}\x{3048}\x{306C}\x{304F}"
            text run at (1347,0) width 30: "\x{3089}\x{3044}"
          LayoutRuby (inline) {RUBY} at (0,0) size 19x18
            LayoutRubyRun (anonymous) at (1347,29.13) size 20x17.30
              LayoutRubyText {RT} at (-12,0) size 12x17.30
                LayoutText {#text} at (0,0) size 12x18
                  text run at (0,0) width 18: "\x{3082}\x{3084}"
              LayoutRubyBase (anonymous) at (0,0) size 20x17.30
                LayoutInline {RB} at (0,0) size 19x17
                  LayoutText {#text} at (0,0) size 19x17
                    text run at (0,0) width 16: "\x{9744}"
          LayoutText {#text} at (1347,46) size 19x138
            text run at (1347,46) width 138: "\x{304C}\x{6FC3}\x{3044}\x{3002}\x{5C11}\x{3057}\x{624B}\x{524D}\x{306B}"
          LayoutRuby (inline) {RUBY} at (0,0) size 19x36
            LayoutRubyRun (anonymous) at (1347,183.61) size 20x34.56
              LayoutRubyText {RT} at (-12,0) size 12x34.56
                LayoutText {#text} at (0,0) size 12x35
                  text run at (0,0) width 35: "\x{306F}\x{3052}\x{3084}\x{307E}"
              LayoutRubyBase (anonymous) at (0,0) size 20x34.56
                LayoutInline {RB} at (0,0) size 19x34
                  LayoutText {#text} at (0,0) size 19x34
                    text run at (0,0) width 33: "\x{79BF}\x{5C71}"
          LayoutText {#text} at (1347,218) size 19x60
            text run at (1347,218) width 60: "\x{304C}\x{4E00}\x{3064}\x{3001}"
          LayoutRuby (inline) {RUBY} at (0,0) size 19x18
            LayoutRubyRun (anonymous) at (1347,277.92) size 20x17.02
              LayoutRubyText {RT} at (-12,0) size 12x17.02
                LayoutText {#text} at (0,0) size 12x18
                  text run at (0,0) width 18: "\x{3050}\x{3093}"
              LayoutRubyBase (anonymous) at (0,0) size 20x17.02
                LayoutInline {RB} at (0,0) size 19x17
                  LayoutText {#text} at (0,0) size 19x17
                    text run at (0,0) width 16: "\x{7FA4}"
          LayoutText {#text} at (1347,294) size 19x92
            text run at (1347,294) width 91: "\x{3092}\x{306C}\x{304D}\x{3093}\x{3067}\x{3066}"
          LayoutRuby (inline) {RUBY} at (0,0) size 19x19
            LayoutRubyRun (anonymous) at (1347,385.31) size 20x17.83
              LayoutRubyText {RT} at (-12,0) size 12x17.83
                LayoutText {#text} at (0,0) size 12x19
                  text run at (0,0) width 18: "\x{307E}\x{3086}"
              LayoutRubyBase (anonymous) at (0,0) size 20x17.83
                LayoutInline {RB} at (0,0) size 19x17
                  LayoutText {#text} at (0,0) size 19x17
                    text run at (0,0) width 16: "\x{7709}"
          LayoutText {#text} at (1347,403) size 19x15
            text run at (1347,403) width 15: "\x{306B}"
          LayoutRuby (inline) {RUBY} at (0,0) size 19x18
            LayoutRubyRun (anonymous) at (1347,417.27) size 20x17.30
              LayoutRubyText {RT} at (-12,0) size 12x17.30
                LayoutText {#text} at (0,0) size 12x18
                  text run at (0,0) width 18: "\x{305B}\x{307E}"
              LayoutRubyBase (anonymous) at (0,0) size 20x17.30
                LayoutInline {RB} at (0,0) size 19x17
                  LayoutText {#text} at (0,0) size 19x17
                    text run at (0,0) width 16: "\x{903C}"
          LayoutText {#text} at (1347,434) size 19x33
            text run at (1347,434) width 32: "\x{308B}\x{3002}"
          LayoutRuby (inline) {RUBY} at (0,0) size 19x17
            LayoutRubyRun (anonymous) at (1347,466.56) size 20x16
              LayoutRubyText {RT} at (-12,0) size 12x16
                LayoutText {#text} at (0,4) size 12x9
                  text run at (0,4) width 9: "\x{306F}"
              LayoutRubyBase (anonymous) at (0,0) size 20x16
                LayoutInline {RB} at (0,0) size 19x16
                  LayoutText {#text} at (0,0) size 19x16
                    text run at (0,0) width 16: "\x{79BF}"
          LayoutText {#text} at (1347,482) size 50x499
            text run at (1347,482) width 16: "\x{3052}"
            text run at (1378,0) width 110: "\x{305F}\x{5074}\x{9762}\x{306F}\x{5DE8}\x{4EBA}\x{306E}"
          LayoutRuby (inline) {RUBY} at (0,0) size 19x18
            LayoutRubyRun (anonymous) at (1378,109.31) size 20x16.95
              LayoutRubyText {RT} at (-12,0) size 12x16.95
                LayoutText {#text} at (0,0) size 12x18
                  text run at (0,0) width 17: "\x{304A}\x{306E}"
              LayoutRubyBase (anonymous) at (0,0) size 20x16.95
                LayoutInline {RB} at (0,0) size 19x17
                  LayoutText {#text} at (0,0) size 19x17
                    text run at (0,0) width 16: "\x{65A7}"
          LayoutText {#text} at (1378,126) size 19x15
            text run at (1378,126) width 15: "\x{3067}"
          LayoutRuby (inline) {RUBY} at (0,0) size 19x18
            LayoutRubyRun (anonymous) at (1378,140.70) size 20x17.20
              LayoutRubyText {RT} at (-12,0) size 12x17.20
                LayoutText {#text} at (0,0) size 12x18
                  text run at (0,0) width 18: "\x{3051}\x{305A}"
              LayoutRubyBase (anonymous) at (0,0) size 20x17.20
                LayoutInline {RB} at (0,0) size 19x17
                  LayoutText {#text} at (0,0) size 19x17
                    text run at (0,0) width 16: "\x{524A}"
          LayoutText {#text} at (1378,157) size 19x291
            text run at (1378,157) width 290: "\x{308A}\x{53BB}\x{3063}\x{305F}\x{304B}\x{3001}\x{92ED}\x{3069}\x{304D}\x{5E73}\x{9762}\x{3092}\x{3084}\x{3051}\x{306B}\x{8C37}\x{306E}\x{5E95}\x{306B}"
          LayoutRuby (inline) {RUBY} at (0,0) size 19x17
            LayoutRubyRun (anonymous) at (1378,446.03) size 20x18
              LayoutRubyText {RT} at (-12,0) size 12x18
                LayoutText {#text} at (0,0) size 12x18
                  text run at (0,0) width 18: "\x{3046}\x{305A}"
              LayoutRubyBase (anonymous) at (0,0) size 20x18
                LayoutInline {RB} at (0,0) size 19x16
                  LayoutText {#text} at (0,1) size 19x16
                    text run at (0,1) width 16: "\x{57CB}"
          LayoutText {#text} at (1378,463) size 50x492
            text run at (1378,463) width 29: "\x{3081}\x{3066}"
            text run at (1409,0) width 46: "\x{3044}\x{308B}\x{3002}"
          LayoutRuby (inline) {RUBY} at (0,0) size 19x33
            LayoutRubyRun (anonymous) at (1409,45.13) size 20x32
              LayoutRubyText {RT} at (-12,0) size 12x32
                LayoutText {#text} at (0,0) size 12x32
                  text run at (0,0) width 31: "\x{3066}\x{3063}\x{307A}\x{3093}"
              LayoutRubyBase (anonymous) at (0,0) size 20x32
                LayoutInline {RB} at (0,0) size 19x32
                  LayoutText {#text} at (0,0) size 19x32
                    text run at (0,0) width 32: "\x{5929}\x{8FBA}"
          LayoutText {#text} at (1409,77) size 19x327
            text run at (1409,77) width 327: "\x{306B}\x{4E00}\x{672C}\x{898B}\x{3048}\x{308B}\x{306E}\x{306F}\x{8D64}\x{677E}\x{3060}\x{308D}\x{3046}\x{3002}\x{679D}\x{306E}\x{9593}\x{306E}\x{7A7A}\x{3055}\x{3048}"
          LayoutRuby (inline) {RUBY} at (0,0) size 19x34
            LayoutRubyRun (anonymous) at (1409,403.56) size 20x32.84
              LayoutRubyText {RT} at (-12,0) size 12x32.84
                LayoutText {#text} at (0,0) size 12x33
                  text run at (0,0) width 33: "\x{306F}\x{3063}\x{304D}\x{308A}"
              LayoutRubyBase (anonymous) at (0,0) size 20x32.84
                LayoutInline {RB} at (0,0) size 19x33
                  LayoutText {#text} at (0,0) size 19x33
                    text run at (0,0) width 32: "\x{5224}\x{7136}"
          LayoutText {#text} at (1409,436) size 50x479
            text run at (1409,436) width 42: "\x{3057}\x{3066}\x{3044}"
            text run at (1440,0) width 383: "\x{308B}\x{3002}\x{884C}\x{304F}\x{624B}\x{306F}\x{4E8C}\x{4E01}\x{307B}\x{3069}\x{3067}\x{5207}\x{308C}\x{3066}\x{3044}\x{308B}\x{304C}\x{3001}\x{9AD8}\x{3044}\x{6240}\x{304B}\x{3089}\x{8D64}\x{3044}"
          LayoutRuby (inline) {RUBY} at (0,0) size 19x33
            LayoutRubyRun (anonymous) at (1440,382.13) size 20x32
              LayoutRubyText {RT} at (-12,0) size 12x32
                LayoutText {#text} at (0,1) size 12x29
                  text run at (0,1) width 29: "\x{3051}\x{3063}\x{3068}"
              LayoutRubyBase (anonymous) at (0,0) size 20x32
                LayoutInline {RB} at (0,0) size 19x32
                  LayoutText {#text} at (0,0) size 19x32
                    text run at (0,0) width 32: "\x{6BDB}\x{5E03}"
          LayoutText {#text} at (1440,414) size 50x489
            text run at (1440,414) width 75: "\x{304C}\x{52D5}\x{3044}\x{3066}\x{6765}"
            text run at (1471,0) width 415: "\x{308B}\x{306E}\x{3092}\x{898B}\x{308B}\x{3068}\x{3001}\x{767B}\x{308C}\x{3070}\x{3042}\x{3059}\x{3053}\x{3078}\x{51FA}\x{308B}\x{306E}\x{3060}\x{308D}\x{3046}\x{3002}\x{8DEF}\x{306F}\x{3059}\x{3053}\x{3076}\x{308B}"
          LayoutRuby (inline) {RUBY} at (0,0) size 19x33
            LayoutRubyRun (anonymous) at (1471,414.75) size 20x32
              LayoutRubyText {RT} at (-12,0) size 12x32
                LayoutText {#text} at (0,1) size 12x30
                  text run at (0,1) width 30: "\x{306A}\x{3093}\x{304E}"
              LayoutRubyBase (anonymous) at (0,0) size 20x32
                LayoutInline {RB} at (0,0) size 19x32
                  LayoutText {#text} at (0,0) size 19x32
                    text run at (0,0) width 32: "\x{96E3}\x{7FA9}"
          LayoutText {#text} at (1471,446) size 19x33
            text run at (1471,446) width 32: "\x{3060}\x{3002}"
          LayoutBR {BR} at (1471,478) size 19x1
          LayoutText {#text} at (1502,0) size 19x205
            text run at (1502,0) width 205: "\x{3000}\x{571F}\x{3092}\x{306A}\x{3089}\x{3059}\x{3060}\x{3051}\x{306A}\x{3089}\x{3055}\x{307B}\x{3069}"
          LayoutRuby (inline) {RUBY} at (0,0) size 19x33
            LayoutRubyRun (anonymous) at (1502,204.06) size 20x32
              LayoutRubyText {RT} at (-12,0) size 12x32
                LayoutText {#text} at (0,4) size 12x24
                  text run at (0,4) width 24: "\x{3066}\x{307E}"
              LayoutRubyBase (anonymous) at (0,0) size 20x32
                LayoutInline {RB} at (0,0) size 19x32
                  LayoutText {#text} at (0,0) size 19x32
                    text run at (0,0) width 32: "\x{624B}\x{9593}"
          LayoutText {#text} at (1502,236) size 19x17
            text run at (1502,236) width 16: "\x{3082}"
          LayoutRuby (inline) {RUBY} at (0,0) size 19x17
            LayoutRubyRun (anonymous) at (1502,252.06) size 20x16
              LayoutRubyText {RT} at (-12,0) size 12x16
                LayoutText {#text} at (0,4) size 12x8
                  text run at (0,4) width 8: "\x{3044}"
              LayoutRubyBase (anonymous) at (0,0) size 20x16
                LayoutInline {RB} at (0,0) size 19x16
                  LayoutText {#text} at (0,0) size 19x16
                    text run at (0,0) width 16: "\x{5165}"
          LayoutText {#text} at (1502,268) size 50x499
            text run at (1502,268) width 231: "\x{308B}\x{307E}\x{3044}\x{304C}\x{3001}\x{571F}\x{306E}\x{4E2D}\x{306B}\x{306F}\x{5927}\x{304D}\x{306A}\x{77F3}\x{304C}"
            text run at (1533,0) width 80: "\x{3042}\x{308B}\x{3002}\x{571F}\x{306F}"
          LayoutRuby (inline) {RUBY} at (0,0) size 19x17
            LayoutRubyRun (anonymous) at (1533,79.19) size 20x16.22
              LayoutRubyText {RT} at (-12,0) size 12x16.22
                LayoutText {#text} at (0,0) size 12x17
                  text run at (0,0) width 17: "\x{305F}\x{3044}"
              LayoutRubyBase (anonymous) at (0,0) size 20x16.22
                LayoutInline {RB} at (0,0) size 19x17
                  LayoutText {#text} at (0,0) size 19x17
                    text run at (0,0) width 16: "\x{5E73}"
          LayoutText {#text} at (1533,95) size 50x496
            text run at (1533,95) width 401: "\x{3089}\x{306B}\x{3057}\x{3066}\x{3082}\x{77F3}\x{306F}\x{5E73}\x{3089}\x{306B}\x{306A}\x{3089}\x{306C}\x{3002}\x{77F3}\x{306F}\x{5207}\x{308A}\x{7815}\x{3044}\x{3066}\x{3082}\x{3001}\x{5CA9}\x{306F}\x{59CB}"
            text run at (1564,0) width 90: "\x{672B}\x{304C}\x{3064}\x{304B}\x{306C}\x{3002}"
          LayoutRuby (inline) {RUBY} at (0,0) size 19x36
            LayoutRubyRun (anonymous) at (1564,89.69) size 20x34.64
              LayoutRubyText {RT} at (-12,0) size 12x34.64
                LayoutText {#text} at (0,0) size 12x35
                  text run at (0,0) width 35: "\x{307B}\x{308A}\x{304F}\x{305A}"
              LayoutRubyBase (anonymous) at (0,0) size 20x34.64
                LayoutInline {RB} at (0,0) size 19x34
                  LayoutText {#text} at (0,0) size 19x34
                    text run at (0,0) width 33: "\x{6398}\x{5D29}"
          LayoutText {#text} at (1564,124) size 19x92
            text run at (1564,124) width 91: "\x{3057}\x{305F}\x{571F}\x{306E}\x{4E0A}\x{306B}"
          LayoutRuby (inline) {RUBY} at (0,0) size 19x35
            LayoutRubyRun (anonymous) at (1564,215.33) size 20x35.48
              LayoutRubyText {RT} at (-12,0) size 12x35.48
                LayoutText {#text} at (0,0) size 12x36
                  text run at (0,0) width 36: "\x{3086}\x{3046}\x{305C}\x{3093}"
              LayoutRubyBase (anonymous) at (0,0) size 20x35.48
                LayoutInline {RB} at (0,0) size 19x34
                  LayoutText {#text} at (0,0) size 19x34
                    text run at (0,0) width 33: "\x{60A0}\x{7136}"
          LayoutText {#text} at (1564,249) size 19x16
            text run at (1564,249) width 15: "\x{3068}"
          LayoutRuby (inline) {RUBY} at (0,0) size 19x19
            LayoutRubyRun (anonymous) at (1564,260.75) size 20x26.20
              LayoutRubyText {RT} at (-12,0) size 12x26.20
                LayoutText {#text} at (0,0) size 12x27
                  text run at (0,0) width 27: "\x{305D}\x{3070}\x{3060}"
              LayoutRubyBase (anonymous) at (0,0) size 20x26.20
                LayoutInline {RB} at (0,0) size 19x17
                  LayoutText {#text} at (0,5) size 19x17
                    text run at (0,5) width 16: "\x{5CD9}"
          LayoutText {#text} at (1564,282) size 19x198
            text run at (1564,282) width 197: "\x{3063}\x{3066}\x{3001}\x{543E}\x{3089}\x{306E}\x{305F}\x{3081}\x{306B}\x{9053}\x{3092}\x{8B72}\x{308B}"
          LayoutRuby (inline) {RUBY} at (0,0) size 19x32
            LayoutRubyRun (anonymous) at (1595,0) size 20x32
              LayoutRubyText {RT} at (-12,0) size 12x32
                LayoutText {#text} at (0,1) size 12x30
                  text run at (0,1) width 30: "\x{3051}\x{3057}\x{304D}"
              LayoutRubyBase (anonymous) at (0,0) size 20x32
                LayoutInline {RB} at (0,0) size 19x32
                  LayoutText {#text} at (0,0) size 19x32
                    text run at (0,0) width 32: "\x{666F}\x{8272}"
          LayoutText {#text} at (1595,32) size 19x436
            text run at (1595,32) width 436: "\x{306F}\x{306A}\x{3044}\x{3002}\x{5411}\x{3046}\x{3067}\x{805E}\x{304B}\x{306C}\x{4E0A}\x{306F}\x{4E57}\x{308A}\x{8D8A}\x{3059}\x{304B}\x{3001}\x{5EFB}\x{3089}\x{306A}\x{3051}\x{308C}\x{3070}\x{306A}\x{3089}\x{3093}\x{3002}"
          LayoutRuby (inline) {RUBY} at (0,0) size 19x18
            LayoutRubyRun (anonymous) at (1595,467.88) size 20x16.39
              LayoutRubyText {RT} at (-12,0) size 12x16.39
                LayoutText {#text} at (0,0) size 12x17
                  text run at (0,0) width 17: "\x{3044}\x{308F}"
              LayoutRubyBase (anonymous) at (0,0) size 20x16.39
                LayoutInline {RB} at (0,0) size 19x17
                  LayoutText {#text} at (0,0) size 19x17
                    text run at (0,0) width 16: "\x{5DCC}"
          LayoutText {#text} at (1595,484) size 50x499
            text run at (1595,484) width 15: "\x{306E}"
            text run at (1626,0) width 91: "\x{306A}\x{3044}\x{6240}\x{3067}\x{3055}\x{3048}"
          LayoutRuby (inline) {RUBY} at (0,0) size 19x17
            LayoutRubyRun (anonymous) at (1626,90.94) size 20x16
              LayoutRubyText {RT} at (-12,0) size 12x16
                LayoutText {#text} at (0,3) size 12x10
                  text run at (0,3) width 9: "\x{3042}"
              LayoutRubyBase (anonymous) at (0,0) size 20x16
                LayoutInline {RB} at (0,0) size 19x16
                  LayoutText {#text} at (0,0) size 19x16
                    text run at (0,0) width 16: "\x{6B69}"
          LayoutText {#text} at (1626,106) size 19x292
            text run at (1626,106) width 291: "\x{308B}\x{304D}\x{3088}\x{304F}\x{306F}\x{306A}\x{3044}\x{3002}\x{5DE6}\x{53F3}\x{304C}\x{9AD8}\x{304F}\x{3063}\x{3066}\x{3001}\x{4E2D}\x{5FC3}\x{304C}"
          LayoutRuby (inline) {RUBY} at (0,0) size 19x18
            LayoutRubyRun (anonymous) at (1626,397.19) size 20x17.34
              LayoutRubyText {RT} at (-12,0) size 12x17.34
                LayoutText {#text} at (0,0) size 12x18
                  text run at (0,0) width 18: "\x{304F}\x{307C}"
              LayoutRubyBase (anonymous) at (0,0) size 20x17.34
                LayoutInline {RB} at (0,0) size 19x17
                  LayoutText {#text} at (0,0) size 19x17
                    text run at (0,0) width 16: "\x{7AAA}"
          LayoutText {#text} at (1626,414) size 50x492
            text run at (1626,414) width 78: "\x{3093}\x{3067}\x{3001}\x{307E}\x{308B}"
            text run at (1657,0) width 47: "\x{3067}\x{4E00}\x{9593}"
          LayoutRuby (inline) {RUBY} at (0,0) size 19x18
            LayoutRubyRun (anonymous) at (1657,46.44) size 20x17.44
              LayoutRubyText {RT} at (-12,0) size 12x17.44
                LayoutText {#text} at (0,0) size 12x18
                  text run at (0,0) width 18: "\x{306F}\x{3070}"
              LayoutRubyBase (anonymous) at (0,0) size 20x17.44
                LayoutInline {RB} at (0,0) size 19x17
                  LayoutText {#text} at (0,0) size 19x17
                    text run at (0,0) width 16: "\x{5E45}"
          LayoutText {#text} at (1657,63) size 19x63
            text run at (1657,63) width 63: "\x{3092}\x{4E09}\x{89D2}\x{306B}"
          LayoutRuby (inline) {RUBY} at (0,0) size 19x16
            LayoutRubyRun (anonymous) at (1657,126) size 20x16
              LayoutRubyText {RT} at (-12,0) size 12x16
                LayoutText {#text} at (0,4) size 12x9
                  text run at (0,4) width 9: "\x{304F}"
              LayoutRubyBase (anonymous) at (0,0) size 20x16
                LayoutInline {RB} at (0,0) size 19x16
                  LayoutText {#text} at (0,0) size 19x16
                    text run at (0,0) width 16: "\x{7A7F}"
          LayoutText {#text} at (1657,142) size 19x118
            text run at (1657,142) width 118: "\x{3063}\x{3066}\x{3001}\x{305D}\x{306E}\x{9802}\x{70B9}\x{304C}"
          LayoutRuby (inline) {RUBY} at (0,0) size 19x35
            LayoutRubyRun (anonymous) at (1657,260) size 20x34.67
              LayoutRubyText {RT} at (-12,0) size 12x34.67
                LayoutText {#text} at (0,0) size 12x35
                  text run at (0,0) width 35: "\x{307E}\x{3093}\x{306A}\x{304B}"
              LayoutRubyBase (anonymous) at (0,0) size 20x34.67
                LayoutInline {RB} at (0,0) size 19x34
                  LayoutText {#text} at (0,0) size 19x34
                    text run at (0,0) width 33: "\x{771F}\x{4E2D}"
          LayoutText {#text} at (1657,294) size 19x17
            text run at (1657,294) width 16: "\x{3092}"
          LayoutRuby (inline) {RUBY} at (0,0) size 19x19
            LayoutRubyRun (anonymous) at (1657,306.67) size 20x24.55
              LayoutRubyText {RT} at (-12,0) size 12x24.55
                LayoutText {#text} at (0,0) size 12x25
                  text run at (0,0) width 25: "\x{3064}\x{3089}\x{306C}"
              LayoutRubyBase (anonymous) at (0,0) size 20x24.55
                LayoutInline {RB} at (0,0) size 19x17
                  LayoutText {#text} at (0,4) size 19x17
                    text run at (0,4) width 16: "\x{8CAB}"
          LayoutText {#text} at (1657,328) size 50x476
            text run at (1657,328) width 147: "\x{3044}\x{3066}\x{3044}\x{308B}\x{3068}\x{8A55}\x{3057}\x{3066}\x{3082}\x{3088}"
            text run at (1688,0) width 234: "\x{3044}\x{3002}\x{8DEF}\x{3092}\x{884C}\x{304F}\x{3068}\x{4E91}\x{308F}\x{3093}\x{3088}\x{308A}\x{5DDD}\x{5E95}\x{3092}"
          LayoutRuby (inline) {RUBY} at (0,0) size 19x19
            LayoutRubyRun (anonymous) at (1688,233.63) size 20x17.83
              LayoutRubyText {RT} at (-12,0) size 12x17.83
                LayoutText {#text} at (0,0) size 12x19
                  text run at (0,0) width 18: "\x{308F}\x{305F}"
              LayoutRubyBase (anonymous) at (0,0) size 20x17.83
                LayoutInline {RB} at (0,0) size 19x17
                  LayoutText {#text} at (0,0) size 19x17
                    text run at (0,0) width 16: "\x{6E09}"
          LayoutText {#text} at (1688,251) size 19x159
            text run at (1688,251) width 158: "\x{308B}\x{3068}\x{4E91}\x{3046}\x{65B9}\x{304C}\x{9069}\x{5F53}\x{3060}\x{3002}"
          LayoutRuby (inline) {RUBY} at (0,0) size 19x18
            LayoutRubyRun (anonymous) at (1688,409.27) size 20x17.41
              LayoutRubyText {RT} at (-12,0) size 12x17.41
                LayoutText {#text} at (0,0) size 12x18
                  text run at (0,0) width 18: "\x{3082}\x{3068}"
              LayoutRubyBase (anonymous) at (0,0) size 20x17.41
                LayoutInline {RB} at (0,0) size 19x17
                  LayoutText {#text} at (0,0) size 19x17
                    text run at (0,0) width 16: "\x{56FA}"
          LayoutText {#text} at (1688,426) size 50x489
            text run at (1688,426) width 63: "\x{3088}\x{308A}\x{6025}\x{3050}"
            text run at (1719,0) width 183: "\x{65C5}\x{3067}\x{306A}\x{3044}\x{304B}\x{3089}\x{3001}\x{3076}\x{3089}\x{3076}\x{3089}\x{3068}"
          LayoutRuby (inline) {RUBY} at (0,0) size 19x36
            LayoutRubyRun (anonymous) at (1719,182.88) size 20x35.38
              LayoutRubyText {RT} at (-12,0) size 12x35.38
                LayoutText {#text} at (0,0) size 12x36
                  text run at (0,0) width 36: "\x{306A}\x{306A}\x{307E}\x{304C}"
              LayoutRubyBase (anonymous) at (0,0) size 20x35.38
                LayoutInline {RB} at (0,0) size 19x34
                  LayoutText {#text} at (0,0) size 19x34
                    text run at (0,0) width 33: "\x{4E03}\x{66F2}"
          LayoutText {#text} at (1719,217) size 19x89
            text run at (1719,217) width 88: "\x{308A}\x{3078}\x{304B}\x{304B}\x{308B}\x{3002}"
          LayoutBR {BR} at (1719,305) size 19x1
          LayoutText {#text} at (1750,0) size 19x140
            text run at (1750,0) width 140: "\x{3000}\x{305F}\x{3061}\x{307E}\x{3061}\x{8DB3}\x{306E}\x{4E0B}\x{3067}"
          LayoutRuby (inline) {RUBY} at (0,0) size 19x33
            LayoutRubyRun (anonymous) at (1750,139.63) size 20x32
              LayoutRubyText {RT} at (-12,0) size 12x32
                LayoutText {#text} at (0,1) size 12x29
                  text run at (0,1) width 29: "\x{3072}\x{3070}\x{308A}"
              LayoutRubyBase (anonymous) at (0,0) size 20x32
                LayoutInline {RB} at (0,0) size 19x32
                  LayoutText {#text} at (0,0) size 19x32
                    text run at (0,0) width 32: "\x{96F2}\x{96C0}"
          LayoutText {#text} at (1750,171) size 19x156
            text run at (1750,171) width 155: "\x{306E}\x{58F0}\x{304C}\x{3057}\x{51FA}\x{3057}\x{305F}\x{3002}\x{8C37}\x{3092}"
          LayoutRuby (inline) {RUBY} at (0,0) size 19x33
            LayoutRubyRun (anonymous) at (1750,326.44) size 20x32
              LayoutRubyText {RT} at (-12,0) size 12x32
                LayoutText {#text} at (0,1) size 12x29
                  text run at (0,1) width 29: "\x{307F}\x{304A}\x{308D}"
              LayoutRubyBase (anonymous) at (0,0) size 20x32
                LayoutInline {RB} at (0,0) size 19x32
                  LayoutText {#text} at (0,0) size 19x32
                    text run at (0,0) width 32: "\x{898B}\x{4E0B}"
          LayoutText {#text} at (1750,358) size 50x493
            text run at (1750,358) width 135: "\x{3057}\x{305F}\x{304C}\x{3001}\x{3069}\x{3053}\x{3067}\x{9CF4}\x{3044}"
            text run at (1781,0) width 445: "\x{3066}\x{308B}\x{304B}\x{5F71}\x{3082}\x{5F62}\x{3082}\x{898B}\x{3048}\x{306C}\x{3002}\x{305F}\x{3060}\x{58F0}\x{3060}\x{3051}\x{304C}\x{660E}\x{3089}\x{304B}\x{306B}\x{805E}\x{3048}\x{308B}\x{3002}\x{305B}\x{3063}\x{305B}\x{3068}"
          LayoutRuby (inline) {RUBY} at (0,0) size 19x19
            LayoutRubyRun (anonymous) at (1781,444.88) size 20x17.48
              LayoutRubyText {RT} at (-12,0) size 12x17.48
                LayoutText {#text} at (0,0) size 12x18
                  text run at (0,0) width 18: "\x{305B}\x{308F}"
              LayoutRubyBase (anonymous) at (0,0) size 20x17.48
                LayoutInline {RB} at (0,0) size 19x17
                  LayoutText {#text} at (0,0) size 19x17
                    text run at (0,0) width 16: "\x{5FD9}"
          LayoutText {#text} at (1781,462) size 50x478
            text run at (1781,462) width 15: "\x{3057}"
            text run at (1812,0) width 32: "\x{304F}\x{3001}"
          LayoutRuby (inline) {RUBY} at (0,0) size 19x33
            LayoutRubyRun (anonymous) at (1812,31.44) size 20x32
              LayoutRubyText {RT} at (-12,0) size 12x32
                LayoutText {#text} at (0,1) size 12x30
                  text run at (0,1) width 30: "\x{305F}\x{3048}\x{307E}"
              LayoutRubyBase (anonymous) at (0,0) size 20x32
                LayoutInline {RB} at (0,0) size 19x32
                  LayoutText {#text} at (0,0) size 19x32
                    text run at (0,0) width 32: "\x{7D76}\x{9593}"
          LayoutText {#text} at (1812,63) size 19x120
            text run at (1812,63) width 120: "\x{306A}\x{304F}\x{9CF4}\x{3044}\x{3066}\x{3044}\x{308B}\x{3002}"
          LayoutRuby (inline) {RUBY} at (0,0) size 19x49
            LayoutRubyRun (anonymous) at (1812,182.94) size 20x48
              LayoutRubyText {RT} at (-12,0) size 12x48
                LayoutText {#text} at (0,0) size 12x47
                  text run at (0,0) width 46: "\x{307B}\x{3046}\x{3044}\x{304F}\x{308A}"
              LayoutRubyBase (anonymous) at (0,0) size 20x48
                LayoutInline {RB} at (0,0) size 19x48
                  LayoutText {#text} at (0,0) size 19x48
                    text run at (0,0) width 48: "\x{65B9}\x{5E7E}\x{91CC}"
          LayoutText {#text} at (1812,230) size 19x109
            text run at (1812,230) width 108: "\x{306E}\x{7A7A}\x{6C17}\x{304C}\x{4E00}\x{9762}\x{306B}"
          LayoutRuby (inline) {RUBY} at (0,0) size 19x18
            LayoutRubyRun (anonymous) at (1812,338.69) size 20x16.42
              LayoutRubyText {RT} at (-12,0) size 12x16.42
                LayoutText {#text} at (0,0) size 12x17
                  text run at (0,0) width 17: "\x{306E}\x{307F}"
              LayoutRubyBase (anonymous) at (0,0) size 20x16.42
                LayoutInline {RB} at (0,0) size 19x17
                  LayoutText {#text} at (0,0) size 19x17
                    text run at (0,0) width 16: "\x{86A4}"
          LayoutText {#text} at (1812,355) size 50x492
            text run at (1812,355) width 137: "\x{306B}\x{523A}\x{3055}\x{308C}\x{3066}\x{3044}\x{305F}\x{305F}\x{307E}"
            text run at (1843,0) width 264: "\x{308C}\x{306A}\x{3044}\x{3088}\x{3046}\x{306A}\x{6C17}\x{304C}\x{3059}\x{308B}\x{3002}\x{3042}\x{306E}\x{9CE5}\x{306E}\x{9CF4}\x{304F}"
          LayoutRuby (inline) {RUBY} at (0,0) size 19x16
            LayoutRubyRun (anonymous) at (1843,264) size 20x16
              LayoutRubyText {RT} at (-12,0) size 12x16
                LayoutText {#text} at (0,4) size 12x9
                  text run at (0,4) width 9: "\x{306D}"
              LayoutRubyBase (anonymous) at (0,0) size 20x16
                LayoutInline {RB} at (0,0) size 19x16
                  LayoutText {#text} at (0,0) size 19x16
                    text run at (0,0) width 16: "\x{97F3}"
          LayoutText {#text} at (1843,280) size 90x503
            text run at (1843,280) width 214: "\x{306B}\x{306F}\x{77AC}\x{6642}\x{306E}\x{4F59}\x{88D5}\x{3082}\x{306A}\x{3044}\x{3002}\x{306E}\x{3069}\x{304B}"
            text run at (1863,0) width 503: "\x{306A}\x{6625}\x{306E}\x{65E5}\x{3092}\x{9CF4}\x{304D}\x{5C3D}\x{304F}\x{3057}\x{3001}\x{9CF4}\x{304D}\x{3042}\x{304B}\x{3057}\x{3001}\x{307E}\x{305F}\x{9CF4}\x{304D}\x{66AE}\x{3089}\x{3055}\x{306A}\x{3051}\x{308C}\x{3070}\x{6C17}\x{304C}\x{6E08}\x{307E}"
            text run at (1883,0) width 496: "\x{3093}\x{3068}\x{898B}\x{3048}\x{308B}\x{3002}\x{305D}\x{306E}\x{4E0A}\x{3069}\x{3053}\x{307E}\x{3067}\x{3082}\x{767B}\x{3063}\x{3066}\x{884C}\x{304F}\x{3001}\x{3044}\x{3064}\x{307E}\x{3067}\x{3082}\x{767B}\x{3063}\x{3066}\x{884C}\x{304F}\x{3002}\x{96F2}\x{96C0}"
            text run at (1914,0) width 320: "\x{306F}\x{304D}\x{3063}\x{3068}\x{96F2}\x{306E}\x{4E2D}\x{3067}\x{6B7B}\x{306C}\x{306B}\x{76F8}\x{9055}\x{306A}\x{3044}\x{3002}\x{767B}\x{308A}\x{8A70}\x{3081}\x{305F}"
          LayoutRuby (inline) {RUBY} at (0,0) size 19x33
            LayoutRubyRun (anonymous) at (1914,319.25) size 20x32
              LayoutRubyText {RT} at (-12,0) size 12x32
                LayoutText {#text} at (0,1) size 12x30
                  text run at (0,1) width 30: "\x{3042}\x{3052}\x{304F}"
              LayoutRubyBase (anonymous) at (0,0) size 20x32
                LayoutInline {RB} at (0,0) size 19x32
                  LayoutText {#text} at (0,0) size 19x32
                    text run at (0,0) width 32: "\x{63DA}\x{53E5}"
          LayoutText {#text} at (1914,351) size 19x108
            text run at (1914,351) width 108: "\x{306F}\x{3001}\x{6D41}\x{308C}\x{3066}\x{96F2}\x{306B}"
          LayoutRuby (inline) {RUBY} at (0,0) size 19x17
            LayoutRubyRun (anonymous) at (1914,458.38) size 20x16
              LayoutRubyText {RT} at (-12,0) size 12x16
                LayoutText {#text} at (0,4) size 12x8
                  text run at (0,4) width 8: "\x{3044}"
              LayoutRubyBase (anonymous) at (0,0) size 20x16
                LayoutInline {RB} at (0,0) size 19x16
                  LayoutText {#text} at (0,0) size 19x16
                    text run at (0,0) width 16: "\x{5165}"
          LayoutText {#text} at (1914,474) size 50x486
            text run at (1914,474) width 12: "\x{3063}"
            text run at (1945,0) width 30: "\x{3066}\x{3001}"
          LayoutRuby (inline) {RUBY} at (0,0) size 19x20
            LayoutRubyRun (anonymous) at (1945,25.81) size 20x26.30
              LayoutRubyText {RT} at (-12,0) size 12x26.30
                LayoutText {#text} at (0,0) size 12x27
                  text run at (0,0) width 27: "\x{305F}\x{3060}\x{3088}"
              LayoutRubyBase (anonymous) at (0,0) size 20x26.30
                LayoutInline {RB} at (0,0) size 19x17
                  LayoutText {#text} at (0,5) size 19x17
                    text run at (0,5) width 16: "\x{6F02}"
          LayoutText {#text} at (1945,48) size 19x394
            text run at (1945,48) width 394: "\x{3046}\x{3066}\x{3044}\x{308B}\x{3046}\x{3061}\x{306B}\x{5F62}\x{306F}\x{6D88}\x{3048}\x{3066}\x{306A}\x{304F}\x{306A}\x{3063}\x{3066}\x{3001}\x{305F}\x{3060}\x{58F0}\x{3060}\x{3051}\x{304C}\x{7A7A}\x{306E}"
          LayoutRuby (inline) {RUBY} at (0,0) size 19x19
            LayoutRubyRun (anonymous) at (1945,441.23) size 20x17.83
              LayoutRubyText {RT} at (-12,0) size 12x17.83
                LayoutText {#text} at (0,0) size 12x19
                  text run at (0,0) width 18: "\x{3046}\x{3061}"
              LayoutRubyBase (anonymous) at (0,0) size 20x17.83
                LayoutInline {RB} at (0,0) size 19x17
                  LayoutText {#text} at (0,0) size 19x17
                    text run at (0,0) width 16: "\x{88E1}"
          LayoutText {#text} at (1945,459) size 39x490
            text run at (1945,459) width 31: "\x{306B}\x{6B8B}"
            text run at (1965,0) width 139: "\x{308B}\x{306E}\x{304B}\x{3082}\x{77E5}\x{308C}\x{306A}\x{3044}\x{3002}"
          LayoutBR {BR} at (1965,138) size 19x1
          LayoutText {#text} at (1996,0) size 19x16
            text run at (1996,0) width 16: "\x{3000}"
          LayoutRuby (inline) {RUBY} at (0,0) size 19x34
            LayoutRubyRun (anonymous) at (1996,16) size 20x33.41
              LayoutRubyText {RT} at (-12,0) size 12x33.41
                LayoutText {#text} at (0,0) size 12x34
                  text run at (0,0) width 34: "\x{3044}\x{308F}\x{304B}\x{3069}"
              LayoutRubyBase (anonymous) at (0,0) size 20x33.41
                LayoutInline {RB} at (0,0) size 19x33
                  LayoutText {#text} at (0,0) size 19x33
                    text run at (0,0) width 32: "\x{5DCC}\x{89D2}"
          LayoutText {#text} at (1996,49) size 19x121
            text run at (1996,49) width 121: "\x{3092}\x{92ED}\x{3069}\x{304F}\x{5EFB}\x{3063}\x{3066}\x{3001}"
          LayoutRuby (inline) {RUBY} at (0,0) size 19x33
            LayoutRubyRun (anonymous) at (1996,169.53) size 20x32
              LayoutRubyText {RT} at (-12,0) size 12x32
                LayoutText {#text} at (0,1) size 12x30
                  text run at (0,1) width 30: "\x{3042}\x{3093}\x{307E}"
              LayoutRubyBase (anonymous) at (0,0) size 20x32
                LayoutInline {RB} at (0,0) size 19x32
                  LayoutText {#text} at (0,0) size 19x32
                    text run at (0,0) width 32: "\x{6309}\x{6469}"
          LayoutText {#text} at (1996,201) size 19x33
            text run at (1996,201) width 32: "\x{306A}\x{3089}"
          LayoutRuby (inline) {RUBY} at (0,0) size 19x52
            LayoutRubyRun (anonymous) at (1996,233.53) size 20x50.48
              LayoutRubyText {RT} at (-12,0) size 12x50.48
                LayoutText {#text} at (0,0) size 12x51
                  text run at (0,0) width 51: "\x{307E}\x{3063}\x{3055}\x{304B}\x{3055}\x{307E}"
              LayoutRubyBase (anonymous) at (0,0) size 20x50.48
                LayoutInline {RB} at (0,0) size 19x50
                  LayoutText {#text} at (0,0) size 19x50
                    text run at (0,0) width 49: "\x{771F}\x{9006}\x{69D8}"
          LayoutText {#text} at (1996,284) size 19x135
            text run at (1996,284) width 135: "\x{306B}\x{843D}\x{3064}\x{308B}\x{3068}\x{3053}\x{308D}\x{3092}\x{3001}"
          LayoutRuby (inline) {RUBY} at (0,0) size 19x17
            LayoutRubyRun (anonymous) at (1996,417.89) size 20x18
              LayoutRubyText {RT} at (-12,0) size 12x18
                LayoutText {#text} at (0,0) size 12x18
                  text run at (0,0) width 18: "\x{304D}\x{308F}"
              LayoutRubyBase (anonymous) at (0,0) size 20x18
                LayoutInline {RB} at (0,0) size 19x16
                  LayoutText {#text} at (0,1) size 19x16
                    text run at (0,1) width 16: "\x{969B}"
          LayoutText {#text} at (1996,434) size 50x493
            text run at (1996,434) width 58: "\x{3069}\x{304F}\x{53F3}\x{3078}"
            text run at (2027,0) width 92: "\x{5207}\x{308C}\x{3066}\x{3001}\x{6A2A}\x{306B}"
          LayoutRuby (inline) {RUBY} at (0,0) size 19x33
            LayoutRubyRun (anonymous) at (2027,91.94) size 20x32
              LayoutRubyText {RT} at (-12,0) size 12x32
                LayoutText {#text} at (0,1) size 12x29
                  text run at (0,1) width 29: "\x{307F}\x{304A}\x{308D}"
              LayoutRubyBase (anonymous) at (0,0) size 20x32
                LayoutInline {RB} at (0,0) size 19x32
                  LayoutText {#text} at (0,0) size 19x32
                    text run at (0,0) width 32: "\x{898B}\x{4E0B}"
          LayoutText {#text} at (2027,123) size 19x48
            text run at (2027,123) width 47: "\x{3059}\x{3068}\x{3001}"
          LayoutRuby (inline) {RUBY} at (0,0) size 19x17
            LayoutRubyRun (anonymous) at (2027,170.88) size 20x16
              LayoutRubyText {RT} at (-12,0) size 12x16
                LayoutText {#text} at (0,3) size 12x10
                  text run at (0,3) width 9: "\x{306A}"
              LayoutRubyBase (anonymous) at (0,0) size 20x16
                LayoutInline {RB} at (0,0) size 19x16
                  LayoutText {#text} at (0,0) size 19x16
                    text run at (0,0) width 16: "\x{83DC}"
          LayoutText {#text} at (2027,186) size 50x494
            text run at (2027,186) width 307: "\x{306E}\x{82B1}\x{304C}\x{4E00}\x{9762}\x{306B}\x{898B}\x{3048}\x{308B}\x{3002}\x{96F2}\x{96C0}\x{306F}\x{3042}\x{3059}\x{3053}\x{3078}\x{843D}\x{3061}\x{308B}"
            text run at (2058,0) width 191: "\x{306E}\x{304B}\x{3068}\x{601D}\x{3063}\x{305F}\x{3002}\x{3044}\x{3044}\x{3084}\x{3001}\x{3042}\x{306E}"
          LayoutRuby (inline) {RUBY} at (0,0) size 19x33
            LayoutRubyRun (anonymous) at (2058,190.88) size 20x32
              LayoutRubyText {RT} at (-12,0) size 12x32
                LayoutText {#text} at (0,1) size 12x30
                  text run at (0,1) width 30: "\x{3053}\x{304C}\x{306D}"
              LayoutRubyBase (anonymous) at (0,0) size 20x32
                LayoutInline {RB} at (0,0) size 19x32
                  LayoutText {#text} at (0,0) size 19x32
                    text run at (0,0) width 32: "\x{9EC4}\x{91D1}"
          LayoutText {#text} at (2058,222) size 50x476
            text run at (2058,222) width 253: "\x{306E}\x{539F}\x{304B}\x{3089}\x{98DB}\x{3073}\x{4E0A}\x{304C}\x{3063}\x{3066}\x{304F}\x{308B}\x{306E}\x{304B}\x{3068}\x{601D}\x{3063}"
            text run at (2089,0) width 188: "\x{305F}\x{3002}\x{6B21}\x{306B}\x{306F}\x{843D}\x{3061}\x{308B}\x{96F2}\x{96C0}\x{3068}\x{3001}"
          LayoutRuby (inline) {RUBY} at (0,0) size 19x19
            LayoutRubyRun (anonymous) at (2089,187.63) size 20x17.55
              LayoutRubyText {RT} at (-12,0) size 12x17.55
                LayoutText {#text} at (0,0) size 12x18
                  text run at (0,0) width 18: "\x{3042}\x{304C}"
              LayoutRubyBase (anonymous) at (0,0) size 20x17.55
                LayoutInline {RB} at (0,0) size 19x17
                  LayoutText {#text} at (0,0) size 19x17
                    text run at (0,0) width 16: "\x{4E0A}"
          LayoutText {#text} at (2089,205) size 19x17
            text run at (2089,205) width 16: "\x{308B}"
          LayoutRuby (inline) {RUBY} at (0,0) size 19x33
            LayoutRubyRun (anonymous) at (2089,221.17) size 20x32
              LayoutRubyText {RT} at (-12,0) size 12x32
                LayoutText {#text} at (0,1) size 12x29
                  text run at (0,1) width 29: "\x{3072}\x{3070}\x{308A}"
              LayoutRubyBase (anonymous) at (0,0) size 20x32
                LayoutInline {RB} at (0,0) size 19x32
                  LayoutText {#text} at (0,0) size 19x32
                    text run at (0,0) width 32: "\x{96F2}\x{96C0}"
          LayoutText {#text} at (2089,253) size 50x498
            text run at (2089,253) width 245: "\x{304C}\x{5341}\x{6587}\x{5B57}\x{306B}\x{3059}\x{308C}\x{9055}\x{3046}\x{306E}\x{304B}\x{3068}\x{601D}\x{3063}\x{305F}\x{3002}"
            text run at (2120,0) width 332: "\x{6700}\x{5F8C}\x{306B}\x{3001}\x{843D}\x{3061}\x{308B}\x{6642}\x{3082}\x{3001}\x{4E0A}\x{308B}\x{6642}\x{3082}\x{3001}\x{307E}\x{305F}\x{5341}\x{6587}\x{5B57}\x{306B}"
          LayoutRuby (inline) {RUBY} at (0,0) size 19x17
            LayoutRubyRun (anonymous) at (2120,331.31) size 20x16
              LayoutRubyText {RT} at (-12,0) size 12x16
                LayoutText {#text} at (0,3) size 12x10
                  text run at (0,3) width 9: "\x{3059}"
              LayoutRubyBase (anonymous) at (0,0) size 20x16
                LayoutInline {RB} at (0,0) size 19x16
                  LayoutText {#text} at (0,0) size 19x16
                    text run at (0,0) width 16: "\x{64E6}"
          LayoutText {#text} at (2120,347) size 39x504
            text run at (2120,347) width 157: "\x{308C}\x{9055}\x{3046}\x{3068}\x{304D}\x{306B}\x{3082}\x{5143}\x{6C17}\x{3088}"
            text run at (2140,0) width 227: "\x{304F}\x{9CF4}\x{304D}\x{3064}\x{3065}\x{3051}\x{308B}\x{3060}\x{308D}\x{3046}\x{3068}\x{601D}\x{3063}\x{305F}\x{3002}"
          LayoutBR {BR} at (2140,226) size 19x1
          LayoutText {#text} at (2171,0) size 19x190
            text run at (2171,0) width 190: "\x{3000}\x{6625}\x{306F}\x{7720}\x{304F}\x{306A}\x{308B}\x{3002}\x{732B}\x{306F}\x{9F20}\x{3092}"
          LayoutRuby (inline) {RUBY} at (0,0) size 19x17
            LayoutRubyRun (anonymous) at (2171,189.81) size 20x16
              LayoutRubyText {RT} at (-12,0) size 12x16
                LayoutText {#text} at (0,4) size 12x9
                  text run at (0,4) width 9: "\x{3068}"
              LayoutRubyBase (anonymous) at (0,0) size 20x16
                LayoutInline {RB} at (0,0) size 19x16
                  LayoutText {#text} at (0,0) size 19x16
                    text run at (0,0) width 16: "\x{6355}"
          LayoutText {#text} at (2171,205) size 50x492
            text run at (2171,205) width 286: "\x{308B}\x{4E8B}\x{3092}\x{5FD8}\x{308C}\x{3001}\x{4EBA}\x{9593}\x{306F}\x{501F}\x{91D1}\x{306E}\x{3042}\x{308B}\x{4E8B}\x{3092}\x{5FD8}\x{308C}"
            text run at (2202,0) width 124: "\x{308B}\x{3002}\x{6642}\x{306B}\x{306F}\x{81EA}\x{5206}\x{306E}"
          LayoutRuby (inline) {RUBY} at (0,0) size 19x27
            LayoutRubyRun (anonymous) at (2202,119.75) size 20x33.33
              LayoutRubyText {RT} at (-12,0) size 12x33.33
                LayoutText {#text} at (0,0) size 12x34
                  text run at (0,0) width 34: "\x{305F}\x{307E}\x{3057}\x{3044}"
              LayoutRubyBase (anonymous) at (0,0) size 20x33.33
                LayoutInline {RB} at (0,0) size 19x17
                  LayoutText {#text} at (0,8) size 19x17
                    text run at (0,8) width 16: "\x{9B42}"
          LayoutText {#text} at (2202,149) size 19x15
            text run at (2202,149) width 15: "\x{306E}"
          LayoutRuby (inline) {RUBY} at (0,0) size 19x33
            LayoutRubyRun (anonymous) at (2202,163.52) size 20x32.48
              LayoutRubyText {RT} at (-12,0) size 12x32.48
                LayoutText {#text} at (0,0) size 12x33
                  text run at (0,0) width 33: "\x{3044}\x{3069}\x{3053}\x{308D}"
              LayoutRubyBase (anonymous) at (0,0) size 20x32.48
                LayoutInline {RB} at (0,0) size 19x33
                  LayoutText {#text} at (0,0) size 19x33
                    text run at (0,0) width 32: "\x{5C45}\x{6240}"
          LayoutText {#text} at (2202,196) size 50x495
            text run at (2202,196) width 299: "\x{3055}\x{3048}\x{5FD8}\x{308C}\x{3066}\x{6B63}\x{4F53}\x{306A}\x{304F}\x{306A}\x{308B}\x{3002}\x{305F}\x{3060}\x{83DC}\x{306E}\x{82B1}\x{3092}\x{9060}"
            text run at (2233,0) width 139: "\x{304F}\x{671B}\x{3093}\x{3060}\x{3068}\x{304D}\x{306B}\x{773C}\x{304C}"
          LayoutRuby (inline) {RUBY} at (0,0) size 19x17
            LayoutRubyRun (anonymous) at (2233,138.44) size 20x16
              LayoutRubyText {RT} at (-12,0) size 12x16
                LayoutText {#text} at (0,3) size 12x10
                  text run at (0,3) width 9: "\x{3055}"
              LayoutRubyBase (anonymous) at (0,0) size 20x16
                LayoutInline {RB} at (0,0) size 19x16
                  LayoutText {#text} at (0,0) size 19x16
                    text run at (0,0) width 16: "\x{9192}"
          LayoutText {#text} at (2233,154) size 19x308
            text run at (2233,154) width 308: "\x{3081}\x{308B}\x{3002}\x{96F2}\x{96C0}\x{306E}\x{58F0}\x{3092}\x{805E}\x{3044}\x{305F}\x{3068}\x{304D}\x{306B}\x{9B42}\x{306E}\x{3042}\x{308A}\x{304B}\x{304C}"
          LayoutRuby (inline) {RUBY} at (0,0) size 19x35
            LayoutRubyRun (anonymous) at (2233,462) size 20x34.50
              LayoutRubyText {RT} at (-12,0) size 12x34.50
                LayoutText {#text} at (0,0) size 12x35
                  text run at (0,0) width 35: "\x{306F}\x{3093}\x{305C}\x{3093}"
              LayoutRubyBase (anonymous) at (0,0) size 20x34.50
                LayoutInline {RB} at (0,0) size 19x34
                  LayoutText {#text} at (0,0) size 19x34
                    text run at (0,0) width 33: "\x{5224}\x{7136}"
          LayoutText {#text} at (2253,0) size 59x495
            text run at (2253,0) width 494: "\x{3059}\x{308B}\x{3002}\x{96F2}\x{96C0}\x{306E}\x{9CF4}\x{304F}\x{306E}\x{306F}\x{53E3}\x{3067}\x{9CF4}\x{304F}\x{306E}\x{3067}\x{306F}\x{306A}\x{3044}\x{3001}\x{9B42}\x{5168}\x{4F53}\x{304C}\x{9CF4}\x{304F}\x{306E}\x{3060}\x{3002}\x{9B42}\x{306E}\x{6D3B}"
            text run at (2273,0) width 495: "\x{52D5}\x{304C}\x{58F0}\x{306B}\x{3042}\x{3089}\x{308F}\x{308C}\x{305F}\x{3082}\x{306E}\x{306E}\x{3046}\x{3061}\x{3067}\x{3001}\x{3042}\x{308C}\x{307B}\x{3069}\x{5143}\x{6C17}\x{306E}\x{3042}\x{308B}\x{3082}\x{306E}\x{306F}\x{306A}\x{3044}\x{3002}\x{3042}"
            text run at (2293,0) width 383: "\x{3042}\x{6109}\x{5FEB}\x{3060}\x{3002}\x{3053}\x{3046}\x{601D}\x{3063}\x{3066}\x{3001}\x{3053}\x{3046}\x{6109}\x{5FEB}\x{306B}\x{306A}\x{308B}\x{306E}\x{304C}\x{8A69}\x{3067}\x{3042}\x{308B}\x{3002}"
          LayoutBR {BR} at (2293,382) size 19x1
          LayoutText {#text} at (2313,0) size 50x500
            text run at (2313,0) width 500: "\x{3000}\x{305F}\x{3061}\x{307E}\x{3061}\x{30B7}\x{30A7}\x{30EC}\x{30FC}\x{306E}\x{96F2}\x{96C0}\x{306E}\x{8A69}\x{3092}\x{601D}\x{3044}\x{51FA}\x{3057}\x{3066}\x{3001}\x{53E3}\x{306E}\x{3046}\x{3061}\x{3067}\x{899A}\x{3048}\x{305F}\x{3068}\x{3053}\x{308D}\x{3060}"
            text run at (2344,0) width 15: "\x{3051}"
          LayoutRuby (inline) {RUBY} at (0,0) size 19x39
            LayoutRubyRun (anonymous) at (2344,12.56) size 20x41.91
              LayoutRubyText {RT} at (-12,0) size 12x41.91
                LayoutText {#text} at (0,0) size 12x42
                  text run at (0,0) width 42: "\x{3042}\x{3093}\x{3057}\x{3087}\x{3046}"
              LayoutRubyBase (anonymous) at (0,0) size 20x41.91
                LayoutInline {RB} at (0,0) size 19x37
                  LayoutText {#text} at (0,2) size 19x37
                    text run at (0,2) width 36: "\x{6697}\x{8AA6}"
          LayoutText {#text} at (2344,52) size 39x491
            text run at (2344,52) width 439: "\x{3057}\x{3066}\x{898B}\x{305F}\x{304C}\x{3001}\x{899A}\x{3048}\x{3066}\x{3044}\x{308B}\x{3068}\x{3053}\x{308D}\x{306F}\x{4E8C}\x{4E09}\x{53E5}\x{3057}\x{304B}\x{306A}\x{304B}\x{3063}\x{305F}\x{3002}\x{305D}\x{306E}\x{4E8C}\x{4E09}"
            text run at (2364,0) width 198: "\x{53E5}\x{306E}\x{306A}\x{304B}\x{306B}\x{3053}\x{3093}\x{306A}\x{306E}\x{304C}\x{3042}\x{308B}\x{3002}"
          LayoutBR {BR} at (2364,198) size 19x0
        LayoutBlockFlow {DIV} at (2384,32) size 100x472
          LayoutText {#text} at (0,0) size 19x185
            text run at (0,0) width 185: "\x{3000}\x{3000}We look before and after"
          LayoutBR {BR} at (0,185) size 19x0
          LayoutText {#text} at (20,0) size 19x212
            text run at (20,0) width 212: "\x{3000}\x{3000}\x{3000}\x{3000}And pine for what is not:"
          LayoutBR {BR} at (20,212) size 19x0
          LayoutText {#text} at (40,0) size 19x163
            text run at (40,0) width 163: "\x{3000}\x{3000}Our sincerest laughter"
          LayoutBR {BR} at (40,163) size 19x0
          LayoutText {#text} at (60,0) size 19x220
            text run at (60,0) width 220: "\x{3000}\x{3000}\x{3000}\x{3000}With some pain is fraught;"
          LayoutBR {BR} at (60,220) size 19x0
          LayoutText {#text} at (80,0) size 19x342
            text run at (80,0) width 342: "Our sweetest songs are those that tell of saddest thought."
          LayoutBR {BR} at (80,342) size 19x0
        LayoutBlockFlow (anonymous) at (2484,0) size 1747x504
          LayoutText {#text} at (12,0) size 19x108
            text run at (12,0) width 108: "\x{300C}\x{524D}\x{3092}\x{307F}\x{3066}\x{306F}\x{3001}"
          LayoutRuby (inline) {RUBY} at (0,0) size 19x18
            LayoutRubyRun (anonymous) at (12,107.75) size 20x17.13
              LayoutRubyText {RT} at (-12,0) size 12x17.13
                LayoutText {#text} at (0,0) size 12x18
                  text run at (0,0) width 18: "\x{3057}\x{308A}"
              LayoutRubyBase (anonymous) at (0,0) size 20x17.13
                LayoutInline {RB} at (0,0) size 19x17
                  LayoutText {#text} at (0,0) size 19x17
                    text run at (0,0) width 16: "\x{5F8C}"
          LayoutText {#text} at (12,124) size 19x94
            text run at (12,124) width 93: "\x{3048}\x{3092}\x{898B}\x{3066}\x{306F}\x{3001}"
          LayoutRuby (inline) {RUBY} at (0,0) size 19x33
            LayoutRubyRun (anonymous) at (12,217.25) size 20x32
              LayoutRubyText {RT} at (-12,0) size 12x32
                LayoutText {#text} at (0,1) size 12x30
                  text run at (0,1) width 30: "\x{3082}\x{306E}\x{307B}"
              LayoutRubyBase (anonymous) at (0,0) size 20x32
                LayoutInline {RB} at (0,0) size 19x32
                  LayoutText {#text} at (0,0) size 19x32
                    text run at (0,0) width 32: "\x{7269}\x{6B32}"
          LayoutText {#text} at (12,249) size 50x498
            text run at (12,249) width 249: "\x{3057}\x{3068}\x{3001}\x{3042}\x{3053}\x{304C}\x{308B}\x{308B}\x{304B}\x{306A}\x{308F}\x{308C}\x{3002}\x{8179}\x{304B}\x{3089}"
            text run at (43,0) width 407: "\x{306E}\x{3001}\x{7B11}\x{3068}\x{3044}\x{3048}\x{3069}\x{3001}\x{82E6}\x{3057}\x{307F}\x{306E}\x{3001}\x{305D}\x{3053}\x{306B}\x{3042}\x{308B}\x{3079}\x{3057}\x{3002}\x{3046}\x{3064}\x{304F}\x{3057}\x{304D}\x{3001}"
          LayoutRuby (inline) {RUBY} at (0,0) size 19x17
            LayoutRubyRun (anonymous) at (43,405.31) size 20x18
              LayoutRubyText {RT} at (-12,0) size 12x18
                LayoutText {#text} at (0,0) size 12x18
                  text run at (0,0) width 18: "\x{304D}\x{308F}"
              LayoutRubyBase (anonymous) at (0,0) size 20x18
                LayoutInline {RB} at (0,0) size 19x16
                  LayoutText {#text} at (0,1) size 19x16
                    text run at (0,1) width 16: "\x{6975}"
          LayoutText {#text} at (43,422) size 50x498
            text run at (43,422) width 76: "\x{307F}\x{306E}\x{6B4C}\x{306B}\x{3001}"
            text run at (74,0) width 123: "\x{60B2}\x{3057}\x{3055}\x{306E}\x{3001}\x{6975}\x{307F}\x{306E}"
          LayoutRuby (inline) {RUBY} at (0,0) size 19x18
            LayoutRubyRun (anonymous) at (74,118.38) size 20x25.22
              LayoutRubyText {RT} at (-12,0) size 12x25.22
                LayoutText {#text} at (0,0) size 12x26
                  text run at (0,0) width 26: "\x{304A}\x{3082}\x{3044}"
              LayoutRubyBase (anonymous) at (0,0) size 20x25.22
                LayoutInline {RB} at (0,0) size 19x17
                  LayoutText {#text} at (0,4) size 19x17
                    text run at (0,4) width 16: "\x{60F3}"
          LayoutText {#text} at (74,139) size 19x17
            text run at (74,139) width 16: "\x{3001}"
          LayoutRuby (inline) {RUBY} at (0,0) size 19x18
            LayoutRubyRun (anonymous) at (74,155.59) size 20x16.81
              LayoutRubyText {RT} at (-12,0) size 12x16.81
                LayoutText {#text} at (0,0) size 12x17
                  text run at (0,0) width 17: "\x{3053}\x{3082}"
              LayoutRubyBase (anonymous) at (0,0) size 20x16.81
                LayoutInline {RB} at (0,0) size 19x17
                  LayoutText {#text} at (0,0) size 19x17
                    text run at (0,0) width 16: "\x{7C60}"
          LayoutText {#text} at (74,172) size 19x96
            text run at (74,172) width 95: "\x{308B}\x{3068}\x{305E}\x{77E5}\x{308C}\x{300D}"
          LayoutBR {BR} at (74,267) size 19x1
          LayoutText {#text} at (94,0) size 50x489
            text run at (94,0) width 489: "\x{3000}\x{306A}\x{308B}\x{307B}\x{3069}\x{3044}\x{304F}\x{3089}\x{8A69}\x{4EBA}\x{304C}\x{5E78}\x{798F}\x{3067}\x{3082}\x{3001}\x{3042}\x{306E}\x{96F2}\x{96C0}\x{306E}\x{3088}\x{3046}\x{306B}\x{601D}\x{3044}\x{5207}\x{3063}\x{3066}\x{3001}\x{4E00}\x{5FC3}"
            text run at (125,0) width 298: "\x{4E0D}\x{4E71}\x{306B}\x{3001}\x{524D}\x{5F8C}\x{3092}\x{5FD8}\x{5374}\x{3057}\x{3066}\x{3001}\x{308F}\x{304C}\x{559C}\x{3073}\x{3092}\x{6B4C}\x{3046}"
          LayoutRuby (inline) {RUBY} at (0,0) size 19x19
            LayoutRubyRun (anonymous) at (125,297.88) size 20x17.20
              LayoutRubyText {RT} at (-12,0) size 12x17.20
                LayoutText {#text} at (0,0) size 12x18
                  text run at (0,0) width 18: "\x{308F}\x{3051}"
              LayoutRubyBase (anonymous) at (0,0) size 20x17.20
                LayoutInline {RB} at (0,0) size 19x17
                  LayoutText {#text} at (0,0) size 19x17
                    text run at (0,0) width 16: "\x{8A33}"
          LayoutText {#text} at (125,315) size 50x499
            text run at (125,315) width 184: "\x{306B}\x{306F}\x{884C}\x{304F}\x{307E}\x{3044}\x{3002}\x{897F}\x{6D0B}\x{306E}\x{8A69}\x{306F}"
            text run at (156,0) width 218: "\x{7121}\x{8AD6}\x{306E}\x{4E8B}\x{3001}\x{652F}\x{90A3}\x{306E}\x{8A69}\x{306B}\x{3082}\x{3001}\x{3088}\x{304F}"
          LayoutRuby (inline) {RUBY} at (0,0) size 19x35
            LayoutRubyRun (anonymous) at (156,217.81) size 20x33.86
              LayoutRubyText {RT} at (-12,0) size 12x33.86
                LayoutText {#text} at (0,0) size 12x34
                  text run at (0,0) width 34: "\x{3070}\x{3093}\x{3053}\x{304F}"
              LayoutRubyBase (anonymous) at (0,0) size 20x33.86
                LayoutInline {RB} at (0,0) size 19x33
                  LayoutText {#text} at (0,0) size 19x33
                    text run at (0,0) width 32: "\x{4E07}\x{659B}"
          LayoutText {#text} at (156,251) size 19x16
            text run at (156,251) width 15: "\x{306E}"
          LayoutRuby (inline) {RUBY} at (0,0) size 19x18
            LayoutRubyRun (anonymous) at (156,262.11) size 20x25.39
              LayoutRubyText {RT} at (-12,0) size 12x25.39
                LayoutText {#text} at (0,0) size 12x26
                  text run at (0,0) width 26: "\x{3046}\x{308C}\x{3044}"
              LayoutRubyBase (anonymous) at (0,0) size 20x25.39
                LayoutInline {RB} at (0,0) size 19x17
                  LayoutText {#text} at (0,4) size 19x17
                    text run at (0,4) width 16: "\x{6101}"
          LayoutText {#text} at (156,283) size 50x504
            text run at (156,283) width 221: "\x{306A}\x{3069}\x{3068}\x{4E91}\x{3046}\x{5B57}\x{304C}\x{3042}\x{308B}\x{3002}\x{8A69}\x{4EBA}\x{3060}\x{304B}"
            text run at (187,0) width 63: "\x{3089}\x{4E07}\x{659B}\x{3067}"
          LayoutRuby (inline) {RUBY} at (0,0) size 19x35
            LayoutRubyRun (anonymous) at (187,62.44) size 20x34.36
              LayoutRubyText {RT} at (-12,0) size 12x34.36
                LayoutText {#text} at (0,0) size 12x35
                  text run at (0,0) width 35: "\x{3057}\x{308D}\x{3046}\x{3068}"
              LayoutRubyBase (anonymous) at (0,0) size 20x34.36
                LayoutInline {RB} at (0,0) size 19x34
                  LayoutText {#text} at (0,0) size 19x34
                    text run at (0,0) width 33: "\x{7D20}\x{4EBA}"
          LayoutText {#text} at (187,96) size 19x49
            text run at (187,96) width 48: "\x{306A}\x{3089}\x{4E00}"
          LayoutRuby (inline) {RUBY} at (0,0) size 19x19
            LayoutRubyRun (anonymous) at (187,144.80) size 20x17.66
              LayoutRubyText {RT} at (-12,0) size 12x17.66
                LayoutText {#text} at (0,0) size 12x18
                  text run at (0,0) width 18: "\x{3054}\x{3046}"
              LayoutRubyBase (anonymous) at (0,0) size 20x17.66
                LayoutInline {RB} at (0,0) size 19x17
                  LayoutText {#text} at (0,0) size 19x17
                    text run at (0,0) width 16: "\x{5408}"
          LayoutText {#text} at (187,162) size 50x503
            text run at (187,162) width 341: "\x{3067}\x{6E08}\x{3080}\x{304B}\x{3082}\x{77E5}\x{308C}\x{306C}\x{3002}\x{3057}\x{3066}\x{898B}\x{308B}\x{3068}\x{8A69}\x{4EBA}\x{306F}\x{5E38}\x{306E}\x{4EBA}\x{3088}\x{308A}"
            text run at (218,0) width 95: "\x{3082}\x{82E6}\x{52B4}\x{6027}\x{3067}\x{3001}"
          LayoutRuby (inline) {RUBY} at (0,0) size 19x33
            LayoutRubyRun (anonymous) at (218,94.44) size 20x32
              LayoutRubyText {RT} at (-12,0) size 12x32
                LayoutText {#text} at (0,0) size 12x32
                  text run at (0,0) width 32: "\x{307C}\x{3093}\x{3053}\x{3064}"
              LayoutRubyBase (anonymous) at (0,0) size 20x32
                LayoutInline {RB} at (0,0) size 19x32
                  LayoutText {#text} at (0,0) size 19x32
                    text run at (0,0) width 32: "\x{51E1}\x{9AA8}"
          LayoutText {#text} at (218,126) size 50x501
            text run at (218,126) width 375: "\x{306E}\x{500D}\x{4EE5}\x{4E0A}\x{306B}\x{795E}\x{7D4C}\x{304C}\x{92ED}\x{654F}\x{306A}\x{306E}\x{304B}\x{3082}\x{77E5}\x{308C}\x{3093}\x{3002}\x{8D85}\x{4FD7}\x{306E}\x{559C}\x{3073}\x{3082}"
            text run at (249,0) width 125: "\x{3042}\x{308D}\x{3046}\x{304C}\x{3001}\x{7121}\x{91CF}\x{306E}"
          LayoutRuby (inline) {RUBY} at (0,0) size 19x26
            LayoutRubyRun (anonymous) at (249,121) size 20x33.97
              LayoutRubyText {RT} at (-12,0) size 12x33.97
                LayoutText {#text} at (0,0) size 12x35
                  text run at (0,0) width 34: "\x{304B}\x{306A}\x{3057}\x{307F}"
              LayoutRubyBase (anonymous) at (0,0) size 20x33.97
                LayoutInline {RB} at (0,0) size 19x17
                  LayoutText {#text} at (0,8) size 19x17
                    text run at (0,8) width 16: "\x{60B2}"
          LayoutText {#text} at (249,150) size 39x480
            text run at (249,150) width 329: "\x{3082}\x{591A}\x{304B}\x{308D}\x{3046}\x{3002}\x{305D}\x{3093}\x{306A}\x{3089}\x{3070}\x{8A69}\x{4EBA}\x{306B}\x{306A}\x{308B}\x{306E}\x{3082}\x{8003}\x{3048}\x{7269}"
            text run at (269,0) width 32: "\x{3060}\x{3002}"
          LayoutBR {BR} at (269,31) size 19x1
          LayoutText {#text} at (300,0) size 19x125
            text run at (300,0) width 125: "\x{3000}\x{3057}\x{3070}\x{3089}\x{304F}\x{306F}\x{8DEF}\x{304C}"
          LayoutRuby (inline) {RUBY} at (0,0) size 19x18
            LayoutRubyRun (anonymous) at (300,120.38) size 20x25.22
              LayoutRubyText {RT} at (-12,0) size 12x25.22
                LayoutText {#text} at (0,0) size 12x26
                  text run at (0,0) width 26: "\x{305F}\x{3044}\x{3089}"
              LayoutRubyBase (anonymous) at (0,0) size 20x25.22
                LayoutInline {RB} at (0,0) size 19x17
                  LayoutText {#text} at (0,4) size 19x17
                    text run at (0,4) width 16: "\x{5E73}"
          LayoutText {#text} at (300,141) size 19x63
            text run at (300,141) width 62: "\x{3067}\x{3001}\x{53F3}\x{306F}"
          LayoutRuby (inline) {RUBY} at (0,0) size 19x49
            LayoutRubyRun (anonymous) at (300,203.22) size 20x48
              LayoutRubyText {RT} at (-12,0) size 12x48
                LayoutText {#text} at (0,0) size 12x48
                  text run at (0,0) width 48: "\x{305E}\x{3046}\x{304D}\x{3084}\x{307E}"
              LayoutRubyBase (anonymous) at (0,0) size 20x48
                LayoutInline {RB} at (0,0) size 19x48
                  LayoutText {#text} at (0,0) size 19x48
                    text run at (0,0) width 48: "\x{96D1}\x{6728}\x{5C71}"
          LayoutText {#text} at (300,251) size 50x496
            text run at (300,251) width 245: "\x{3001}\x{5DE6}\x{306F}\x{83DC}\x{306E}\x{82B1}\x{306E}\x{898B}\x{3064}\x{3065}\x{3051}\x{3067}\x{3042}\x{308B}\x{3002}\x{8DB3}"
            text run at (331,0) width 77: "\x{306E}\x{4E0B}\x{306B}\x{6642}\x{3005}"
          LayoutRuby (inline) {RUBY} at (0,0) size 19x49
            LayoutRubyRun (anonymous) at (331,76.56) size 20x48
              LayoutRubyText {RT} at (-12,0) size 12x48
                LayoutText {#text} at (0,1) size 12x45
                  text run at (0,1) width 44: "\x{305F}\x{3093}\x{307D}\x{307D}"
              LayoutRubyBase (anonymous) at (0,0) size 20x48
                LayoutInline {RB} at (0,0) size 19x48
                  LayoutText {#text} at (0,0) size 19x48
                    text run at (0,0) width 48: "\x{84B2}\x{516C}\x{82F1}"
          LayoutText {#text} at (331,124) size 19x107
            text run at (331,124) width 106: "\x{3092}\x{8E0F}\x{307F}\x{3064}\x{3051}\x{308B}\x{3002}"
          LayoutRuby (inline) {RUBY} at (0,0) size 19x27
            LayoutRubyRun (anonymous) at (331,226.44) size 20x33.75
              LayoutRubyText {RT} at (-12,0) size 12x33.75
                LayoutText {#text} at (0,0) size 12x34
                  text run at (0,0) width 34: "\x{306E}\x{3053}\x{304E}\x{308A}"
              LayoutRubyBase (anonymous) at (0,0) size 20x33.75
                LayoutInline {RB} at (0,0) size 19x17
                  LayoutText {#text} at (0,8) size 19x17
                    text run at (0,8) width 16: "\x{92F8}"
          LayoutText {#text} at (331,256) size 50x498
            text run at (331,256) width 242: "\x{306E}\x{3088}\x{3046}\x{306A}\x{8449}\x{304C}\x{9060}\x{616E}\x{306A}\x{304F}\x{56DB}\x{65B9}\x{3078}\x{306E}\x{3057}\x{3066}"
            text run at (362,0) width 95: "\x{771F}\x{4E2D}\x{306B}\x{9EC4}\x{8272}\x{306A}"
          LayoutRuby (inline) {RUBY} at (0,0) size 19x18
            LayoutRubyRun (anonymous) at (362,94.13) size 20x17.66
              LayoutRubyText {RT} at (-12,0) size 12x17.66
                LayoutText {#text} at (0,0) size 12x18
                  text run at (0,0) width 18: "\x{305F}\x{307E}"
              LayoutRubyBase (anonymous) at (0,0) size 20x17.66
                LayoutInline {RB} at (0,0) size 19x17
                  LayoutText {#text} at (0,0) size 19x17
                    text run at (0,0) width 16: "\x{73E0}"
          LayoutText {#text} at (362,111) size 70x494
            text run at (362,111) width 381: "\x{3092}\x{64C1}\x{8B77}\x{3057}\x{3066}\x{3044}\x{308B}\x{3002}\x{83DC}\x{306E}\x{82B1}\x{306B}\x{6C17}\x{3092}\x{3068}\x{3089}\x{308C}\x{3066}\x{3001}\x{8E0F}\x{307F}\x{3064}\x{3051}\x{305F}\x{3042}"
            text run at (382,0) width 494: "\x{3068}\x{3067}\x{3001}\x{6C17}\x{306E}\x{6BD2}\x{306A}\x{4E8B}\x{3092}\x{3057}\x{305F}\x{3068}\x{3001}\x{632F}\x{308A}\x{5411}\x{3044}\x{3066}\x{898B}\x{308B}\x{3068}\x{3001}\x{9EC4}\x{8272}\x{306A}\x{73E0}\x{306F}\x{4F9D}\x{7136}\x{3068}\x{3057}\x{3066}"
            text run at (413,0) width 76: "\x{92F8}\x{306E}\x{306A}\x{304B}\x{306B}"
          LayoutRuby (inline) {RUBY} at (0,0) size 19x33
            LayoutRubyRun (anonymous) at (413,75.44) size 20x32
              LayoutRubyText {RT} at (-12,0) size 12x32
                LayoutText {#text} at (0,1) size 12x30
                  text run at (0,1) width 30: "\x{3061}\x{3093}\x{3056}"
              LayoutRubyBase (anonymous) at (0,0) size 20x32
                LayoutInline {RB} at (0,0) size 19x32
                  LayoutText {#text} at (0,0) size 19x32
                    text run at (0,0) width 32: "\x{93AE}\x{5EA7}"
          LayoutText {#text} at (413,107) size 19x75
            text run at (413,107) width 74: "\x{3057}\x{3066}\x{3044}\x{308B}\x{3002}"
          LayoutRuby (inline) {RUBY} at (0,0) size 19x33
            LayoutRubyRun (anonymous) at (413,181.13) size 20x32
              LayoutRubyText {RT} at (-12,0) size 12x32
                LayoutText {#text} at (0,1) size 12x30
                  text run at (0,1) width 30: "\x{306E}\x{3093}\x{304D}"
              LayoutRubyBase (anonymous) at (0,0) size 20x32
                LayoutInline {RB} at (0,0) size 19x32
                  LayoutText {#text} at (0,0) size 19x32
                    text run at (0,0) width 32: "\x{5451}\x{6C17}"
          LayoutText {#text} at (413,213) size 19x231
            text run at (413,213) width 231: "\x{306A}\x{3082}\x{306E}\x{3060}\x{3002}\x{307E}\x{305F}\x{8003}\x{3048}\x{3092}\x{3064}\x{3065}\x{3051}\x{308B}\x{3002}"
          LayoutBR {BR} at (413,443) size 19x1
          LayoutText {#text} at (444,0) size 19x63
            text run at (444,0) width 63: "\x{3000}\x{8A69}\x{4EBA}\x{306B}"
          LayoutRuby (inline) {RUBY} at (0,0) size 19x18
            LayoutRubyRun (anonymous) at (444,58.13) size 20x25.39
              LayoutRubyText {RT} at (-12,0) size 12x25.39
                LayoutText {#text} at (0,0) size 12x26
                  text run at (0,0) width 26: "\x{3046}\x{308C}\x{3044}"
              LayoutRubyBase (anonymous) at (0,0) size 20x25.39
                LayoutInline {RB} at (0,0) size 19x17
                  LayoutText {#text} at (0,4) size 19x17
                    text run at (0,4) width 16: "\x{6182}"
          LayoutText {#text} at (444,79) size 19x229
            text run at (444,79) width 228: "\x{306F}\x{3064}\x{304D}\x{3082}\x{306E}\x{304B}\x{3082}\x{77E5}\x{308C}\x{306A}\x{3044}\x{304C}\x{3001}\x{3042}\x{306E}"
          LayoutRuby (inline) {RUBY} at (0,0) size 19x33
            LayoutRubyRun (anonymous) at (444,307.33) size 20x32
              LayoutRubyText {RT} at (-12,0) size 12x32
                LayoutText {#text} at (0,1) size 12x29
                  text run at (0,1) width 29: "\x{3072}\x{3070}\x{308A}"
              LayoutRubyBase (anonymous) at (0,0) size 20x32
                LayoutInline {RB} at (0,0) size 19x32
                  LayoutText {#text} at (0,0) size 19x32
                    text run at (0,0) width 32: "\x{96F2}\x{96C0}"
          LayoutText {#text} at (444,339) size 19x142
            text run at (444,339) width 142: "\x{3092}\x{805E}\x{304F}\x{5FC3}\x{6301}\x{306B}\x{306A}\x{308C}\x{3070}"
          LayoutRuby (inline) {RUBY} at (0,0) size 19x32
            LayoutRubyRun (anonymous) at (475,0) size 20x32
              LayoutRubyText {RT} at (-12,0) size 12x32
                LayoutText {#text} at (0,1) size 12x30
                  text run at (0,1) width 30: "\x{307F}\x{3058}\x{3093}"
              LayoutRubyBase (anonymous) at (0,0) size 20x32
                LayoutInline {RB} at (0,0) size 19x32
                  LayoutText {#text} at (0,0) size 19x32
                    text run at (0,0) width 32: "\x{5FAE}\x{5875}"
          LayoutText {#text} at (475,32) size 19x15
            text run at (475,32) width 15: "\x{306E}"
          LayoutRuby (inline) {RUBY} at (0,0) size 19x17
            LayoutRubyRun (anonymous) at (475,46.44) size 20x16
              LayoutRubyText {RT} at (-12,0) size 12x16
                LayoutText {#text} at (0,4) size 12x9
                  text run at (0,4) width 9: "\x{304F}"
              LayoutRubyBase (anonymous) at (0,0) size 20x16
                LayoutInline {RB} at (0,0) size 19x16
                  LayoutText {#text} at (0,0) size 19x16
                    text run at (0,0) width 16: "\x{82E6}"
          LayoutText {#text} at (475,62) size 19x325
            text run at (475,62) width 324: "\x{3082}\x{306A}\x{3044}\x{3002}\x{83DC}\x{306E}\x{82B1}\x{3092}\x{898B}\x{3066}\x{3082}\x{3001}\x{305F}\x{3060}\x{3046}\x{308C}\x{3057}\x{304F}\x{3066}\x{80F8}\x{304C}"
          LayoutRuby (inline) {RUBY} at (0,0) size 19x18
            LayoutRubyRun (anonymous) at (475,386.38) size 20x17.48
              LayoutRubyText {RT} at (-12,0) size 12x17.48
                LayoutText {#text} at (0,0) size 12x18
                  text run at (0,0) width 18: "\x{304A}\x{3069}"
              LayoutRubyBase (anonymous) at (0,0) size 20x17.48
                LayoutInline {RB} at (0,0) size 19x17
                  LayoutText {#text} at (0,0) size 19x17
                    text run at (0,0) width 16: "\x{8E8D}"
          LayoutText {#text} at (475,403) size 70x502
            text run at (475,403) width 95: "\x{308B}\x{3070}\x{304B}\x{308A}\x{3060}\x{3002}"
            text run at (495,0) width 502: "\x{84B2}\x{516C}\x{82F1}\x{3082}\x{305D}\x{306E}\x{901A}\x{308A}\x{3001}\x{685C}\x{3082}\x{2015}\x{2015}\x{685C}\x{306F}\x{3044}\x{3064}\x{304B}\x{898B}\x{3048}\x{306A}\x{304F}\x{306A}\x{3063}\x{305F}\x{3002}\x{3053}\x{3046}\x{5C71}\x{306E}\x{4E2D}\x{3078}\x{6765}"
            text run at (526,0) width 61: "\x{3066}\x{81EA}\x{7136}\x{306E}"
          LayoutRuby (inline) {RUBY} at (0,0) size 19x33
            LayoutRubyRun (anonymous) at (526,60.25) size 20x32
              LayoutRubyText {RT} at (-12,0) size 12x32
                LayoutText {#text} at (0,0) size 12x32
                  text run at (0,0) width 31: "\x{3051}\x{3044}\x{3076}\x{3064}"
              LayoutRubyBase (anonymous) at (0,0) size 20x32
                LayoutInline {RB} at (0,0) size 19x32
                  LayoutText {#text} at (0,0) size 19x32
                    text run at (0,0) width 32: "\x{666F}\x{7269}"
          LayoutText {#text} at (526,92) size 50x494
            text run at (526,92) width 402: "\x{306B}\x{63A5}\x{3059}\x{308C}\x{3070}\x{3001}\x{898B}\x{308B}\x{3082}\x{306E}\x{3082}\x{805E}\x{304F}\x{3082}\x{306E}\x{3082}\x{9762}\x{767D}\x{3044}\x{3002}\x{9762}\x{767D}\x{3044}\x{3060}\x{3051}\x{3067}"
            text run at (557,0) width 297: "\x{5225}\x{6BB5}\x{306E}\x{82E6}\x{3057}\x{307F}\x{3082}\x{8D77}\x{3089}\x{306C}\x{3002}\x{8D77}\x{308B}\x{3068}\x{3059}\x{308C}\x{3070}\x{8DB3}\x{304C}"
          LayoutRuby (inline) {RUBY} at (0,0) size 19x33
            LayoutRubyRun (anonymous) at (557,296.94) size 20x32
              LayoutRubyText {RT} at (-12,0) size 12x32
                LayoutText {#text} at (0,1) size 12x30
                  text run at (0,1) width 30: "\x{304F}\x{305F}\x{3073}"
              LayoutRubyBase (anonymous) at (0,0) size 20x32
                LayoutInline {RB} at (0,0) size 19x32
                  LayoutText {#text} at (0,0) size 19x32
                    text run at (0,0) width 32: "\x{8349}\x{81E5}"
          LayoutText {#text} at (557,328) size 19x47
            text run at (557,328) width 46: "\x{308C}\x{3066}\x{3001}"
          LayoutRuby (inline) {RUBY} at (0,0) size 19x19
            LayoutRubyRun (anonymous) at (557,374.75) size 20x17.83
              LayoutRubyText {RT} at (-12,0) size 12x17.83
                LayoutText {#text} at (0,0) size 12x19
                  text run at (0,0) width 18: "\x{3046}\x{307E}"
              LayoutRubyBase (anonymous) at (0,0) size 20x17.83
                LayoutInline {RB} at (0,0) size 19x17
                  LayoutText {#text} at (0,0) size 19x17
                    text run at (0,0) width 16: "\x{65E8}"
          LayoutText {#text} at (557,392) size 39x496
            text run at (557,392) width 104: "\x{3044}\x{3082}\x{306E}\x{304C}\x{98DF}\x{3079}\x{3089}"
            text run at (577,0) width 170: "\x{308C}\x{306C}\x{304F}\x{3089}\x{3044}\x{306E}\x{4E8B}\x{3060}\x{308D}\x{3046}\x{3002}"
          LayoutBR {BR} at (577,169) size 19x1
          LayoutText {#text} at (608,0) size 19x398
            text run at (608,0) width 398: "\x{3000}\x{3057}\x{304B}\x{3057}\x{82E6}\x{3057}\x{307F}\x{306E}\x{306A}\x{3044}\x{306E}\x{306F}\x{306A}\x{305C}\x{3060}\x{308D}\x{3046}\x{3002}\x{305F}\x{3060}\x{3053}\x{306E}\x{666F}\x{8272}\x{3092}\x{4E00}"
          LayoutRuby (inline) {RUBY} at (0,0) size 19x19
            LayoutRubyRun (anonymous) at (608,397.81) size 20x17.34
              LayoutRubyText {RT} at (-12,0) size 12x17.34
                LayoutText {#text} at (0,0) size 12x18
                  text run at (0,0) width 18: "\x{3077}\x{304F}"
              LayoutRubyBase (anonymous) at (0,0) size 20x17.34
                LayoutInline {RB} at (0,0) size 19x17
                  LayoutText {#text} at (0,0) size 19x17
                    text run at (0,0) width 16: "\x{5E45}"
          LayoutText {#text} at (608,415) size 19x15
            text run at (608,415) width 15: "\x{306E}"
          LayoutRuby (inline) {RUBY} at (0,0) size 19x17
            LayoutRubyRun (anonymous) at (608,429.59) size 20x16
              LayoutRubyText {RT} at (-12,0) size 12x16
                LayoutText {#text} at (0,4) size 12x9
                  text run at (0,4) width 9: "\x{3048}"
              LayoutRubyBase (anonymous) at (0,0) size 20x16
                LayoutInline {RB} at (0,0) size 19x16
                  LayoutText {#text} at (0,0) size 19x16
                    text run at (0,0) width 16: "\x{753B}"
          LayoutText {#text} at (608,445) size 19x45
            text run at (608,445) width 44: "\x{3068}\x{3057}\x{3066}"
          LayoutRuby (inline) {RUBY} at (0,0) size 19x16
            LayoutRubyRun (anonymous) at (639,0) size 20x16
              LayoutRubyText {RT} at (-12,0) size 12x16
                LayoutText {#text} at (0,4) size 12x9
                  text run at (0,4) width 9: "\x{307F}"
              LayoutRubyBase (anonymous) at (0,0) size 20x16
                LayoutInline {RB} at (0,0) size 19x16
                  LayoutText {#text} at (0,0) size 19x16
                    text run at (0,0) width 16: "\x{89B3}"
          LayoutText {#text} at (639,16) size 19x32
            text run at (639,16) width 32: "\x{3001}\x{4E00}"
          LayoutRuby (inline) {RUBY} at (0,0) size 19x17
            LayoutRubyRun (anonymous) at (639,48) size 20x16.84
              LayoutRubyText {RT} at (-12,0) size 12x16.84
                LayoutText {#text} at (0,0) size 12x18
                  text run at (0,0) width 17: "\x{304B}\x{3093}"
              LayoutRubyBase (anonymous) at (0,0) size 20x16.84
                LayoutInline {RB} at (0,0) size 19x17
                  LayoutText {#text} at (0,0) size 19x17
                    text run at (0,0) width 16: "\x{5DFB}"
          LayoutText {#text} at (639,64) size 19x200
            text run at (639,64) width 199: "\x{306E}\x{8A69}\x{3068}\x{3057}\x{3066}\x{8AAD}\x{3080}\x{304B}\x{3089}\x{3067}\x{3042}\x{308B}\x{3002}"
          LayoutRuby (inline) {RUBY} at (0,0) size 19x17
            LayoutRubyRun (anonymous) at (639,263.78) size 20x16
              LayoutRubyText {RT} at (-12,0) size 12x16
                LayoutText {#text} at (0,4) size 12x9
                  text run at (0,4) width 9: "\x{304C}"
              LayoutRubyBase (anonymous) at (0,0) size 20x16
                LayoutInline {RB} at (0,0) size 19x16
                  LayoutText {#text} at (0,0) size 19x16
                    text run at (0,0) width 16: "\x{753B}"
          LayoutText {#text} at (639,279) size 19x157
            text run at (639,279) width 156: "\x{3067}\x{3042}\x{308A}\x{8A69}\x{3067}\x{3042}\x{308B}\x{4EE5}\x{4E0A}\x{306F}"
          LayoutRuby (inline) {RUBY} at (0,0) size 19x33
            LayoutRubyRun (anonymous) at (639,435.53) size 20x32
              LayoutRubyText {RT} at (-12,0) size 12x32
                LayoutText {#text} at (0,1) size 12x30
                  text run at (0,1) width 30: "\x{3058}\x{3081}\x{3093}"
              LayoutRubyBase (anonymous) at (0,0) size 20x32
                LayoutInline {RB} at (0,0) size 19x32
                  LayoutText {#text} at (0,0) size 19x32
                    text run at (0,0) width 32: "\x{5730}\x{9762}"
          LayoutText {#text} at (639,467) size 50x500
            text run at (639,467) width 32: "\x{3092}\x{8CB0}"
            text run at (670,0) width 322: "\x{3063}\x{3066}\x{3001}\x{958B}\x{62D3}\x{3059}\x{308B}\x{6C17}\x{306B}\x{3082}\x{306A}\x{3089}\x{306D}\x{3070}\x{3001}\x{9244}\x{9053}\x{3092}\x{304B}\x{3051}\x{3066}"
          LayoutRuby (inline) {RUBY} at (0,0) size 19x36
            LayoutRubyRun (anonymous) at (670,321.94) size 20x34.53
              LayoutRubyText {RT} at (-12,0) size 12x34.53
                LayoutText {#text} at (0,0) size 12x35
                  text run at (0,0) width 35: "\x{3072}\x{3068}\x{3082}\x{3046}"
              LayoutRubyBase (anonymous) at (0,0) size 20x34.53
                LayoutInline {RB} at (0,0) size 19x34
                  LayoutText {#text} at (0,0) size 19x34
                    text run at (0,0) width 33: "\x{4E00}\x{5132}"
          LayoutText {#text} at (670,356) size 19x48
            text run at (670,356) width 47: "\x{3051}\x{3059}\x{308B}"
          LayoutRuby (inline) {RUBY} at (0,0) size 19x38
            LayoutRubyRun (anonymous) at (670,401.03) size 20x41.63
              LayoutRubyText {RT} at (-12,0) size 12x41.63
                LayoutText {#text} at (0,0) size 12x42
                  text run at (0,0) width 42: "\x{308A}\x{3087}\x{3046}\x{3051}\x{3093}"
              LayoutRubyBase (anonymous) at (0,0) size 20x41.63
                LayoutInline {RB} at (0,0) size 19x37
                  LayoutText {#text} at (0,2) size 19x37
                    text run at (0,2) width 36: "\x{4E86}\x{898B}"
          LayoutText {#text} at (670,440) size 50x489
            text run at (670,440) width 48: "\x{3082}\x{8D77}\x{3089}"
            text run at (701,0) width 201: "\x{306C}\x{3002}\x{305F}\x{3060}\x{3053}\x{306E}\x{666F}\x{8272}\x{304C}\x{2015}\x{2015}\x{8179}\x{306E}"
          LayoutRuby (inline) {RUBY} at (0,0) size 19x17
            LayoutRubyRun (anonymous) at (701,200.38) size 20x16
              LayoutRubyText {RT} at (-12,0) size 12x16
                LayoutText {#text} at (0,4) size 12x9
                  text run at (0,4) width 9: "\x{305F}"
              LayoutRubyBase (anonymous) at (0,0) size 20x16
                LayoutInline {RB} at (0,0) size 19x16
                  LayoutText {#text} at (0,0) size 19x16
                    text run at (0,0) width 16: "\x{8DB3}"
          LayoutText {#text} at (701,216) size 50x491
            text run at (701,216) width 275: "\x{3057}\x{306B}\x{3082}\x{306A}\x{3089}\x{306C}\x{3001}\x{6708}\x{7D66}\x{306E}\x{88DC}\x{3044}\x{306B}\x{3082}\x{306A}\x{3089}\x{306C}\x{3053}"
            text run at (732,0) width 477: "\x{306E}\x{666F}\x{8272}\x{304C}\x{666F}\x{8272}\x{3068}\x{3057}\x{3066}\x{306E}\x{307F}\x{3001}\x{4F59}\x{304C}\x{5FC3}\x{3092}\x{697D}\x{307E}\x{305B}\x{3064}\x{3064}\x{3042}\x{308B}\x{304B}\x{3089}\x{82E6}\x{52B4}\x{3082}\x{5FC3}\x{914D}\x{3082}"
          LayoutRuby (inline) {RUBY} at (0,0) size 19x23
            LayoutRubyRun (anonymous) at (732,472.25) size 20x26.41
              LayoutRubyText {RT} at (-12,0) size 12x26.41
                LayoutText {#text} at (0,0) size 12x27
                  text run at (0,0) width 27: "\x{3068}\x{3082}\x{306A}"
              LayoutRubyBase (anonymous) at (0,0) size 20x26.41
                LayoutInline {RB} at (0,0) size 19x17
                  LayoutText {#text} at (0,5) size 19x17
                    text run at (0,5) width 16: "\x{4F34}"
          LayoutText {#text} at (763,0) size 19x271
            text run at (763,0) width 271: "\x{308F}\x{306C}\x{306E}\x{3060}\x{308D}\x{3046}\x{3002}\x{81EA}\x{7136}\x{306E}\x{529B}\x{306F}\x{3053}\x{3053}\x{306B}\x{304A}\x{3044}\x{3066}"
          LayoutRuby (inline) {RUBY} at (0,0) size 19x17
            LayoutRubyRun (anonymous) at (763,270.69) size 20x16
              LayoutRubyText {RT} at (-12,0) size 12x16
                LayoutText {#text} at (0,0) size 12x16
                  text run at (0,0) width 16: "\x{305F}\x{3063}"
              LayoutRubyBase (anonymous) at (0,0) size 20x16
                LayoutInline {RB} at (0,0) size 19x16
                  LayoutText {#text} at (0,0) size 19x16
                    text run at (0,0) width 16: "\x{5C0A}"
          LayoutText {#text} at (763,286) size 19x186
            text run at (763,286) width 185: "\x{3068}\x{3044}\x{3002}\x{543E}\x{4EBA}\x{306E}\x{6027}\x{60C5}\x{3092}\x{77AC}\x{523B}\x{306B}"
          LayoutRuby (inline) {RUBY} at (0,0) size 19x33
            LayoutRubyRun (anonymous) at (763,471.31) size 20x32
              LayoutRubyText {RT} at (-12,0) size 12x32
                LayoutText {#text} at (0,1) size 12x29
                  text run at (0,1) width 29: "\x{3068}\x{3046}\x{3084}"
              LayoutRubyBase (anonymous) at (0,0) size 20x32
                LayoutInline {RB} at (0,0) size 19x32
                  LayoutText {#text} at (0,0) size 19x32
                    text run at (0,0) width 32: "\x{9676}\x{51B6}"
          LayoutText {#text} at (794,0) size 19x29
            text run at (794,0) width 29: "\x{3057}\x{3066}"
          LayoutRuby (inline) {RUBY} at (0,0) size 19x33
            LayoutRubyRun (anonymous) at (794,28.56) size 20x32.06
              LayoutRubyText {RT} at (-12,0) size 12x32.06
                LayoutText {#text} at (0,0) size 12x33
                  text run at (0,0) width 33: "\x{3058}\x{3085}\x{3093}\x{3053}"
              LayoutRubyBase (anonymous) at (0,0) size 20x32.06
                LayoutInline {RB} at (0,0) size 19x33
                  LayoutText {#text} at (0,0) size 19x33
                    text run at (0,0) width 32: "\x{9187}\x{4E4E}"
          LayoutText {#text} at (794,60) size 19x341
            text run at (794,60) width 341: "\x{3068}\x{3057}\x{3066}\x{9187}\x{306A}\x{308B}\x{8A69}\x{5883}\x{306B}\x{5165}\x{3089}\x{3057}\x{3080}\x{308B}\x{306E}\x{306F}\x{81EA}\x{7136}\x{3067}\x{3042}\x{308B}\x{3002}"
          LayoutBR {BR} at (794,400) size 19x1
          LayoutText {#text} at (814,0) size 50x494
            text run at (814,0) width 494: "\x{3000}\x{604B}\x{306F}\x{3046}\x{3064}\x{304F}\x{3057}\x{304B}\x{308D}\x{3001}\x{5B5D}\x{3082}\x{3046}\x{3064}\x{304F}\x{3057}\x{304B}\x{308D}\x{3001}\x{5FE0}\x{541B}\x{611B}\x{56FD}\x{3082}\x{7D50}\x{69CB}\x{3060}\x{308D}\x{3046}\x{3002}\x{3057}\x{304B}"
            text run at (845,0) width 92: "\x{3057}\x{81EA}\x{8EAB}\x{304C}\x{305D}\x{306E}"
          LayoutRuby (inline) {RUBY} at (0,0) size 19x19
            LayoutRubyRun (anonymous) at (845,87.44) size 20x24.83
              LayoutRubyText {RT} at (-12,0) size 12x24.83
                LayoutText {#text} at (0,0) size 12x25
                  text run at (0,0) width 25: "\x{304D}\x{3087}\x{304F}"
              LayoutRubyBase (anonymous) at (0,0) size 20x24.83
                LayoutInline {RB} at (0,0) size 19x17
                  LayoutText {#text} at (0,4) size 19x17
                    text run at (0,4) width 16: "\x{5C40}"
          LayoutText {#text} at (845,109) size 19x109
            text run at (845,109) width 109: "\x{306B}\x{5F53}\x{308C}\x{3070}\x{5229}\x{5BB3}\x{306E}"
          LayoutRuby (inline) {RUBY} at (0,0) size 19x33
            LayoutRubyRun (anonymous) at (845,217.64) size 20x32
              LayoutRubyText {RT} at (-12,0) size 12x32
                LayoutText {#text} at (0,1) size 12x30
                  text run at (0,1) width 30: "\x{3064}\x{3080}\x{3058}"
              LayoutRubyBase (anonymous) at (0,0) size 20x32
                LayoutInline {RB} at (0,0) size 19x32
                  LayoutText {#text} at (0,0) size 19x32
                    text run at (0,0) width 32: "\x{65CB}\x{98A8}"
          LayoutText {#text} at (845,249) size 19x15
            text run at (845,249) width 15: "\x{306B}"
          LayoutRuby (inline) {RUBY} at (0,0) size 19x17
            LayoutRubyRun (anonymous) at (845,263.77) size 20x16
              LayoutRubyText {RT} at (-12,0) size 12x16
                LayoutText {#text} at (0,4) size 12x9
                  text run at (0,4) width 9: "\x{307E}"
              LayoutRubyBase (anonymous) at (0,0) size 20x16
                LayoutInline {RB} at (0,0) size 19x16
                  LayoutText {#text} at (0,0) size 19x16
                    text run at (0,0) width 16: "\x{6372}"
          LayoutText {#text} at (845,279) size 50x479
            text run at (845,279) width 199: "\x{304D}\x{8FBC}\x{307E}\x{308C}\x{3066}\x{3001}\x{3046}\x{3064}\x{304F}\x{3057}\x{304D}\x{4E8B}\x{306B}"
            text run at (876,0) width 174: "\x{3082}\x{3001}\x{7D50}\x{69CB}\x{306A}\x{4E8B}\x{306B}\x{3082}\x{3001}\x{76EE}\x{306F}"
          LayoutRuby (inline) {RUBY} at (0,0) size 19x18
            LayoutRubyRun (anonymous) at (876,173.31) size 20x17.69
              LayoutRubyText {RT} at (-12,0) size 12x17.69
                LayoutText {#text} at (0,0) size 12x18
                  text run at (0,0) width 18: "\x{304F}\x{3089}"
              LayoutRubyBase (anonymous) at (0,0) size 20x17.69
                LayoutInline {RB} at (0,0) size 19x17
                  LayoutText {#text} at (0,0) size 19x17
                    text run at (0,0) width 16: "\x{7729}"
          LayoutText {#text} at (876,191) size 50x492
            text run at (876,191) width 301: "\x{3093}\x{3067}\x{3057}\x{307E}\x{3046}\x{3002}\x{3057}\x{305F}\x{304C}\x{3063}\x{3066}\x{3069}\x{3053}\x{306B}\x{8A69}\x{304C}\x{3042}\x{308B}\x{304B}\x{81EA}"
            text run at (907,0) width 46: "\x{8EAB}\x{306B}\x{306F}"
          LayoutRuby (inline) {RUBY} at (0,0) size 19x17
            LayoutRubyRun (anonymous) at (907,45.31) size 20x16
              LayoutRubyText {RT} at (-12,0) size 12x16
                LayoutText {#text} at (0,4) size 12x9
                  text run at (0,4) width 9: "\x{3052}"
              LayoutRubyBase (anonymous) at (0,0) size 20x16
                LayoutInline {RB} at (0,0) size 19x16
                  LayoutText {#text} at (0,0) size 19x16
                    text run at (0,0) width 16: "\x{89E3}"
          LayoutText {#text} at (907,61) size 19x78
            text run at (907,61) width 78: "\x{3057}\x{304B}\x{306D}\x{308B}\x{3002}"
          LayoutBR {BR} at (907,138) size 19x1
          LayoutText {#text} at (927,0) size 50x495
            text run at (927,0) width 495: "\x{3000}\x{3053}\x{308C}\x{304C}\x{308F}\x{304B}\x{308B}\x{305F}\x{3081}\x{306B}\x{306F}\x{3001}\x{308F}\x{304B}\x{308B}\x{3060}\x{3051}\x{306E}\x{4F59}\x{88D5}\x{306E}\x{3042}\x{308B}\x{7B2C}\x{4E09}\x{8005}\x{306E}\x{5730}\x{4F4D}\x{306B}\x{7ACB}\x{305F}"
            text run at (958,0) width 309: "\x{306D}\x{3070}\x{306A}\x{3089}\x{306C}\x{3002}\x{4E09}\x{8005}\x{306E}\x{5730}\x{4F4D}\x{306B}\x{7ACB}\x{3066}\x{3070}\x{3053}\x{305D}\x{829D}\x{5C45}\x{306F}"
          LayoutRuby (inline) {RUBY} at (0,0) size 19x17
            LayoutRubyRun (anonymous) at (958,308.63) size 20x16
              LayoutRubyText {RT} at (-12,0) size 12x16
                LayoutText {#text} at (0,4) size 12x9
                  text run at (0,4) width 9: "\x{307F}"
              LayoutRubyBase (anonymous) at (0,0) size 20x16
                LayoutInline {RB} at (0,0) size 19x16
                  LayoutText {#text} at (0,0) size 19x16
                    text run at (0,0) width 16: "\x{89B3}"
          LayoutText {#text} at (958,324) size 39x497
            text run at (958,324) width 169: "\x{3066}\x{9762}\x{767D}\x{3044}\x{3002}\x{5C0F}\x{8AAC}\x{3082}\x{898B}\x{3066}\x{9762}"
            text run at (978,0) width 497: "\x{767D}\x{3044}\x{3002}\x{829D}\x{5C45}\x{3092}\x{898B}\x{3066}\x{9762}\x{767D}\x{3044}\x{4EBA}\x{3082}\x{3001}\x{5C0F}\x{8AAC}\x{3092}\x{8AAD}\x{3093}\x{3067}\x{9762}\x{767D}\x{3044}\x{4EBA}\x{3082}\x{3001}\x{81EA}\x{5DF1}\x{306E}\x{5229}\x{5BB3}\x{306F}"
          LayoutRuby (inline) {RUBY} at (0,0) size 19x18
            LayoutRubyRun (anonymous) at (1009,0) size 20x17.83
              LayoutRubyText {RT} at (-12,0) size 12x17.83
                LayoutText {#text} at (0,0) size 12x19
                  text run at (0,0) width 18: "\x{305F}\x{306A}"
              LayoutRubyBase (anonymous) at (0,0) size 20x17.83
                LayoutInline {RB} at (0,0) size 19x17
                  LayoutText {#text} at (0,0) size 19x17
                    text run at (0,0) width 16: "\x{68DA}"
          LayoutText {#text} at (1009,17) size 19x400
            text run at (1009,17) width 399: "\x{3078}\x{4E0A}\x{3052}\x{3066}\x{3044}\x{308B}\x{3002}\x{898B}\x{305F}\x{308A}\x{8AAD}\x{3093}\x{3060}\x{308A}\x{3059}\x{308B}\x{9593}\x{3060}\x{3051}\x{306F}\x{8A69}\x{4EBA}\x{3067}\x{3042}\x{308B}\x{3002}"
          LayoutBR {BR} at (1009,416) size 19x1
          LayoutText {#text} at (1040,0) size 19x298
            text run at (1040,0) width 298: "\x{3000}\x{305D}\x{308C}\x{3059}\x{3089}\x{3001}\x{666E}\x{901A}\x{306E}\x{829D}\x{5C45}\x{3084}\x{5C0F}\x{8AAC}\x{3067}\x{306F}\x{4EBA}\x{60C5}\x{3092}"
          LayoutRuby (inline) {RUBY} at (0,0) size 19x19
            LayoutRubyRun (anonymous) at (1040,297.88) size 20x17.30
              LayoutRubyText {RT} at (-12,0) size 12x17.30
                LayoutText {#text} at (0,0) size 12x18
                  text run at (0,0) width 18: "\x{307E}\x{306C}"
              LayoutRubyBase (anonymous) at (0,0) size 20x17.30
                LayoutInline {RB} at (0,0) size 19x17
                  LayoutText {#text} at (0,0) size 19x17
                    text run at (0,0) width 16: "\x{514D}"
          LayoutText {#text} at (1040,315) size 70x503
            text run at (1040,315) width 183: "\x{304B}\x{308C}\x{306C}\x{3002}\x{82E6}\x{3057}\x{3093}\x{3060}\x{308A}\x{3001}\x{6012}\x{3063}"
            text run at (1060,0) width 503: "\x{305F}\x{308A}\x{3001}\x{9A12}\x{3044}\x{3060}\x{308A}\x{3001}\x{6CE3}\x{3044}\x{305F}\x{308A}\x{3059}\x{308B}\x{3002}\x{898B}\x{308B}\x{3082}\x{306E}\x{3082}\x{3044}\x{3064}\x{304B}\x{305D}\x{306E}\x{4E2D}\x{306B}\x{540C}\x{5316}\x{3057}\x{3066}\x{82E6}\x{3057}"
            text run at (1091,0) width 323: "\x{3093}\x{3060}\x{308A}\x{3001}\x{6012}\x{3063}\x{305F}\x{308A}\x{3001}\x{9A12}\x{3044}\x{3060}\x{308A}\x{3001}\x{6CE3}\x{3044}\x{305F}\x{308A}\x{3059}\x{308B}\x{3002}"
          LayoutRuby (inline) {RUBY} at (0,0) size 19x33
            LayoutRubyRun (anonymous) at (1091,322.31) size 20x32
              LayoutRubyText {RT} at (-12,0) size 12x32
                LayoutText {#text} at (0,1) size 12x30
                  text run at (0,1) width 29: "\x{3068}\x{308A}\x{3048}"
              LayoutRubyBase (anonymous) at (0,0) size 20x32
                LayoutInline {RB} at (0,0) size 19x32
                  LayoutText {#text} at (0,0) size 19x32
                    text run at (0,0) width 32: "\x{53D6}\x{67C4}"
          LayoutText {#text} at (1091,354) size 19x63
            text run at (1091,354) width 63: "\x{306F}\x{5229}\x{617E}\x{304C}"
          LayoutRuby (inline) {RUBY} at (0,0) size 19x18
            LayoutRubyRun (anonymous) at (1091,416.69) size 20x17.13
              LayoutRubyText {RT} at (-12,0) size 12x17.13
                LayoutText {#text} at (0,0) size 12x18
                  text run at (0,0) width 18: "\x{307E}\x{3058}"
              LayoutRubyBase (anonymous) at (0,0) size 20x17.13
                LayoutInline {RB} at (0,0) size 19x17
                  LayoutText {#text} at (0,0) size 19x17
                    text run at (0,0) width 16: "\x{4EA4}"
          LayoutText {#text} at (1091,433) size 50x496
            text run at (1091,433) width 62: "\x{3089}\x{306C}\x{3068}\x{4E91}"
            text run at (1122,0) width 47: "\x{3046}\x{70B9}\x{306B}"
          LayoutRuby (inline) {RUBY} at (0,0) size 19x18
            LayoutRubyRun (anonymous) at (1122,46.13) size 20x16.95
              LayoutRubyText {RT} at (-12,0) size 12x16.95
                LayoutText {#text} at (0,0) size 12x18
                  text run at (0,0) width 17: "\x{305D}\x{3093}"
              LayoutRubyBase (anonymous) at (0,0) size 20x16.95
                LayoutInline {RB} at (0,0) size 19x17
                  LayoutText {#text} at (0,0) size 19x17
                    text run at (0,0) width 16: "\x{5B58}"
          LayoutText {#text} at (1122,63) size 19x293
            text run at (1122,63) width 293: "\x{3059}\x{308B}\x{304B}\x{3082}\x{77E5}\x{308C}\x{306C}\x{304C}\x{3001}\x{4EA4}\x{3089}\x{306C}\x{3060}\x{3051}\x{306B}\x{305D}\x{306E}\x{4ED6}\x{306E}"
          LayoutRuby (inline) {RUBY} at (0,0) size 19x38
            LayoutRubyRun (anonymous) at (1122,354.58) size 20x39.88
              LayoutRubyText {RT} at (-12,0) size 12x39.88
                LayoutText {#text} at (0,0) size 12x40
                  text run at (0,0) width 40: "\x{3058}\x{3087}\x{3046}\x{3057}\x{3087}"
              LayoutRubyBase (anonymous) at (0,0) size 20x39.88
                LayoutInline {RB} at (0,0) size 19x36
                  LayoutText {#text} at (0,1) size 19x36
                    text run at (0,1) width 35: "\x{60C5}\x{7DD2}"
          LayoutText {#text} at (1122,392) size 50x502
            text run at (1122,392) width 110: "\x{306F}\x{5E38}\x{3088}\x{308A}\x{306F}\x{4F59}\x{8A08}"
            text run at (1153,0) width 188: "\x{306B}\x{6D3B}\x{52D5}\x{3059}\x{308B}\x{3060}\x{308D}\x{3046}\x{3002}\x{305D}\x{308C}\x{304C}"
          LayoutRuby (inline) {RUBY} at (0,0) size 19x17
            LayoutRubyRun (anonymous) at (1153,187.44) size 20x16
              LayoutRubyText {RT} at (-12,0) size 12x16
                LayoutText {#text} at (0,0) size 12x16
                  text run at (0,0) width 16: "\x{3044}\x{3084}"
              LayoutRubyBase (anonymous) at (0,0) size 20x16
                LayoutInline {RB} at (0,0) size 19x16
                  LayoutText {#text} at (0,0) size 19x16
                    text run at (0,0) width 16: "\x{5ACC}"
          LayoutText {#text} at (1153,203) size 19x33
            text run at (1153,203) width 32: "\x{3060}\x{3002}"
          LayoutBR {BR} at (1153,235) size 19x1
          LayoutText {#text} at (1173,0) size 50x504
            text run at (1173,0) width 504: "\x{3000}\x{82E6}\x{3057}\x{3093}\x{3060}\x{308A}\x{3001}\x{6012}\x{3063}\x{305F}\x{308A}\x{3001}\x{9A12}\x{3044}\x{3060}\x{308A}\x{3001}\x{6CE3}\x{3044}\x{305F}\x{308A}\x{306F}\x{4EBA}\x{306E}\x{4E16}\x{306B}\x{3064}\x{304D}\x{3082}\x{306E}\x{3060}\x{3002}\x{4F59}"
            text run at (1204,0) width 142: "\x{3082}\x{4E09}\x{5341}\x{5E74}\x{306E}\x{9593}\x{305D}\x{308C}\x{3092}"
          LayoutRuby (inline) {RUBY} at (0,0) size 19x33
            LayoutRubyRun (anonymous) at (1204,141.50) size 20x32
              LayoutRubyText {RT} at (-12,0) size 12x32
                LayoutText {#text} at (0,1) size 12x30
                  text run at (0,1) width 30: "\x{3057}\x{3068}\x{304A}"
              LayoutRubyBase (anonymous) at (0,0) size 20x32
                LayoutInline {RB} at (0,0) size 19x32
                  LayoutText {#text} at (0,0) size 19x32
                    text run at (0,0) width 32: "\x{4ED5}\x{901A}"
          LayoutText {#text} at (1204,173) size 19x46
            text run at (1204,173) width 45: "\x{3057}\x{3066}\x{3001}"
          LayoutRuby (inline) {RUBY} at (0,0) size 19x35
            LayoutRubyRun (anonymous) at (1204,217.06) size 20x36
              LayoutRubyText {RT} at (-12,0) size 12x36
                LayoutText {#text} at (0,0) size 12x36
                  text run at (0,0) width 36: "\x{3042}\x{304D}\x{3042}\x{304D}"
              LayoutRubyBase (anonymous) at (0,0) size 20x36
                LayoutInline {RB} at (0,0) size 19x34
                  LayoutText {#text} at (0,1) size 19x34
                    text run at (0,1) width 34: "\x{98FD}\x{3005}"
          LayoutText {#text} at (1204,252) size 19x47
            text run at (1204,252) width 47: "\x{3057}\x{305F}\x{3002}"
          LayoutRuby (inline) {RUBY} at (0,0) size 19x17
            LayoutRubyRun (anonymous) at (1204,298.50) size 20x16
              LayoutRubyText {RT} at (-12,0) size 12x16
                LayoutText {#text} at (0,3) size 12x10
                  text run at (0,3) width 9: "\x{3042}"
              LayoutRubyBase (anonymous) at (0,0) size 20x16
                LayoutInline {RB} at (0,0) size 19x16
                  LayoutText {#text} at (0,0) size 19x16
                    text run at (0,0) width 16: "\x{98FD}"
          LayoutText {#text} at (1204,314) size 70x502
            text run at (1204,314) width 188: "\x{304D}\x{98FD}\x{304D}\x{3057}\x{305F}\x{4E0A}\x{306B}\x{829D}\x{5C45}\x{3084}\x{5C0F}\x{8AAC}"
            text run at (1224,0) width 500: "\x{3067}\x{540C}\x{3058}\x{523A}\x{6FC0}\x{3092}\x{7E70}\x{308A}\x{8FD4}\x{3057}\x{3066}\x{306F}\x{5927}\x{5909}\x{3060}\x{3002}\x{4F59}\x{304C}\x{6B32}\x{3059}\x{308B}\x{8A69}\x{306F}\x{305D}\x{3093}\x{306A}\x{4E16}\x{9593}\x{7684}\x{306E}\x{4EBA}\x{60C5}"
            text run at (1255,0) width 16: "\x{3092}"
          LayoutRuby (inline) {RUBY} at (0,0) size 19x32
            LayoutRubyRun (anonymous) at (1255,16) size 20x32
              LayoutRubyText {RT} at (-12,0) size 12x32
                LayoutText {#text} at (0,4) size 12x24
                  text run at (0,4) width 24: "\x{3053}\x{3076}"
              LayoutRubyBase (anonymous) at (0,0) size 20x32
                LayoutInline {RB} at (0,0) size 19x32
                  LayoutText {#text} at (0,0) size 19x32
                    text run at (0,0) width 32: "\x{9F13}\x{821E}"
          LayoutText {#text} at (1255,48) size 19x402
            text run at (1255,48) width 402: "\x{3059}\x{308B}\x{3088}\x{3046}\x{306A}\x{3082}\x{306E}\x{3067}\x{306F}\x{306A}\x{3044}\x{3002}\x{4FD7}\x{5FF5}\x{3092}\x{653E}\x{68C4}\x{3057}\x{3066}\x{3001}\x{3057}\x{3070}\x{3089}\x{304F}\x{3067}\x{3082}"
          LayoutRuby (inline) {RUBY} at (0,0) size 19x34
            LayoutRubyRun (anonymous) at (1255,449.56) size 20x32.53
              LayoutRubyText {RT} at (-12,0) size 12x32.53
                LayoutText {#text} at (0,0) size 12x33
                  text run at (0,0) width 33: "\x{3058}\x{3093}\x{304B}\x{3044}"
              LayoutRubyBase (anonymous) at (0,0) size 20x32.53
                LayoutInline {RB} at (0,0) size 19x33
                  LayoutText {#text} at (0,0) size 19x33
                    text run at (0,0) width 32: "\x{5875}\x{754C}"
          LayoutText {#text} at (1255,482) size 110x502
            text run at (1255,482) width 16: "\x{3092}"
            text run at (1275,0) width 502: "\x{96E2}\x{308C}\x{305F}\x{5FC3}\x{6301}\x{3061}\x{306B}\x{306A}\x{308C}\x{308B}\x{8A69}\x{3067}\x{3042}\x{308B}\x{3002}\x{3044}\x{304F}\x{3089}\x{5091}\x{4F5C}\x{3067}\x{3082}\x{4EBA}\x{60C5}\x{3092}\x{96E2}\x{308C}\x{305F}\x{829D}\x{5C45}\x{306F}\x{306A}"
            text run at (1295,0) width 498: "\x{3044}\x{3001}\x{7406}\x{975E}\x{3092}\x{7D76}\x{3057}\x{305F}\x{5C0F}\x{8AAC}\x{306F}\x{5C11}\x{304B}\x{308D}\x{3046}\x{3002}\x{3069}\x{3053}\x{307E}\x{3067}\x{3082}\x{4E16}\x{9593}\x{3092}\x{51FA}\x{308B}\x{4E8B}\x{304C}\x{51FA}\x{6765}\x{306C}\x{306E}"
            text run at (1315,0) width 495: "\x{304C}\x{5F7C}\x{3089}\x{306E}\x{7279}\x{8272}\x{3067}\x{3042}\x{308B}\x{3002}\x{3053}\x{3068}\x{306B}\x{897F}\x{6D0B}\x{306E}\x{8A69}\x{306B}\x{306A}\x{308B}\x{3068}\x{3001}\x{4EBA}\x{4E8B}\x{304C}\x{6839}\x{672C}\x{306B}\x{306A}\x{308B}\x{304B}\x{3089}"
            text run at (1346,0) width 62: "\x{3044}\x{308F}\x{3086}\x{308B}"
          LayoutRuby (inline) {RUBY} at (0,0) size 19x33
            LayoutRubyRun (anonymous) at (1346,61.13) size 20x32
              LayoutRubyText {RT} at (-12,0) size 12x32
                LayoutText {#text} at (0,1) size 12x30
                  text run at (0,1) width 30: "\x{3057}\x{3044}\x{304B}"
              LayoutRubyBase (anonymous) at (0,0) size 20x32
                LayoutInline {RB} at (0,0) size 19x32
                  LayoutText {#text} at (0,0) size 19x32
                    text run at (0,0) width 32: "\x{8A69}\x{6B4C}"
          LayoutText {#text} at (1346,93) size 19x154
            text run at (1346,93) width 154: "\x{306E}\x{7D14}\x{7C8B}\x{306A}\x{308B}\x{3082}\x{306E}\x{3082}\x{3053}\x{306E}"
          LayoutRuby (inline) {RUBY} at (0,0) size 19x18
            LayoutRubyRun (anonymous) at (1346,242.31) size 20x25.14
              LayoutRubyText {RT} at (-12,0) size 12x25.14
                LayoutText {#text} at (0,0) size 12x26
                  text run at (0,0) width 26: "\x{304D}\x{3087}\x{3046}"
              LayoutRubyBase (anonymous) at (0,0) size 20x25.14
                LayoutInline {RB} at (0,0) size 19x17
                  LayoutText {#text} at (0,4) size 19x17
                    text run at (0,4) width 16: "\x{5883}"
          LayoutText {#text} at (1346,263) size 19x17
            text run at (1346,263) width 16: "\x{3092}"
          LayoutRuby (inline) {RUBY} at (0,0) size 19x33
            LayoutRubyRun (anonymous) at (1346,279.45) size 20x32
              LayoutRubyText {RT} at (-12,0) size 12x32
                LayoutText {#text} at (0,1) size 12x30
                  text run at (0,1) width 29: "\x{3052}\x{3060}\x{3064}"
              LayoutRubyBase (anonymous) at (0,0) size 20x32
                LayoutInline {RB} at (0,0) size 19x32
                  LayoutText {#text} at (0,0) size 19x32
                    text run at (0,0) width 32: "\x{89E3}\x{8131}"
          LayoutText {#text} at (1346,311) size 50x498
            text run at (1346,311) width 187: "\x{3059}\x{308B}\x{4E8B}\x{3092}\x{77E5}\x{3089}\x{306C}\x{3002}\x{3069}\x{3053}\x{307E}\x{3067}"
            text run at (1377,0) width 374: "\x{3082}\x{540C}\x{60C5}\x{3060}\x{3068}\x{304B}\x{3001}\x{611B}\x{3060}\x{3068}\x{304B}\x{3001}\x{6B63}\x{7FA9}\x{3060}\x{3068}\x{304B}\x{3001}\x{81EA}\x{7531}\x{3060}\x{3068}\x{304B}\x{3001}"
          LayoutRuby (inline) {RUBY} at (0,0) size 19x32
            LayoutRubyRun (anonymous) at (1377,374) size 20x32
              LayoutRubyText {RT} at (-12,0) size 12x32
                LayoutText {#text} at (0,1) size 12x30
                  text run at (0,1) width 30: "\x{3046}\x{304D}\x{3088}"
              LayoutRubyBase (anonymous) at (0,0) size 20x32
                LayoutInline {RB} at (0,0) size 19x32
                  LayoutText {#text} at (0,0) size 19x32
                    text run at (0,0) width 32: "\x{6D6E}\x{4E16}"
          LayoutText {#text} at (1377,406) size 19x15
            text run at (1377,406) width 15: "\x{306E}"
          LayoutRuby (inline) {RUBY} at (0,0) size 19x49
            LayoutRubyRun (anonymous) at (1377,420.44) size 20x48
              LayoutRubyText {RT} at (-12,0) size 12x48
                LayoutText {#text} at (0,0) size 12x48
                  text run at (0,0) width 47: "\x{304B}\x{3093}\x{3053}\x{3046}\x{3070}"
              LayoutRubyBase (anonymous) at (0,0) size 20x48
                LayoutInline {RB} at (0,0) size 19x48
                  LayoutText {#text} at (0,0) size 19x48
                    text run at (0,0) width 48: "\x{52E7}\x{5DE5}\x{5834}"
          LayoutText {#text} at (1377,468) size 50x499
            text run at (1377,468) width 31: "\x{306B}\x{3042}"
            text run at (1408,0) width 124: "\x{308B}\x{3082}\x{306E}\x{3060}\x{3051}\x{3067}\x{7528}\x{3092}"
          LayoutRuby (inline) {RUBY} at (0,0) size 19x17
            LayoutRubyRun (anonymous) at (1408,123.13) size 20x16
              LayoutRubyText {RT} at (-12,0) size 12x16
                LayoutText {#text} at (0,0) size 12x16
                  text run at (0,0) width 16: "\x{3079}\x{3093}"
              LayoutRubyBase (anonymous) at (0,0) size 20x16
                LayoutInline {RB} at (0,0) size 19x16
                  LayoutText {#text} at (0,0) size 19x16
                    text run at (0,0) width 16: "\x{5F01}"
          LayoutText {#text} at (1408,139) size 19x301
            text run at (1408,139) width 301: "\x{3058}\x{3066}\x{3044}\x{308B}\x{3002}\x{3044}\x{304F}\x{3089}\x{8A69}\x{7684}\x{306B}\x{306A}\x{3063}\x{3066}\x{3082}\x{5730}\x{9762}\x{306E}\x{4E0A}\x{3092}"
          LayoutRuby (inline) {RUBY} at (0,0) size 19x17
            LayoutRubyRun (anonymous) at (1408,439.25) size 20x16
              LayoutRubyText {RT} at (-12,0) size 12x16
                LayoutText {#text} at (0,4) size 12x9
                  text run at (0,4) width 9: "\x{304B}"
              LayoutRubyBase (anonymous) at (0,0) size 20x16
                LayoutInline {RB} at (0,0) size 19x16
                  LayoutText {#text} at (0,0) size 19x16
                    text run at (0,0) width 16: "\x{99B3}"
          LayoutText {#text} at (1408,455) size 50x500
            text run at (1408,455) width 45: "\x{3051}\x{3066}\x{3042}"
            text run at (1439,0) width 59: "\x{308B}\x{3044}\x{3066}\x{3001}"
          LayoutRuby (inline) {RUBY} at (0,0) size 19x18
            LayoutRubyRun (anonymous) at (1439,58.94) size 20x16.95
              LayoutRubyText {RT} at (-12,0) size 12x16.95
                LayoutText {#text} at (0,0) size 12x18
                  text run at (0,0) width 17: "\x{305C}\x{306B}"
              LayoutRubyBase (anonymous) at (0,0) size 20x16.95
                LayoutInline {RB} at (0,0) size 19x17
                  LayoutText {#text} at (0,0) size 19x17
                    text run at (0,0) width 16: "\x{92AD}"
          LayoutText {#text} at (1439,75) size 19x272
            text run at (1439,75) width 271: "\x{306E}\x{52D8}\x{5B9A}\x{3092}\x{5FD8}\x{308C}\x{308B}\x{3072}\x{307E}\x{304C}\x{306A}\x{3044}\x{3002}\x{30B7}\x{30A7}\x{30EC}\x{30FC}\x{304C}"
          LayoutRuby (inline) {RUBY} at (0,0) size 19x33
            LayoutRubyRun (anonymous) at (1439,346.20) size 20x32
              LayoutRubyText {RT} at (-12,0) size 12x32
                LayoutText {#text} at (0,1) size 12x29
                  text run at (0,1) width 29: "\x{3072}\x{3070}\x{308A}"
              LayoutRubyBase (anonymous) at (0,0) size 20x32
                LayoutInline {RB} at (0,0) size 19x32
                  LayoutText {#text} at (0,0) size 19x32
                    text run at (0,0) width 32: "\x{96F2}\x{96C0}"
          LayoutText {#text} at (1439,378) size 39x500
            text run at (1439,378) width 122: "\x{3092}\x{805E}\x{3044}\x{3066}\x{5606}\x{606F}\x{3057}\x{305F}"
            text run at (1459,0) width 123: "\x{306E}\x{3082}\x{7121}\x{7406}\x{306F}\x{306A}\x{3044}\x{3002}"
          LayoutBR {BR} at (1459,122) size 19x1
          LayoutText {#text} at (1490,0) size 19x153
            text run at (1490,0) width 153: "\x{3000}\x{3046}\x{308C}\x{3057}\x{3044}\x{4E8B}\x{306B}\x{6771}\x{6D0B}\x{306E}"
          LayoutRuby (inline) {RUBY} at (0,0) size 19x33
            LayoutRubyRun (anonymous) at (1490,152.44) size 20x32
              LayoutRubyText {RT} at (-12,0) size 12x32
                LayoutText {#text} at (0,1) size 12x30
                  text run at (0,1) width 30: "\x{3057}\x{3044}\x{304B}"
              LayoutRubyBase (anonymous) at (0,0) size 20x32
                LayoutInline {RB} at (0,0) size 19x32
                  LayoutText {#text} at (0,0) size 19x32
                    text run at (0,0) width 32: "\x{8A69}\x{6B4C}"
          LayoutText {#text} at (1490,184) size 19x61
            text run at (1490,184) width 61: "\x{306F}\x{305D}\x{3053}\x{3092}"
          LayoutRuby (inline) {RUBY} at (0,0) size 19x33
            LayoutRubyRun (anonymous) at (1490,244.56) size 20x32
              LayoutRubyText {RT} at (-12,0) size 12x32
                LayoutText {#text} at (0,1) size 12x30
                  text run at (0,1) width 29: "\x{3052}\x{3060}\x{3064}"
              LayoutRubyBase (anonymous) at (0,0) size 20x32
                LayoutInline {RB} at (0,0) size 19x32
                  LayoutText {#text} at (0,0) size 19x32
                    text run at (0,0) width 32: "\x{89E3}\x{8131}"
          LayoutText {#text} at (1490,276) size 19x109
            text run at (1490,276) width 109: "\x{3057}\x{305F}\x{306E}\x{304C}\x{3042}\x{308B}\x{3002}"
          LayoutRuby (inline) {RUBY} at (0,0) size 19x42
            LayoutRubyRun (anonymous) at (1490,381.63) size 20x44.09
              LayoutRubyText {RT} at (-12,0) size 12x44.09
                LayoutText {#text} at (0,0) size 12x45
                  text run at (0,0) width 45: "\x{304D}\x{304F}\x{3092}\x{3068}\x{308B}"
              LayoutRubyBase (anonymous) at (0,0) size 20x44.09
                LayoutInline {RB} at (0,0) size 19x39
                  LayoutText {#text} at (0,3) size 19x39
                    text run at (0,3) width 38: "\x{63A1}\x{83CA}"
          LayoutRuby (inline) {RUBY} at (0,0) size 19x53
            LayoutRubyRun (anonymous) at (1490,425.72) size 20x51.75
              LayoutRubyText {RT} at (-12,0) size 12x51.75
                LayoutText {#text} at (0,0) size 12x52
                  text run at (0,0) width 52: "\x{3068}\x{3046}\x{308A}\x{306E}\x{3082}\x{3068}"
              LayoutRubyBase (anonymous) at (0,0) size 20x51.75
                LayoutInline {RB} at (0,0) size 19x51
                  LayoutText {#text} at (0,0) size 19x51
                    text run at (0,0) width 50: "\x{6771}\x{7C6C}\x{4E0B}"
          LayoutText {#text} at (1490,477) size 19x17
            text run at (1490,477) width 16: "\x{3001}"
          LayoutRuby (inline) {RUBY} at (0,0) size 19x60
            LayoutRubyRun (anonymous) at (1521,0) size 20x59.95
              LayoutRubyText {RT} at (-12,0) size 12x59.95
                LayoutText {#text} at (0,0) size 12x60
                  text run at (0,0) width 60: "\x{3086}\x{3046}\x{305C}\x{3093}\x{3068}\x{3057}\x{3066}"
              LayoutRubyBase (anonymous) at (0,0) size 20x59.95
                LayoutInline {RB} at (0,0) size 19x46
                  LayoutText {#text} at (0,6) size 19x46
                    text run at (0,6) width 45: "\x{60A0}\x{7136}"
          LayoutRuby (inline) {RUBY} at (0,0) size 19x61
            LayoutRubyRun (anonymous) at (1521,59.95) size 20x61.25
              LayoutRubyText {RT} at (-12,0) size 12x61.25
                LayoutText {#text} at (0,0) size 12x62
                  text run at (0,0) width 62: "\x{306A}\x{3093}\x{3056}\x{3093}\x{3092}\x{307F}\x{308B}"
              LayoutRubyBase (anonymous) at (0,0) size 20x61.25
                LayoutInline {RB} at (0,0) size 19x57
                  LayoutText {#text} at (0,2) size 19x57
                    text run at (0,2) width 56: "\x{898B}\x{5357}\x{5C71}"
          LayoutText {#text} at (1521,119) size 19x125
            text run at (1521,119) width 125: "\x{3002}\x{305F}\x{3060}\x{305D}\x{308C}\x{304E}\x{308A}\x{306E}"
          LayoutRuby (inline) {RUBY} at (0,0) size 19x19
            LayoutRubyRun (anonymous) at (1521,243.77) size 20x17.83
              LayoutRubyText {RT} at (-12,0) size 12x17.83
                LayoutText {#text} at (0,0) size 12x19
                  text run at (0,0) width 18: "\x{3046}\x{3061}"
              LayoutRubyBase (anonymous) at (0,0) size 20x17.83
                LayoutInline {RB} at (0,0) size 19x17
                  LayoutText {#text} at (0,0) size 19x17
                    text run at (0,0) width 16: "\x{88CF}"
          LayoutText {#text} at (1521,261) size 50x492
            text run at (1521,261) width 231: "\x{306B}\x{6691}\x{82E6}\x{3057}\x{3044}\x{4E16}\x{306E}\x{4E2D}\x{3092}\x{307E}\x{308B}\x{3067}\x{5FD8}\x{308C}\x{305F}"
            text run at (1552,0) width 279: "\x{5149}\x{666F}\x{304C}\x{51FA}\x{3066}\x{304F}\x{308B}\x{3002}\x{57A3}\x{306E}\x{5411}\x{3046}\x{306B}\x{96A3}\x{308A}\x{306E}\x{5A18}\x{304C}"
          LayoutRuby (inline) {RUBY} at (0,0) size 19x18
            LayoutRubyRun (anonymous) at (1552,278.31) size 20x17.13
              LayoutRubyText {RT} at (-12,0) size 12x17.13
                LayoutText {#text} at (0,0) size 12x18
                  text run at (0,0) width 18: "\x{306E}\x{305E}"
              LayoutRubyBase (anonymous) at (0,0) size 20x17.13
                LayoutInline {RB} at (0,0) size 19x17
                  LayoutText {#text} at (0,0) size 19x17
                    text run at (0,0) width 16: "\x{8997}"
          LayoutText {#text} at (1552,295) size 19x169
            text run at (1552,295) width 168: "\x{3044}\x{3066}\x{308B}\x{8A33}\x{3067}\x{3082}\x{306A}\x{3051}\x{308C}\x{3070}\x{3001}"
          LayoutRuby (inline) {RUBY} at (0,0) size 19x36
            LayoutRubyRun (anonymous) at (1552,463.19) size 20x34.95
              LayoutRubyText {RT} at (-12,0) size 12x34.95
                LayoutText {#text} at (0,0) size 12x36
                  text run at (0,0) width 35: "\x{306A}\x{3093}\x{3056}\x{3093}"
              LayoutRubyBase (anonymous) at (0,0) size 20x34.95
                LayoutInline {RB} at (0,0) size 19x34
                  LayoutText {#text} at (0,0) size 19x34
                    text run at (0,0) width 33: "\x{5357}\x{5C71}"
          LayoutText {#text} at (1583,0) size 19x306
            text run at (1583,0) width 306: "\x{306B}\x{89AA}\x{53CB}\x{304C}\x{5949}\x{8077}\x{3057}\x{3066}\x{3044}\x{308B}\x{6B21}\x{7B2C}\x{3067}\x{3082}\x{306A}\x{3044}\x{3002}\x{8D85}\x{7136}\x{3068}"
          LayoutRuby (inline) {RUBY} at (0,0) size 19x65
            LayoutRubyRun (anonymous) at (1583,305.50) size 20x64.17
              LayoutRubyText {RT} at (-12,0) size 12x64.17
                LayoutText {#text} at (0,0) size 12x65
                  text run at (0,0) width 65: "\x{3057}\x{3085}\x{3063}\x{305B}\x{3051}\x{3093}\x{3066}\x{304D}"
              LayoutRubyBase (anonymous) at (0,0) size 20x64.17
                LayoutInline {RB} at (0,0) size 19x65
                  LayoutText {#text} at (0,0) size 19x65
                    text run at (0,0) width 64: "\x{51FA}\x{4E16}\x{9593}\x{7684}"
          LayoutText {#text} at (1583,369) size 50x495
            text run at (1583,369) width 125: "\x{306B}\x{5229}\x{5BB3}\x{640D}\x{5F97}\x{306E}\x{6C57}\x{3092}"
            text run at (1614,0) width 200: "\x{6D41}\x{3057}\x{53BB}\x{3063}\x{305F}\x{5FC3}\x{6301}\x{3061}\x{306B}\x{306A}\x{308C}\x{308B}\x{3002}"
          LayoutRuby (inline) {RUBY} at (0,0) size 19x23
            LayoutRubyRun (anonymous) at (1614,195.75) size 20x25.36
              LayoutRubyText {RT} at (-12,0) size 12x25.36
                LayoutText {#text} at (0,0) size 12x26
                  text run at (0,0) width 26: "\x{3072}\x{3068}\x{308A}"
              LayoutRubyBase (anonymous) at (0,0) size 20x25.36
                LayoutInline {RB} at (0,0) size 19x17
                  LayoutText {#text} at (0,4) size 19x17
                    text run at (0,4) width 16: "\x{72EC}"
          LayoutRuby (inline) {RUBY} at (0,0) size 19x84
            LayoutRubyRun (anonymous) at (1614,221.11) size 20x86
              LayoutRubyText {RT} at (-12,0) size 12x86
                LayoutText {#text} at (0,0) size 12x86
                  text run at (0,0) width 86: "\x{3086}\x{3046}\x{3053}\x{3046}\x{306E}\x{3046}\x{3061}\x{306B}\x{3056}\x{3057}"
              LayoutRubyBase (anonymous) at (0,0) size 20x86
                LayoutInline {RB} at (0,0) size 19x81
                  LayoutText {#text} at (0,2) size 19x81
                    text run at (0,2) width 80: "\x{5750}\x{5E7D}\x{7BC1}\x{88CF}"
          LayoutText {#text} at (1614,304) size 19x17
            text run at (1614,304) width 16: "\x{3001}"
          LayoutRuby (inline) {RUBY} at (0,0) size 19x56
            LayoutRubyRun (anonymous) at (1614,316.11) size 20x59.84
              LayoutRubyText {RT} at (-12,0) size 12x59.84
                LayoutText {#text} at (0,0) size 12x60
                  text run at (0,0) width 60: "\x{304D}\x{3093}\x{3092}\x{3060}\x{3093}\x{3058}\x{3066}"
              LayoutRubyBase (anonymous) at (0,0) size 20x59.84
                LayoutInline {RB} at (0,0) size 19x46
                  LayoutText {#text} at (0,6) size 19x46
                    text run at (0,6) width 45: "\x{5F3E}\x{7434}"
          LayoutRuby (inline) {RUBY} at (0,0) size 19x73
            LayoutRubyRun (anonymous) at (1614,375.95) size 20x76.05
              LayoutRubyText {RT} at (-12,0) size 12x76.05
                LayoutText {#text} at (0,0) size 12x77
                  text run at (0,0) width 77: "\x{307E}\x{305F}\x{3061}\x{3087}\x{3046}\x{3057}\x{3087}\x{3046}\x{3059}"
              LayoutRubyBase (anonymous) at (0,0) size 20x76.05
                LayoutInline {RB} at (0,0) size 19x67
                  LayoutText {#text} at (0,4) size 19x67
                    text run at (0,4) width 66: "\x{5FA9}\x{9577}\x{562F}"
          LayoutText {#text} at (1614,448) size 19x16
            text run at (1614,448) width 16: "\x{3001}"
          LayoutRuby (inline) {RUBY} at (0,0) size 19x35
            LayoutRubyRun (anonymous) at (1614,464) size 20x34.08
              LayoutRubyText {RT} at (-12,0) size 12x34.08
                LayoutText {#text} at (0,0) size 12x35
                  text run at (0,0) width 35: "\x{3057}\x{3093}\x{308A}\x{3093}"
              LayoutRubyBase (anonymous) at (0,0) size 20x34.08
                LayoutInline {RB} at (0,0) size 19x34
                  LayoutText {#text} at (0,0) size 19x34
                    text run at (0,0) width 33: "\x{6DF1}\x{6797}"
          LayoutRuby (inline) {RUBY} at (0,0) size 19x48
            LayoutRubyRun (anonymous) at (1645,0) size 20x48
              LayoutRubyText {RT} at (-12,0) size 12x48
                LayoutText {#text} at (0,0) size 12x48
                  text run at (0,0) width 47: "\x{3072}\x{3068}\x{3057}\x{3089}\x{305A}"
              LayoutRubyBase (anonymous) at (0,0) size 20x48
                LayoutInline {RB} at (0,0) size 19x48
                  LayoutText {#text} at (0,0) size 19x48
                    text run at (0,0) width 48: "\x{4EBA}\x{4E0D}\x{77E5}"
          LayoutText {#text} at (1645,48) size 19x16
            text run at (1645,48) width 16: "\x{3001}"
          LayoutRuby (inline) {RUBY} at (0,0) size 19x64
            LayoutRubyRun (anonymous) at (1645,61) size 20x66.23
              LayoutRubyText {RT} at (-12,0) size 12x66.23
                LayoutText {#text} at (0,0) size 12x67
                  text run at (0,0) width 67: "\x{3081}\x{3044}\x{3052}\x{3064}\x{304D}\x{305F}\x{308A}\x{3066}"
              LayoutRubyBase (anonymous) at (0,0) size 20x66.23
                LayoutInline {RB} at (0,0) size 19x61
                  LayoutText {#text} at (0,3) size 19x61
                    text run at (0,3) width 60: "\x{660E}\x{6708}\x{6765}"
          LayoutRuby (inline) {RUBY} at (0,0) size 19x41
            LayoutRubyRun (anonymous) at (1645,127.23) size 20x42.16
              LayoutRubyText {RT} at (-12,0) size 12x42.16
                LayoutText {#text} at (0,0) size 12x43
                  text run at (0,0) width 43: "\x{3042}\x{3044}\x{3066}\x{3089}\x{3059}"
              LayoutRubyBase (anonymous) at (0,0) size 20x42.16
                LayoutInline {RB} at (0,0) size 19x38
                  LayoutText {#text} at (0,2) size 19x38
                    text run at (0,2) width 37: "\x{76F8}\x{7167}"
          LayoutText {#text} at (1645,167) size 19x157
            text run at (1645,167) width 156: "\x{3002}\x{305F}\x{3060}\x{4E8C}\x{5341}\x{5B57}\x{306E}\x{3046}\x{3061}\x{306B}"
          LayoutRuby (inline) {RUBY} at (0,0) size 19x17
            LayoutRubyRun (anonymous) at (1645,322.02) size 20x18
              LayoutRubyText {RT} at (-12,0) size 12x18
                LayoutText {#text} at (0,0) size 12x18
                  text run at (0,0) width 18: "\x{3086}\x{3046}"
              LayoutRubyBase (anonymous) at (0,0) size 20x18
                LayoutInline {RB} at (0,0) size 19x16
                  LayoutText {#text} at (0,1) size 19x16
                    text run at (0,1) width 16: "\x{512A}"
          LayoutText {#text} at (1645,339) size 19x15
            text run at (1645,339) width 15: "\x{306B}"
          LayoutRuby (inline) {RUBY} at (0,0) size 19x49
            LayoutRubyRun (anonymous) at (1645,353.14) size 20x48
              LayoutRubyText {RT} at (-12,0) size 12x48
                LayoutText {#text} at (0,0) size 12x48
                  text run at (0,0) width 48: "\x{3079}\x{3064}\x{3051}\x{3093}\x{3053}\x{3093}"
              LayoutRubyBase (anonymous) at (0,0) size 20x48
                LayoutInline {RB} at (0,0) size 19x48
                  LayoutText {#text} at (0,0) size 19x48
                    text run at (0,0) width 48: "\x{5225}\x{4E7E}\x{5764}"
          LayoutText {#text} at (1645,401) size 19x17
            text run at (1645,401) width 16: "\x{3092}"
          LayoutRuby (inline) {RUBY} at (0,0) size 19x38
            LayoutRubyRun (anonymous) at (1645,415.14) size 20x41.59
              LayoutRubyText {RT} at (-12,0) size 12x41.59
                LayoutText {#text} at (0,0) size 12x42
                  text run at (0,0) width 42: "\x{3053}\x{3093}\x{308A}\x{3085}\x{3046}"
              LayoutRubyBase (anonymous) at (0,0) size 20x41.59
                LayoutInline {RB} at (0,0) size 19x37
                  LayoutText {#text} at (0,2) size 19x37
                    text run at (0,2) width 36: "\x{5EFA}\x{7ACB}"
          LayoutText {#text} at (1645,454) size 50x497
            text run at (1645,454) width 42: "\x{3057}\x{3066}\x{3044}"
            text run at (1676,0) width 107: "\x{308B}\x{3002}\x{3053}\x{306E}\x{4E7E}\x{5764}\x{306E}"
          LayoutRuby (inline) {RUBY} at (0,0) size 19x33
            LayoutRubyRun (anonymous) at (1676,106.75) size 20x32
              LayoutRubyText {RT} at (-12,0) size 12x32
                LayoutText {#text} at (0,1) size 12x30
                  text run at (0,1) width 30: "\x{304F}\x{3069}\x{304F}"
              LayoutRubyBase (anonymous) at (0,0) size 20x32
                LayoutInline {RB} at (0,0) size 19x32
                  LayoutText {#text} at (0,0) size 19x32
                    text run at (0,0) width 32: "\x{529F}\x{5FB3}"
          LayoutText {#text} at (1676,138) size 19x32
            text run at (1676,138) width 32: "\x{306F}\x{300C}"
          LayoutRuby (inline) {RUBY} at (0,0) size 19x49
            LayoutRubyRun (anonymous) at (1676,169.94) size 20x48
              LayoutRubyText {RT} at (-12,0) size 12x48
                LayoutText {#text} at (0,0) size 12x47
                  text run at (0,0) width 46: "\x{307B}\x{3068}\x{3068}\x{304E}\x{3059}"
              LayoutRubyBase (anonymous) at (0,0) size 20x48
                LayoutInline {RB} at (0,0) size 19x48
                  LayoutText {#text} at (0,0) size 19x48
                    text run at (0,0) width 48: "\x{4E0D}\x{5982}\x{5E30}"
          LayoutText {#text} at (1676,217) size 19x48
            text run at (1676,217) width 47: "\x{300D}\x{3084}\x{300C}"
          LayoutRuby (inline) {RUBY} at (0,0) size 19x65
            LayoutRubyRun (anonymous) at (1676,264.69) size 20x64
              LayoutRubyText {RT} at (-12,0) size 12x64
                LayoutText {#text} at (0,0) size 12x63
                  text run at (0,0) width 63: "\x{3053}\x{3093}\x{3058}\x{304D}\x{3084}\x{3057}\x{3083}"
              LayoutRubyBase (anonymous) at (0,0) size 20x64
                LayoutInline {RB} at (0,0) size 19x64
                  LayoutText {#text} at (0,0) size 19x64
                    text run at (0,0) width 64: "\x{91D1}\x{8272}\x{591C}\x{53C9}"
          LayoutText {#text} at (1676,328) size 50x482
            text run at (1676,328) width 154: "\x{300D}\x{306E}\x{529F}\x{5FB3}\x{3067}\x{306F}\x{306A}\x{3044}\x{3002}\x{6C7D}"
            text run at (1707,0) width 348: "\x{8239}\x{3001}\x{6C7D}\x{8ECA}\x{3001}\x{6A29}\x{5229}\x{3001}\x{7FA9}\x{52D9}\x{3001}\x{9053}\x{5FB3}\x{3001}\x{793C}\x{7FA9}\x{3067}\x{75B2}\x{308C}\x{679C}\x{3066}\x{305F}"
          LayoutRuby (inline) {RUBY} at (0,0) size 19x18
            LayoutRubyRun (anonymous) at (1707,347.94) size 20x16.95
              LayoutRubyText {RT} at (-12,0) size 12x16.95
                LayoutText {#text} at (0,0) size 12x18
                  text run at (0,0) width 17: "\x{306E}\x{3061}"
              LayoutRubyBase (anonymous) at (0,0) size 20x16.95
                LayoutInline {RB} at (0,0) size 19x17
                  LayoutText {#text} at (0,0) size 19x17
                    text run at (0,0) width 16: "\x{5F8C}"
          LayoutText {#text} at (1707,364) size 39x501
            text run at (1707,364) width 136: "\x{306B}\x{3001}\x{3059}\x{3079}\x{3066}\x{3092}\x{5FD8}\x{5374}\x{3057}"
            text run at (1727,0) width 262: "\x{3066}\x{3050}\x{3063}\x{3059}\x{308A}\x{5BDD}\x{8FBC}\x{3080}\x{3088}\x{3046}\x{306A}\x{529F}\x{5FB3}\x{3067}\x{3042}\x{308B}\x{3002}"
          LayoutBR {BR} at (1727,261) size 19x1
