layer at (0,0) size 800x600
  LayoutView at (0,0) size 800x600
layer at (0,0) size 800x600
  LayoutBlockFlow {HTML} at (0,0) size 800x600
    LayoutBlockFlow {BODY} at (8,8) size 784x584
      LayoutTable {TABLE} at (0,0) size 744x52 [border: (1px outset #808080)]
        LayoutTableSection {TBODY} at (1,1) size 742x50
          LayoutTableRow {TR} at (0,2) size 742x46
            LayoutTableCell {TD} at (2,2) size 238x46 [border: (1px inset #808080)] [r=0 c=0 rs=1 cs=1]
              LayoutTable {TABLE} at (2,2) size 234x42
                LayoutTableSection {TBODY} at (0,0) size 234x42
                  LayoutTableRow {TR} at (0,2) size 234x38
                    LayoutTableCell {TD} at (2,2) size 230x38 [r=0 c=0 rs=1 cs=1]
                      LayoutText {#text} at (1,1) size 192x35
                        text run at (1,1) width 192: "This is the first column. It has"
                        text run at (1,19) width 96: "some text in it."
            LayoutTableCell {TD} at (242,2) size 498x46 [border: (1px inset #808080)] [r=0 c=1 rs=1 cs=1]
              LayoutTable {TABLE} at (2,2) size 494x42
                LayoutTableSection {TBODY} at (0,0) size 494x42
                  LayoutTableRow {TR} at (0,2) size 494x38
                    LayoutTableCell {TD} at (2,2) size 490x38 [r=0 c=0 rs=1 cs=1]
                      LayoutText {#text} at (1,1) size 471x35
                        text run at (1,1) width 176: "This is the second column. "
                        text run at (176,1) width 296: "It has a lot more content than the first column."
                        text run at (1,19) width 141: "That shouldn't matter."
