EDITING DELEGATE: webViewDidChangeSelection:WebViewDidChangeSelectionNotification
EDITING DELEGATE: webViewDidChangeSelection:WebViewDidChangeSelectionNotification
EDITING DELEGATE: webViewDidChangeSelection:WebViewDidChangeSelectionNotification
EDITING DELEGATE: webViewDidChangeSelection:WebViewDidChangeSelectionNotification
layer at (0,0) size 800x600
  LayoutView at (0,0) size 800x600
layer at (0,0) size 800x600
  LayoutBlockFlow {HTML} at (0,0) size 800x600
    LayoutBlockFlow {BODY} at (8,8) size 784x584
      LayoutBlockFlow {DIV} at (0,0) size 784x156
        LayoutBlockFlow {DIV} at (0,0) size 784x56
          LayoutText {#text} at (0,0) size 62x28
            text run at (0,0) width 62: "Tests:"
          LayoutBR {BR} at (61,22) size 1x0
          LayoutText {#text} at (0,28) size 253x28
            text run at (0,28) width 253: "Key binding for control-O"
        LayoutBlockFlow {DIV} at (0,72) size 784x84
          LayoutText {#text} at (0,0) size 177x28
            text run at (0,0) width 177: "Expected results:"
          LayoutBR {BR} at (176,22) size 1x0
          LayoutText {#text} at (0,28) size 89x28
            text run at (0,28) width 89: "one five |"
          LayoutBR {BR} at (88,50) size 1x0
          LayoutText {#text} at (0,56) size 136x28
            text run at (0,56) width 136: "two three four"
      LayoutBlockFlow {DIV} at (0,180) size 784x28
        LayoutBlockFlow {DIV} at (0,0) size 784x28
          LayoutText {#text} at (0,0) size 220x28
            text run at (0,0) width 220: "one five two three four"
caret: position 9 of child 0 {#text} of child 1 {DIV} of child 3 {DIV} of body
