layer at (0,0) size 800x600
  LayoutView at (0,0) size 800x600
layer at (0,0) size 228x600
  LayoutBlockFlow {HTML} at (0,0) size 228x600
    LayoutBlockFlow {BODY} at (8,8) size 212x584
      LayoutBlockFlow (anonymous) at (0,0) size 20x584
        LayoutText {#text} at (0,0) size 19x471
          text run at (0,0) width 248: "You should see a green rectangle below. "
          text run at (0,248) width 223: "If you see any red, the test has failed."
      LayoutBlockFlow {DIV} at (20,0) size 192x384 [bgcolor=#FF0000]
        LayoutInline {SPAN} at (0,0) size 96x384 [bgcolor=#008000]
        LayoutBR {BR} at (0,384) size 64x0
        LayoutBlockFlow {DIV} at (64,0) size 128x384 [bgcolor=#008000]
