layer at (0,0) size 800x600
  LayoutView at (0,0) size 800x600
layer at (0,0) size 800x100
  LayoutBlockFlow {HTML} at (0,0) size 800x100
    LayoutBlockFlow {BODY} at (8,8) size 784x84
      LayoutBlockFlow (anonymous) at (0,0) size 784x20
        LayoutText {#text} at (0,0) size 437x19
          text run at (0,0) width 214: "You should see a green line below. "
          text run at (214,0) width 223: "If you see any red, the test has failed."
      LayoutBlockFlow {DIV} at (0,84) size 784x0 [bgcolor=#FF0000]
        LayoutInline {SPAN} at (0,0) size 320x64 [color=#FF0000]
          LayoutText {#text} at (0,-51) size 320x64
            text run at (0,-51) width 320: "xxxxx"
        LayoutBR {BR} at (320,-51) size 0x64
        LayoutInline {SPAN} at (0,0) size 320x64 [color=#FF0000]
          LayoutText {#text} at (0,-51) size 320x64
            text run at (0,-51) width 320: "xxxxx"
        LayoutBR {BR} at (320,-51) size 0x64
        LayoutInline {SPAN} at (0,0) size 320x64 [color=#FF0000]
          LayoutText {#text} at (0,-51) size 320x64
            text run at (0,-51) width 320: "xxxxx"
        LayoutBR {BR} at (320,-51) size 0x64
        LayoutInline {SPAN} at (0,0) size 320x64 [color=#FF0000]
          LayoutText {#text} at (0,-51) size 320x64
            text run at (0,-51) width 320: "xxxxx"
        LayoutBR {BR} at (320,-51) size 0x64
        LayoutInline {SPAN} at (0,0) size 320x64 [color=#008000]
          LayoutText {#text} at (0,-51) size 320x64
            text run at (0,-51) width 320: "xxxxx"
        LayoutText {#text} at (0,0) size 0x0
