layer at (0,0) size 800x600
  LayoutView at (0,0) size 800x600
layer at (0,0) size 800x600
  LayoutBlockFlow {HTML} at (0,0) size 800x600
    LayoutBlockFlow {BODY} at (8,8) size 784x576
      LayoutBlockFlow {DIV} at (0,0) size 784x20
        LayoutInline (anonymous) at (0,0) size 9x19
          LayoutText {#text} at (0,0) size 9x19
            text run at (0,0) width 9: "T"
        LayoutText {#text} at (9,0) size 253x19
          text run at (9,0) width 253: "HIS TEXT SHOULD BE UPPERCASE."
      LayoutBlockFlow {P} at (0,36) size 784x20
        LayoutInline (anonymous) at (0,0) size 262x19
          LayoutText at (0,0) size 262x19
            text run at (0,0) width 262: "THIS TEXT SHOULD BE UPPERCASE."
