layer at (0,0) size 785x736
  LayoutView at (0,0) size 785x600
layer at (0,0) size 785x736
  LayoutBlockFlow {HTML} at (0,0) size 785x736
    LayoutBlockFlow {BODY} at (8,8) size 769x720
      LayoutBlockFlow {DIV} at (0,0) size 769x120
        LayoutTable at (0,0) size 40x40
          LayoutTableSection (anonymous) at (0,0) size 40x40
            LayoutTableRow (anonymous) at (0,0) size 40x40
              LayoutTableCell (anonymous) at (0,0) size 40x40 [r=0 c=0 rs=1 cs=1]
                LayoutText at (0,0) size 40x40
                  text run at (0,0) width 40: "1"
        LayoutBlockFlow (anonymous) at (0,40) size 769x40
          LayoutText {#text} at (0,0) size 80x40
            text run at (0,0) width 80: "22"
        LayoutTable at (0,80) size 120x40
          LayoutTableSection (anonymous) at (0,0) size 120x40
            LayoutTableRow (anonymous) at (0,0) size 120x40
              LayoutTableCell (anonymous) at (0,0) size 120x40 [r=0 c=0 rs=1 cs=1]
                LayoutText at (0,0) size 120x40
                  text run at (0,0) width 120: "333"
      LayoutBlockFlow {DIV} at (0,120) size 769x120 [color=#0000FF]
        LayoutTable at (0,0) size 40x40
          LayoutTableSection (anonymous) at (0,0) size 40x40
            LayoutTableRow (anonymous) at (0,0) size 40x40
              LayoutTableCell (anonymous) at (0,0) size 40x40 [r=0 c=0 rs=1 cs=1]
                LayoutText at (0,0) size 40x40
                  text run at (0,0) width 40: "1"
        LayoutBlockFlow (anonymous) at (0,40) size 769x40
          LayoutText {#text} at (0,0) size 80x40
            text run at (0,0) width 80: "22"
        LayoutTable at (0,80) size 120x40
          LayoutTableSection (anonymous) at (0,0) size 120x40
            LayoutTableRow (anonymous) at (0,0) size 120x40
              LayoutTableCell (anonymous) at (0,0) size 120x40 [r=0 c=0 rs=1 cs=1]
                LayoutText at (0,0) size 120x40
                  text run at (0,0) width 120: "333"
      LayoutBlockFlow {DIV} at (0,240) size 769x120
        LayoutTable at (0,0) size 40x40
          LayoutTableSection (anonymous) at (0,0) size 40x40
            LayoutTableRow (anonymous) at (0,0) size 40x40
              LayoutTableCell (anonymous) at (0,0) size 40x40 [r=0 c=0 rs=1 cs=1]
                LayoutText at (0,0) size 40x40
                  text run at (0,0) width 40: "1"
        LayoutBlockFlow (anonymous) at (0,40) size 769x40
          LayoutText {#text} at (0,0) size 80x40
            text run at (0,0) width 80: "22"
        LayoutTable at (0,80) size 120x40
          LayoutTableSection (anonymous) at (0,0) size 120x40
            LayoutTableRow (anonymous) at (0,0) size 120x40
              LayoutTableCell (anonymous) at (0,0) size 120x40 [r=0 c=0 rs=1 cs=1]
                LayoutText at (0,0) size 120x40
                  text run at (0,0) width 120: "333"
      LayoutBlockFlow {DIV} at (0,360) size 769x120 [color=#0000FF]
        LayoutTable at (0,0) size 40x40
          LayoutTableSection (anonymous) at (0,0) size 40x40
            LayoutTableRow (anonymous) at (0,0) size 40x40
              LayoutTableCell (anonymous) at (0,0) size 40x40 [r=0 c=0 rs=1 cs=1]
                LayoutText at (0,0) size 40x40
                  text run at (0,0) width 40: "1"
        LayoutBlockFlow (anonymous) at (0,40) size 769x40
          LayoutText {#text} at (0,0) size 80x40
            text run at (0,0) width 80: "22"
        LayoutTable at (0,80) size 120x40
          LayoutTableSection (anonymous) at (0,0) size 120x40
            LayoutTableRow (anonymous) at (0,0) size 120x40
              LayoutTableCell (anonymous) at (0,0) size 120x40 [r=0 c=0 rs=1 cs=1]
                LayoutText at (0,0) size 120x40
                  text run at (0,0) width 120: "333"
      LayoutBlockFlow {DIV} at (0,480) size 769x120
        LayoutTable at (0,0) size 40x40
          LayoutTableSection (anonymous) at (0,0) size 40x40
            LayoutTableRow (anonymous) at (0,0) size 40x40
              LayoutTableCell (anonymous) at (0,0) size 40x40 [r=0 c=0 rs=1 cs=1]
                LayoutText at (0,0) size 40x40
                  text run at (0,0) width 40: "1"
        LayoutBlockFlow (anonymous) at (0,40) size 769x40
          LayoutText {#text} at (0,0) size 80x40
            text run at (0,0) width 80: "22"
        LayoutTable at (0,80) size 120x40
          LayoutTableSection (anonymous) at (0,0) size 120x40
            LayoutTableRow (anonymous) at (0,0) size 120x40
              LayoutTableCell (anonymous) at (0,0) size 120x40 [r=0 c=0 rs=1 cs=1]
                LayoutText at (0,0) size 120x40
                  text run at (0,0) width 120: "333"
      LayoutBlockFlow {DIV} at (0,600) size 769x120 [color=#0000FF]
        LayoutTable at (0,0) size 40x40
          LayoutTableSection (anonymous) at (0,0) size 40x40
            LayoutTableRow (anonymous) at (0,0) size 40x40
              LayoutTableCell (anonymous) at (0,0) size 40x40 [r=0 c=0 rs=1 cs=1]
                LayoutText at (0,0) size 40x40
                  text run at (0,0) width 40: "1"
        LayoutBlockFlow (anonymous) at (0,40) size 769x40
          LayoutText {#text} at (0,0) size 80x40
            text run at (0,0) width 80: "22"
        LayoutTable at (0,80) size 120x40
          LayoutTableSection (anonymous) at (0,0) size 120x40
            LayoutTableRow (anonymous) at (0,0) size 120x40
              LayoutTableCell (anonymous) at (0,0) size 120x40 [r=0 c=0 rs=1 cs=1]
                LayoutText at (0,0) size 120x40
                  text run at (0,0) width 120: "333"
