layer at (0,0) size 800x600
  LayoutView at (0,0) size 800x600
layer at (0,0) size 800x52
  LayoutBlockFlow {HTML} at (0,0) size 800x52
    LayoutBlockFlow {BODY} at (8,16) size 784x20
      LayoutBlockFlow {P} at (0,0) size 784x20
        LayoutText {#text} at (0,0) size 290x19
          text run at (0,0) width 290: "Test passes if there is no red visible on the page."
layer at (8,148) size 306x6
  LayoutIFrame (positioned) {IFRAME} at (0,96) size 306x6 [border: (3px solid #FF0000)]
    layer at (0,0) size 285x8
      LayoutView at (0,0) size 285x0
    layer at (0,0) size 285x8
      LayoutBlockFlow {HTML} at (0,0) size 285x8
        LayoutBlockFlow {BODY} at (8,8) size 269x0
layer at (8,148) size 306x6
  LayoutBlockFlow (positioned) {DIV} at (0,96) size 306x6 [border: (3px solid #008000)]
