layer at (0,0) size 800x600
  LayoutView at (0,0) size 800x600
layer at (0,0) size 800x600
  LayoutBlockFlow {HTML} at (0,0) size 800x600
    LayoutBlockFlow {BODY} at (8,8) size 784x584
      LayoutBlockFlow {P} at (0,0) size 784x18
        LayoutText {#text} at (0,0) size 776x17
          text run at (0,0) width 776: "There are two boxes below, both rotated 180\x{B0} in Y. The rightmost one has backface-visibility: hidden, so you can't see it."
      LayoutBlockFlow {DIV} at (0,34) size 402x202 [border: (1px solid #000000)]
        LayoutText {#text} at (197,183) size 4x17
          text run at (197,183) width 4: " "
        LayoutText {#text} at (0,0) size 0x0
      LayoutBlockFlow {DIV} at (0,236) size 784x36
        LayoutText {#text} at (0,0) size 169x17
          text run at (0,0) width 169: "Found box1 on left: PASS"
        LayoutBR {BR} at (168,14) size 1x0
        LayoutText {#text} at (0,18) size 206x17
          text run at (0,18) width 206: "Found container on right: PASS"
        LayoutBR {BR} at (205,32) size 1x0
layer at (27,61) size 160x160
  LayoutBlockFlow {DIV} at (19,19) size 160x160 [bgcolor=#808080]
layer at (227,61) size 160x160
  LayoutBlockFlow {DIV} at (219,19) size 160x160 [bgcolor=#808080]
