EDITING DELEGATE: webViewDidChangeSelection:WebViewDidChangeSelectionNotification
EDITING DELEGATE: webViewDidChangeSelection:WebViewDidChangeSelectionNotification
EDITING DELEGATE: webViewDidChangeSelection:WebViewDidChangeSelectionNotification
EDITING DELEGATE: webViewDidChange:WebViewDidChangeNotification
EDITING DELEGATE: webViewDidChangeSelection:WebViewDidChangeSelectionNotification
EDITING DELEGATE: webViewDidChangeSelection:WebViewDidChangeSelectionNotification
EDITING DELEGATE: webViewDidChange:WebViewDidChangeNotification
EDITING DELEGATE: webViewDidChangeSelection:WebViewDidChangeSelectionNotification
EDITING DELEGATE: webViewDidChange:WebViewDidChangeNotification
EDITING DELEGATE: webViewDidChangeSelection:WebViewDidChangeSelectionNotification
EDITING DELEGATE: webViewDidChangeSelection:WebViewDidChangeSelectionNotification
EDITING DELEGATE: webViewDidChange:WebViewDidChangeNotification
layer at (0,0) size 800x600
  LayoutView at (0,0) size 800x600
layer at (0,0) size 800x600
  LayoutBlockFlow {HTML} at (0,0) size 800x600
    LayoutBlockFlow {BODY} at (8,8) size 784x584
      LayoutBlockFlow {DIV} at (0,0) size 784x210 [border: (2px solid #0000FF)]
        LayoutBlockFlow {DIV} at (14,14) size 756x111
          LayoutText {#text} at (0,0) size 66x26
            text run at (0,0) width 66: "Tests: "
          LayoutBR {BR} at (0,0) size 0x0
          LayoutText {#text} at (0,27) size 711x55
            text run at (0,27) width 711: "Inserting blocks for paragraphs should do a better job of finding a block to"
            text run at (0,55) width 116: "insert after. "
          LayoutInline {A} at (0,0) size 257x27 [color=#0000EE]
            LayoutText {#text} at (116,55) size 257x27
              text run at (116,55) width 257: "<rdar://problem/3996605>"
          LayoutText {#text} at (373,55) size 728x55
            text run at (373,55) width 355: " Insert paragraph command puts new"
            text run at (0,83) width 543: "block in wrong place, creating difficult-to-handle HTML"
        LayoutBlockFlow {DIV} at (14,141) size 756x55
          LayoutText {#text} at (0,0) size 189x26
            text run at (0,0) width 189: "Expected Results: "
          LayoutBR {BR} at (189,21) size 0x0
          LayoutText {#text} at (0,27) size 436x27
            text run at (0,27) width 436: "Should see this content in the red box below: "
          LayoutInline {B} at (0,0) size 19x26
            LayoutText {#text} at (436,27) size 19x26
              text run at (436,27) width 19: "fo"
          LayoutText {#text} at (455,27) size 12x27
            text run at (455,27) width 12: "x"
      LayoutBlockFlow {DIV} at (0,234) size 784x32
        LayoutBlockFlow {DIV} at (0,0) size 784x32 [border: (2px solid #FF0000)]
          LayoutInline {B} at (0,0) size 19x26
            LayoutText {#text} at (2,2) size 19x26
              text run at (2,2) width 19: "fo"
          LayoutText {#text} at (21,2) size 12x27
            text run at (21,2) width 12: "x"
caret: position 3 of child 0 {#text} of child 0 {B} of child 1 {DIV} of child 3 {DIV} of body
