layer at (0,0) size 800x600
  LayoutView at (0,0) size 800x600
layer at (0,0) size 800x248
  LayoutBlockFlow {HTML} at (0,0) size 800x248
    LayoutBlockFlow {BODY} at (8,16) size 784x216 [color=#0000FF]
      LayoutBlockFlow {P} at (0,0) size 784x37
        LayoutText {#text} at (0,13) size 463x19
          text run at (0,13) width 463: "There should be a solid blue line to the right of every occurance of the word \""
        LayoutInline {SPAN} at (0,0) size 140x36 [border: none (2px solid #0000FF) none]
          LayoutText {#text} at (463,0) size 138x36
            text run at (463,0) width 138: "THERE \x{2799}"
        LayoutText {#text} at (603,13) size 9x19
          text run at (603,13) width 9: "\"."
      LayoutTable {TABLE} at (0,53) size 298x127
        LayoutTableSection {TBODY} at (0,0) size 298x127
          LayoutTableRow {TR} at (0,2) size 298x39
            LayoutTableCell {TD} at (2,2) size 294x39 [border: none (2px solid #0000FF) none] [r=0 c=0 rs=1 cs=2]
              LayoutText {#text} at (153,1) size 138x36
                text run at (153,1) width 138: "THERE \x{2799}"
          LayoutTableRow {TR} at (0,43) size 298x82
            LayoutTableCell {TD} at (2,64) size 142x39 [border: none (2px solid #0000FF) none] [r=1 c=0 rs=1 cs=1]
              LayoutText {#text} at (1,1) size 138x36
                text run at (1,1) width 138: "THERE \x{2799}"
            LayoutTableCell {TD} at (146,43) size 150x82 [border: none (2px solid #0000FF) none] [r=1 c=1 rs=1 cs=1]
              LayoutBlockFlow (anonymous) at (1,1) size 146x37
                LayoutText {#text} at (8,0) size 138x36
                  text run at (8,0) width 138: "THERE \x{2798}"
              LayoutTable {TABLE} at (1,38) size 146x43
                LayoutTableSection {TBODY} at (0,0) size 146x43
                  LayoutTableRow {TR} at (0,2) size 146x39
                    LayoutTableCell {TD} at (2,2) size 142x39 [border: none (2px solid #0000FF) none] [r=0 c=0 rs=1 cs=1]
                      LayoutText {#text} at (1,1) size 138x36
                        text run at (1,1) width 138: "THERE \x{2799}"
      LayoutBlockFlow {P} at (0,196) size 784x20
        LayoutText {#text} at (0,0) size 318x19
          text run at (0,0) width 318: "There should be 3 short lines and 2 long lines in total."
