layer at (0,0) size 800x600
  LayoutView at (0,0) size 800x600
layer at (0,0) size 800x600
  LayoutBlockFlow {HTML} at (0,0) size 800x600
    LayoutBlockFlow {BODY} at (8,8) size 784x579
      LayoutBlockFlow {P} at (0,0) size 784x36
        LayoutInline {A} at (0,0) size 63x18 [color=#0000EE]
          LayoutText {#text} at (0,0) size 63x18
            text run at (0,0) width 63: "Bug 5656"
        LayoutText {#text} at (62,0) size 780x36
          text run at (62,0) width 718: " tests whether buttons force a white-space mode or not. These tests will only pass if the white-space mode is not"
          text run at (0,18) width 175: "forced and if it is inherited."
      LayoutBlockFlow {DIV} at (0,52) size 784x18
        LayoutText {#text} at (0,0) size 365x18
          text run at (0,0) width 365: "Buttons should appear next to each other in a single row:"
      LayoutTable {TABLE} at (0,70) size 189x25
        LayoutTableSection {TBODY} at (0,0) size 189x25
          LayoutTableRow {TR} at (0,2) size 189x21
            LayoutTableCell {TD} at (2,2) size 185x21 [r=0 c=0 rs=1 cs=1]
              LayoutButton {BUTTON} at (1,2) size 78.33x18 [bgcolor=#C0C0C0] [border: none (2px outset #C0C0C0) none (2px outset #C0C0C0)]
                LayoutBlockFlow (anonymous) at (8,2) size 62.33x13
                  LayoutText {#text} at (0,0) size 63x13
                    text run at (0,0) width 63: "Search Mail"
              LayoutText {#text} at (79,1) size 5x18
                text run at (79,1) width 5: " "
              LayoutButton {BUTTON} at (83.33,2) size 100.36x18 [bgcolor=#C0C0C0] [border: none (2px outset #C0C0C0) none (2px outset #C0C0C0)]
                LayoutBlockFlow (anonymous) at (8,2) size 84.36x13
                  LayoutText {#text} at (0,0) size 85x13
                    text run at (0,0) width 85: "Search the Web"
              LayoutText {#text} at (0,0) size 0x0
      LayoutBlockFlow {DIV} at (0,95) size 784x18
        LayoutText {#text} at (0,0) size 193x18
          text run at (0,0) width 193: "Buttons should look identical:"
      LayoutBlockFlow {DIV} at (0,113) size 784x18
        LayoutButton {BUTTON} at (0,0) size 73.59x18 [bgcolor=#C0C0C0] [border: none (2px outset #C0C0C0) none (2px outset #C0C0C0)]
          LayoutBlockFlow (anonymous) at (8,2) size 57.59x13
            LayoutText {#text} at (0,0) size 58x13
              text run at (0,0) width 58: "test button"
      LayoutBlockFlow {DIV} at (0,131) size 784x18
        LayoutButton {BUTTON} at (0,0) size 73.58x18 [bgcolor=#C0C0C0] [border: none (2px outset #C0C0C0) none (2px outset #C0C0C0)]
          LayoutBlockFlow (anonymous) at (8,2) size 57.58x13
            LayoutText {#text} at (0,0) size 58x13
              text run at (0,0) width 24: "test "
              text run at (23,0) width 35: "button"
      LayoutBlockFlow {DIV} at (0,149) size 784x18
        LayoutText {#text} at (0,0) size 353x18
          text run at (0,0) width 353: "Buttons should look identical (ignore vertical spacing):"
      LayoutBlockFlow {DIV} at (0,167) size 784x18
        LayoutButton {BUTTON} at (0,0) size 90.64x18 [bgcolor=#C0C0C0] [border: none (2px outset #C0C0C0) none (2px outset #C0C0C0)]
          LayoutBlockFlow (anonymous) at (8,2) size 74.64x13
            LayoutText {#text} at (0,0) size 75x13
              text run at (0,0) width 75: "  test  button  "
      LayoutBlockFlow {DIV} at (0,185) size 784x18
        LayoutButton {BUTTON} at (0,0) size 90.64x18 [bgcolor=#C0C0C0] [border: none (2px outset #C0C0C0) none (2px outset #C0C0C0)]
          LayoutBlockFlow (anonymous) at (8,2) size 74.64x13
            LayoutText {#text} at (0,0) size 75x13
              text run at (0,0) width 75: "  test  button  "
      LayoutBlockFlow {DIV} at (0,216) size 784x18
        LayoutBlockFlow {PRE} at (0,0) size 784x18
          LayoutButton {BUTTON} at (0,0) size 90.64x18 [bgcolor=#C0C0C0] [border: none (2px outset #C0C0C0) none (2px outset #C0C0C0)]
            LayoutBlockFlow (anonymous) at (8,2) size 74.64x13
              LayoutText {#text} at (0,0) size 75x13
                text run at (0,0) width 75: "  test  button  "
