layer at (0,0) size 800x600
  LayoutView at (0,0) size 800x600
layer at (0,0) size 800x600
  LayoutBlockFlow {HTML} at (0,0) size 800x600
    LayoutBlockFlow {BODY} at (8,8) size 784x584
      LayoutButton {BUTTON} at (0,6) size 46.92x15 [bgcolor=#C0C0C0] [border: none (2px outset #C0C0C0) none (2px outset #C0C0C0)]
        LayoutBlockFlow (anonymous) at (8,4) size 30.92x6
          LayoutText {#text} at (0,0) size 31x6
            text run at (0,0) width 31: "Test Button"
      LayoutText {#text} at (46,1) size 5x18
        text run at (46,1) width 5: " "
      LayoutButton {BUTTON} at (50.92,6) size 53.11x15 [bgcolor=#C0C0C0] [border: none (2px outset #C0C0C0) none (2px outset #C0C0C0)]
        LayoutBlockFlow (anonymous) at (8,3.50) size 37.11x7
          LayoutText {#text} at (0,0) size 38x7
            text run at (0,0) width 38: "Test Button"
      LayoutText {#text} at (104,1) size 5x18
        text run at (104,1) width 5: " "
      LayoutButton {BUTTON} at (108.03,5) size 58.20x15 [bgcolor=#C0C0C0] [border: none (2px outset #C0C0C0) none (2px outset #C0C0C0)]
        LayoutBlockFlow (anonymous) at (8,3) size 42.20x8
          LayoutText {#text} at (0,0) size 43x8
            text run at (0,0) width 43: "Test Button"
      LayoutText {#text} at (166,1) size 5x18
        text run at (166,1) width 5: " "
      LayoutButton {BUTTON} at (170.23,5) size 63.06x15 [bgcolor=#C0C0C0] [border: none (2px outset #C0C0C0) none (2px outset #C0C0C0)]
        LayoutBlockFlow (anonymous) at (8,2) size 47.06x10
          LayoutText {#text} at (0,0) size 48x10
            text run at (0,0) width 48: "Test Button"
      LayoutText {#text} at (233,1) size 5x18
        text run at (233,1) width 5: " "
      LayoutButton {BUTTON} at (237.30,4) size 67.64x16 [bgcolor=#C0C0C0] [border: none (2px outset #C0C0C0) none (2px outset #C0C0C0)]
        LayoutBlockFlow (anonymous) at (8,2) size 51.64x11
          LayoutText {#text} at (0,0) size 52x11
            text run at (0,0) width 52: "Test Button"
      LayoutText {#text} at (304,1) size 5x18
        text run at (304,1) width 5: " "
      LayoutButton {BUTTON} at (308.94,3) size 72.25x17 [bgcolor=#C0C0C0] [border: none (2px outset #C0C0C0) none (2px outset #C0C0C0)]
        LayoutBlockFlow (anonymous) at (8,2) size 56.25x12
          LayoutText {#text} at (0,0) size 57x12
            text run at (0,0) width 57: "Test Button"
      LayoutText {#text} at (381,1) size 5x18
        text run at (381,1) width 5: " "
      LayoutButton {BUTTON} at (385.19,2) size 77.52x18 [bgcolor=#C0C0C0] [border: none (2px outset #C0C0C0) none (2px outset #C0C0C0)]
        LayoutBlockFlow (anonymous) at (8,2) size 61.52x13
          LayoutText {#text} at (0,0) size 62x13
            text run at (0,0) width 62: "Test Button"
      LayoutText {#text} at (462,1) size 5x18
        text run at (462,1) width 5: " "
      LayoutButton {INPUT} at (466.70,2) size 77.52x18 [bgcolor=#C0C0C0]
        LayoutBlockFlow (anonymous) at (8,2) size 61.52x13
          LayoutText {#text} at (0,0) size 62x13
            text run at (0,0) width 62: "Test Button"
      LayoutText {#text} at (544,1) size 5x18
        text run at (544,1) width 5: " "
      LayoutButton {BUTTON} at (548.22,1) size 82.70x20 [bgcolor=#C0C0C0] [border: none (2px outset #C0C0C0) none (2px outset #C0C0C0)]
        LayoutBlockFlow (anonymous) at (8,2) size 66.70x15
          LayoutText {#text} at (0,0) size 67x15
            text run at (0,0) width 67: "Test Button"
      LayoutText {#text} at (630,1) size 5x18
        text run at (630,1) width 5: " "
      LayoutButton {BUTTON} at (634.92,0) size 87.67x21 [bgcolor=#C0C0C0] [border: none (2px outset #C0C0C0) none (2px outset #C0C0C0)]
        LayoutBlockFlow (anonymous) at (8,2) size 71.67x16
          LayoutText {#text} at (0,0) size 72x16
            text run at (0,0) width 72: "Test Button"
      LayoutText {#text} at (722,1) size 5x18
        text run at (722,1) width 5: " "
      LayoutButton {BUTTON} at (0,26) size 92.25x22 [bgcolor=#C0C0C0] [border: none (2px outset #C0C0C0) none (2px outset #C0C0C0)]
        LayoutBlockFlow (anonymous) at (8,2) size 76.25x17
          LayoutText {#text} at (0,0) size 77x17
            text run at (0,0) width 77: "Test Button"
      LayoutText {#text} at (92,28) size 5x18
        text run at (92,28) width 5: " "
      LayoutButton {BUTTON} at (96.25,26) size 97.03x22 [bgcolor=#C0C0C0] [border: none (2px outset #C0C0C0) none (2px outset #C0C0C0)]
        LayoutBlockFlow (anonymous) at (8,2) size 81.03x17
          LayoutText {#text} at (0,0) size 82x17
            text run at (0,0) width 82: "Test Button"
      LayoutText {#text} at (193,28) size 5x18
        text run at (193,28) width 5: " "
      LayoutButton {BUTTON} at (197.28,25) size 102.08x23 [bgcolor=#C0C0C0] [border: none (2px outset #C0C0C0) none (2px outset #C0C0C0)]
        LayoutBlockFlow (anonymous) at (8,2) size 86.08x18
          LayoutText {#text} at (0,0) size 87x18
            text run at (0,0) width 87: "Test Button"
      LayoutText {#text} at (299,28) size 5x18
        text run at (299,28) width 5: " "
      LayoutButton {BUTTON} at (303.36,24) size 107.08x25 [bgcolor=#C0C0C0] [border: none (2px outset #C0C0C0) none (2px outset #C0C0C0)]
        LayoutBlockFlow (anonymous) at (8,2) size 91.08x20
          LayoutText {#text} at (0,0) size 92x20
            text run at (0,0) width 92: "Test Button"
      LayoutText {#text} at (410,28) size 5x18
        text run at (410,28) width 5: " "
      LayoutButton {BUTTON} at (414.44,23) size 111.22x26 [bgcolor=#C0C0C0] [border: none (2px outset #C0C0C0) none (2px outset #C0C0C0)]
        LayoutBlockFlow (anonymous) at (8,2) size 95.22x21
          LayoutText {#text} at (0,0) size 96x21
            text run at (0,0) width 96: "Test Button"
      LayoutText {#text} at (525,28) size 5x18
        text run at (525,28) width 5: " "
      LayoutButton {BUTTON} at (529.66,22) size 115.66x27 [bgcolor=#C0C0C0] [border: none (2px outset #C0C0C0) none (2px outset #C0C0C0)]
        LayoutBlockFlow (anonymous) at (8,2) size 99.66x22
          LayoutText {#text} at (0,0) size 100x22
            text run at (0,0) width 100: "Test Button"
      LayoutText {#text} at (645,28) size 5x18
        text run at (645,28) width 5: " "
      LayoutButton {BUTTON} at (649.31,21) size 120.02x28 [bgcolor=#C0C0C0] [border: none (2px outset #C0C0C0) none (2px outset #C0C0C0)]
        LayoutBlockFlow (anonymous) at (8,2) size 104.02x23
          LayoutText {#text} at (0,0) size 104x23
            text run at (0,0) width 104: "Test Button"
      LayoutText {#text} at (769,28) size 5x18
        text run at (769,28) width 5: " "
      LayoutButton {BUTTON} at (0,49) size 124.75x29 [bgcolor=#C0C0C0] [border: none (2px outset #C0C0C0) none (2px outset #C0C0C0)]
        LayoutBlockFlow (anonymous) at (8,2) size 108.75x24
          LayoutText {#text} at (0,0) size 109x24
            text run at (0,0) width 109: "Test Button"
      LayoutText {#text} at (0,0) size 0x0
