layer at (0,0) size 800x600
  LayoutView at (0,0) size 800x600
layer at (0,0) size 800x600
  LayoutBlockFlow {HTML} at (0,0) size 800x600
    LayoutBlockFlow {BODY} at (8,8) size 784x584
      LayoutText {#text} at (0,0) size 533x18
        text run at (0,0) width 533: "This tests that we don't honor line-height for controls that have restricted font size. "
      LayoutBR {BR} at (0,0) size 0x0
      LayoutMenuList {SELECT} at (0,19) size 303x18 [bgcolor=#F8F8F8]
        LayoutBlockFlow (anonymous) at (0,0) size 303x18
          LayoutText (anonymous) at (8,2) size 272x13
            text run at (8,2) width 272: "This text should be centered vertically in the button"
      LayoutText {#text} at (303,18) size 4x18
        text run at (303,18) width 4: " "
      LayoutBR {BR} at (0,0) size 0x0
      LayoutButton {INPUT} at (0,38) size 287.52x18 [bgcolor=#C0C0C0]
        LayoutBlockFlow (anonymous) at (8,2) size 271.52x13
          LayoutText {#text} at (0,0) size 272x13
            text run at (0,0) width 272: "This text should be centered vertically in the button"
      LayoutText {#text} at (287,37) size 5x18
        text run at (287,37) width 5: " "
      LayoutBR {BR} at (0,0) size 0x0
      LayoutTextControl {INPUT} at (0,56) size 133x19 [bgcolor=#FFFFFF] [border: (2px inset #EEEEEE)]
        LayoutFlexibleBox {DIV} at (4,3) size 125x13
          LayoutBlockFlow {DIV} at (0,6.50) size 5x0
          LayoutBlockFlow {DIV} at (5,0) size 108x13
      LayoutText {#text} at (0,0) size 0x0
layer at (17,67) size 108x13 scrollWidth 272
  LayoutBlockFlow {DIV} at (0,0) size 108x13
    LayoutText {#text} at (0,0) size 272x13
      text run at (0,0) width 272: "This text should be centered vertically in the button"
layer at (126,68) size 11x11 transparent
  LayoutBlockFlow {DIV} at (114,1) size 11x11
