layer at (0,0) size 800x600
  LayoutView at (0,0) size 800x600
layer at (0,0) size 800x600
  LayoutBlockFlow {HTML} at (0,0) size 800x600
    LayoutBlockFlow {BODY} at (8,8) size 784x584
      LayoutMenuList {SELECT} at (0,0) size 62x18 [color=#808080] [bgcolor=#F8F8F8]
        LayoutBlockFlow (anonymous) at (0,0) size 62x18
          LayoutText (anonymous) at (8,2) size 31x13
            text run at (8,2) width 31: "PASS"
      LayoutBR {BR} at (62,13) size 0x0
      LayoutMenuList {SELECT} at (0,18) size 62x18 [color=#808080] [bgcolor=#F8F8F8]
        LayoutBlockFlow (anonymous) at (0,0) size 62x18
          LayoutText (anonymous) at (8,2) size 31x13
            text run at (8,2) width 31: "PASS"
      LayoutBR {BR} at (62,31) size 0x0
      LayoutMenuList {SELECT} at (0,36) size 62x18 [bgcolor=#F8F8F8]
        LayoutBlockFlow (anonymous) at (0,0) size 62x18
          LayoutText (anonymous) at (8,2) size 31x13
            text run at (8,2) width 31: "PASS"
      LayoutBR {BR} at (62,49) size 0x0
      LayoutMenuList {SELECT} at (0,54) size 62x18 [bgcolor=#F8F8F8]
        LayoutBlockFlow (anonymous) at (0,0) size 62x18
          LayoutText (anonymous) at (8,2) size 31x13
            text run at (8,2) width 31: "PASS"
      LayoutBR {BR} at (62,67) size 0x0
      LayoutBR {BR} at (47,98) size 1x0
      LayoutBR {BR} at (47,128) size 1x0
      LayoutBR {BR} at (47,158) size 1x0
      LayoutBR {BR} at (47,188) size 1x0
      LayoutText {#text} at (0,192) size 497x18
        text run at (0,192) width 497: "PASS: sel1 correctly set to selectedIndex 1 by sel1.options[1].selected = true."
      LayoutBR {BR} at (496,206) size 1x0
      LayoutText {#text} at (0,210) size 447x18
        text run at (0,210) width 447: "PASS: sel2 correctly set to selectedIndex 1 by sel2.selectedIndex = 1."
      LayoutBR {BR} at (446,224) size 1x0
      LayoutText {#text} at (0,228) size 497x18
        text run at (0,228) width 497: "PASS: sel3 correctly set to selectedIndex 1 by sel3.options[1].selected = true."
      LayoutBR {BR} at (496,242) size 1x0
      LayoutText {#text} at (0,246) size 447x18
        text run at (0,246) width 447: "PASS: sel4 correctly set to selectedIndex 1 by sel4.selectedIndex = 1."
      LayoutBR {BR} at (446,260) size 1x0
      LayoutText {#text} at (0,264) size 497x18
        text run at (0,264) width 497: "PASS: sel5 correctly set to selectedIndex 1 by sel5.options[1].selected = true."
      LayoutBR {BR} at (496,278) size 1x0
      LayoutText {#text} at (0,282) size 447x18
        text run at (0,282) width 447: "PASS: sel6 correctly set to selectedIndex 1 by sel6.selectedIndex = 1."
      LayoutBR {BR} at (446,296) size 1x0
      LayoutText {#text} at (0,300) size 497x18
        text run at (0,300) width 497: "PASS: sel7 correctly set to selectedIndex 1 by sel7.options[1].selected = true."
      LayoutBR {BR} at (496,314) size 1x0
      LayoutText {#text} at (0,318) size 447x18
        text run at (0,318) width 447: "PASS: sel8 correctly set to selectedIndex 1 by sel8.selectedIndex = 1."
      LayoutBR {BR} at (446,332) size 1x0
layer at (8,80) size 47x30 clip at (9,81) size 34x28
  LayoutListBox {SELECT} at (0,71.63) size 47.19x30.38 [color=#7F7F7F] [bgcolor=#FFFFFF] [border: (1px solid #999999)]
    LayoutBlockFlow {OPTION} at (1,1) size 34.19x14.19
      LayoutText {#text} at (2,0) size 24x13
        text run at (2,0) width 24: "FAIL"
    LayoutBlockFlow {OPTION} at (1,15.19) size 34.19x14.19 [color=#808080] [bgcolor=#D4D4D4]
      LayoutText {#text} at (2,0) size 31x13
        text run at (2,0) width 31: "PASS"
layer at (8,110) size 47x30 clip at (9,111) size 34x28
  LayoutListBox {SELECT} at (0,101.63) size 47.19x30.38 [color=#7F7F7F] [bgcolor=#FFFFFF] [border: (1px solid #999999)]
    LayoutBlockFlow {OPTION} at (1,1) size 34.19x14.19
      LayoutText {#text} at (2,0) size 24x13
        text run at (2,0) width 24: "FAIL"
    LayoutBlockFlow {OPTION} at (1,15.19) size 34.19x14.19 [color=#808080] [bgcolor=#D4D4D4]
      LayoutText {#text} at (2,0) size 31x13
        text run at (2,0) width 31: "PASS"
layer at (8,140) size 47x30 clip at (9,141) size 34x28
  LayoutListBox {SELECT} at (0,131.63) size 47.19x30.38 [bgcolor=#FFFFFF] [border: (1px solid #999999)]
    LayoutBlockFlow {OPTION} at (1,1) size 34.19x14.19
      LayoutText {#text} at (2,0) size 24x13
        text run at (2,0) width 24: "FAIL"
    LayoutBlockFlow {OPTION} at (1,15.19) size 34.19x14.19 [color=#808080] [bgcolor=#D4D4D4]
      LayoutText {#text} at (2,0) size 31x13
        text run at (2,0) width 31: "PASS"
layer at (8,170) size 47x30 clip at (9,171) size 34x28
  LayoutListBox {SELECT} at (0,161.63) size 47.19x30.38 [bgcolor=#FFFFFF] [border: (1px solid #999999)]
    LayoutBlockFlow {OPTION} at (1,1) size 34.19x14.19
      LayoutText {#text} at (2,0) size 24x13
        text run at (2,0) width 24: "FAIL"
    LayoutBlockFlow {OPTION} at (1,15.19) size 34.19x14.19 [color=#808080] [bgcolor=#D4D4D4]
      LayoutText {#text} at (2,0) size 31x13
        text run at (2,0) width 31: "PASS"
