layer at (0,0) size 800x600
  LayoutView at (0,0) size 800x600
layer at (0,0) size 800x600
  LayoutBlockFlow {HTML} at (0,0) size 800x600
    LayoutBlockFlow {BODY} at (8,8) size 784x584
      LayoutText {#text} at (0,0) size 681x18
        text run at (0,0) width 681: "In the list box below, the text \"This text should appear\" should be shown as the first entry into the list box."
      LayoutBR {BR} at (680,14) size 1x0
      LayoutText {#text} at (0,0) size 0x0
layer at (8,26) size 141x73 clip at (9,27) size 128x71 scrollHeight 70
  LayoutListBox {SELECT} at (0,18.06) size 141.34x72.94 [bgcolor=#FFFFFF] [border: (1px solid #999999)]
    LayoutBlockFlow {OPTION} at (1,1) size 128.34x14.19
      LayoutText {#text} at (2,0) size 125x13
        text run at (2,0) width 125: "This text should appear"
