layer at (0,0) size 800x600
  LayoutView at (0,0) size 800x600
layer at (0,0) size 800x600
  LayoutBlockFlow {HTML} at (0,0) size 800x600
    LayoutBlockFlow {BODY} at (8,8) size 784x584
      LayoutButton {INPUT} at (0,3) size 67.64x15 [bgcolor=#C0C0C0]
        LayoutBlockFlow (anonymous) at (8,2) size 51.64x11
          LayoutText {#text} at (0,0) size 52x11
            text run at (0,0) width 52: "Test Button"
      LayoutText {#text} at (67,0) size 5x18
        text run at (67,0) width 5: " "
      LayoutButton {INPUT} at (71.64,3) size 67.64x15 [bgcolor=#C0C0C0]
        LayoutBlockFlow (anonymous) at (8,2) size 51.64x11
          LayoutText {#text} at (0,0) size 52x11
            text run at (0,0) width 52: "Test Button"
      LayoutText {#text} at (139,0) size 5x18
        text run at (139,0) width 5: " "
      LayoutButton {INPUT} at (143.28,3) size 67.64x15 [bgcolor=#C0C0C0]
        LayoutBlockFlow (anonymous) at (8,2) size 51.64x11
          LayoutText {#text} at (0,0) size 52x11
            text run at (0,0) width 52: "Test Button"
      LayoutText {#text} at (210,0) size 5x18
        text run at (210,0) width 5: " "
      LayoutButton {INPUT} at (214.92,3) size 67.64x15 [bgcolor=#C0C0C0]
        LayoutBlockFlow (anonymous) at (8,2) size 51.64x11
          LayoutText {#text} at (0,0) size 52x11
            text run at (0,0) width 52: "Test Button"
      LayoutText {#text} at (282,0) size 5x18
        text run at (282,0) width 5: " "
      LayoutButton {INPUT} at (286.56,3) size 67.64x15 [bgcolor=#C0C0C0]
        LayoutBlockFlow (anonymous) at (8,2) size 51.64x11
          LayoutText {#text} at (0,0) size 52x11
            text run at (0,0) width 52: "Test Button"
      LayoutText {#text} at (354,0) size 5x18
        text run at (354,0) width 5: " "
      LayoutButton {INPUT} at (358.20,3) size 67.64x15 [bgcolor=#C0C0C0]
        LayoutBlockFlow (anonymous) at (8,2) size 51.64x11
          LayoutText {#text} at (0,0) size 52x11
            text run at (0,0) width 52: "Test Button"
      LayoutText {#text} at (425,0) size 5x18
        text run at (425,0) width 5: " "
      LayoutButton {INPUT} at (429.84,1) size 77.52x18 [bgcolor=#C0C0C0]
        LayoutBlockFlow (anonymous) at (8,2) size 61.52x13
          LayoutText {#text} at (0,0) size 62x13
            text run at (0,0) width 62: "Test Button"
      LayoutText {#text} at (507,0) size 5x18
        text run at (507,0) width 5: " "
      LayoutButton {INPUT} at (511.36,1) size 77.52x18 [bgcolor=#C0C0C0]
        LayoutBlockFlow (anonymous) at (8,2) size 61.52x13
          LayoutText {#text} at (0,0) size 62x13
            text run at (0,0) width 62: "Test Button"
      LayoutText {#text} at (588,0) size 5x18
        text run at (588,0) width 5: " "
      LayoutButton {INPUT} at (592.88,1) size 77.52x18 [bgcolor=#C0C0C0]
        LayoutBlockFlow (anonymous) at (8,2) size 61.52x13
          LayoutText {#text} at (0,0) size 62x13
            text run at (0,0) width 62: "Test Button"
      LayoutText {#text} at (670,0) size 5x18
        text run at (670,0) width 5: " "
      LayoutButton {INPUT} at (674.39,1) size 77.52x18 [bgcolor=#C0C0C0]
        LayoutBlockFlow (anonymous) at (8,2) size 61.52x13
          LayoutText {#text} at (0,0) size 62x13
            text run at (0,0) width 62: "Test Button"
      LayoutText {#text} at (751,0) size 5x18
        text run at (751,0) width 5: " "
      LayoutButton {INPUT} at (0,21) size 77.52x18 [bgcolor=#C0C0C0]
        LayoutBlockFlow (anonymous) at (8,2) size 61.52x13
          LayoutText {#text} at (0,0) size 62x13
            text run at (0,0) width 62: "Test Button"
      LayoutText {#text} at (77,20) size 5x18
        text run at (77,20) width 5: " "
      LayoutButton {INPUT} at (81.52,19) size 87.67x21 [bgcolor=#C0C0C0]
        LayoutBlockFlow (anonymous) at (8,2) size 71.67x16
          LayoutText {#text} at (0,0) size 72x16
            text run at (0,0) width 72: "Test Button"
      LayoutText {#text} at (169,20) size 5x18
        text run at (169,20) width 5: " "
      LayoutButton {INPUT} at (173.19,19) size 87.67x21 [bgcolor=#C0C0C0]
        LayoutBlockFlow (anonymous) at (8,2) size 71.67x16
          LayoutText {#text} at (0,0) size 72x16
            text run at (0,0) width 72: "Test Button"
      LayoutText {#text} at (260,20) size 5x18
        text run at (260,20) width 5: " "
      LayoutButton {INPUT} at (264.86,19) size 87.67x21 [bgcolor=#C0C0C0]
        LayoutBlockFlow (anonymous) at (8,2) size 71.67x16
          LayoutText {#text} at (0,0) size 72x16
            text run at (0,0) width 72: "Test Button"
      LayoutText {#text} at (352,20) size 5x18
        text run at (352,20) width 5: " "
      LayoutButton {INPUT} at (356.53,19) size 87.67x21 [bgcolor=#C0C0C0]
        LayoutBlockFlow (anonymous) at (8,2) size 71.67x16
          LayoutText {#text} at (0,0) size 72x16
            text run at (0,0) width 72: "Test Button"
      LayoutText {#text} at (444,20) size 5x18
        text run at (444,20) width 5: " "
      LayoutButton {INPUT} at (448.20,19) size 87.67x21 [bgcolor=#C0C0C0]
        LayoutBlockFlow (anonymous) at (8,2) size 71.67x16
          LayoutText {#text} at (0,0) size 72x16
            text run at (0,0) width 72: "Test Button"
      LayoutText {#text} at (535,20) size 5x18
        text run at (535,20) width 5: " "
      LayoutButton {INPUT} at (539.88,19) size 87.67x21 [bgcolor=#C0C0C0]
        LayoutBlockFlow (anonymous) at (8,2) size 71.67x16
          LayoutText {#text} at (0,0) size 72x16
            text run at (0,0) width 72: "Test Button"
      LayoutText {#text} at (0,0) size 0x0
