layer at (0,0) size 800x600
  LayoutView at (0,0) size 800x600
layer at (0,0) size 800x600
  LayoutBlockFlow {HTML} at (0,0) size 800x600
    LayoutBlockFlow {BODY} at (8,8) size 784x576
      LayoutBlockFlow {P} at (0,0) size 784x36
        LayoutText {#text} at (0,0) size 765x36
          text run at (0,0) width 765: "Results that match WinIE are two columns on the right that say \"after\" every time, except for the last row which should"
          text run at (0,18) width 196: "have nothing in either column."
      LayoutBlockFlow {P} at (0,52) size 784x18
        LayoutText {#text} at (0,0) size 728x18
          text run at (0,0) width 728: "Results that match Gecko are like WinIE, but with \"before\" for the attribute in the first two rows and the last row."
      LayoutBlockFlow {HR} at (0,86) size 784x2 [border: (1px inset #EEEEEE)]
      LayoutBlockFlow {FORM} at (0,96) size 784x338
        LayoutTable {TABLE} at (0,0) size 752x338
          LayoutTableSection {THEAD} at (0,0) size 752x24
            LayoutTableRow {TR} at (0,2) size 752x20
              LayoutTableCell {TH} at (2,2) size 392x20 [r=0 c=0 rs=1 cs=1]
                LayoutText {#text} at (1,1) size 57x18
                  text run at (1,1) width 57: "test case"
              LayoutTableCell {TH} at (396,2) size 224x20 [r=0 c=1 rs=1 cs=1]
                LayoutText {#text} at (1,1) size 92x18
                  text run at (1,1) width 92: "form element"
              LayoutTableCell {TH} at (622,2) size 63x20 [r=0 c=2 rs=1 cs=1]
                LayoutText {#text} at (1,1) size 61x18
                  text run at (1,1) width 61: "property"
              LayoutTableCell {TH} at (687,2) size 63x20 [r=0 c=3 rs=1 cs=1]
                LayoutText {#text} at (1,1) size 61x18
                  text run at (1,1) width 61: "attribute"
          LayoutTableSection {TBODY} at (0,24) size 752x314
            LayoutTableRow {TR} at (0,0) size 752x21
              LayoutTableCell {TD} at (2,0) size 392x20 [r=0 c=0 rs=1 cs=1]
                LayoutText {#text} at (1,1) size 211x18
                  text run at (1,1) width 211: "text with value property changed"
              LayoutTableCell {TD} at (396,0) size 224x21 [r=0 c=1 rs=1 cs=1]
                LayoutTextControl {INPUT} at (1,1) size 131x19 [bgcolor=#FFFFFF] [border: (2px inset #EEEEEE)]
              LayoutTableCell {TD} at (622,0) size 63x20 [r=0 c=2 rs=1 cs=1]
                LayoutText {#text} at (1,1) size 30x18
                  text run at (1,1) width 30: "after"
              LayoutTableCell {TD} at (687,0) size 63x20 [r=0 c=3 rs=1 cs=1]
                LayoutText {#text} at (1,1) size 41x18
                  text run at (1,1) width 41: "before"
            LayoutTableRow {TR} at (0,23) size 752x21
              LayoutTableCell {TD} at (2,23) size 392x20 [r=1 c=0 rs=1 cs=1]
                LayoutText {#text} at (1,1) size 248x18
                  text run at (1,1) width 248: "password with value property changed"
              LayoutTableCell {TD} at (396,23) size 224x21 [r=1 c=1 rs=1 cs=1]
                LayoutTextControl {INPUT} at (1,1) size 131x19 [bgcolor=#FFFFFF] [border: (2px inset #EEEEEE)]
              LayoutTableCell {TD} at (622,23) size 63x20 [r=1 c=2 rs=1 cs=1]
                LayoutText {#text} at (1,1) size 30x18
                  text run at (1,1) width 30: "after"
              LayoutTableCell {TD} at (687,23) size 63x20 [r=1 c=3 rs=1 cs=1]
                LayoutText {#text} at (1,1) size 41x18
                  text run at (1,1) width 41: "before"
            LayoutTableRow {TR} at (0,46) size 752x20
              LayoutTableCell {TD} at (2,46) size 392x20 [r=2 c=0 rs=1 cs=1]
                LayoutText {#text} at (1,1) size 252x18
                  text run at (1,1) width 252: "check box with value property changed"
              LayoutTableCell {TD} at (396,46) size 224x20 [r=2 c=1 rs=1 cs=1]
                LayoutBlockFlow {INPUT} at (3.88,4) size 12x12
              LayoutTableCell {TD} at (622,46) size 63x20 [r=2 c=2 rs=1 cs=1]
                LayoutText {#text} at (1,1) size 30x18
                  text run at (1,1) width 30: "after"
              LayoutTableCell {TD} at (687,46) size 63x20 [r=2 c=3 rs=1 cs=1]
                LayoutText {#text} at (1,1) size 30x18
                  text run at (1,1) width 30: "after"
            LayoutTableRow {TR} at (0,68) size 752x20
              LayoutTableCell {TD} at (2,68) size 392x20 [r=3 c=0 rs=1 cs=1]
                LayoutText {#text} at (1,1) size 231x18
                  text run at (1,1) width 231: "hidden with value property changed"
              LayoutTableCell {TD} at (396,77) size 224x2 [r=3 c=1 rs=1 cs=1]
              LayoutTableCell {TD} at (622,68) size 63x20 [r=3 c=2 rs=1 cs=1]
                LayoutText {#text} at (1,1) size 30x18
                  text run at (1,1) width 30: "after"
              LayoutTableCell {TD} at (687,68) size 63x20 [r=3 c=3 rs=1 cs=1]
                LayoutText {#text} at (1,1) size 30x18
                  text run at (1,1) width 30: "after"
            LayoutTableRow {TR} at (0,90) size 752x20
              LayoutTableCell {TD} at (2,90) size 392x20 [r=4 c=0 rs=1 cs=1]
                LayoutText {#text} at (1,1) size 228x18
                  text run at (1,1) width 228: "button with value property changed"
              LayoutTableCell {TD} at (396,90) size 224x20 [r=4 c=1 rs=1 cs=1]
                LayoutButton {INPUT} at (1,1) size 40.08x18 [bgcolor=#C0C0C0]
                  LayoutBlockFlow (anonymous) at (8,2) size 24.08x13
                    LayoutText {#text} at (0,0) size 25x13
                      text run at (0,0) width 25: "after"
              LayoutTableCell {TD} at (622,90) size 63x20 [r=4 c=2 rs=1 cs=1]
                LayoutText {#text} at (1,1) size 30x18
                  text run at (1,1) width 30: "after"
              LayoutTableCell {TD} at (687,90) size 63x20 [r=4 c=3 rs=1 cs=1]
                LayoutText {#text} at (1,1) size 30x18
                  text run at (1,1) width 30: "after"
            LayoutTableRow {TR} at (0,112) size 752x20
              LayoutTableCell {TD} at (2,112) size 392x20 [r=5 c=0 rs=1 cs=1]
                LayoutText {#text} at (1,1) size 226x18
                  text run at (1,1) width 226: "image with value property changed"
              LayoutTableCell {TD} at (396,112) size 224x19 [r=5 c=1 rs=1 cs=1]
                LayoutBlockFlow {INPUT} at (1,1) size 37.91x17
              LayoutTableCell {TD} at (622,112) size 63x20 [r=5 c=2 rs=1 cs=1]
                LayoutText {#text} at (1,1) size 30x18
                  text run at (1,1) width 30: "after"
              LayoutTableCell {TD} at (687,112) size 63x20 [r=5 c=3 rs=1 cs=1]
                LayoutText {#text} at (1,1) size 30x18
                  text run at (1,1) width 30: "after"
            LayoutTableRow {TR} at (0,134) size 752x21
              LayoutTableCell {TD} at (2,134) size 392x20 [r=6 c=0 rs=1 cs=1]
                LayoutText {#text} at (1,1) size 220x18
                  text run at (1,1) width 220: "radio with value property changed"
              LayoutTableCell {TD} at (396,134) size 224x21 [r=6 c=1 rs=1 cs=1]
                LayoutBlockFlow {INPUT} at (3.88,4) size 12x13
              LayoutTableCell {TD} at (622,134) size 63x20 [r=6 c=2 rs=1 cs=1]
                LayoutText {#text} at (1,1) size 30x18
                  text run at (1,1) width 30: "after"
              LayoutTableCell {TD} at (687,134) size 63x20 [r=6 c=3 rs=1 cs=1]
                LayoutText {#text} at (1,1) size 30x18
                  text run at (1,1) width 30: "after"
            LayoutTableRow {TR} at (0,157) size 752x21
              LayoutTableCell {TD} at (2,157) size 392x20 [r=7 c=0 rs=1 cs=1]
                LayoutText {#text} at (1,1) size 210x18
                  text run at (1,1) width 210: "text with value attribute changed"
              LayoutTableCell {TD} at (396,157) size 224x21 [r=7 c=1 rs=1 cs=1]
                LayoutTextControl {INPUT} at (1,1) size 131x19 [bgcolor=#FFFFFF] [border: (2px inset #EEEEEE)]
              LayoutTableCell {TD} at (622,157) size 63x20 [r=7 c=2 rs=1 cs=1]
                LayoutText {#text} at (1,1) size 30x18
                  text run at (1,1) width 30: "after"
              LayoutTableCell {TD} at (687,157) size 63x20 [r=7 c=3 rs=1 cs=1]
                LayoutText {#text} at (1,1) size 30x18
                  text run at (1,1) width 30: "after"
            LayoutTableRow {TR} at (0,180) size 752x20
              LayoutTableCell {TD} at (2,180) size 392x20 [r=8 c=0 rs=1 cs=1]
                LayoutText {#text} at (1,1) size 252x18
                  text run at (1,1) width 252: "check box with value attribute changed"
              LayoutTableCell {TD} at (396,180) size 224x20 [r=8 c=1 rs=1 cs=1]
                LayoutBlockFlow {INPUT} at (3.88,4) size 12x12
              LayoutTableCell {TD} at (622,180) size 63x20 [r=8 c=2 rs=1 cs=1]
                LayoutText {#text} at (1,1) size 30x18
                  text run at (1,1) width 30: "after"
              LayoutTableCell {TD} at (687,180) size 63x20 [r=8 c=3 rs=1 cs=1]
                LayoutText {#text} at (1,1) size 30x18
                  text run at (1,1) width 30: "after"
            LayoutTableRow {TR} at (0,202) size 752x20
              LayoutTableCell {TD} at (2,202) size 392x20 [r=9 c=0 rs=1 cs=1]
                LayoutText {#text} at (1,1) size 390x18
                  text run at (1,1) width 390: "text with value property changed, then turned into check box"
              LayoutTableCell {TD} at (396,202) size 224x20 [r=9 c=1 rs=1 cs=1]
                LayoutBlockFlow {INPUT} at (3.88,4) size 12x12
              LayoutTableCell {TD} at (622,202) size 63x20 [r=9 c=2 rs=1 cs=1]
                LayoutText {#text} at (1,1) size 30x18
                  text run at (1,1) width 30: "after"
              LayoutTableCell {TD} at (687,202) size 63x20 [r=9 c=3 rs=1 cs=1]
                LayoutText {#text} at (1,1) size 30x18
                  text run at (1,1) width 30: "after"
            LayoutTableRow {TR} at (0,224) size 752x21
              LayoutTableCell {TD} at (2,224) size 392x20 [r=10 c=0 rs=1 cs=1]
                LayoutText {#text} at (1,1) size 390x18
                  text run at (1,1) width 390: "check box with value property changed, then turned into text"
              LayoutTableCell {TD} at (396,224) size 224x21 [r=10 c=1 rs=1 cs=1]
                LayoutTextControl {INPUT} at (1,1) size 131x19 [bgcolor=#FFFFFF] [border: (2px inset #EEEEEE)]
              LayoutTableCell {TD} at (622,224) size 63x20 [r=10 c=2 rs=1 cs=1]
                LayoutText {#text} at (1,1) size 30x18
                  text run at (1,1) width 30: "after"
              LayoutTableCell {TD} at (687,224) size 63x20 [r=10 c=3 rs=1 cs=1]
                LayoutText {#text} at (1,1) size 30x18
                  text run at (1,1) width 30: "after"
            LayoutTableRow {TR} at (0,247) size 752x20
              LayoutTableCell {TD} at (2,247) size 392x20 [r=11 c=0 rs=1 cs=1]
                LayoutText {#text} at (1,1) size 389x18
                  text run at (1,1) width 389: "text with value attribute changed, then turned into check box"
              LayoutTableCell {TD} at (396,247) size 224x20 [r=11 c=1 rs=1 cs=1]
                LayoutBlockFlow {INPUT} at (3.88,4) size 12x12
              LayoutTableCell {TD} at (622,247) size 63x20 [r=11 c=2 rs=1 cs=1]
                LayoutText {#text} at (1,1) size 30x18
                  text run at (1,1) width 30: "after"
              LayoutTableCell {TD} at (687,247) size 63x20 [r=11 c=3 rs=1 cs=1]
                LayoutText {#text} at (1,1) size 30x18
                  text run at (1,1) width 30: "after"
            LayoutTableRow {TR} at (0,269) size 752x21
              LayoutTableCell {TD} at (2,269) size 392x20 [r=12 c=0 rs=1 cs=1]
                LayoutText {#text} at (1,1) size 389x18
                  text run at (1,1) width 389: "check box with value attribute changed, then turned into text"
              LayoutTableCell {TD} at (396,269) size 224x21 [r=12 c=1 rs=1 cs=1]
                LayoutTextControl {INPUT} at (1,1) size 131x19 [bgcolor=#FFFFFF] [border: (2px inset #EEEEEE)]
              LayoutTableCell {TD} at (622,269) size 63x20 [r=12 c=2 rs=1 cs=1]
                LayoutText {#text} at (1,1) size 30x18
                  text run at (1,1) width 30: "after"
              LayoutTableCell {TD} at (687,269) size 63x20 [r=12 c=3 rs=1 cs=1]
                LayoutText {#text} at (1,1) size 30x18
                  text run at (1,1) width 30: "after"
            LayoutTableRow {TR} at (0,292) size 752x20
              LayoutTableCell {TD} at (2,292) size 392x20 [r=13 c=0 rs=1 cs=1]
                LayoutText {#text} at (1,1) size 208x18
                  text run at (1,1) width 208: "file with value property changed"
              LayoutTableCell {TD} at (396,292) size 224x20 [r=13 c=1 rs=1 cs=1]
                LayoutFileUploadControl {INPUT} at (1,1) size 222x18 "No file chosen"
                  LayoutButton {INPUT} at (0,0) size 78.53x18 [bgcolor=#C0C0C0]
                    LayoutBlockFlow (anonymous) at (8,2) size 62.53x13
                      LayoutText {#text} at (0,0) size 63x13
                        text run at (0,0) width 63: "Choose File"
              LayoutTableCell {TD} at (622,301) size 63x2 [r=13 c=2 rs=1 cs=1]
              LayoutTableCell {TD} at (687,292) size 63x20 [r=13 c=3 rs=1 cs=1]
                LayoutText {#text} at (1,1) size 41x18
                  text run at (1,1) width 41: "before"
layer at (408,132) size 125x13
  LayoutBlockFlow {DIV} at (3,3) size 125x13
    LayoutText {#text} at (0,0) size 34x13
      text run at (0,0) width 34: "before"
layer at (408,155) size 125x13
  LayoutBlockFlow {DIV} at (3,3) size 125x13
    LayoutText {#text} at (0,0) size 40x13
      text run at (0,0) width 40: "\x{2022}\x{2022}\x{2022}\x{2022}\x{2022}\x{2022}"
layer at (405,241) size 38x17 clip at (406,242) size 36x15
  LayoutBlockFlow {DIV} at (0,0) size 37.91x17 [border: (1px solid #C0C0C0)]
layer at (407,243) size 34x13
  LayoutBlockFlow {DIV} at (2,2) size 33.91x13
    LayoutText {#text} at (0,0) size 34x13
      text run at (0,0) width 34: "before"
layer at (408,289) size 125x13
  LayoutBlockFlow {DIV} at (3,3) size 125x13
    LayoutText {#text} at (0,0) size 25x13
      text run at (0,0) width 25: "after"
layer at (408,356) size 125x13
  LayoutBlockFlow {DIV} at (3,3) size 125x13
    LayoutText {#text} at (0,0) size 25x13
      text run at (0,0) width 25: "after"
layer at (408,401) size 125x13
  LayoutBlockFlow {DIV} at (3,3) size 125x13
    LayoutText {#text} at (0,0) size 25x13
      text run at (0,0) width 25: "after"
