layer at (0,0) size 800x600
  LayoutView at (0,0) size 800x600
layer at (0,0) size 800x408
  LayoutBlockFlow {HTML} at (0,0) size 800x408
    LayoutBlockFlow {BODY} at (8,8) size 784x392
      LayoutBlockFlow (anonymous) at (0,0) size 784x36
        LayoutText {#text} at (0,0) size 615x18
          text run at (0,0) width 615: "This test verifies the visual alignment of items in a select element while changing text direction."
        LayoutBR {BR} at (614,0) size 1x18
        LayoutText {#text} at (0,18) size 438x18
          text run at (0,18) width 438: "All the items in the following select elements should be left-aligned."
      LayoutTable {TABLE} at (0,36) size 646x100
        LayoutTableSection {TBODY} at (0,0) size 646x100
          LayoutTableRow {TR} at (0,2) size 646x47
            LayoutTableCell {TD} at (2,2) size 154x47 [r=0 c=0 rs=1 cs=1]
            LayoutTableCell {TD} at (158,2) size 164x47 [r=0 c=1 rs=1 cs=1]
            LayoutTableCell {TD} at (324,2) size 154x47 [r=0 c=2 rs=1 cs=1]
            LayoutTableCell {TD} at (480,2) size 164x47 [r=0 c=3 rs=1 cs=1]
          LayoutTableRow {TR} at (0,51) size 646x47
            LayoutTableCell {TD} at (2,51) size 154x47 [r=1 c=0 rs=1 cs=1]
            LayoutTableCell {TD} at (158,51) size 164x47 [r=1 c=1 rs=1 cs=1]
      LayoutBlockFlow (anonymous) at (0,136) size 784x18
        LayoutText {#text} at (0,0) size 447x18
          text run at (0,0) width 447: "All the items in the following select elements should be right-aligned."
      LayoutTable {TABLE} at (0,154) size 638x100
        LayoutTableSection {TBODY} at (0,0) size 638x100
          LayoutTableRow {TR} at (0,2) size 638x47
            LayoutTableCell {TD} at (2,2) size 162x47 [r=0 c=0 rs=1 cs=1]
            LayoutTableCell {TD} at (166,2) size 152x47 [r=0 c=1 rs=1 cs=1]
            LayoutTableCell {TD} at (320,2) size 162x47 [r=0 c=2 rs=1 cs=1]
            LayoutTableCell {TD} at (484,2) size 152x47 [r=0 c=3 rs=1 cs=1]
          LayoutTableRow {TR} at (0,51) size 638x47
            LayoutTableCell {TD} at (2,51) size 162x47 [r=1 c=0 rs=1 cs=1]
            LayoutTableCell {TD} at (166,51) size 152x47 [r=1 c=1 rs=1 cs=1]
      LayoutBlockFlow (anonymous) at (0,254) size 784x18
        LayoutText {#text} at (0,0) size 456x18
          text run at (0,0) width 456: "All the items in the following select elements should be center-aligned."
      LayoutTable {TABLE} at (0,272) size 676x51
        LayoutTableSection {TBODY} at (0,0) size 676x51
          LayoutTableRow {TR} at (0,2) size 676x47
            LayoutTableCell {TD} at (2,2) size 171x47 [r=0 c=0 rs=1 cs=1]
            LayoutTableCell {TD} at (175,2) size 162x47 [r=0 c=1 rs=1 cs=1]
            LayoutTableCell {TD} at (339,2) size 171x47 [r=0 c=2 rs=1 cs=1]
            LayoutTableCell {TD} at (512,2) size 162x47 [r=0 c=3 rs=1 cs=1]
      LayoutBlockFlow (anonymous) at (0,323) size 784x18
        LayoutText {#text} at (0,0) size 296x18
          text run at (0,0) width 296: "The following tables check mixed alignments."
      LayoutTable {TABLE} at (0,341) size 724x51
        LayoutTableSection {TBODY} at (0,0) size 724x51
          LayoutTableRow {TR} at (0,2) size 724x47
            LayoutTableCell {TD} at (2,2) size 166x47 [r=0 c=0 rs=1 cs=1]
            LayoutTableCell {TD} at (170,2) size 166x47 [r=0 c=1 rs=1 cs=1]
            LayoutTableCell {TD} at (338,2) size 191x47 [r=0 c=2 rs=1 cs=1]
            LayoutTableCell {TD} at (531,2) size 191x47 [r=0 c=3 rs=1 cs=1]
layer at (11,47) size 152x45 clip at (12,48) size 139x43 scrollHeight 42
  LayoutListBox {SELECT} at (1,1.44) size 151.67x44.56 [bgcolor=#FFFFFF] [border: (1px solid #999999)]
    LayoutBlockFlow {OPTION} at (1,1) size 138.67x14.19
      LayoutText {#text} at (2,0) size 116x13
        text run at (2,0) width 116: "This is an English text"
    LayoutBlockFlow {OPTION} at (1,15.19) size 138.67x14.19
      LayoutText {#text} at (2,0) size 135x13
        text run at (2,0) width 135: "It needs to be left aligned"
    LayoutBlockFlow {OPTION} at (1,29.38) size 138.67x14.19
      LayoutText {#text} at (2,0) size 85x13
        text run at (2,0) width 85: "Some more text"
layer at (167,47) size 161x45 clip at (168,48) size 148x43 scrollHeight 42
  LayoutListBox {SELECT} at (1,1.44) size 161.30x44.56 [bgcolor=#FFFFFF] [border: (1px solid #999999)]
    LayoutBlockFlow {OPTION} at (1,1) size 148.30x14.19
      LayoutText {#text} at (2,0) size 86x13
        text run at (2,0) width 86 RTL: "\x{5D6}\x{5D4} \x{5D8}\x{5E7}\x{5E1}\x{5D8} \x{5D1}\x{5E2}\x{5D1}\x{5E8}\x{5D9}\x{5EA}"
    LayoutBlockFlow {OPTION} at (1,15.19) size 148.30x14.19
      LayoutText {#text} at (2,0) size 145x13
        text run at (2,0) width 145 RTL: "\x{5D4}\x{5D5}\x{5D0} \x{5E6}\x{5E8}\x{5D9}\x{5DA} \x{5DC}\x{5D4}\x{5D9}\x{5D5}\x{5EA} \x{5DE}\x{5D9}\x{5D5}\x{5E9}\x{5E8} \x{5DC}\x{5E9}\x{5DE}\x{5D0}\x{5DC}"
    LayoutBlockFlow {OPTION} at (1,29.38) size 148.30x14.19
      LayoutText {#text} at (2,0) size 80x13
        text run at (2,0) width 80 RTL: "\x{5D9}\x{5E9}\x{5E8}\x{5D0}\x{5DC} \x{5DE}\x{5EA}\x{5D9}\x{5D9}\x{5D1}\x{5E9}\x{5EA}"
layer at (333,47) size 152x45 clip at (345,48) size 139x43 scrollHeight 42
  LayoutListBox {SELECT} at (1,1.44) size 151.67x44.56 [bgcolor=#FFFFFF] [border: (1px solid #999999)]
    LayoutBlockFlow {OPTION} at (12,1) size 138.67x14.19
      LayoutText {#text} at (2,0) size 116x13
        text run at (2,0) width 116: "This is an English text"
    LayoutBlockFlow {OPTION} at (12,15.19) size 138.67x14.19
      LayoutText {#text} at (2,0) size 135x13
        text run at (2,0) width 135: "It needs to be left aligned"
    LayoutBlockFlow {OPTION} at (12,29.38) size 138.67x14.19
      LayoutText {#text} at (2,0) size 85x13
        text run at (2,0) width 85: "Some more text"
layer at (489,47) size 161x45 clip at (501,48) size 148x43 scrollHeight 42
  LayoutListBox {SELECT} at (1,1.44) size 161.30x44.56 [bgcolor=#FFFFFF] [border: (1px solid #999999)]
    LayoutBlockFlow {OPTION} at (12,1) size 148.30x14.19
      LayoutText {#text} at (2,0) size 86x13
        text run at (2,0) width 86 RTL: "\x{5D6}\x{5D4} \x{5D8}\x{5E7}\x{5E1}\x{5D8} \x{5D1}\x{5E2}\x{5D1}\x{5E8}\x{5D9}\x{5EA}"
    LayoutBlockFlow {OPTION} at (12,15.19) size 148.30x14.19
      LayoutText {#text} at (2,0) size 145x13
        text run at (2,0) width 145 RTL: "\x{5D4}\x{5D5}\x{5D0} \x{5E6}\x{5E8}\x{5D9}\x{5DA} \x{5DC}\x{5D4}\x{5D9}\x{5D5}\x{5EA} \x{5DE}\x{5D9}\x{5D5}\x{5E9}\x{5E8} \x{5DC}\x{5E9}\x{5DE}\x{5D0}\x{5DC}"
    LayoutBlockFlow {OPTION} at (12,29.38) size 148.30x14.19
      LayoutText {#text} at (2,0) size 80x13
        text run at (2,0) width 80 RTL: "\x{5D9}\x{5E9}\x{5E8}\x{5D0}\x{5DC} \x{5DE}\x{5EA}\x{5D9}\x{5D9}\x{5D1}\x{5E9}\x{5EA}"
layer at (11,96) size 152x45 clip at (12,97) size 139x43 scrollHeight 42
  LayoutListBox {SELECT} at (1,1.44) size 151.67x44.56 [bgcolor=#FFFFFF] [border: (1px solid #999999)]
    LayoutBlockFlow {OPTION} at (1,1) size 138.67x14.19
      LayoutText {#text} at (2,0) size 116x13
        text run at (2,0) width 116: "This is an English text"
    LayoutBlockFlow {OPTION} at (1,15.19) size 138.67x14.19
      LayoutText {#text} at (2,0) size 135x13
        text run at (2,0) width 135: "It needs to be left aligned"
    LayoutBlockFlow {OPTION} at (1,29.38) size 138.67x14.19
      LayoutText {#text} at (2,0) size 85x13
        text run at (2,0) width 85: "Some more text"
layer at (167,96) size 161x45 clip at (168,97) size 148x43 scrollHeight 42
  LayoutListBox {SELECT} at (1,1.44) size 161.30x44.56 [bgcolor=#FFFFFF] [border: (1px solid #999999)]
    LayoutBlockFlow {OPTION} at (1,1) size 148.30x14.19
      LayoutText {#text} at (2,0) size 86x13
        text run at (2,0) width 86 RTL: "\x{5D6}\x{5D4} \x{5D8}\x{5E7}\x{5E1}\x{5D8} \x{5D1}\x{5E2}\x{5D1}\x{5E8}\x{5D9}\x{5EA}"
    LayoutBlockFlow {OPTION} at (1,15.19) size 148.30x14.19
      LayoutText {#text} at (2,0) size 145x13
        text run at (2,0) width 145 RTL: "\x{5D4}\x{5D5}\x{5D0} \x{5E6}\x{5E8}\x{5D9}\x{5DA} \x{5DC}\x{5D4}\x{5D9}\x{5D5}\x{5EA} \x{5DE}\x{5D9}\x{5D5}\x{5E9}\x{5E8} \x{5DC}\x{5E9}\x{5DE}\x{5D0}\x{5DC}"
    LayoutBlockFlow {OPTION} at (1,29.38) size 148.30x14.19
      LayoutText {#text} at (2,0) size 80x13
        text run at (2,0) width 80 RTL: "\x{5D9}\x{5E9}\x{5E8}\x{5D0}\x{5DC} \x{5DE}\x{5EA}\x{5D9}\x{5D9}\x{5D1}\x{5E9}\x{5EA}"
layer at (11,165) size 159x45 clip at (23,166) size 146x43 scrollHeight 42
  LayoutListBox {SELECT} at (1,1.44) size 159.02x44.56 [bgcolor=#FFFFFF] [border: (1px solid #999999)]
    LayoutBlockFlow {OPTION} at (12,1) size 146.02x14.19
      LayoutText {#text} at (28,0) size 117x13
        text run at (28,0) width 117: "This is an English text"
    LayoutBlockFlow {OPTION} at (12,15.19) size 146.02x14.19
      LayoutText {#text} at (2,0) size 143x13
        text run at (2,0) width 143: "It needs to be right aligned"
    LayoutBlockFlow {OPTION} at (12,29.38) size 146.02x14.19
      LayoutText {#text} at (59,0) size 86x13
        text run at (59,0) width 86: "Some more text"
layer at (175,165) size 149x45 clip at (187,166) size 136x43 scrollHeight 42
  LayoutListBox {SELECT} at (1,1.44) size 149.05x44.56 [bgcolor=#FFFFFF] [border: (1px solid #999999)]
    LayoutBlockFlow {OPTION} at (12,1) size 136.05x14.19
      LayoutText {#text} at (48,0) size 87x13
        text run at (48,0) width 87 RTL: "\x{5D6}\x{5D4} \x{5D8}\x{5E7}\x{5E1}\x{5D8} \x{5D1}\x{5E2}\x{5D1}\x{5E8}\x{5D9}\x{5EA}"
    LayoutBlockFlow {OPTION} at (12,15.19) size 136.05x14.19
      LayoutText {#text} at (2,0) size 133x13
        text run at (2,0) width 133 RTL: "\x{5D4}\x{5D5}\x{5D0} \x{5E6}\x{5E8}\x{5D9}\x{5DA} \x{5DC}\x{5D4}\x{5D9}\x{5D5}\x{5EA} \x{5DE}\x{5D9}\x{5D5}\x{5E9}\x{5E8} \x{5DC}\x{5D9}\x{5DE}\x{5D9}\x{5DF}"
    LayoutBlockFlow {OPTION} at (12,29.38) size 136.05x14.19
      LayoutText {#text} at (54,0) size 81x13
        text run at (54,0) width 81 RTL: "\x{5D9}\x{5E9}\x{5E8}\x{5D0}\x{5DC} \x{5DE}\x{5EA}\x{5D9}\x{5D9}\x{5D1}\x{5E9}\x{5EA}"
layer at (329,165) size 159x45 clip at (341,166) size 146x43 scrollHeight 42
  LayoutListBox {SELECT} at (1,1.44) size 159.02x44.56 [bgcolor=#FFFFFF] [border: (1px solid #999999)]
    LayoutBlockFlow {OPTION} at (12,1) size 146.02x14.19
      LayoutText {#text} at (28,0) size 117x13
        text run at (28,0) width 117: "This is an English text"
    LayoutBlockFlow {OPTION} at (12,15.19) size 146.02x14.19
      LayoutText {#text} at (2,0) size 143x13
        text run at (2,0) width 143: "It needs to be right aligned"
    LayoutBlockFlow {OPTION} at (12,29.38) size 146.02x14.19
      LayoutText {#text} at (59,0) size 86x13
        text run at (59,0) width 86: "Some more text"
layer at (493,165) size 149x45 clip at (505,166) size 136x43 scrollHeight 42
  LayoutListBox {SELECT} at (1,1.44) size 149.05x44.56 [bgcolor=#FFFFFF] [border: (1px solid #999999)]
    LayoutBlockFlow {OPTION} at (12,1) size 136.05x14.19
      LayoutText {#text} at (48,0) size 87x13
        text run at (48,0) width 87 RTL: "\x{5D6}\x{5D4} \x{5D8}\x{5E7}\x{5E1}\x{5D8} \x{5D1}\x{5E2}\x{5D1}\x{5E8}\x{5D9}\x{5EA}"
    LayoutBlockFlow {OPTION} at (12,15.19) size 136.05x14.19
      LayoutText {#text} at (2,0) size 133x13
        text run at (2,0) width 133 RTL: "\x{5D4}\x{5D5}\x{5D0} \x{5E6}\x{5E8}\x{5D9}\x{5DA} \x{5DC}\x{5D4}\x{5D9}\x{5D5}\x{5EA} \x{5DE}\x{5D9}\x{5D5}\x{5E9}\x{5E8} \x{5DC}\x{5D9}\x{5DE}\x{5D9}\x{5DF}"
    LayoutBlockFlow {OPTION} at (12,29.38) size 136.05x14.19
      LayoutText {#text} at (54,0) size 81x13
        text run at (54,0) width 81 RTL: "\x{5D9}\x{5E9}\x{5E8}\x{5D0}\x{5DC} \x{5DE}\x{5EA}\x{5D9}\x{5D9}\x{5D1}\x{5E9}\x{5EA}"
layer at (11,214) size 159x45 clip at (12,215) size 146x43 scrollHeight 42
  LayoutListBox {SELECT} at (1,1.44) size 159.02x44.56 [bgcolor=#FFFFFF] [border: (1px solid #999999)]
    LayoutBlockFlow {OPTION} at (1,1) size 146.02x14.19
      LayoutText {#text} at (28,0) size 117x13
        text run at (28,0) width 117: "This is an English text"
    LayoutBlockFlow {OPTION} at (1,15.19) size 146.02x14.19
      LayoutText {#text} at (2,0) size 143x13
        text run at (2,0) width 143: "It needs to be right aligned"
    LayoutBlockFlow {OPTION} at (1,29.38) size 146.02x14.19
      LayoutText {#text} at (59,0) size 86x13
        text run at (59,0) width 86: "Some more text"
layer at (175,214) size 149x45 clip at (176,215) size 136x43 scrollHeight 42
  LayoutListBox {SELECT} at (1,1.44) size 149.05x44.56 [bgcolor=#FFFFFF] [border: (1px solid #999999)]
    LayoutBlockFlow {OPTION} at (1,1) size 136.05x14.19
      LayoutText {#text} at (48,0) size 87x13
        text run at (48,0) width 87 RTL: "\x{5D6}\x{5D4} \x{5D8}\x{5E7}\x{5E1}\x{5D8} \x{5D1}\x{5E2}\x{5D1}\x{5E8}\x{5D9}\x{5EA}"
    LayoutBlockFlow {OPTION} at (1,15.19) size 136.05x14.19
      LayoutText {#text} at (2,0) size 133x13
        text run at (2,0) width 133 RTL: "\x{5D4}\x{5D5}\x{5D0} \x{5E6}\x{5E8}\x{5D9}\x{5DA} \x{5DC}\x{5D4}\x{5D9}\x{5D5}\x{5EA} \x{5DE}\x{5D9}\x{5D5}\x{5E9}\x{5E8} \x{5DC}\x{5D9}\x{5DE}\x{5D9}\x{5DF}"
    LayoutBlockFlow {OPTION} at (1,29.38) size 136.05x14.19
      LayoutText {#text} at (54,0) size 81x13
        text run at (54,0) width 81 RTL: "\x{5D9}\x{5E9}\x{5E8}\x{5D0}\x{5DC} \x{5DE}\x{5EA}\x{5D9}\x{5D9}\x{5D1}\x{5E9}\x{5EA}"
layer at (11,283) size 168x45 clip at (23,284) size 155x43 scrollHeight 42
  LayoutListBox {SELECT} at (1,1.44) size 168.42x44.56 [bgcolor=#FFFFFF] [border: (1px solid #999999)]
    LayoutBlockFlow {OPTION} at (12,1) size 155.42x14.19
      LayoutText {#text} at (20,0) size 116x13
        text run at (20,0) width 116: "This is an English text"
    LayoutBlockFlow {OPTION} at (12,15.19) size 155.42x14.19
      LayoutText {#text} at (2,0) size 152x13
        text run at (2,0) width 152: "It needs to be center aligned"
    LayoutBlockFlow {OPTION} at (12,29.38) size 155.42x14.19
      LayoutText {#text} at (35,0) size 85x13
        text run at (35,0) width 85: "Some more text"
layer at (184,283) size 159x45 clip at (196,284) size 146x43 scrollHeight 42
  LayoutListBox {SELECT} at (1,1.44) size 159.44x44.56 [bgcolor=#FFFFFF] [border: (1px solid #999999)]
    LayoutBlockFlow {OPTION} at (12,1) size 146.44x14.19
      LayoutText {#text} at (30,0) size 87x13
        text run at (30,0) width 87 RTL: "\x{5D6}\x{5D4} \x{5D8}\x{5E7}\x{5E1}\x{5D8} \x{5D1}\x{5E2}\x{5D1}\x{5E8}\x{5D9}\x{5EA}"
    LayoutBlockFlow {OPTION} at (12,15.19) size 146.44x14.19
      LayoutText {#text} at (2,0) size 143x13
        text run at (2,0) width 143 RTL: "\x{5D4}\x{5D5}\x{5D0} \x{5E6}\x{5E8}\x{5D9}\x{5DA} \x{5DC}\x{5D4}\x{5D9}\x{5D5}\x{5EA} \x{5DE}\x{5D9}\x{5D5}\x{5E9}\x{5E8} \x{5DC}\x{5D0}\x{5DE}\x{5E6}\x{5E2}"
    LayoutBlockFlow {OPTION} at (12,29.38) size 146.44x14.19
      LayoutText {#text} at (33,0) size 81x13
        text run at (33,0) width 81 RTL: "\x{5D9}\x{5E9}\x{5E8}\x{5D0}\x{5DC} \x{5DE}\x{5EA}\x{5D9}\x{5D9}\x{5D1}\x{5E9}\x{5EA}"
layer at (348,283) size 168x45 clip at (349,284) size 155x43 scrollHeight 42
  LayoutListBox {SELECT} at (1,1.44) size 168.42x44.56 [bgcolor=#FFFFFF] [border: (1px solid #999999)]
    LayoutBlockFlow {OPTION} at (1,1) size 155.42x14.19
      LayoutText {#text} at (20,0) size 116x13
        text run at (20,0) width 116: "This is an English text"
    LayoutBlockFlow {OPTION} at (1,15.19) size 155.42x14.19
      LayoutText {#text} at (2,0) size 152x13
        text run at (2,0) width 152: "It needs to be center aligned"
    LayoutBlockFlow {OPTION} at (1,29.38) size 155.42x14.19
      LayoutText {#text} at (35,0) size 85x13
        text run at (35,0) width 85: "Some more text"
layer at (521,283) size 159x45 clip at (522,284) size 146x43 scrollHeight 42
  LayoutListBox {SELECT} at (1,1.44) size 159.44x44.56 [bgcolor=#FFFFFF] [border: (1px solid #999999)]
    LayoutBlockFlow {OPTION} at (1,1) size 146.44x14.19
      LayoutText {#text} at (30,0) size 87x13
        text run at (30,0) width 87 RTL: "\x{5D6}\x{5D4} \x{5D8}\x{5E7}\x{5E1}\x{5D8} \x{5D1}\x{5E2}\x{5D1}\x{5E8}\x{5D9}\x{5EA}"
    LayoutBlockFlow {OPTION} at (1,15.19) size 146.44x14.19
      LayoutText {#text} at (2,0) size 143x13
        text run at (2,0) width 143 RTL: "\x{5D4}\x{5D5}\x{5D0} \x{5E6}\x{5E8}\x{5D9}\x{5DA} \x{5DC}\x{5D4}\x{5D9}\x{5D5}\x{5EA} \x{5DE}\x{5D9}\x{5D5}\x{5E9}\x{5E8} \x{5DC}\x{5D0}\x{5DE}\x{5E6}\x{5E2}"
    LayoutBlockFlow {OPTION} at (1,29.38) size 146.44x14.19
      LayoutText {#text} at (33,0) size 81x13
        text run at (33,0) width 81 RTL: "\x{5D9}\x{5E9}\x{5E8}\x{5D0}\x{5DC} \x{5DE}\x{5EA}\x{5D9}\x{5D9}\x{5D1}\x{5E9}\x{5EA}"
layer at (11,352) size 163x45 clip at (23,353) size 150x43 scrollHeight 42
  LayoutListBox {SELECT} at (1,1.44) size 163.36x44.56 [bgcolor=#FFFFFF] [border: (1px solid #999999)]
    LayoutBlockFlow {OPTION} at (12,1) size 150.36x14.19
      LayoutText {#text} at (2,0) size 147x13
        text run at (2,0) width 147: "This should be right aligned"
    LayoutBlockFlow {OPTION} at (12,15.19) size 150.36x14.19
      LayoutText {#text} at (2,0) size 139x13
        text run at (2,0) width 139: "This should be left aligned"
    LayoutBlockFlow {OPTION} at (12,29.38) size 150.36x14.19
      LayoutText {#text} at (36,0) size 78x13
        text run at (36,0) width 78: "Center aligned"
layer at (179,352) size 163x45 clip at (180,353) size 150x43 scrollHeight 42
  LayoutListBox {SELECT} at (1,1.44) size 163.36x44.56 [bgcolor=#FFFFFF] [border: (1px solid #999999)]
    LayoutBlockFlow {OPTION} at (1,1) size 150.36x14.19
      LayoutText {#text} at (2,0) size 139x13
        text run at (2,0) width 139: "This should be left aligned"
    LayoutBlockFlow {OPTION} at (1,15.19) size 150.36x14.19
      LayoutText {#text} at (2,0) size 147x13
        text run at (2,0) width 147: "This should be right aligned"
    LayoutBlockFlow {OPTION} at (1,29.38) size 150.36x14.19
      LayoutText {#text} at (36,0) size 78x13
        text run at (36,0) width 78: "Center aligned"
layer at (347,352) size 188x45 clip at (359,353) size 175x43 scrollHeight 42
  LayoutListBox {SELECT} at (1,1.44) size 188.19x44.56 [bgcolor=#FFFFFF] [border: (1px solid #999999)]
    LayoutBlockFlow {OPTION} at (12,1) size 175.19x14.19
      LayoutText {#text} at (14,0) size 160x13
        text run at (14,0) width 160 RTL: "\x{5D8}\x{5E7}\x{5E1}\x{5D8} \x{5D6}\x{5D4} \x{5E6}\x{5E8}\x{5D9}\x{5DA} \x{5DC}\x{5D4}\x{5D9}\x{5D5}\x{5EA} \x{5DE}\x{5D9}\x{5D5}\x{5E9}\x{5E8} \x{5DC}\x{5D9}\x{5DE}\x{5D9}\x{5DF}"
    LayoutBlockFlow {OPTION} at (12,15.19) size 175.19x14.19
      LayoutText {#text} at (2,0) size 172x13
        text run at (2,0) width 172 RTL: "\x{5D8}\x{5E7}\x{5E1}\x{5D8} \x{5D6}\x{5D4} \x{5E6}\x{5E8}\x{5D9}\x{5DA} \x{5DC}\x{5D4}\x{5D9}\x{5D5}\x{5EA} \x{5DE}\x{5D9}\x{5D5}\x{5E9}\x{5E8} \x{5DC}\x{5E9}\x{5DE}\x{5D0}\x{5DC}"
    LayoutBlockFlow {OPTION} at (12,29.38) size 175.19x14.19
      LayoutText {#text} at (53,0) size 69x13
        text run at (53,0) width 69 RTL: "\x{5D8}\x{5E7}\x{5E1}\x{5D8} \x{5DE}\x{5DE}\x{5D5}\x{5E8}\x{5DB}\x{5D6}"
layer at (540,352) size 188x45 clip at (541,353) size 175x43 scrollHeight 42
  LayoutListBox {SELECT} at (1,1.44) size 188.19x44.56 [bgcolor=#FFFFFF] [border: (1px solid #999999)]
    LayoutBlockFlow {OPTION} at (1,1) size 175.19x14.19
      LayoutText {#text} at (2,0) size 172x13
        text run at (2,0) width 172 RTL: "\x{5D8}\x{5E7}\x{5E1}\x{5D8} \x{5D6}\x{5D4} \x{5E6}\x{5E8}\x{5D9}\x{5DA} \x{5DC}\x{5D4}\x{5D9}\x{5D5}\x{5EA} \x{5DE}\x{5D9}\x{5D5}\x{5E9}\x{5E8} \x{5DC}\x{5E9}\x{5DE}\x{5D0}\x{5DC}"
    LayoutBlockFlow {OPTION} at (1,15.19) size 175.19x14.19
      LayoutText {#text} at (14,0) size 160x13
        text run at (14,0) width 160 RTL: "\x{5D8}\x{5E7}\x{5E1}\x{5D8} \x{5D6}\x{5D4} \x{5E6}\x{5E8}\x{5D9}\x{5DA} \x{5DC}\x{5D4}\x{5D9}\x{5D5}\x{5EA} \x{5DE}\x{5D9}\x{5D5}\x{5E9}\x{5E8} \x{5DC}\x{5D9}\x{5DE}\x{5D9}\x{5DF}"
    LayoutBlockFlow {OPTION} at (1,29.38) size 175.19x14.19
      LayoutText {#text} at (53,0) size 69x13
        text run at (53,0) width 69 RTL: "\x{5D8}\x{5E7}\x{5E1}\x{5D8} \x{5DE}\x{5DE}\x{5D5}\x{5E8}\x{5DB}\x{5D6}"
