layer at (0,0) size 800x600
  LayoutView at (0,0) size 800x600
layer at (0,0) size 800x600
  LayoutBlockFlow {HTML} at (0,0) size 800x600
    LayoutBlockFlow {BODY} at (8,8) size 784x576
      LayoutBlockFlow {P} at (0,0) size 784x18
        LayoutText {#text} at (0,0) size 55x18
          text run at (0,0) width 55: "Test for "
        LayoutInline {I} at (0,0) size 707x18
          LayoutInline {A} at (0,0) size 306x18 [color=#0000EE]
            LayoutText {#text} at (54,0) size 306x18
              text run at (54,0) width 306: "http://bugs.webkit.org/show_bug.cgi?id=11916"
          LayoutText {#text} at (359,0) size 402x18
            text run at (359,0) width 5: " "
            text run at (363,0) width 398: "REGRESSION (SearchField): RTL search fields are mixed up"
        LayoutText {#text} at (760,0) size 5x18
          text run at (760,0) width 5: "."
      LayoutBlockFlow {P} at (0,34) size 784x57
        LayoutTextControl {INPUT} at (0,0) size 133x19 [bgcolor=#FFFFFF] [border: (2px inset #EEEEEE)]
          LayoutFlexibleBox {DIV} at (4,3) size 125x13
            LayoutBlockFlow {DIV} at (0,0) size 16x13
            LayoutBlockFlow {DIV} at (16,0) size 97x13
        LayoutText {#text} at (133,0) size 4x18
          text run at (133,0) width 4: " "
        LayoutBR {BR} at (0,0) size 0x0
        LayoutTextControl {INPUT} at (0,19) size 193x19 [bgcolor=#FFFFFF] [border: (2px inset #EEEEEE)]
          LayoutFlexibleBox {DIV} at (4,3) size 185x13
            LayoutBlockFlow {DIV} at (0,0) size 16x13
            LayoutBlockFlow {DIV} at (16,0) size 157x13
        LayoutText {#text} at (193,19) size 4x18
          text run at (193,19) width 4: " "
        LayoutBR {BR} at (0,0) size 0x0
        LayoutTextControl {INPUT} at (0,38) size 133x19 [bgcolor=#FFFFFF] [border: (2px inset #EEEEEE)]
          LayoutFlexibleBox {DIV} at (4,3) size 125x13
            LayoutBlockFlow {DIV} at (0,0) size 16x13
            LayoutBlockFlow {DIV} at (16,0) size 97x13
        LayoutText {#text} at (0,0) size 0x0
      LayoutBlockFlow {P} at (0,107) size 784x18
        LayoutText {#text} at (0,0) size 39x18
          text run at (0,0) width 39: "PASS"
layer at (28,45) size 97x13 scrollX 36.00 scrollWidth 134
  LayoutBlockFlow {DIV} at (0,0) size 97x13
    LayoutText {#text} at (-36,0) size 134x13
      text run at (-36,0) width 22 RTL: " \x{5D5}\x{5D6}\x{5D4}\x{5D5}"
      text run at (-14,0) width 19: "she"
      text run at (4,0) width 44 RTL: " \x{5D5}\x{5D4}\x{5D9}\x{5D0} \x{5D6}\x{5D4} "
      text run at (47,0) width 14: "he"
      text run at (60,0) width 37 RTL: "\x{5D4}\x{5D5}\x{5D0} \x{5D6}\x{5D4} "
layer at (28,64) size 157x13
  LayoutBlockFlow {DIV} at (0,0) size 157x13
    LayoutText {#text} at (23,0) size 134x13
      text run at (23,0) width 23 RTL: " \x{5D5}\x{5D6}\x{5D4}\x{5D5}"
      text run at (45,0) width 20: "she"
      text run at (64,0) width 44 RTL: " \x{5D5}\x{5D4}\x{5D9}\x{5D0} \x{5D6}\x{5D4} "
      text run at (107,0) width 14: "he"
      text run at (120,0) width 37 RTL: "\x{5D4}\x{5D5}\x{5D0} \x{5D6}\x{5D4} "
layer at (28,83) size 97x13
  LayoutBlockFlow {DIV} at (0,0) size 97x13
layer at (126,46) size 11x11 transparent
  LayoutBlockFlow {DIV} at (114,1) size 11x11
layer at (186,65) size 11x11 transparent
  LayoutBlockFlow {DIV} at (174,1) size 11x11
layer at (126,84) size 11x11 transparent
  LayoutBlockFlow {DIV} at (114,1) size 11x11
caret: position 0 of child 0 {DIV} of child 1 {DIV} of child 0 {DIV} of {#document-fragment} of child 9 {INPUT} of child 3 {P} of body
