layer at (0,0) size 800x600
  LayoutView at (0,0) size 800x600
layer at (0,0) size 800x600
  LayoutBlockFlow {HTML} at (0,0) size 800x600
    LayoutBlockFlow {BODY} at (8,8) size 784x576
      LayoutBlockFlow {P} at (0,0) size 784x18
        LayoutText {#text} at (0,0) size 55x18
          text run at (0,0) width 55: "Test for "
        LayoutInline {I} at (0,0) size 660x18
          LayoutInline {A} at (0,0) size 306x18 [color=#0000EE]
            LayoutText {#text} at (54,0) size 306x18
              text run at (54,0) width 306: "http://bugs.webkit.org/show_bug.cgi?id=12345"
          LayoutText {#text} at (359,0) size 355x18
            text run at (359,0) width 5: " "
            text run at (363,0) width 351: "REGRESSION: Disabled pop-up text is not grayed out"
        LayoutText {#text} at (713,0) size 5x18
          text run at (713,0) width 5: "."
      LayoutBlockFlow {P} at (0,34) size 784x18
        LayoutMenuList {SELECT} at (0,0) size 159x18 [color=#808080] [bgcolor=#F8F8F8]
          LayoutBlockFlow (anonymous) at (0,0) size 159x18
            LayoutText (anonymous) at (8,2) size 128x13
              text run at (8,2) width 128: "This text should be gray"
        LayoutText {#text} at (0,0) size 0x0
      LayoutBlockFlow {P} at (0,68) size 784x18
        LayoutMenuList {SELECT} at (0,0) size 164x18 [bgcolor=#F8F8F8]
          LayoutBlockFlow (anonymous) at (0,0) size 164x18
            LayoutText (anonymous) at (8,2) size 133x13
              text run at (8,2) width 133: "This text should be black"
        LayoutText {#text} at (0,0) size 0x0
