layer at (0,0) size 800x600
  LayoutView at (0,0) size 800x600
layer at (0,0) size 800x600
  LayoutBlockFlow {HTML} at (0,0) size 800x600
    LayoutBlockFlow {BODY} at (8,8) size 784x584
      LayoutText {#text} at (0,0) size 0x0
layer at (8,8) size 50x115 clip at (9,9) size 37x102 scrollHeight 141
  LayoutListBox {SELECT} at (0,-0.50) size 49.58x115.50 [bgcolor=#FFFFFF] [border: (1px solid #999999)]
    LayoutBlockFlow {OPTION} at (1,1) size 36.58x14.19
      LayoutText {#text} at (2,0) size 22x13
        text run at (2,0) width 22: "One"
    LayoutBlockFlow {OPTION} at (1,15.19) size 36.58x14.19
      LayoutText {#text} at (2,0) size 23x13
        text run at (2,0) width 23: "Two"
    LayoutBlockFlow {OPTION} at (1,29.38) size 36.58x14.19
      LayoutText {#text} at (2,0) size 30x13
        text run at (2,0) width 30: "Three"
    LayoutBlockFlow {OPTION} at (1,43.56) size 36.58x14.19
      LayoutText {#text} at (2,0) size 24x13
        text run at (2,0) width 24: "Four"
    LayoutBlockFlow {OPTION} at (1,57.75) size 36.58x14.19
      LayoutText {#text} at (2,0) size 22x13
        text run at (2,0) width 22: "Five"
    LayoutBlockFlow {OPTION} at (1,71.94) size 36.58x14.19
      LayoutText {#text} at (2,0) size 17x13
        text run at (2,0) width 17: "Six"
    LayoutBlockFlow {OPTION} at (1,86.13) size 36.58x14.19
      LayoutText {#text} at (2,0) size 33x13
        text run at (2,0) width 33: "Seven"
    LayoutBlockFlow {OPTION} at (1,100.31) size 36.58x14.19
      LayoutText {#text} at (2,0) size 27x13
        text run at (2,0) width 27: "Eight"
    LayoutBlockFlow {OPTION} at (1,114.50) size 36.58x14.19
      LayoutText {#text} at (2,0) size 24x13
        text run at (2,0) width 24: "Nine"
    LayoutBlockFlow {OPTION} at (1,128.69) size 36.58x14.19
      LayoutText {#text} at (2,0) size 20x13
        text run at (2,0) width 20: "Ten"
