layer at (0,0) size 800x600
  LayoutView at (0,0) size 800x600
layer at (0,0) size 800x600
  LayoutBlockFlow {HTML} at (0,0) size 800x600
    LayoutBlockFlow {BODY} at (8,8) size 784x584
      LayoutBlockFlow {P} at (0,0) size 784x18
        LayoutText {#text} at (0,0) size 385x18
          text run at (0,0) width 385: "Test passes if the \"Filler Text\" below is all on the same line."
      LayoutBlockFlow {DIV} at (0,34) size 784x96
        LayoutInline {SPAN} at (0,0) size 68x18
          LayoutText {#text} at (0,0) size 68x18
            text run at (0,0) width 68: "Filler Text"
        LayoutText {#text} at (67,0) size 5x18
          text run at (67,0) width 5: " "
        LayoutTable {DIV} at (71.98,0) size 96x96 [bgcolor=#FFA500]
          LayoutTableSection (anonymous) at (0,0) size 96x96
            LayoutTableRow {DIV} at (0,0) size 96x96
              LayoutTableCell {DIV} at (0,0) size 96x18 [r=0 c=0 rs=1 cs=1]
                LayoutText {#text} at (0,0) size 68x18
                  text run at (0,0) width 68: "Filler Text"
        LayoutText {#text} at (0,0) size 0x0
