layer at (0,0) size 800x600
  LayoutView at (0,0) size 800x600
layer at (0,0) size 800x76
  LayoutBlockFlow {HTML} at (0,0) size 800x76
    LayoutBlockFlow {BODY} at (8,16) size 784x52
      LayoutBlockFlow {P} at (0,0) size 784x18
        LayoutText {#text} at (0,0) size 232x18
          text run at (0,0) width 232: "Test passes if the box below is blue."
      LayoutBlockFlow (anonymous) at (0,34) size 784x18
        LayoutInline {DIV} at (0,0) size 68x18
          LayoutText {#text} at (0,0) size 68x18
            text run at (0,0) width 68: "Filler Text"
        LayoutText {#text} at (0,0) size 0x0
