layer at (0,0) size 800x600
  LayoutView at (0,0) size 800x600
layer at (0,0) size 800x73
  LayoutBlockFlow {html} at (0,0) size 800x73
    LayoutBlockFlow {body} at (8,16) size 784x41
      LayoutBlockFlow {p} at (0,0) size 784x41
        LayoutButton {button} at (0,0) size 238.25x22 [bgcolor=#00FF00] [border: (2px outset #C0C0C0)]
          LayoutBlockFlow (anonymous) at (8,4) size 222.25x13
            LayoutText {#text} at (0,0) size 223x13
              text run at (0,0) width 223: "A button (enabled) with green background"
        LayoutText {#text} at (238,1) size 5x18
          text run at (238,1) width 5: " "
        LayoutBR {br} at (0,0) size 0x0
        LayoutTextControl {input} at (0,22) size 227x19 [bgcolor=#00FF00] [border: (2px inset #EEEEEE)]
        LayoutText {#text} at (0,0) size 0x0
layer at (11,41) size 221x13 scrollWidth 233
  LayoutBlockFlow {div} at (3,3) size 221x13
    LayoutText {#text} at (0,0) size 234x13
      text run at (0,0) width 234: "a text area (enabled) with green background"
