layer at (0,0) size 800x600
  LayoutView at (0,0) size 800x600
layer at (0,0) size 800x600
  LayoutBlockFlow {HTML} at (0,0) size 800x600
    LayoutBlockFlow {BODY} at (8,8) size 784x584
      LayoutBlockFlow {FORM} at (0,0) size 784x19
        LayoutBlockFlow {INPUT} at (2.91,3) size 12x13
        LayoutText {#text} at (17,0) size 35x18
          text run at (17,0) width 35: "Two "
        LayoutBlockFlow {INPUT} at (54.05,3) size 12x13
        LayoutText {#text} at (68,0) size 39x18
          text run at (68,0) width 39: "Three"
      LayoutBlockFlow {FORM} at (0,35) size 784x19
        LayoutBlockFlow {INPUT} at (2.91,3) size 12x13
        LayoutText {#text} at (17,0) size 32x18
          text run at (17,0) width 32: "One "
        LayoutBlockFlow {INPUT} at (51.38,3) size 12x13
        LayoutText {#text} at (66,0) size 34x18
          text run at (66,0) width 34: "Two "
        LayoutBlockFlow {INPUT} at (102.52,3) size 12x13
        LayoutText {#text} at (117,0) size 42x18
          text run at (117,0) width 42: "Three "
        LayoutBlockFlow {INPUT} at (161.63,3) size 12x13
        LayoutText {#text} at (176,0) size 28x18
          text run at (176,0) width 28: "One"
      LayoutBlockFlow (anonymous) at (0,70) size 784x36
        LayoutText {#text} at (0,0) size 779x36
          text run at (0,0) width 514: "The count of the # of elements in form 1 should be 2 and in form 2 should be 4. "
          text run at (513,0) width 266: "The count in form 1 is 2, and the count in"
          text run at (0,18) width 70: "form 2 is 4"
