layer at (0,0) size 800x600
  LayoutView at (0,0) size 800x600
layer at (0,0) size 800x600
  LayoutBlockFlow {HTML} at (0,0) size 800x600
    LayoutBlockFlow {BODY} at (8,8) size 784x584
      LayoutText {#text} at (0,0) size 303x18
        text run at (0,0) width 303: "This tests that text fields get the right baseline. "
      LayoutBR {BR} at (302,14) size 1x0
      LayoutBR {BR} at (0,18) size 0x18
      LayoutTextControl {INPUT} at (0,36) size 123x19 [bgcolor=#FFFFFF] [border: (2px inset #EEEEEE)]
      LayoutText {#text} at (123,36) size 435x18
        text run at (123,36) width 435: "This text should line up with the bottom of the text in the text field. "
      LayoutBR {BR} at (557,50) size 1x0
      LayoutBR {BR} at (0,55) size 0x18
      LayoutTextControl {INPUT} at (0,73) size 123x131 [bgcolor=#FFFFFF] [border: (2px inset #EEEEEE)]
      LayoutText {#text} at (123,165) size 431x18
        text run at (123,165) width 431: "This text should line up with the bottom of the text in the text field."
layer at (11,47) size 117x13
  LayoutBlockFlow {DIV} at (3,3) size 117x13
layer at (11,84) size 117x125
  LayoutBlockFlow {DIV} at (3,3) size 117x125
