layer at (0,0) size 800x600
  LayoutView at (0,0) size 800x600
layer at (0,0) size 800x600
  LayoutBlockFlow {HTML} at (0,0) size 800x600
    LayoutBlockFlow {BODY} at (8,8) size 784x584
      LayoutText {#text} at (0,0) size 347x18
        text run at (0,0) width 111: "TEST PASSED: "
        text run at (110,0) width 237: "If the popup menu only says \"Text\". "
      LayoutBR {BR} at (346,14) size 1x0
      LayoutText {#text} at (0,18) size 428x18
        text run at (0,18) width 108: "TEST FAILED: "
        text run at (107,18) width 321: "If the popup menu says \"document.write('Text')\". "
      LayoutBR {BR} at (427,32) size 1x0
      LayoutMenuList {SELECT} at (0,36) size 55x18 [bgcolor=#F8F8F8]
        LayoutBlockFlow (anonymous) at (0,0) size 55x18
          LayoutText (anonymous) at (8,2) size 24x13
            text run at (8,2) width 24: "Text"
      LayoutText {#text} at (0,0) size 0x0
