layer at (0,0) size 800x600
  LayoutView at (0,0) size 800x600
layer at (0,0) size 800x600
  LayoutBlockFlow {HTML} at (0,0) size 800x600
    LayoutBlockFlow {BODY} at (8,8) size 784x584
      LayoutText {#text} at (0,0) size 474x18
        text run at (0,0) width 474: "This tests that empty select controls and buttons have the correct baseline."
      LayoutBR {BR} at (473,14) size 1x0
      LayoutMenuList {SELECT} at (0,20) size 36x18 [bgcolor=#F8F8F8]
        LayoutBlockFlow (anonymous) at (0,0) size 36x18
          LayoutText (anonymous) at (8,2) size 4x13
            text run at (8,2) width 4: " "
      LayoutText {#text} at (36,19) size 31x18
        text run at (36,19) width 31: " test "
      LayoutMenuList {SELECT} at (66.22,20) size 51x18 [bgcolor=#F8F8F8]
        LayoutBlockFlow (anonymous) at (0,0) size 51x18
          LayoutText (anonymous) at (8,2) size 20x13
            text run at (8,2) width 20: "test"
      LayoutText {#text} at (117,19) size 5x18
        text run at (117,19) width 5: " "
      LayoutMenuList {SELECT} at (121.22,20) size 36x18 [color=#00008B] [bgcolor=#ADD8E6] [border: (1px solid #A6A6A6)]
        LayoutBlockFlow (anonymous) at (1,1) size 34x16
          LayoutText (anonymous) at (8,1) size 4x13
            text run at (8,1) width 4: " "
      LayoutText {#text} at (157,19) size 31x18
        text run at (157,19) width 31: " test "
      LayoutMenuList {SELECT} at (187.44,20) size 51x18 [color=#00008B] [bgcolor=#ADD8E6] [border: (1px solid #A6A6A6)]
        LayoutBlockFlow (anonymous) at (1,1) size 49x16
          LayoutText (anonymous) at (8,1) size 20x13
            text run at (8,1) width 20: "test"
      LayoutText {#text} at (238,19) size 5x18
        text run at (238,19) width 5: " "
      LayoutButton {BUTTON} at (242.44,21) size 16x15 [bgcolor=#C0C0C0] [border: none (2px outset #C0C0C0) none (2px outset #C0C0C0)]
      LayoutText {#text} at (258,19) size 5x18
        text run at (258,19) width 5: " "
      LayoutButton {BUTTON} at (262.44,20) size 35.97x18 [bgcolor=#C0C0C0] [border: none (2px outset #C0C0C0) none (2px outset #C0C0C0)]
        LayoutBlockFlow (anonymous) at (8,2) size 19.97x13
          LayoutText {#text} at (0,0) size 20x13
            text run at (0,0) width 20: "test"
      LayoutText {#text} at (298,19) size 5x18
        text run at (298,19) width 5: " "
      LayoutButton {BUTTON} at (302.41,29) size 16x9 [color=#00008B] [bgcolor=#ADD8E6] [border: (2px outset #C0C0C0)]
      LayoutText {#text} at (318,19) size 5x18
        text run at (318,19) width 5: " "
      LayoutButton {BUTTON} at (322.41,18) size 35.97x22 [color=#00008B] [bgcolor=#ADD8E6] [border: (2px outset #C0C0C0)]
        LayoutBlockFlow (anonymous) at (8,4) size 19.97x13
          LayoutText {#text} at (0,0) size 20x13
            text run at (0,0) width 20: "test"
      LayoutText {#text} at (0,0) size 0x0
