layer at (0,0) size 800x600
  LayoutView at (0,0) size 800x600
layer at (0,224) size 800x376
  LayoutBlockFlow {HTML} at (0,0) size 800x376
    LayoutBlockFlow {BODY} at (8,350) size 784x18
      LayoutInline {SPAN} at (0,0) size 109x17
        LayoutText {#text} at (0,0) size 109x17
          text run at (0,0) width 109: "Something Fishy"
      LayoutText {#text} at (0,0) size 0x0
layer at (0,16) size 401x18
  LayoutBlockFlow (positioned) {P} at (0,566) size 401.27x18
    LayoutText {#text} at (0,0) size 402x17
      text run at (0,0) width 402: "Test passes if the full 15px box-shadow beneath text is visible."
