layer at (0,0) size 800x600
  LayoutView at (0,0) size 800x600
layer at (0,496) size 800x104
  LayoutBlockFlow {HTML} at (0,0) size 800x104 [border: (10px solid #800000)]
    LayoutBlockFlow {BODY} at (18,18) size 764x68
      LayoutText {#text} at (0,1) size 220x45
        text run at (0,1) width 220: "\x{653B}\x{6BBB} \x{6A5F}\x{52D5}\x{968A} "
      LayoutRuby (inline) {RUBY} at (0,0) size 200x45
        LayoutRubyRun (anonymous) at (220,0) size 80x47
          LayoutRubyText {RT} at (0,46) size 80x23
            LayoutText {#text} at (2,0) size 76x22
              text run at (2,0) width 76: "\x{3053}\x{3046}\x{304B}\x{304F}"
          LayoutRubyBase (anonymous) at (0,0) size 80x47
            LayoutText {#text} at (0,1) size 80x45
              text run at (0,1) width 80: "\x{653B}\x{6BBB}"
        LayoutRubyRun (anonymous) at (300,0) size 120x47
          LayoutRubyText {RT} at (0,46) size 120x23
            LayoutText {#text} at (3,0) size 114x22
              text run at (3,0) width 114: "\x{304D}\x{3069}\x{3046}\x{305F}\x{3044}"
          LayoutRubyBase (anonymous) at (0,0) size 120x47
            LayoutText {#text} at (0,1) size 120x45
              text run at (0,1) width 120: "\x{6A5F}\x{52D5}\x{968A}"
      LayoutText {#text} at (0,0) size 0x0
