layer at (0,0) size 800x600
  LayoutView at (0,0) size 800x600
layer at (0,0) size 800x600
  LayoutBlockFlow {HTML} at (0,0) size 800x600
    LayoutBlockFlow {BODY} at (8,8) size 784x584 [bgcolor=#CCCCCC]
      LayoutBlockFlow {P} at (0,0) size 784x18
        LayoutText {#text} at (0,0) size 363x17
          text run at (0,0) width 363: "The style declarations which apply to the text below are:"
      LayoutBlockFlow {PRE} at (0,34) size 784x64
        LayoutText {#text} at (0,0) size 392x64
          text run at (0,0) width 384: ".zero {background-color: silver; margin-top: 0;}"
          text run at (384,0) width 0: " "
          text run at (0,16) width 384: ".one {margin-top: 25px; background-color: aqua;}"
          text run at (384,16) width 0: " "
          text run at (0,32) width 392: ".two {margin-top: -10px; background-color: aqua;}"
          text run at (392,32) width 0: " "
          text run at (0,48) width 0: " "
      LayoutBlockFlow {HR} at (0,111) size 784x2 [border: (1px inset #EEEEEE)]
      LayoutBlockFlow {P} at (0,129) size 784x54 [bgcolor=#808080]
        LayoutText {#text} at (0,0) size 487x17
          text run at (0,0) width 397: "This element is unstyled save for a background color of gray. "
          text run at (396,0) width 91: "It contains an "
        LayoutInline {SPAN} at (0,0) size 774x35 [bgcolor=#00FFFF]
          LayoutText {#text} at (486,0) size 149x17
            text run at (486,0) width 149: "inline element of class "
          LayoutInline {TT} at (0,0) size 25x16
            LayoutText {#text} at (634,2) size 25x16
              text run at (634,2) width 25: "one"
          LayoutText {#text} at (658,0) size 774x35
            text run at (658,0) width 116: ", giving it an aqua"
            text run at (0,18) width 224: "background and a 25px top margin"
        LayoutText {#text} at (223,18) size 765x35
          text run at (223,18) width 9: ". "
          text run at (231,18) width 534: "Margins on inline elements do not affect line-height calculations, so all lines in this"
          text run at (0,36) width 270: "element should have the same line-height."
      LayoutBlockFlow {P} at (0,199) size 784x54 [bgcolor=#808080]
        LayoutText {#text} at (0,0) size 487x17
          text run at (0,0) width 397: "This element is unstyled save for a background color of gray. "
          text run at (396,0) width 91: "It contains an "
        LayoutInline {SPAN} at (0,0) size 771x35 [bgcolor=#00FFFF]
          LayoutText {#text} at (486,0) size 149x17
            text run at (486,0) width 149: "inline element of class "
          LayoutInline {TT} at (0,0) size 25x16
            LayoutText {#text} at (634,2) size 25x16
              text run at (634,2) width 25: "two"
          LayoutText {#text} at (658,0) size 771x35
            text run at (658,0) width 113: ", giving the inline"
            text run at (0,18) width 337: "element an aqua background and a -10px top margin"
        LayoutText {#text} at (336,18) size 781x35
          text run at (336,18) width 9: ". "
          text run at (344,18) width 437: "Margins on inline elements do not affect line-height calculations, so"
          text run at (0,36) width 368: "all lines in this element should have the same line-height."
      LayoutTable {TABLE} at (0,269) size 784x160 [border: (1px outset #808080)]
        LayoutTableSection {TBODY} at (1,1) size 782x158
          LayoutTableRow {TR} at (0,0) size 782x26
            LayoutTableCell {TD} at (0,0) size 782x26 [bgcolor=#C0C0C0] [border: (1px inset #808080)] [r=0 c=0 rs=1 cs=2]
              LayoutInline {STRONG} at (0,0) size 163x17
                LayoutText {#text} at (4,4) size 163x17
                  text run at (4,4) width 163: "TABLE Testing Section"
          LayoutTableRow {TR} at (0,26) size 782x132
            LayoutTableCell {TD} at (0,79) size 12x26 [bgcolor=#C0C0C0] [border: (1px inset #808080)] [r=1 c=0 rs=1 cs=1]
              LayoutText {#text} at (4,4) size 4x17
                text run at (4,4) width 4: " "
            LayoutTableCell {TD} at (12,26) size 770x132 [border: (1px inset #808080)] [r=1 c=1 rs=1 cs=1]
              LayoutBlockFlow {P} at (4,4) size 762x54 [bgcolor=#808080]
                LayoutText {#text} at (0,0) size 487x17
                  text run at (0,0) width 397: "This element is unstyled save for a background color of gray. "
                  text run at (396,0) width 91: "It contains an "
                LayoutInline {SPAN} at (0,0) size 739x35 [bgcolor=#00FFFF]
                  LayoutText {#text} at (486,0) size 149x17
                    text run at (486,0) width 149: "inline element of class "
                  LayoutInline {TT} at (0,0) size 25x16
                    LayoutText {#text} at (634,2) size 25x16
                      text run at (634,2) width 25: "one"
                  LayoutText {#text} at (658,0) size 739x35
                    text run at (658,0) width 81: ", giving it an"
                    text run at (0,18) width 258: "aqua background and a 25px top margin"
                LayoutText {#text} at (257,18) size 756x35
                  text run at (257,18) width 9: ". "
                  text run at (265,18) width 491: "Margins on inline elements do not affect line-height calculations, so all lines"
                  text run at (0,36) width 313: "in this element should have the same line-height."
              LayoutBlockFlow {P} at (4,74) size 762x54 [bgcolor=#808080]
                LayoutText {#text} at (0,0) size 487x17
                  text run at (0,0) width 397: "This element is unstyled save for a background color of gray. "
                  text run at (396,0) width 91: "It contains an "
                LayoutInline {SPAN} at (0,0) size 731x35 [bgcolor=#00FFFF]
                  LayoutText {#text} at (486,0) size 149x17
                    text run at (486,0) width 149: "inline element of class "
                  LayoutInline {TT} at (0,0) size 25x16
                    LayoutText {#text} at (634,2) size 25x16
                      text run at (634,2) width 25: "two"
                  LayoutText {#text} at (658,0) size 731x35
                    text run at (658,0) width 73: ", giving the"
                    text run at (0,18) width 378: "inline element an aqua background and a -10px top margin"
                LayoutText {#text} at (377,18) size 718x35
                  text run at (377,18) width 9: ". "
                  text run at (385,18) width 333: "Margins on inline elements do not affect line-height"
                  text run at (0,36) width 470: "calculations, so all lines in this element should have the same line-height."
