layer at (0,0) size 800x600 scrollHeight 717
  LayoutView at (0,0) size 800x600
layer at (0,0) size 800x717 backgroundClip at (0,0) size 800x600 clip at (0,0) size 800x600 outlineClip at (0,0) size 800x600
  LayoutBlockFlow {HTML} at (0,0) size 800x717
    LayoutBlockFlow {BODY} at (8,8) size 784x701 [bgcolor=#CCCCCC]
      LayoutBlockFlow {P} at (0,0) size 784x18
        LayoutText {#text} at (0,0) size 363x17
          text run at (0,0) width 363: "The style declarations which apply to the text below are:"
      LayoutBlockFlow {PRE} at (0,34) size 784x48
        LayoutText {#text} at (0,0) size 360x48
          text run at (0,0) width 352: ".zero {background-color: silver; margin: 0;}"
          text run at (352,0) width 0: " "
          text run at (0,16) width 352: ".one {margin: 25px; background-color: aqua;}"
          text run at (352,16) width 0: " "
          text run at (0,32) width 360: ".two {margin: -10px; background-color: aqua;}"
          text run at (360,32) width 0: " "
      LayoutBlockFlow {HR} at (0,95) size 784x2 [border: (1px inset #EEEEEE)]
      LayoutBlockFlow {P} at (0,105) size 784x18 [bgcolor=#C0C0C0]
        LayoutText {#text} at (0,0) size 208x17
          text run at (0,0) width 208: "This element has a class of zero."
      LayoutBlockFlow {P} at (0,139) size 784x72 [bgcolor=#808080]
        LayoutText {#text} at (0,0) size 491x17
          text run at (0,0) width 401: "This element is unstyled save for a background color of gray.. "
          text run at (400,0) width 91: "It contains an "
        LayoutInline {SPAN} at (0,0) size 768x35 [bgcolor=#00FFFF]
          LayoutText {#text} at (515,0) size 149x17
            text run at (515,0) width 149: "inline element of class "
          LayoutInline {TT} at (0,0) size 25x16
            LayoutText {#text} at (663,2) size 25x16
              text run at (663,2) width 25: "one"
          LayoutText {#text} at (687,0) size 768x35
            text run at (687,0) width 81: ", giving it an"
            text run at (0,18) width 234: "aqua background and a 25px margin"
        LayoutText {#text} at (258,18) size 783x53
          text run at (258,18) width 9: ". "
          text run at (266,18) width 504: "Margins on inline elements does not affect line-height calculations, so all lines"
          text run at (0,36) width 317: "in this element should have the same line-height. "
          text run at (316,36) width 467: "However, there should be a 25px margin to the left side of the inline box"
          text run at (0,54) width 762: "in the first line it appears, and a 25px margin to the right side of the inline element box in the last line where it appears."
      LayoutBlockFlow {P} at (0,227) size 784x18 [bgcolor=#C0C0C0]
        LayoutText {#text} at (0,0) size 208x17
          text run at (0,0) width 208: "This element has a class of zero."
      LayoutBlockFlow {P} at (0,261) size 784x72 [bgcolor=#808080]
        LayoutText {#text} at (0,0) size 491x17
          text run at (0,0) width 401: "This element is unstyled save for a background color of gray.. "
          text run at (400,0) width 91: "It contains an "
        LayoutInline {SPAN} at (0,0) size 768x35 [bgcolor=#00FFFF]
          LayoutText {#text} at (480,0) size 149x17
            text run at (480,0) width 149: "inline element of class "
          LayoutInline {TT} at (0,0) size 25x16
            LayoutText {#text} at (628,2) size 25x16
              text run at (628,2) width 25: "two"
          LayoutText {#text} at (652,0) size 768x35
            text run at (652,0) width 116: ", giving it an aqua"
            text run at (0,18) width 205: "background and a -10px margin"
        LayoutText {#text} at (194,18) size 784x53
          text run at (194,18) width 9: ". "
          text run at (202,18) width 547: "Margins on inline elements does not affect line-height calculations, so all lines in this"
          text run at (0,36) width 274: "element should have the same line-height. "
          text run at (273,36) width 511: "However, there should be a -10px margin to the left side of the inline box in the"
          text run at (0,54) width 728: "first line it appears, and a -10px margin to the right side of the inline element box in the last line where it appears."
      LayoutBlockFlow {P} at (0,349) size 784x18 [bgcolor=#C0C0C0]
        LayoutText {#text} at (0,0) size 208x17
          text run at (0,0) width 208: "This element has a class of zero."
      LayoutTable {TABLE} at (0,367) size 784x334 [border: (1px outset #808080)]
        LayoutTableSection {TBODY} at (1,1) size 782x332
          LayoutTableRow {TR} at (0,0) size 782x26
            LayoutTableCell {TD} at (0,0) size 782x26 [bgcolor=#C0C0C0] [border: (1px inset #808080)] [r=0 c=0 rs=1 cs=2]
              LayoutInline {STRONG} at (0,0) size 163x17
                LayoutText {#text} at (4,4) size 163x17
                  text run at (4,4) width 163: "TABLE Testing Section"
          LayoutTableRow {TR} at (0,26) size 782x306
            LayoutTableCell {TD} at (0,166) size 12x26 [bgcolor=#C0C0C0] [border: (1px inset #808080)] [r=1 c=0 rs=1 cs=1]
              LayoutText {#text} at (4,4) size 4x17
                text run at (4,4) width 4: " "
            LayoutTableCell {TD} at (12,26) size 770x306 [border: (1px inset #808080)] [r=1 c=1 rs=1 cs=1]
              LayoutBlockFlow {P} at (4,4) size 762x18 [bgcolor=#C0C0C0]
                LayoutText {#text} at (0,0) size 208x17
                  text run at (0,0) width 208: "This element has a class of zero."
              LayoutBlockFlow {P} at (4,38) size 762x90 [bgcolor=#808080]
                LayoutText {#text} at (0,0) size 491x17
                  text run at (0,0) width 401: "This element is unstyled save for a background color of gray.. "
                  text run at (400,0) width 91: "It contains an "
                LayoutInline {SPAN} at (0,0) size 749x35 [bgcolor=#00FFFF]
                  LayoutText {#text} at (515,0) size 149x17
                    text run at (515,0) width 149: "inline element of class "
                  LayoutInline {TT} at (0,0) size 25x16
                    LayoutText {#text} at (663,2) size 25x16
                      text run at (663,2) width 25: "one"
                  LayoutText {#text} at (687,0) size 749x35
                    text run at (687,0) width 62: ", giving it"
                    text run at (0,18) width 253: "an aqua background and a 25px margin"
                LayoutText {#text} at (277,18) size 761x71
                  text run at (277,18) width 9: ". "
                  text run at (285,18) width 470: "Margins on inline elements does not affect line-height calculations, so all"
                  text run at (0,36) width 352: "lines in this element should have the same line-height. "
                  text run at (351,36) width 397: "However, there should be a 25px margin to the left side of the"
                  text run at (0,54) width 761: "inline box in the first line it appears, and a 25px margin to the right side of the inline element box in the last line where"
                  text run at (0,72) width 66: "it appears."
              LayoutBlockFlow {P} at (4,144) size 762x18 [bgcolor=#C0C0C0]
                LayoutText {#text} at (0,0) size 208x17
                  text run at (0,0) width 208: "This element has a class of zero."
              LayoutBlockFlow {P} at (4,178) size 762x90 [bgcolor=#808080]
                LayoutText {#text} at (0,0) size 491x17
                  text run at (0,0) width 401: "This element is unstyled save for a background color of gray.. "
                  text run at (400,0) width 91: "It contains an "
                LayoutInline {SPAN} at (0,0) size 733x35 [bgcolor=#00FFFF]
                  LayoutText {#text} at (480,0) size 149x17
                    text run at (480,0) width 149: "inline element of class "
                  LayoutInline {TT} at (0,0) size 25x16
                    LayoutText {#text} at (628,2) size 25x16
                      text run at (628,2) width 25: "two"
                  LayoutText {#text} at (652,0) size 733x35
                    text run at (652,0) width 81: ", giving it an"
                    text run at (0,18) width 239: "aqua background and a -10px margin"
                LayoutText {#text} at (228,18) size 756x71
                  text run at (228,18) width 9: ". "
                  text run at (236,18) width 520: "Margins on inline elements does not affect line-height calculations, so all lines in"
                  text run at (0,36) width 301: "this element should have the same line-height. "
                  text run at (300,36) width 443: "However, there should be a -10px margin to the left side of the inline"
                  text run at (0,54) width 739: "box in the first line it appears, and a -10px margin to the right side of the inline element box in the last line where it"
                  text run at (0,72) width 53: "appears."
              LayoutBlockFlow {P} at (4,284) size 762x18 [bgcolor=#C0C0C0]
                LayoutText {#text} at (0,0) size 208x17
                  text run at (0,0) width 208: "This element has a class of zero."
