layer at (0,0) size 800x600 clip at (0,0) size 785x600 scrollHeight 757
  LayoutView at (0,0) size 800x600
layer at (0,0) size 785x757 backgroundClip at (0,0) size 785x600 clip at (0,0) size 785x600 outlineClip at (0,0) size 785x600
  LayoutBlockFlow {HTML} at (0,0) size 785x757
    LayoutBlockFlow {BODY} at (8,8) size 769x741 [bgcolor=#CCCCCC]
      LayoutBlockFlow {P} at (0,0) size 769x18
        LayoutText {#text} at (0,0) size 363x17
          text run at (0,0) width 363: "The style declarations which apply to the text below are:"
      LayoutBlockFlow {PRE} at (0,34) size 769x64
        LayoutText {#text} at (0,0) size 368x64
          text run at (0,0) width 360: ".zero {background-color: silver; padding: 0;}"
          text run at (360,0) width 0: " "
          text run at (0,16) width 360: ".one {padding: 25px; background-color: aqua;}"
          text run at (360,16) width 0: " "
          text run at (0,32) width 368: ".two {padding: -10px; background-color: aqua;}"
          text run at (368,32) width 0: " "
          text run at (0,48) width 0: " "
      LayoutBlockFlow {HR} at (0,111) size 769x2 [border: (1px inset #EEEEEE)]
      LayoutBlockFlow {P} at (0,129) size 769x18 [bgcolor=#C0C0C0]
        LayoutText {#text} at (0,0) size 208x17
          text run at (0,0) width 208: "This element has a class of zero."
      LayoutBlockFlow {P} at (0,163) size 769x108 [bgcolor=#808080]
        LayoutText {#text} at (0,0) size 487x17
          text run at (0,0) width 397: "This element is unstyled save for a background color of gray. "
          text run at (396,0) width 91: "It contains an "
        LayoutInline {SPAN} at (0,0) size 764x85 [bgcolor=#00FFFF]
          LayoutText {#text} at (511,0) size 149x17
            text run at (511,0) width 149: "inline element of class "
          LayoutInline {TT} at (0,0) size 25x16
            LayoutText {#text} at (659,2) size 25x16
              text run at (659,2) width 25: "one"
          LayoutText {#text} at (683,0) size 764x35
            text run at (683,0) width 81: ", giving it an"
            text run at (0,18) width 240: "aqua background and a 25px padding"
        LayoutText {#text} at (264,18) size 748x89
          text run at (264,18) width 9: ". "
          text run at (272,18) width 469: "Padding on inline elements does not affect line-height calculations, so all"
          text run at (0,36) width 352: "lines in this element should have the same line-height. "
          text run at (351,36) width 397: "There may be implementation-specific limits on how much of"
          text run at (0,54) width 462: "the padding the user agent is able to display above and below each line. "
          text run at (461,54) width 268: "However, there should be at least 25px of"
          text run at (0,72) width 745: "padding to the left side of the inline box in the first line it appears, and 25px of padding to the right side of the inline"
          text run at (0,90) width 286: "element box in the last line where it appears."
      LayoutBlockFlow {P} at (0,287) size 769x18 [bgcolor=#C0C0C0]
        LayoutText {#text} at (0,0) size 208x17
          text run at (0,0) width 208: "This element has a class of zero."
      LayoutBlockFlow {P} at (0,321) size 769x54 [bgcolor=#808080]
        LayoutText {#text} at (0,0) size 487x17
          text run at (0,0) width 397: "This element is unstyled save for a background color of gray. "
          text run at (396,0) width 91: "It contains an "
        LayoutInline {SPAN} at (0,0) size 739x35 [bgcolor=#00FFFF]
          LayoutText {#text} at (486,0) size 149x17
            text run at (486,0) width 149: "inline element of class "
          LayoutInline {TT} at (0,0) size 25x16
            LayoutText {#text} at (634,2) size 25x16
              text run at (634,2) width 25: "two"
          LayoutText {#text} at (658,0) size 739x35
            text run at (658,0) width 81: ", giving it an"
            text run at (0,18) width 515: "aqua background and no padding, since negative padding values are not allowed"
        LayoutText {#text} at (514,18) size 755x35
          text run at (514,18) width 9: ". "
          text run at (522,18) width 233: "Padding on inline elements does not"
          text run at (0,36) width 584: "affect line-height calculations, so all lines in this element should have the same line-height."
      LayoutBlockFlow {P} at (0,391) size 769x18 [bgcolor=#C0C0C0]
        LayoutText {#text} at (0,0) size 208x17
          text run at (0,0) width 208: "This element has a class of zero."
      LayoutTable {TABLE} at (0,425) size 769x316 [border: (1px outset #808080)]
        LayoutTableSection {TBODY} at (1,1) size 767x314
          LayoutTableRow {TR} at (0,0) size 767x26
            LayoutTableCell {TD} at (0,0) size 767x26 [bgcolor=#C0C0C0] [border: (1px inset #808080)] [r=0 c=0 rs=1 cs=2]
              LayoutInline {STRONG} at (0,0) size 163x17
                LayoutText {#text} at (4,4) size 163x17
                  text run at (4,4) width 163: "TABLE Testing Section"
          LayoutTableRow {TR} at (0,26) size 767x288
            LayoutTableCell {TD} at (0,157) size 12x26 [bgcolor=#C0C0C0] [border: (1px inset #808080)] [r=1 c=0 rs=1 cs=1]
              LayoutText {#text} at (4,4) size 4x17
                text run at (4,4) width 4: " "
            LayoutTableCell {TD} at (12,26) size 755x288 [border: (1px inset #808080)] [r=1 c=1 rs=1 cs=1]
              LayoutBlockFlow {P} at (4,4) size 747x18 [bgcolor=#C0C0C0]
                LayoutText {#text} at (0,0) size 208x17
                  text run at (0,0) width 208: "This element has a class of zero."
              LayoutBlockFlow {P} at (4,38) size 747x108 [bgcolor=#808080]
                LayoutText {#text} at (0,0) size 487x17
                  text run at (0,0) width 397: "This element is unstyled save for a background color of gray. "
                  text run at (396,0) width 91: "It contains an "
                LayoutInline {SPAN} at (0,0) size 745x85 [bgcolor=#00FFFF]
                  LayoutText {#text} at (511,0) size 149x17
                    text run at (511,0) width 149: "inline element of class "
                  LayoutInline {TT} at (0,0) size 25x16
                    LayoutText {#text} at (659,2) size 25x16
                      text run at (659,2) width 25: "one"
                  LayoutText {#text} at (683,0) size 745x35
                    text run at (683,0) width 62: ", giving it"
                    text run at (0,18) width 259: "an aqua background and a 25px padding"
                LayoutText {#text} at (283,18) size 740x89
                  text run at (283,18) width 9: ". "
                  text run at (291,18) width 449: "Padding on inline elements does not affect line-height calculations, so"
                  text run at (0,36) width 372: "all lines in this element should have the same line-height. "
                  text run at (371,36) width 340: "There may be implementation-specific limits on how"
                  text run at (0,54) width 519: "much of the padding the user agent is able to display above and below each line. "
                  text run at (518,54) width 214: "However, there should be at least"
                  text run at (0,72) width 735: "25px of padding to the left side of the inline box in the first line it appears, and 25px of padding to the right side of"
                  text run at (0,90) width 350: "the inline element box in the last line where it appears."
              LayoutBlockFlow {P} at (4,162) size 747x18 [bgcolor=#C0C0C0]
                LayoutText {#text} at (0,0) size 208x17
                  text run at (0,0) width 208: "This element has a class of zero."
              LayoutBlockFlow {P} at (4,196) size 747x54 [bgcolor=#808080]
                LayoutText {#text} at (0,0) size 487x17
                  text run at (0,0) width 397: "This element is unstyled save for a background color of gray. "
                  text run at (396,0) width 91: "It contains an "
                LayoutInline {SPAN} at (0,0) size 739x35 [bgcolor=#00FFFF]
                  LayoutText {#text} at (486,0) size 149x17
                    text run at (486,0) width 149: "inline element of class "
                  LayoutInline {TT} at (0,0) size 25x16
                    LayoutText {#text} at (634,2) size 25x16
                      text run at (634,2) width 25: "two"
                  LayoutText {#text} at (658,0) size 739x35
                    text run at (658,0) width 81: ", giving it an"
                    text run at (0,18) width 515: "aqua background and no padding, since negative padding values are not allowed"
                LayoutText {#text} at (514,18) size 730x35
                  text run at (514,18) width 9: ". "
                  text run at (522,18) width 208: "Padding on inline elements does"
                  text run at (0,36) width 608: "not affect line-height calculations, so all lines in this element should have the same line-height."
              LayoutBlockFlow {P} at (4,266) size 747x18 [bgcolor=#C0C0C0]
                LayoutText {#text} at (0,0) size 208x17
                  text run at (0,0) width 208: "This element has a class of zero."
