layer at (0,0) size 800x600
  LayoutView at (0,0) size 800x600
layer at (0,0) size 800x600
  LayoutBlockFlow {HTML} at (0,0) size 800x600
    LayoutBlockFlow {BODY} at (8,50) size 784x542
layer at (58,50) size 734x20
  LayoutBlockFlow {DIV} at (50,0) size 734x20
    LayoutText {#text} at (0,0) size 7x19
      text run at (0,0) width 7: "a"
layer at (58,50) size 100x100
  LayoutBlockFlow (positioned) {DIV} at (0,0) size 100x100 [bgcolor=#FF0000]
    LayoutBR {BR} at (0,0) size 0x19
selection start: position 0 of child 0 {BR} of child 1 {DIV} of child 1 {DIV} of body
selection end:   position 1 of child 2 {#text} of child 1 {DIV} of body
