layer at (0,0) size 800x600
  LayoutView at (0,0) size 800x600
layer at (0,0) size 800x600
  LayoutBlockFlow {HTML} at (0,0) size 800x600
    LayoutBlockFlow {BODY} at (8,8) size 784x584
      LayoutBlockFlow {H1} at (0,0) size 784x37
        LayoutText {#text} at (0,0) size 91x36
          text run at (0,0) width 91: "Blocks"
      LayoutBlockFlow {DIV} at (0,58.44) size 784x18
        LayoutInline {<pseudo:before>} at (0,0) size 36x17
          LayoutTextFragment (anonymous) at (0,0) size 36x17
            text run at (0,0) width 36: "Test: "
        LayoutText {#text} at (35,0) size 49x17
          text run at (35,0) width 49: "content"
      LayoutBlockFlow {DIV} at (0,76.44) size 784x18
        LayoutBlockFlow {<pseudo:before>} at (0,0) size 32x18
          LayoutTextFragment (anonymous) at (0,0) size 32x17
            text run at (0,0) width 32: "Test:"
        LayoutText {#text} at (32,0) size 48x17
          text run at (32,0) width 48: "content"
      LayoutBlockFlow {DIV} at (0,94.44) size 784x18
        LayoutTable {<pseudo:before>} at (0,0) size 32x18
          LayoutTableSection (anonymous) at (0,0) size 32x18
            LayoutTableRow (anonymous) at (0,0) size 32x18
              LayoutTableCell (anonymous) at (0,0) size 32x18 [r=0 c=0 rs=1 cs=1]
                LayoutTextFragment (anonymous) at (0,0) size 32x17
                  text run at (0,0) width 32: "Test:"
        LayoutText {#text} at (32,0) size 48x17
          text run at (32,0) width 48: "content"
      LayoutBlockFlow {H1} at (0,133.88) size 784x37
        LayoutText {#text} at (0,0) size 93x36
          text run at (0,0) width 93: "Inlines"
      LayoutBlockFlow (anonymous) at (0,192.31) size 784x54
        LayoutInline {SPAN} at (0,0) size 84x17
          LayoutInline {<pseudo:before>} at (0,0) size 36x17
            LayoutTextFragment (anonymous) at (0,0) size 36x17
              text run at (0,0) width 36: "Test: "
          LayoutText {#text} at (35,0) size 49x17
            text run at (35,0) width 49: "content"
        LayoutBR {BR} at (83,14) size 1x0
        LayoutInline {SPAN} at (0,0) size 80x17
          LayoutBlockFlow {<pseudo:before>} at (0,18) size 32x18
            LayoutTextFragment (anonymous) at (0,0) size 32x17
              text run at (0,0) width 32: "Test:"
          LayoutText {#text} at (32,18) size 48x17
            text run at (32,18) width 48: "content"
        LayoutBR {BR} at (79,32) size 1x0
        LayoutInline {SPAN} at (0,0) size 80x17
          LayoutTable {<pseudo:before>} at (0,36) size 32x18
            LayoutTableSection (anonymous) at (0,0) size 32x18
              LayoutTableRow (anonymous) at (0,0) size 32x18
                LayoutTableCell (anonymous) at (0,0) size 32x18 [r=0 c=0 rs=1 cs=1]
                  LayoutTextFragment (anonymous) at (0,0) size 32x17
                    text run at (0,0) width 32: "Test:"
          LayoutText {#text} at (32,36) size 48x17
            text run at (32,36) width 48: "content"
        LayoutBR {BR} at (79,50) size 1x0
