layer at (0,0) size 800x600
  LayoutView at (0,0) size 800x600
layer at (0,0) size 800x600
  LayoutBlockFlow {HTML} at (0,0) size 800x600
    LayoutBlockFlow {BODY} at (8,8) size 784x576
      LayoutBlockFlow {P} at (0,0) size 784x18
        LayoutText {#text} at (0,0) size 602x18
          text run at (0,0) width 602: "The following is a test for having a trailing base within a <ruby> with no associated ruby text."
      LayoutBlockFlow (anonymous) at (0,34) size 784x36
        LayoutBR {BR} at (0,0) size 0x18
        LayoutBR {BR} at (0,18) size 0x18
      LayoutBlockFlow {P} at (0,86) size 784x28
        LayoutText {#text} at (0,10) size 159x18
          text run at (0,10) width 159: "<ruby> is defined in the "
        LayoutRuby (inline) {RUBY} at (0,0) size 112x18
          LayoutRubyRun (anonymous) at (154.02,10) size 107.47x18
            LayoutRubyText {RT} at (0,-10) size 107.47x10
              LayoutText {#text} at (0,0) size 108x10
                text run at (0,0) width 108: "Hyper-text Markup Language"
            LayoutRubyBase (anonymous) at (0,0) size 107.47x18
              LayoutText {#text} at (31,0) size 46x18
                text run at (31,0) width 46: "HTML"
          LayoutRubyRun (anonymous) at (261.48,10) size 8x18
            LayoutRubyBase (anonymous) at (0,0) size 8x18
              LayoutText {#text} at (0,0) size 8x18
                text run at (0,0) width 8: "5"
        LayoutText {#text} at (269,10) size 5x18
          text run at (269,10) width 5: "."
