layer at (0,0) size 800x600
  LayoutView at (0,0) size 800x600
layer at (0,0) size 800x600
  LayoutBlockFlow {HTML} at (0,0) size 800x600
    LayoutBlockFlow {BODY} at (8,8) size 784x584
      LayoutTable {TABLE} at (0,0) size 495x130
        LayoutBlockFlow {CAPTION} at (0,0) size 495x18
          LayoutText {#text} at (49,0) size 397x17
            text run at (49,0) width 397: "Communicator 4.5 Installers for Mac and Windows Platforms"
        LayoutTableSection {THEAD} at (0,18) size 495x24
          LayoutTableRow {TR} at (0,2) size 495x20
            LayoutTableCell {TD} at (2,2) size 195x20 [r=0 c=0 rs=1 cs=1]
              LayoutText {#text} at (1,1) size 193x17
                text run at (1,1) width 193: "This is the header information"
        LayoutTableSection {TBODY} at (0,42) size 495x88
          LayoutTableRow {TR} at (0,0) size 495x20
            LayoutTableCell {TH} at (2,9) size 195x2 [r=0 c=0 rs=1 cs=1]
            LayoutTableCell {TH} at (199,0) size 110x20 [r=0 c=1 rs=1 cs=1]
              LayoutText {#text} at (1,1) size 108x17
                text run at (1,1) width 108: "Macintosh PPC"
            LayoutTableCell {TH} at (311,0) size 87x20 [r=0 c=2 rs=1 cs=1]
              LayoutText {#text} at (1,1) size 85x17
                text run at (1,1) width 85: "Windows 95"
            LayoutTableCell {TH} at (400,0) size 93x20 [r=0 c=3 rs=1 cs=1]
              LayoutText {#text} at (1,1) size 91x17
                text run at (1,1) width 91: "Windows NT"
          LayoutTableRow {TR} at (0,22) size 495x20
            LayoutTableCell {TD} at (2,22) size 195x20 [r=1 c=0 rs=1 cs=1]
              LayoutText {#text} at (1,1) size 76x17
                text run at (1,1) width 76: "Base Install"
            LayoutTableCell {TD} at (199,22) size 110x20 [r=1 c=1 rs=1 cs=1]
              LayoutText {#text} at (1,1) size 22x17
                text run at (1,1) width 22: "yes"
            LayoutTableCell {TD} at (311,22) size 87x20 [r=1 c=2 rs=1 cs=1]
              LayoutText {#text} at (1,1) size 22x17
                text run at (1,1) width 22: "yes"
            LayoutTableCell {TD} at (400,22) size 93x20 [r=1 c=3 rs=1 cs=1]
              LayoutText {#text} at (1,1) size 22x17
                text run at (1,1) width 22: "yes"
          LayoutTableRow {TR} at (0,44) size 495x20
            LayoutTableCell {TD} at (2,44) size 195x20 [r=2 c=0 rs=1 cs=1]
              LayoutText {#text} at (1,1) size 107x17
                text run at (1,1) width 107: "Complete Install"
            LayoutTableCell {TD} at (199,44) size 110x20 [r=2 c=1 rs=1 cs=1]
              LayoutText {#text} at (1,1) size 22x17
                text run at (1,1) width 22: "yes"
            LayoutTableCell {TD} at (311,44) size 87x20 [r=2 c=2 rs=1 cs=1]
              LayoutText {#text} at (1,1) size 22x17
                text run at (1,1) width 22: "yes"
            LayoutTableCell {TD} at (400,44) size 93x20 [r=2 c=3 rs=1 cs=1]
              LayoutText {#text} at (1,1) size 22x17
                text run at (1,1) width 22: "yes"
          LayoutTableRow {TR} at (0,66) size 495x20
            LayoutTableCell {TD} at (2,66) size 195x20 [r=3 c=0 rs=1 cs=1]
              LayoutText {#text} at (1,1) size 118x17
                text run at (1,1) width 118: "Pro Edition Install"
            LayoutTableCell {TD} at (199,66) size 110x20 [r=3 c=1 rs=1 cs=1]
              LayoutText {#text} at (1,1) size 22x17
                text run at (1,1) width 22: "yes"
            LayoutTableCell {TD} at (311,66) size 87x20 [r=3 c=2 rs=1 cs=1]
              LayoutText {#text} at (1,1) size 22x17
                text run at (1,1) width 22: "yes"
            LayoutTableCell {TD} at (400,66) size 93x20 [r=3 c=3 rs=1 cs=1]
              LayoutText {#text} at (1,1) size 22x17
                text run at (1,1) width 22: "yes"
