layer at (0,0) size 800x600
  LayoutView at (0,0) size 800x600
layer at (0,0) size 800x354
  LayoutBlockFlow {HTML} at (0,0) size 800x354
    LayoutBlockFlow {BODY} at (8,8) size 784x338
      LayoutText {#text} at (149,26) size 4x18
        text run at (149,26) width 4: " "
      LayoutBR {BR} at (153,26) size 0x18
      LayoutText {#text} at (153,74) size 4x18
        text run at (153,74) width 4: " "
      LayoutText {#text} at (306,74) size 4x18
        text run at (306,74) width 4: " "
      LayoutBR {BR} at (310,74) size 0x18
      LayoutText {#text} at (149,118) size 4x18
        text run at (149,118) width 4: " "
      LayoutBR {BR} at (153,118) size 0x18
      LayoutText {#text} at (149,162) size 4x18
        text run at (149,162) width 4: " "
      LayoutBR {BR} at (153,162) size 0x18
      LayoutText {#text} at (209,236) size 4x18
        text run at (209,236) width 4: " "
      LayoutText {#text} at (442,236) size 4x18
        text run at (442,236) width 4: " "
      LayoutText {#text} at (715,236) size 4x18
        text run at (715,236) width 4: " "
      LayoutBR {BR} at (719,236) size 0x18
      LayoutText {#text} at (215,320) size 4x18
        text run at (215,320) width 4: " "
      LayoutText {#text} at (482,320) size 4x18
        text run at (482,320) width 4: " "
      LayoutBR {BR} at (486,320) size 0x18
layer at (12,12) size 141x32 clip at (13,13) size 139x30
  LayoutTextControl {TEXTAREA} at (4,4) size 141x32 [bgcolor=#FFFFFF] [border: (1px solid #000000)]
    LayoutBlockFlow {DIV} at (3,3) size 135x13
      LayoutText {#text} at (0,0) size 18x13
        text run at (0,0) width 18: "foo"
layer at (12,56) size 145x36 clip at (15,59) size 139x30
  LayoutTextControl {TEXTAREA} at (4,48) size 145x36 [bgcolor=#FFFFFF] [border: (3px solid #00FF00)]
    LayoutBlockFlow {DIV} at (5,5) size 135x13
      LayoutText {#text} at (0,0) size 18x13
        text run at (0,0) width 18: "foo"
layer at (169,60) size 141x32 clip at (170,61) size 139x30
  LayoutTextControl {TEXTAREA} at (161,52) size 141x32 [bgcolor=#FFFFFF] [border: (1px solid #000000)]
    LayoutBlockFlow {DIV} at (3,3) size 135x13
      LayoutText {#text} at (0,0) size 18x13
        text run at (0,0) width 18: "foo"
layer at (12,104) size 141x32 clip at (13,105) size 139x30
  LayoutTextControl {TEXTAREA} at (4,96) size 141x32 [border: (1px solid #000000)]
    LayoutBlockFlow {DIV} at (3,3) size 135x13
      LayoutText {#text} at (0,0) size 18x13
        text run at (0,0) width 18: "foo"
layer at (12,148) size 141x32 clip at (13,149) size 139x30
  LayoutTextControl {TEXTAREA} at (4,140) size 141x32 [bgcolor=#FFFFFF] [border: (1px solid #000000)]
    LayoutBlockFlow {DIV} at (3,3) size 135x13
      LayoutText {#text} at (0,0) size 18x13
        text run at (0,0) width 18: "foo"
layer at (12,212) size 201x42 clip at (13,213) size 199x40
  LayoutTextControl {TEXTAREA} at (4,204) size 201x42 [bgcolor=#FFFFFF] [border: (1px solid #000000)]
    LayoutBlockFlow {DIV} at (3,3) size 195x18
      LayoutText {#text} at (0,0) size 24x18
        text run at (0,0) width 24: "foo"
layer at (225,202) size 221x52 clip at (226,203) size 219x50
  LayoutTextControl {TEXTAREA} at (217,194) size 221x52 [bgcolor=#FFFFFF] [border: (1px solid #000000)]
    LayoutBlockFlow {DIV} at (3,3) size 215x23
      LayoutText {#text} at (0,0) size 29x23
        text run at (0,0) width 29: "foo"
layer at (458,192) size 261x62 clip at (459,193) size 259x60
  LayoutTextControl {TEXTAREA} at (450,184) size 261x62 [bgcolor=#FFFFFF] [border: (1px solid #000000)]
    LayoutBlockFlow {DIV} at (3,3) size 255x28
      LayoutText {#text} at (0,0) size 35x28
        text run at (0,0) width 35: "foo"
layer at (14,290) size 203x46 clip at (15,291) size 201x44
  LayoutTextControl {TEXTAREA} at (6,282) size 203x46 [bgcolor=#FFFFFF] [border: (1px solid #000000)]
    LayoutBlockFlow {DIV} at (4,4) size 195x19
      LayoutText {#text} at (0,0) size 25x19
        text run at (0,0) width 25: "foo"
layer at (235,270) size 247x64 clip at (237,272) size 243x60
  LayoutTextControl {TEXTAREA} at (227,262) size 247x64 [bgcolor=#FFFFFF] [border: (2px solid #000000)]
    LayoutBlockFlow {DIV} at (6,6) size 235x26
      LayoutText {#text} at (0,0) size 32x26
        text run at (0,0) width 32: "foo"
