layer at (0,0) size 800x600
  LayoutView at (0,0) size 800x600
layer at (0,0) size 800x600
  LayoutBlockFlow {HTML} at (0,0) size 800x600
    LayoutBlockFlow {BODY} at (8,8) size 784x584
      LayoutTable {TABLE} at (0,0) size 423x108 [border: (2px outset #808080)]
        LayoutBlockFlow {CAPTION} at (0,0) size 423x18
          LayoutText {#text} at (13,0) size 397x18
            text run at (13,0) width 397: "Communicator 4.5 Installers for Mac and Windows Platforms"
        LayoutTableSection {TBODY} at (2,20) size 418x85
          LayoutTableRow {TR} at (0,0) size 418x23
            LayoutTableCell {TH} at (0,9) size 123x5 [border: (3px none #808080) none none (3px solid #808080)] [r=0 c=0 rs=1 cs=1]
            LayoutTableCell {TH} at (123,0) size 111x23 [border: (3px none #808080) none none (1px solid #808080)] [r=0 c=1 rs=1 cs=1]
              LayoutText {#text} at (2,4) size 108x18
                text run at (2,4) width 108: "Macintosh PPC"
            LayoutTableCell {TH} at (234,0) size 88x23 [border: (3px none #808080) none none (1px solid #808080)] [r=0 c=2 rs=1 cs=1]
              LayoutText {#text} at (2,4) size 85x18
                text run at (2,4) width 85: "Windows 95"
            LayoutTableCell {TH} at (322,0) size 96x23 [border: (3px none #808080) (2px solid #808080) none (1px solid #808080)] [r=0 c=3 rs=1 cs=1]
              LayoutText {#text} at (2,4) size 91x18
                text run at (2,4) width 91: "Windows NT"
          LayoutTableRow {TR} at (0,23) size 418x20
            LayoutTableCell {TD} at (0,23) size 123x20 [border: none none none (3px solid #808080)] [r=1 c=0 rs=1 cs=1]
              LayoutText {#text} at (4,1) size 76x18
                text run at (4,1) width 76: "Base Install"
            LayoutTableCell {TD} at (123,23) size 111x20 [border: none none none (1px solid #808080)] [r=1 c=1 rs=1 cs=1]
              LayoutText {#text} at (2,1) size 22x18
                text run at (2,1) width 22: "yes"
            LayoutTableCell {TD} at (234,23) size 88x20 [border: none none none (1px solid #808080)] [r=1 c=2 rs=1 cs=1]
              LayoutText {#text} at (2,1) size 22x18
                text run at (2,1) width 22: "yes"
            LayoutTableCell {TD} at (322,23) size 96x20 [border: none (2px solid #808080) none (1px solid #808080)] [r=1 c=3 rs=1 cs=1]
              LayoutText {#text} at (2,1) size 22x18
                text run at (2,1) width 22: "yes"
          LayoutTableRow {TR} at (0,43) size 418x20
            LayoutTableCell {TD} at (0,43) size 123x20 [border: none none none (3px solid #808080)] [r=2 c=0 rs=1 cs=1]
              LayoutText {#text} at (4,1) size 107x18
                text run at (4,1) width 107: "Complete Install"
            LayoutTableCell {TD} at (123,43) size 111x20 [border: none none none (1px solid #808080)] [r=2 c=1 rs=1 cs=1]
              LayoutText {#text} at (2,1) size 22x18
                text run at (2,1) width 22: "yes"
            LayoutTableCell {TD} at (234,43) size 88x20 [border: none none none (1px solid #808080)] [r=2 c=2 rs=1 cs=1]
              LayoutText {#text} at (2,1) size 22x18
                text run at (2,1) width 22: "yes"
            LayoutTableCell {TD} at (322,43) size 96x20 [border: none (2px solid #808080) none (1px solid #808080)] [r=2 c=3 rs=1 cs=1]
              LayoutText {#text} at (2,1) size 22x18
                text run at (2,1) width 22: "yes"
          LayoutTableRow {TR} at (0,63) size 418x22
            LayoutTableCell {TD} at (0,63) size 123x22 [border: none none (2px none #808080) (3px solid #808080)] [r=3 c=0 rs=1 cs=1]
              LayoutText {#text} at (4,1) size 118x18
                text run at (4,1) width 118: "Pro Edition Install"
            LayoutTableCell {TD} at (123,63) size 111x22 [border: none none (2px none #808080) (1px solid #808080)] [r=3 c=1 rs=1 cs=1]
              LayoutText {#text} at (2,1) size 22x18
                text run at (2,1) width 22: "yes"
            LayoutTableCell {TD} at (234,63) size 88x22 [border: none none (2px none #808080) (1px solid #808080)] [r=3 c=2 rs=1 cs=1]
              LayoutText {#text} at (2,1) size 22x18
                text run at (2,1) width 22: "yes"
            LayoutTableCell {TD} at (322,63) size 96x22 [border: none (2px solid #808080) (2px none #808080) (1px solid #808080)] [r=3 c=3 rs=1 cs=1]
              LayoutText {#text} at (2,1) size 22x18
                text run at (2,1) width 22: "yes"
