layer at (0,0) size 800x600
  LayoutView at (0,0) size 800x600
layer at (0,0) size 800x600
  LayoutBlockFlow {HTML} at (0,0) size 800x600
    LayoutBlockFlow {BODY} at (0,0) size 800x600 [bgcolor=#FFFFFF]
      LayoutBlockFlow (anonymous) at (0,0) size 800x20
        LayoutText {#text} at (0,0) size 314x19
          text run at (0,0) width 314: "The bug showed horizontal scroll bars when resized "
        LayoutBR {BR} at (314,15) size 0x0
      LayoutTable {TABLE} at (0,20) size 800x90
        LayoutTableSection {TBODY} at (0,0) size 800x90
          LayoutTableRow {TR} at (0,0) size 800x90
            LayoutTableCell {TD} at (0,0) size 800x90 [bgcolor=#FFFFFF] [r=0 c=0 rs=1 cs=1]
              LayoutImage {IMG} at (0,0) size 194x90
              LayoutImage {IMG} at (667,0) size 133x90
