layer at (0,0) size 800x600
  LayoutView at (0,0) size 800x600
layer at (0,0) size 800x600
  LayoutBlockFlow {HTML} at (0,0) size 800x600
    LayoutBlockFlow {BODY} at (8,8) size 784x584
      LayoutBlockFlow {P} at (0,0) size 784x20
        LayoutText {#text} at (0,0) size 198x19
          text run at (0,0) width 198: "Image URLs intentionally broken"
      LayoutTable {TABLE} at (0,36) size 732x57
        LayoutTableSection {TBODY} at (0,0) size 732x57
          LayoutTableRow {TR} at (0,2) size 732x53
            LayoutTableCell {TD} at (2,2) size 728x53 [r=0 c=0 rs=1 cs=1]
              LayoutImage {IMG} at (1,1) size 167x51
              LayoutImage {IMG} at (168,1) size 181x51
              LayoutImage {IMG} at (349,1) size 205x51
              LayoutImage {IMG} at (554,1) size 173x51
      LayoutBlockFlow {P} at (0,109) size 784x20
        LayoutText {#text} at (0,0) size 434x19
          text run at (0,0) width 434: "Identical to the above except that width=\"100%\" was removed from TD"
      LayoutTable {TABLE} at (0,145) size 732x57
        LayoutTableSection {TBODY} at (0,0) size 732x57
          LayoutTableRow {TR} at (0,2) size 732x53
            LayoutTableCell {TD} at (2,2) size 728x53 [r=0 c=0 rs=1 cs=1]
              LayoutImage {IMG} at (1,1) size 167x51
              LayoutImage {IMG} at (168,1) size 181x51
              LayoutImage {IMG} at (349,1) size 205x51
              LayoutImage {IMG} at (554,1) size 173x51
