layer at (0,0) size 800x600
  LayoutView at (0,0) size 800x600
layer at (0,0) size 800x560
  LayoutBlockFlow {HTML} at (0,0) size 800x560
    LayoutBlockFlow {BODY} at (8,8) size 784x0
      LayoutBlockFlow (floating) {DIV} at (8,8) size 366x146 [border: (3px solid #000000)]
        LayoutText {#text} at (3,3) size 273x28
          text run at (3,3) width 273: "Lorem ipsum dolor sit amet,"
        LayoutInline {SPAN} at (0,0) size 214x28
          LayoutText {#text} at (3,45) size 214x28
            text run at (3,45) width 214: "consectetur adipiscing"
        LayoutText {#text} at (216,45) size 134x28
          text run at (216,45) width 7: " "
          text run at (222,45) width 128: "elit. Aliquam"
        LayoutInline {SPAN} at (0,0) size 110x28
          LayoutText {#text} at (3,73) size 110x28
            text run at (3,73) width 110: "odio sapien"
        LayoutText {#text} at (112,73) size 334x70
          text run at (112,73) width 13: ", "
          text run at (124,73) width 213: "lobortis eu iaculis vel,"
          text run at (3,115) width 209: "scelerisque nec dolor."
      LayoutBlockFlow (floating) {DIV} at (390,8) size 366x146 [border: (3px solid #000000)]
        LayoutText {#text} at (3,3) size 273x28
          text run at (3,3) width 273: "Lorem ipsum dolor sit amet,"
        LayoutInline {SPAN} at (0,0) size 214x28
          LayoutText {#text} at (3,45) size 214x28
            text run at (3,45) width 214: "consectetur adipiscing"
        LayoutText {#text} at (216,45) size 134x28
          text run at (216,45) width 7: " "
          text run at (222,45) width 128: "elit. Aliquam"
        LayoutInline {SPAN} at (0,0) size 110x28
          LayoutText {#text} at (3,73) size 110x28
            text run at (3,73) width 110: "odio sa\x{300}pien"
        LayoutText {#text} at (112,73) size 334x70
          text run at (112,73) width 13: ", "
          text run at (124,73) width 213: "lobortis eu iaculis vel,"
          text run at (3,115) width 208: "scelerisque nec dolor."
      LayoutBlockFlow (floating) {DIV} at (8,170) size 366x160 [border: (3px solid #000000)]
        LayoutText {#text} at (3,18) size 70x28
          text run at (3,18) width 70: "Lorem "
        LayoutInline {SPAN} at (0,0) size 60x28
          LayoutText {#text} at (72,18) size 60x28
            text run at (72,18) width 60: "ipsum"
        LayoutText {#text} at (131,18) size 7x28
          text run at (131,18) width 7: " "
        LayoutInline {SPAN} at (0,0) size 52x28
          LayoutText {#text} at (137,18) size 52x28
            text run at (137,18) width 52: "dolor"
        LayoutText {#text} at (188,18) size 7x28
          text run at (188,18) width 7: " "
        LayoutInline {SPAN} at (0,0) size 23x28
          LayoutText {#text} at (194,18) size 23x28
            text run at (194,18) width 23: "sit"
        LayoutText {#text} at (216,18) size 7x28
          text run at (216,18) width 7: " "
        LayoutInline {SPAN} at (0,0) size 48x28
          LayoutText {#text} at (222,18) size 48x28
            text run at (222,18) width 48: "amet"
        LayoutText {#text} at (269,18) size 7x28
          text run at (269,18) width 7: ","
        LayoutInline {SPAN} at (0,0) size 110x28
          LayoutText {#text} at (3,61) size 110x28
            text run at (3,61) width 110: "consectetur"
        LayoutText {#text} at (112,61) size 7x28
          text run at (112,61) width 7: " "
        LayoutInline {SPAN} at (0,0) size 99x28
          LayoutText {#text} at (118,61) size 99x28
            text run at (118,61) width 99: "adipiscing"
        LayoutText {#text} at (216,61) size 7x28
          text run at (216,61) width 7: " "
        LayoutInline {SPAN} at (0,0) size 32x28
          LayoutText {#text} at (222,61) size 32x28
            text run at (222,61) width 32: "elit"
        LayoutText {#text} at (253,61) size 13x28
          text run at (253,61) width 13: ". "
        LayoutInline {SPAN} at (0,0) size 85x28
          LayoutText {#text} at (265,61) size 85x28
            text run at (265,61) width 85: "Aliquam"
        LayoutText {#text} at (349,61) size 7x28
          text run at (349,61) width 7: ","
        LayoutInline {SPAN} at (0,0) size 43x28
          LayoutText {#text} at (3,101) size 43x28
            text run at (3,101) width 43: "odio"
        LayoutText {#text} at (45,101) size 7x28
          text run at (45,101) width 7: " "
        LayoutInline {SPAN} at (0,0) size 62x28
          LayoutText {#text} at (51,101) size 62x28
            text run at (51,101) width 62: "sapien"
        LayoutText {#text} at (112,101) size 13x28
          text run at (112,101) width 13: ", "
        LayoutInline {SPAN} at (0,0) size 75x28
          LayoutText {#text} at (124,101) size 75x28
            text run at (124,101) width 75: "lobortis"
        LayoutText {#text} at (198,101) size 334x56
          text run at (198,101) width 7: " "
          text run at (204,101) width 133: "eu iaculis vel,"
          text run at (3,129) width 209: "scelerisque nec dolor."
      LayoutBlockFlow (floating) {DIV} at (390,170) size 366x160 [border: (3px solid #000000)]
        LayoutText {#text} at (3,3) size 70x28
          text run at (3,3) width 70: "Lorem "
        LayoutInline {SPAN} at (0,0) size 60x28
          LayoutText {#text} at (72,3) size 60x28
            text run at (72,3) width 60: "ipsum"
        LayoutText {#text} at (131,3) size 7x28
          text run at (131,3) width 7: " "
        LayoutInline {SPAN} at (0,0) size 52x28
          LayoutText {#text} at (137,3) size 52x28
            text run at (137,3) width 52: "dolor"
        LayoutText {#text} at (188,3) size 7x28
          text run at (188,3) width 7: " "
        LayoutInline {SPAN} at (0,0) size 23x28
          LayoutText {#text} at (194,3) size 23x28
            text run at (194,3) width 23: "sit"
        LayoutText {#text} at (216,3) size 7x28
          text run at (216,3) width 7: " "
        LayoutInline {SPAN} at (0,0) size 48x28
          LayoutText {#text} at (222,3) size 48x28
            text run at (222,3) width 48: "amet"
        LayoutText {#text} at (269,3) size 7x28
          text run at (269,3) width 7: ","
        LayoutInline {SPAN} at (0,0) size 110x28
          LayoutText {#text} at (3,46) size 110x28
            text run at (3,46) width 110: "consectetur"
        LayoutText {#text} at (112,46) size 7x28
          text run at (112,46) width 7: " "
        LayoutInline {SPAN} at (0,0) size 99x28
          LayoutText {#text} at (118,46) size 99x28
            text run at (118,46) width 99: "adipiscing"
        LayoutText {#text} at (216,46) size 7x28
          text run at (216,46) width 7: " "
        LayoutInline {SPAN} at (0,0) size 32x28
          LayoutText {#text} at (222,46) size 32x28
            text run at (222,46) width 32: "elit"
        LayoutText {#text} at (253,46) size 13x28
          text run at (253,46) width 13: ". "
        LayoutInline {SPAN} at (0,0) size 85x28
          LayoutText {#text} at (265,46) size 85x28
            text run at (265,46) width 85: "Aliquam"
        LayoutText {#text} at (349,46) size 7x28
          text run at (349,46) width 7: ","
        LayoutInline {SPAN} at (0,0) size 43x28
          LayoutText {#text} at (3,89) size 43x28
            text run at (3,89) width 43: "odio"
        LayoutText {#text} at (45,89) size 7x28
          text run at (45,89) width 7: " "
        LayoutInline {SPAN} at (0,0) size 62x28
          LayoutText {#text} at (51,89) size 62x28
            text run at (51,89) width 62: "sapien"
        LayoutText {#text} at (112,89) size 13x28
          text run at (112,89) width 13: ", "
        LayoutInline {SPAN} at (0,0) size 75x28
          LayoutText {#text} at (124,89) size 75x28
            text run at (124,89) width 75: "lobortis"
        LayoutText {#text} at (198,89) size 334x68
          text run at (198,89) width 7: " "
          text run at (204,89) width 133: "eu iaculis vel,"
          text run at (3,129) width 209: "scelerisque nec dolor."
      LayoutBlockFlow (floating) {DIV} at (8,346) size 366x198 [border: (3px solid #000000)]
        LayoutText {#text} at (3,13) size 273x28
          text run at (3,13) width 273: "Lorem ipsum dolor sit amet,"
        LayoutInline {SPAN} at (0,0) size 214x28
          LayoutText {#text} at (3,61) size 214x28
            text run at (3,61) width 214: "consectetur adipiscing"
        LayoutText {#text} at (216,61) size 134x28
          text run at (216,61) width 7: " "
          text run at (222,61) width 128: "elit. Aliquam"
        LayoutInline {SPAN} at (0,0) size 110x28
          LayoutText {#text} at (3,109) size 110x28
            text run at (3,109) width 110: "odio sapien"
        LayoutText {#text} at (112,109) size 334x76
          text run at (112,109) width 13: ", "
          text run at (124,109) width 213: "lobortis eu iaculis vel,"
          text run at (3,157) width 209: "scelerisque nec dolor."
      LayoutBlockFlow (floating) {DIV} at (390,346) size 366x146 [border: (3px solid #000000)]
        LayoutText {#text} at (3,3) size 273x28
          text run at (3,3) width 273: "Lorem ipsum dolor sit amet,"
        LayoutInline {SPAN} at (0,0) size 214x28
          LayoutText {#text} at (3,45) size 214x28
            text run at (3,45) width 214: "consectetur adipiscing"
        LayoutText {#text} at (216,45) size 134x28
          text run at (216,45) width 7: " "
          text run at (222,45) width 128: "elit. Aliquam"
        LayoutInline {SPAN} at (0,0) size 110x28
          LayoutText {#text} at (3,73) size 110x28
            text run at (3,73) width 110: "odio sapien"
        LayoutText {#text} at (112,73) size 334x70
          text run at (112,73) width 13: ", "
          text run at (124,73) width 213: "lobortis eu iaculis vel,"
          text run at (3,115) width 209: "scelerisque nec dolor."
selection start: position 10 of child 0 {#text} of child 1 {SPAN} of child 10 {DIV} of body
selection end:   position 7 of child 0 {#text} of child 3 {SPAN} of child 10 {DIV} of body
