layer at (0,0) size 800x600
  LayoutView at (0,0) size 800x600
layer at (0,0) size 800x455
  LayoutBlockFlow {HTML} at (0,0) size 800x455
    LayoutBlockFlow {BODY} at (8,16) size 784x431 [color=#0000FF]
      LayoutBlockFlow {P} at (0,0) size 784x238
        LayoutInline {<pseudo:first-letter>} at (0,0) size 88x166 [color=#00FFFF]
          LayoutTextFragment (anonymous) at (0,0) size 88x166
            text run at (0,0) width 88: "T"
        LayoutTextFragment {#text} at (87,87) size 59x55
          text run at (87,87) width 59: "he "
        LayoutInline {STRONG} at (0,0) size 207x55
          LayoutText {#text} at (145,87) size 207x55
            text run at (145,87) width 207: "first letter"
        LayoutText {#text} at (351,87) size 783x97
          text run at (351,87) width 432: " of this paragraph, and"
          text run at (0,166) width 61: "only that "
          text run at (60,166) width 98: "one, should be "
        LayoutInline {STRONG} at (0,0) size 88x18
          LayoutText {#text} at (157,166) size 88x18
            text run at (157,166) width 88: "600% bigger"
        LayoutText {#text} at (244,166) size 527x18
          text run at (244,166) width 138: " than the normal text "
          text run at (381,166) width 390: "(300% bigger than the rest of first line of this paragraph) and"
        LayoutInline {STRONG} at (0,0) size 34x18
          LayoutText {#text} at (0,184) size 34x18
            text run at (0,184) width 34: "aqua"
        LayoutText {#text} at (33,184) size 113x18
          text run at (33,184) width 113: ", while the entire "
        LayoutInline {STRONG} at (0,0) size 58x18
          LayoutText {#text} at (145,184) size 58x18
            text run at (145,184) width 58: "first line"
        LayoutText {#text} at (202,184) size 71x18
          text run at (202,184) width 5: " "
          text run at (206,184) width 67: "should be "
        LayoutInline {STRONG} at (0,0) size 88x18
          LayoutText {#text} at (272,184) size 88x18
            text run at (272,184) width 88: "300% bigger"
        LayoutText {#text} at (359,184) size 113x18
          text run at (359,184) width 113: " than normal and "
        LayoutInline {STRONG} at (0,0) size 26x18
          LayoutText {#text} at (471,184) size 26x18
            text run at (471,184) width 26: "teal"
        LayoutText {#text} at (496,184) size 778x54
          text run at (496,184) width 282: ". If this precise combination does not occur,"
          text run at (0,202) width 421: "then the user agent has failed this test. Remember that in order to "
          text run at (420,202) width 358: "ensure a complete test, the paragraph must be displayed"
          text run at (0,220) width 57: "on more "
          text run at (56,220) width 149: "than one line. (TEST1)"
      LayoutBlockFlow {P} at (0,254) size 784x73
        LayoutInline {<pseudo:first-letter>} at (0,0) size 33x37 [color=#00FFFF]
          LayoutTextFragment (anonymous) at (0,0) size 33x37
            text run at (0,0) width 33: "\"T"
        LayoutTextFragment {#text} at (32,15) size 98x18
          text run at (32,15) width 98: "est\": The first "
        LayoutInline {STRONG} at (0,0) size 109x18
          LayoutText {#text} at (129,15) size 109x18
            text run at (129,15) width 109: "two characters"
        LayoutText {#text} at (237,15) size 447x18
          text run at (237,15) width 120: " in this paragraph "
          text run at (356,15) width 328: "(a double-quote mark and a capital 'T') should be "
        LayoutInline {STRONG} at (0,0) size 89x18
          LayoutText {#text} at (683,15) size 89x18
            text run at (683,15) width 45: "200% "
            text run at (727,15) width 45: "bigger"
        LayoutText {#text} at (0,37) size 223x18
          text run at (0,37) width 223: "than the rest of the paragraph, and "
        LayoutInline {STRONG} at (0,0) size 34x18
          LayoutText {#text} at (222,37) size 34x18
            text run at (222,37) width 34: "aqua"
        LayoutText {#text} at (255,37) size 151x18
          text run at (255,37) width 151: ". In addition, the entire "
        LayoutInline {STRONG} at (0,0) size 58x18
          LayoutText {#text} at (405,37) size 58x18
            text run at (405,37) width 34: "first "
            text run at (438,37) width 25: "line"
        LayoutText {#text} at (462,37) size 99x18
          text run at (462,37) width 99: " should be in a "
        LayoutInline {STRONG} at (0,0) size 163x18
          LayoutText {#text} at (560,37) size 163x18
            text run at (560,37) width 138: "small-caps font and "
            text run at (697,37) width 26: "teal"
        LayoutText {#text} at (722,37) size 738x36
          text run at (722,37) width 5: "."
          text run at (0,55) width 323: "Remember that in order to ensure a complete test, "
          text run at (322,55) width 416: "the paragraph must be displayed on more than one line. (TEST2)"
      LayoutBlockFlow {P} at (0,343) size 784x54
        LayoutInline {<pseudo:first-letter>} at (0,0) size 10x18 [color=#00FFFF]
          LayoutTextFragment (anonymous) at (0,0) size 10x18
            text run at (0,0) width 10: "T"
        LayoutTextFragment {#text} at (9,0) size 20x18
          text run at (9,0) width 20: "he "
        LayoutInline {STRONG} at (0,0) size 70x18
          LayoutText {#text} at (28,0) size 70x18
            text run at (28,0) width 70: "first letter"
        LayoutText {#text} at (97,0) size 306x18
          text run at (97,0) width 209: " of this paragraph, and only that "
          text run at (305,0) width 98: "one, should be "
        LayoutInline {STRONG} at (0,0) size 35x18
          LayoutText {#text} at (402,0) size 35x18
            text run at (402,0) width 35: "aqua"
        LayoutText {#text} at (436,0) size 112x18
          text run at (436,0) width 112: ", while the entire "
        LayoutInline {STRONG} at (0,0) size 59x18
          LayoutText {#text} at (547,0) size 59x18
            text run at (547,0) width 59: "first line"
        LayoutText {#text} at (605,0) size 70x18
          text run at (605,0) width 70: " should be "
        LayoutInline {STRONG} at (0,0) size 26x18
          LayoutText {#text} at (674,0) size 26x18
            text run at (674,0) width 26: "teal"
        LayoutText {#text} at (699,0) size 771x54
          text run at (699,0) width 24: ". If "
          text run at (722,0) width 24: "this"
          text run at (0,18) width 385: "precise combination does not occur, then the user agent has "
          text run at (384,18) width 387: "failed this test. Remember that in order to ensure a complete"
          text run at (0,36) width 31: "test, "
          text run at (30,36) width 416: "the paragraph must be displayed on more than one line. (TEST3)"
      LayoutBlockFlow {DIV} at (0,413) size 784x18
        LayoutText {#text} at (0,0) size 170x18
          text run at (0,0) width 170: "You should see the words "
        LayoutInline {STRONG} at (0,0) size 67x18
          LayoutText {#text} at (169,0) size 67x18
            text run at (169,0) width 67: "\"TEST1\""
        LayoutText {#text} at (235,0) size 9x18
          text run at (235,0) width 9: ", "
        LayoutInline {STRONG} at (0,0) size 68x18
          LayoutText {#text} at (243,0) size 68x18
            text run at (243,0) width 68: "\"TEST2\""
        LayoutText {#text} at (310,0) size 36x18
          text run at (310,0) width 36: ", and "
        LayoutInline {STRONG} at (0,0) size 68x18
          LayoutText {#text} at (345,0) size 68x18
            text run at (345,0) width 68: "\"TEST3\""
        LayoutText {#text} at (412,0) size 241x18
          text run at (412,0) width 88: " at the end of "
          text run at (499,0) width 154: "three paragraphs above."
