layer at (0,0) size 800x600
  LayoutView at (0,0) size 800x600
layer at (0,0) size 800x255
  LayoutBlockFlow {HTML} at (0,0) size 800x255
    LayoutBlockFlow {BODY} at (8,16) size 784x223 [color=#0000FF]
      LayoutBlockFlow {P} at (0,0) size 784x36
        LayoutInline {<pseudo:first-letter>} at (0,0) size 10x18 [color=#008000]
          LayoutTextFragment (anonymous) at (0,0) size 10x18
            text run at (0,0) width 10: "T"
        LayoutTextFragment {#text} at (9,0) size 20x18
          text run at (9,0) width 20: "he "
        LayoutInline {STRONG} at (0,0) size 70x18
          LayoutText {#text} at (28,0) size 70x18
            text run at (28,0) width 70: "first letter"
        LayoutText {#text} at (97,0) size 306x18
          text run at (97,0) width 209: " of this paragraph, and only that "
          text run at (305,0) width 98: "one, should be "
        LayoutInline {STRONG} at (0,0) size 39x18
          LayoutText {#text} at (402,0) size 39x18
            text run at (402,0) width 39: "green"
        LayoutText {#text} at (440,0) size 777x36
          text run at (440,0) width 184: ". If this precise combination "
          text run at (623,0) width 154: "does not occur, then the"
          text run at (0,18) width 189: "user agent has failed this test."
      LayoutBlockFlow {P} at (0,52) size 784x55
        LayoutInline {<pseudo:first-letter>} at (0,0) size 20x37 [color=#008000]
          LayoutTextFragment (anonymous) at (0,0) size 20x37
            text run at (0,0) width 20: "T"
        LayoutTextFragment {#text} at (19,15) size 20x18
          text run at (19,15) width 20: "he "
        LayoutInline {STRONG} at (0,0) size 70x18
          LayoutText {#text} at (38,15) size 70x18
            text run at (38,15) width 70: "first letter"
        LayoutText {#text} at (107,15) size 333x18
          text run at (107,15) width 209: " of this paragraph, and only that "
          text run at (315,15) width 125: "one, should be in a "
        LayoutInline {STRONG} at (0,0) size 43x18
          LayoutText {#text} at (439,15) size 43x18
            text run at (439,15) width 43: "larger"
        LayoutText {#text} at (481,15) size 134x18
          text run at (481,15) width 134: " font size, as well as "
        LayoutInline {STRONG} at (0,0) size 39x18
          LayoutText {#text} at (614,15) size 39x18
            text run at (614,15) width 39: "green"
        LayoutText {#text} at (652,15) size 748x40
          text run at (652,15) width 96: ". If this precise"
          text run at (0,37) width 186: "combination does not occur, "
          text run at (185,37) width 244: "then the user agent has failed this test."
      LayoutBlockFlow {P} at (0,123) size 784x100
        LayoutInline {<pseudo:first-letter>} at (0,0) size 58x64 [color=#008000]
          LayoutTextFragment (anonymous) at (0,0) size 58x64
            text run at (0,0) width 58: "\"T"
        LayoutTextFragment {#text} at (57,36) size 20x18
          text run at (57,36) width 20: "he "
        LayoutInline {STRONG} at (0,0) size 134x18
          LayoutText {#text} at (76,36) size 134x18
            text run at (76,36) width 134: "first two characters"
        LayoutText {#text} at (209,36) size 461x18
          text run at (209,36) width 133: " in this paragraph (a "
          text run at (341,36) width 329: "double-quote mark and a capital 'T') should be in a "
        LayoutInline {STRONG} at (0,0) size 85x18
          LayoutText {#text} at (669,36) size 85x18
            text run at (669,36) width 43: "much "
            text run at (711,36) width 43: "larger"
        LayoutText {#text} at (753,36) size 784x46
          text run at (753,36) width 31: " font"
          text run at (0,64) width 251: "size than the rest of the paragraph, and "
        LayoutInline {STRONG} at (0,0) size 39x18
          LayoutText {#text} at (251,64) size 39x18
            text run at (251,64) width 39: "green"
        LayoutText {#text} at (289,64) size 760x36
          text run at (289,64) width 285: ". If this precise combination does not occur, "
          text run at (573,64) width 187: "then the user agent has failed"
          text run at (0,82) width 54: "this test."
