layer at (0,0) size 800x600
  LayoutView at (0,0) size 800x600
layer at (0,0) size 800x152
  LayoutBlockFlow {HTML} at (0,0) size 800x152
    LayoutBlockFlow {BODY} at (8,16) size 784x120 [color=#008000]
      LayoutBlockFlow {P} at (0,0) size 784x18
        LayoutText {#text} at (0,0) size 197x18
          text run at (0,0) width 197: "This sentence should be green."
      LayoutBlockFlow {P} at (0,34) size 784x18 [color=#FFFFFF] [bgcolor=#008000]
        LayoutText {#text} at (0,0) size 92x18
          text run at (0,0) width 92: "This sentence "
        LayoutInline {SPAN} at (0,0) size 63x18
          LayoutText {#text} at (91,0) size 63x18
            text run at (91,0) width 63: "should be"
        LayoutText {#text} at (153,0) size 104x18
          text run at (153,0) width 104: " white on green."
      LayoutBlockFlow {P} at (0,68) size 784x18 [color=#FFFFFF]
        LayoutInline {EM} at (0,0) size 36x18 [color=#008000]
          LayoutText {#text} at (0,0) size 36x18
            text run at (0,0) width 36: "PASS"
        LayoutText {#text} at (35,0) size 5x18
          text run at (35,0) width 5: " "
        LayoutInline {STRONG} at (0,0) size 39x18
          LayoutText {#text} at (39,0) size 39x18
            text run at (39,0) width 39: "FAIL"
        LayoutText {#text} at (0,0) size 0x0
      LayoutBlockFlow {P} at (0,102) size 784x18
        LayoutText {#text} at (0,0) size 43x18
          text run at (0,0) width 43: "PASS "
        LayoutInline {DFN} at (0,0) size 35x18 [color=#FFFFFF]
          LayoutText {#text} at (42,0) size 35x18
            text run at (42,0) width 35: "FAIL"
        LayoutText {#text} at (0,0) size 0x0
