layer at (0,0) size 800x600
  LayoutView at (0,0) size 800x600
layer at (0,0) size 800x192
  LayoutBlockFlow {HTML} at (0,0) size 800x192.31
    LayoutBlockFlow {BODY} at (8,16) size 784x160.31
      LayoutBlockFlow {P} at (0,0) size 784x18 [color=#000080]
        LayoutText {#text} at (0,0) size 265x18
          text run at (0,0) width 265: "The word \"fail\" should not appear below."
      LayoutBlockFlow {DIV} at (16,34) size 240x126.31 [color=#FFFFFF] [bgcolor=#FFFFFF]
        LayoutBlockFlow (floating) {P} at (0,0) size 42.98x18.31 [color=#000080]
          LayoutText {#text} at (0,0) size 43x18
            text run at (0,0) width 43: "TEST:"
        LayoutBlockFlow (floating) {P} at (0.02,18) size 239.98x18.31 [color=#00FFFF] [bgcolor=#008080]
          LayoutText {#text} at (100,0) size 40x18
            text run at (100,0) width 40: "PASS"
        LayoutText {#text} at (42,0) size 224x126
          text run at (42,0) width 175: "fail fail fail fail fail fail fail"
          text run at (0,36) width 76: "fail fail fail "
          text run at (75,36) width 149: "fail fail fail fail fail fail"
          text run at (0,54) width 102: "fail fail fail fail "
          text run at (101,54) width 123: "fail fail fail fail fail"
          text run at (0,72) width 127: "fail fail fail fail fail "
          text run at (126,72) width 98: "fail fail fail fail"
          text run at (0,90) width 152: "fail fail fail fail fail fail "
          text run at (151,90) width 73: "fail fail fail"
          text run at (0,108) width 174: "fail fail fail fail fail fail fail"
