layer at (0,0) size 800x600
  LayoutView at (0,0) size 800x600
layer at (0,0) size 800x77
  LayoutBlockFlow {HTML} at (0,0) size 800x77
    LayoutBlockFlow {BODY} at (8,8) size 784x53
      LayoutBlockFlow {FORM} at (0,0) size 784x19
        LayoutFileUploadControl {INPUT} at (0,1) size 222x18 "2 files"
          LayoutButton {INPUT} at (0,0) size 84.42x18 [bgcolor=#C0C0C0]
            LayoutBlockFlow (anonymous) at (8,2) size 68.42x13
              LayoutText {#text} at (0,0) size 69x13
                text run at (0,0) width 69: "Choose Files"
        LayoutText {#text} at (0,0) size 0x0
      LayoutBlockFlow {P} at (0,35) size 784x18
        LayoutText {#text} at (0,0) size 451x18
          text run at (0,0) width 451: "The file upload control above should have text '2 files,' not a filename."
