layer at (0,0) size 800x600
  LayoutView at (0,0) size 800x600
layer at (0,0) size 800x600
  LayoutBlockFlow {HTML} at (0,0) size 800x600
    LayoutBlockFlow {BODY} at (8,8) size 784x576
      LayoutBlockFlow {P} at (0,0) size 784x36
        LayoutText {#text} at (0,0) size 55x18
          text run at (0,0) width 55: "Test for "
        LayoutInline {I} at (0,0) size 741x36
          LayoutInline {A} at (0,0) size 306x18 [color=#0000EE]
            LayoutText {#text} at (54,0) size 306x18
              text run at (54,0) width 306: "http://bugs.webkit.org/show_bug.cgi?id=12910"
          LayoutText {#text} at (359,0) size 741x36
            text run at (359,0) width 5: " "
            text run at (363,0) width 378: "REGRESSION (r18756-r18765): list-bullet doesn't redraw"
            text run at (0,18) width 376: "properly when changing the list's content using JavaScript"
        LayoutText {#text} at (375,18) size 5x18
          text run at (375,18) width 5: "."
      LayoutBlockFlow {UL} at (0,52) size 784x18
        LayoutListItem {LI} at (40,0) size 744x18
          LayoutBlockFlow (anonymous) at (0,0) size 744x18
            LayoutListMarker (anonymous) at (-17,0) size 7x18: bullet
            LayoutText {#text} at (0,0) size 22x18
              text run at (0,0) width 22: "foo"
          LayoutBlockFlow {DIV} at (10,28) size 724x0
      LayoutBlockFlow {UL} at (0,86) size 784x18
        LayoutListItem {LI} at (40,0) size 744x18
          LayoutBlockFlow (anonymous) at (0,0) size 744x18
            LayoutListMarker (anonymous) at (-1,0) size 7x18: bullet
            LayoutText {#text} at (14,0) size 21x18
              text run at (14,0) width 21: "bar"
          LayoutBlockFlow {DIV} at (10,28) size 724x0
      LayoutBlockFlow {UL} at (0,120) size 784x18
        LayoutListItem {LI} at (0,0) size 744x18
          LayoutBlockFlow (anonymous) at (0,0) size 744x18
            LayoutListMarker (anonymous) at (754,0) size 7x18: bullet
            LayoutText {#text} at (722,0) size 22x18
              text run at (722,0) width 22: "foo"
          LayoutBlockFlow {DIV} at (10,28) size 724x0
      LayoutBlockFlow {UL} at (0,154) size 784x18
        LayoutListItem {LI} at (0,0) size 744x18
          LayoutBlockFlow (anonymous) at (0,0) size 744x18
            LayoutListMarker (anonymous) at (738,0) size 7x18: bullet
            LayoutText {#text} at (709,0) size 21x18
              text run at (709,0) width 21: "bar"
          LayoutBlockFlow {DIV} at (10,28) size 724x0
